================================================================================
CRAWLER V2
================================================================================
Fuente: ADA Bolivia
URL configurada: https://www.adascz.com.bo/
Timeout HTTP: 15 s
Pausa HTTP:   aleatoria 0.30s - 0.90s
Verificación TLS: activa


Resolución de fuente:
  Original: https://www.adascz.com.bo/
  Utilizada: https://www.adascz.com.bo/
  Fallback: no
  Intentos: 1
    - usable         | HTTP=200 | https://www.adascz.com.bo/

URL de trabajo: https://www.adascz.com.bo/
Seeds: 3
Máx páginas: 10
Máx archivos: 2000
Máx profundidad: 3
Sitemaps: activo
Máx URLs sitemap: 10000

[ADA] SITEMAP | docs=0 | urls=0 | en_cola=0 | errores=0
[ADA] t=   7.4s | pag=  0 | files=   0 | data=  0 | req=   0 | rej=   0 | cola=   2 | prio= 0 | https://www.adascz.com.bo/
[ADA] DATASETS=1 | score=45 | data_html_table | https://www.adascz.com.bo/
[ADA] ARCHIVO UTIL=1 | score=100 | pdf | https://www.adascz.com.bo/images/boletin-precios/Boletin-Precios-Avicolas-28ago2026.pdf
[ADA] t=   9.1s | pag=  1 | files=   1 | data=  1 | req=   1 | rej=   0 | cola=   1 | prio= 0 | https://www.adascz.com.bo/publicaciones/estadisticas-del-sector
[ADA] ARCHIVO UTIL=2 | score=75 | pdf | https://www.adascz.com.bo/images/estadisticas/datos-ada.pdf
[ADA] t=  10.2s | pag=  2 | files=   2 | data=  1 | req=   2 | rej=   0 | cola=   0 | prio= 0 | https://www.adascz.com.bo/publicaciones/boletin-de-precios
[ADA] ARCHIVO UTIL=3 | score=100 | pdf | https://www.adascz.com.bo/images/boletin-precios/Boletin-Precios-Avicolas-26ago2026.pdf
[ADA] ARCHIVO UTIL=4 | score=100 | pdf | https://www.adascz.com.bo/images/boletin-precios/Boletin-Precios-Avicolas-25ago2026.pdf
[ADA] ARCHIVO UTIL=5 | score=100 | pdf | https://www.adascz.com.bo/images/boletin-precios/Boletin-Precios-Avicolas-24ago2026.pdf
[ADA] ARCHIVO UTIL=6 | score=100 | pdf | https://www.adascz.com.bo/images/boletin-precios/Boletin-Precios-Avicolas-21ago2026.pdf
[ADA] ARCHIVO UTIL=7 | score=100 | pdf | https://www.adascz.com.bo/images/boletin-precios/Boletin-Precios-Avicolas-20ago2026.pdf
[ADA] ARCHIVO UTIL=8 | score=100 | pdf | https://www.adascz.com.bo/images/boletin-precios/Boletin-Precios-Avicolas-19ago2026.pdf
[ADA] ARCHIVO UTIL=9 | score=100 | pdf | https://www.adascz.com.bo/images/boletin-precios/Boletin-Precios-Avicolas-18ago2026.pdf
[ADA] ARCHIVO UTIL=10 | score=100 | pdf | https://www.adascz.com.bo/images/boletin-precios/Boletin-Precios-Avicolas-17ago2026.pdf
[ADA] ARCHIVO UTIL=100 | score=100 | pdf | https://www.adascz.com.bo/images/boletin-precios/Boletin-Precios-Avicolas-30mar2026.pdf
[ADA] ARCHIVO UTIL=200 | score=100 | pdf | https://www.adascz.com.bo/images/boletin-precios/Boletin-Precios-Avicolas-13oct2025.pdf
[ADA] ARCHIVO UTIL=300 | score=100 | pdf | https://www.adascz.com.bo/images/boletin-precios/Boletin-Precios-Avicolas-09may2025.pdf
[ADA] ARCHIVO UTIL=400 | score=100 | pdf | https://www.adascz.com.bo/images/boletin-precios/Boletin-Precios-Avicolas-19nov2024.pdf
[ADA] ARCHIVO UTIL=500 | score=100 | pdf | https://www.adascz.com.bo/images/boletin-precios/Boletin-Precios-Avicolas-14jun2024.pdf
[ADA] ARCHIVO UTIL=600 | score=100 | pdf | https://www.adascz.com.bo/images/boletin-precios/Boletin-Precios-Avicolas-15ene2024.pdf
[ADA] ARCHIVO UTIL=700 | score=100 | pdf | https://www.adascz.com.bo/images/boletin-precios/Boletin-Precios-Avicolas-18ago2023.pdf
[ADA] ARCHIVO UTIL=800 | score=100 | pdf | https://www.adascz.com.bo/images/boletin-precios/Boletin-Precios-Avicolas-20mar2023.pdf
[ADA] ARCHIVO UTIL=900 | score=100 | pdf | https://www.adascz.com.bo/images/boletin-precios/Boletin-Precios-Avicolas-14oct.pdf
[ADA] ARCHIVO UTIL=1000 | score=100 | pdf | https://www.adascz.com.bo/images/boletin-precios/Boletin-Precios-Avicolas-18may.pdf
[ADA] PAGINACION RESULTADO | familias=0 | productivas=0 | estancadas=0 | saltadas=0
[ADA] DEDUPE RESULTADO | grupos=0 | recursos=0 | confirmados=0 | diferentes=0 | inconclusos=0 | eliminados=0 | requests_extra=0
[ADA] BUDGET | req=3 | utiles=1076 | rechazados=0 | sin_valor=0

================================================================================
RESULTADO
================================================================================
Fuente:              ada
Páginas visitadas:   3
Archivos encontrados: 1075
Datasets web:         1
Errores:              0
Sondeos API fallidos: 0
Motivo de parada:     frontier_exhausted
Duración:             12.25 s
Sitemaps procesados:  0
URLs por sitemap:     0
URLs sitemap en cola: 0

Formatos:
  - PDF    : 1075

JSON: C:\Ultimo Semestre 7\trabajo\DATAX\team crawler\crawler_asfi\Crawler_BCB\crawler_v2\output\ada.json

Trazabilidad:
  Ejecución: 264
  Estado:    PROCESSED
  Base:      C:\Ultimo Semestre 7\trabajo\DATAX\team crawler\crawler_asfi\Crawler_BCB\crawler_v2\trace\crawler_trace.sqlite
