================================================================================
CRAWLER V2
================================================================================
Fuente: Asociación de Productores de Oleaginosas y Trigo
URL configurada: https://anapobolivia.org/
Timeout HTTP: 15 s
Pausa HTTP:   aleatoria 0.30s - 0.90s
Verificación TLS: activa


Resolución de fuente:
  Original: https://anapobolivia.org/
  Utilizada: https://anapobolivia.org/
  Fallback: no
  Intentos: 1
    - usable         | HTTP=200 | https://anapobolivia.org/

URL de trabajo: https://anapobolivia.org/
Seeds: 10
Máx páginas: 25
Máx archivos: 1000
Máx profundidad: 4
Sitemaps: activo
Máx URLs sitemap: 10000

[ANAPO] SITEMAP | docs=11 | urls=796 | en_cola=0 | errores=0
[ANAPO] t=  13.7s | pag=  0 | files=   0 | data=  0 | req=   0 | rej=   0 | cola=   9 | prio= 0 | https://anapobolivia.org/
[ANAPO] t=  15.6s | pag=  1 | files=   0 | data=  0 | req=   1 | rej=   1 | cola=   8 | prio= 0 | https://anapobolivia.org/categoria/estadisticas/
[ANAPO] t=  16.9s | pag=  2 | files=   0 | data=  0 | req=   2 | rej=   1 | cola=   7 | prio= 0 | https://anapobolivia.org/pdfviewer/estadisticas-2025/
[ANAPO] DATASETS=1 | score=100 | exportable_data_page | https://anapobolivia.org/pdfviewer/estadisticas-2025/?auto_viewer=true
[ANAPO] t=  17.9s | pag=  3 | files=   0 | data=  1 | req=   3 | rej=   1 | cola=   6 | prio= 0 | https://anapobolivia.org/pdfviewer/estadisticas-2024/
[ANAPO] DATASETS=2 | score=100 | exportable_data_page | https://anapobolivia.org/pdfviewer/estadisticas-2024/?auto_viewer=true
[ANAPO] t=  19.6s | pag=  4 | files=   0 | data=  2 | req=   4 | rej=   1 | cola=   5 | prio= 0 | https://anapobolivia.org/pdfviewer/estadisticas-2023/
[ANAPO] DATASETS=3 | score=100 | exportable_data_page | https://anapobolivia.org/pdfviewer/estadisticas-2023/?auto_viewer=true
[ANAPO] t=  20.7s | pag=  5 | files=   0 | data=  3 | req=   5 | rej=   1 | cola=   4 | prio= 0 | https://anapobolivia.org/pdfviewer/estadisticas-2022/
[ANAPO] DATASETS=4 | score=100 | exportable_data_page | https://anapobolivia.org/pdfviewer/estadisticas-2022/?auto_viewer=true
[ANAPO] t=  21.9s | pag=  6 | files=   0 | data=  4 | req=   6 | rej=   1 | cola=   3 | prio= 0 | https://anapobolivia.org/pdfviewer/estadisticas-2021/
[ANAPO] DATASETS=5 | score=100 | exportable_data_page | https://anapobolivia.org/pdfviewer/estadisticas-2021/?auto_viewer=true
[ANAPO] t=  23.4s | pag=  7 | files=   0 | data=  5 | req=   7 | rej=   1 | cola=   2 | prio= 0 | https://anapobolivia.org/pdfviewer/estadisticas-2020/
[ANAPO] DATASETS=6 | score=100 | exportable_data_page | https://anapobolivia.org/pdfviewer/estadisticas-2020/?auto_viewer=true
[ANAPO] t=  25.0s | pag=  8 | files=   0 | data=  6 | req=   8 | rej=   1 | cola=   1 | prio= 0 | https://anapobolivia.org/pdfviewer/estadisticas-2019/
[ANAPO] DATASETS=7 | score=100 | exportable_data_page | https://anapobolivia.org/pdfviewer/estadisticas-2019/?auto_viewer=true
[ANAPO] t=  26.2s | pag=  9 | files=   0 | data=  7 | req=   9 | rej=   1 | cola=   0 | prio= 0 | https://anapobolivia.org/pdfviewer/estadisticas-2018/
[ANAPO] DATASETS=8 | score=100 | exportable_data_page | https://anapobolivia.org/pdfviewer/estadisticas-2018/?auto_viewer=true
[ANAPO] PAGINACION RESULTADO | familias=0 | productivas=0 | estancadas=0 | saltadas=0
[ANAPO] DEDUPE RESULTADO | grupos=0 | recursos=0 | confirmados=0 | diferentes=0 | inconclusos=0 | eliminados=0 | requests_extra=0
[ANAPO] BUDGET | req=10 | utiles=8 | rechazados=1 | sin_valor=0

================================================================================
RESULTADO
================================================================================
Fuente:              anapo
Páginas visitadas:   10
Archivos encontrados:    0
Datasets web:         8
Errores:              0
Sondeos API fallidos: 0
Motivo de parada:     frontier_exhausted
Duración:             27.54 s
Sitemaps procesados:  11
URLs por sitemap:     796
URLs sitemap en cola: 0

JSON: C:\Ultimo Semestre 7\trabajo\DATAX\team crawler\crawler_asfi\Crawler_BCB\crawler_v2\output\anapo.json

Trazabilidad:
  Ejecución: 269
  Estado:    PROCESSED
  Base:      C:\Ultimo Semestre 7\trabajo\DATAX\team crawler\crawler_asfi\Crawler_BCB\crawler_v2\trace\crawler_trace.sqlite
