================================================================================
CRAWLER V2
================================================================================
Fuente: Autoridad de Supervisión del Sistema Financiero
URL configurada: https://www.asfi.gob.bo/
Timeout HTTP: 15 s
Pausa HTTP:   aleatoria 0.30s - 0.90s
Verificación TLS: activa


Resolución de fuente:
  Original: https://www.asfi.gob.bo/
  Utilizada: https://www.asfi.gob.bo/
  Fallback: no
  Intentos: 1
    - usable         | HTTP=200 | https://www.asfi.gob.bo/

URL de trabajo: https://www.asfi.gob.bo/
Seeds: 14
Máx páginas: 60
Máx archivos: 1500
Máx profundidad: 4
Sitemaps: activo
Máx URLs sitemap: 10000

[ASFI] SITEMAP | docs=0 | urls=0 | en_cola=0 | errores=0
[ASFI] t=   5.0s | pag=  0 | files=   0 | data=  0 | req=   0 | rej=   0 | cola=  13 | prio= 0 | https://www.asfi.gob.bo/
[ASFI] t=   6.2s | pag=  1 | files=   0 | data=  0 | req=   1 | rej=   0 | cola= 110 | prio= 0 | https://www.asfi.gob.bo/pb/estadisticas-intermediacion-financiera
[ASFI] t=   6.9s | pag=  2 | files=   0 | data=  0 | req=   2 | rej=   0 | cola= 112 | prio= 0 | https://www.asfi.gob.bo/pb/boletines-estadisticos
[ASFI] ARCHIVO UTIL=1 | score=89 | zip | https://www.asfi.gob.bo/sites/default/files/2026-07/Formulas_Indicadores.zip
[ASFI] t=   8.2s | pag=  3 | files=   1 | data=  0 | req=   3 | rej=   0 | cola= 124 | prio= 0 | https://www.asfi.gob.bo/la/principales-indicadores-financieros
[ASFI] t=   9.0s | pag=  4 | files=   1 | data=  0 | req=   4 | rej=   0 | cola= 123 | prio= 0 | https://www.asfi.gob.bo/node/1011
[ASFI] t=   9.5s | pag=  5 | files=   1 | data=  0 | req=   5 | rej=   0 | cola= 122 | prio= 0 | https://www.asfi.gob.bo/la/anuario-estadistico
[ASFI] ARCHIVO UTIL=2 | score=100 | zip | https://www.asfi.gob.bo/sites/default/files/2026-07/Anuario_Estad%C3%ADstico%202025.zip
[ASFI] ARCHIVO UTIL=3 | score=100 | zip | https://www.asfi.gob.bo/sites/default/files/2026-07/Anuario%20Estad%C3%ADstico_2024.zip
[ASFI] ARCHIVO UTIL=4 | score=100 | zip | https://www.asfi.gob.bo/sites/default/files/2026-07/Anuario%20Estad%C3%ADstico_2023.zip
[ASFI] ARCHIVO UTIL=5 | score=100 | zip | https://www.asfi.gob.bo/sites/default/files/2026-07/Anuario%20Estad%C3%ADstico_2022.zip
[ASFI] ARCHIVO UTIL=6 | score=100 | zip | https://www.asfi.gob.bo/sites/default/files/2026-07/Anuario%20Estad%C3%ADstico_2021.zip
[ASFI] ARCHIVO UTIL=7 | score=100 | zip | https://www.asfi.gob.bo/sites/default/files/2025-10/Anuario%20Estad%C3%ADstico%202020.zip
[ASFI] ARCHIVO UTIL=8 | score=100 | zip | https://www.asfi.gob.bo/sites/default/files/2025-10/Anuario%20Estad%C3%ADstico%202019.zip
[ASFI] ARCHIVO UTIL=9 | score=100 | zip | https://www.asfi.gob.bo/sites/default/files/2025-10/Anuario%20Estad%C3%ADstico%202018.zip
[ASFI] ARCHIVO UTIL=10 | score=100 | zip | https://www.asfi.gob.bo/sites/default/files/2025-10/Anuario%20Estad%C3%ADstico%202015.zip
[ASFI] t=  24.1s | pag=  6 | files=  18 | data=  0 | req=   6 | rej=   0 | cola= 121 | prio= 0 | https://www.asfi.gob.bo/node/1005
[ASFI] t=  24.9s | pag=  7 | files=  18 | data=  0 | req=   7 | rej=  11 | cola= 120 | prio= 0 | https://www.asfi.gob.bo/la/separatas-departamentales
[ASFI] t=  25.6s | pag=  8 | files=  18 | data=  0 | req=   8 | rej=  20 | cola= 119 | prio= 0 | https://www.asfi.gob.bo/pb/estadisticas-mercado-valores
[ASFI] t=  26.5s | pag=  9 | files=  18 | data=  0 | req=   9 | rej=  20 | cola= 121 | prio= 0 | https://www.asfi.gob.bo/pb/boletines-estadisticos-mercado-valores
[ASFI] t=  27.4s | pag= 10 | files=  18 | data=  0 | req=  10 | rej=  20 | cola= 132 | prio= 0 | https://www.asfi.gob.bo/la/reportes-dinamicos
[ASFI] t=  27.7s | pag= 11 | files=  18 | data=  0 | req=  11 | rej=  20 | cola= 131 | prio= 0 | https://www.asfi.gob.bo/pb/estados-financieros
[ASFI] t=  28.2s | pag= 12 | files=  18 | data=  0 | req=  12 | rej=  20 | cola= 221 | prio= 0 | https://www.asfi.gob.bo/pb/datos-sobre-reclamos-y-consultas-atendidas
[ASFI] t=  28.6s | pag= 13 | files=  18 | data=  0 | req=  13 | rej=  20 | cola= 222 | prio= 0 | https://www.asfi.gob.bo/la/estadisticas-sobre-supervision-legitimacion-ganancias-ilicitas-y-financiamiento-del-terrorismo
[ASFI] t=  29.6s | pag= 14 | files=  18 | data=  0 | req=  14 | rej=  24 | cola= 221 | prio= 2 | https://www.asfi.gob.bo/la/mercado-valores
[ASFI] t=  30.0s | pag= 15 | files=  18 | data=  0 | req=  15 | rej=  27 | cola= 220 | prio= 2 | https://www.asfi.gob.bo/pb/publicaciones-0
[ASFI] t=  30.7s | pag= 16 | files=  18 | data=  0 | req=  16 | rej=  27 | cola= 221 | prio= 2 | https://www.asfi.gob.bo/pb/publicaciones-1
[ASFI] t=  31.2s | pag= 17 | files=  18 | data=  0 | req=  17 | rej=  27 | cola= 223 | prio= 2 | https://www.asfi.gob.bo/pb/registro-mercado-valores
[ASFI] t=  32.1s | pag= 18 | files=  18 | data=  0 | req=  18 | rej=  27 | cola= 224 | prio= 2 | https://www.asfi.gob.bo/pb/publicaciones-2
[ASFI] t=  33.0s | pag= 19 | files=  18 | data=  0 | req=  19 | rej=  27 | cola= 228 | prio= 2 | https://www.asfi.gob.bo/la/boletines-estadisticos-mercado-valores-2026
[ASFI] DATASETS=1 | score=60 | data_html_table | https://www.asfi.gob.bo/la/boletines-estadisticos-mercado-valores-2026
[ASFI] t=  33.8s | pag= 20 | files=  18 | data=  1 | req=  20 | rej=  31 | cola= 227 | prio= 2 | https://www.asfi.gob.bo/pb/estadisticas-reclamos
[ASFI] t=  34.7s | pag= 21 | files=  18 | data=  1 | req=  21 | rej=  31 | cola= 265 | prio=10 | https://www.asfi.gob.bo/node/1009
[ASFI] t=  35.1s | pag= 22 | files=  18 | data=  1 | req=  22 | rej=  32 | cola= 264 | prio=10 | https://www.asfi.gob.bo/pb/estados-financieros-resumidos
[ASFI] t=  35.7s | pag= 23 | files=  18 | data=  1 | req=  23 | rej=  32 | cola= 274 | prio=10 | https://www.asfi.gob.bo/la/hechos-relevantes
[ASFI] t=  36.2s | pag= 24 | files=  18 | data=  1 | req=  24 | rej=  32 | cola= 285 | prio=10 | https://www.asfi.gob.bo/la/estados-financieros-resumidos-gestion-2025
[ASFI] t=  49.1s | pag= 25 | files=  28 | data=  1 | req=  25 | rej=  32 | cola= 284 | prio=10 | https://www.asfi.gob.bo/la/estados-financieros-resumidos-gestion-2024
[ASFI] t=  50.0s | pag= 26 | files=  40 | data=  1 | req=  26 | rej=  32 | cola= 283 | prio=10 | https://www.asfi.gob.bo/la/estados-financieros-resumidos-gestion-2023
[ASFI] t=  50.6s | pag= 27 | files=  52 | data=  1 | req=  27 | rej=  32 | cola= 282 | prio=10 | https://www.asfi.gob.bo/la/estados-financieros-resumidos-gestion-2022
[ASFI] t=  51.5s | pag= 28 | files=  64 | data=  1 | req=  28 | rej=  32 | cola= 281 | prio=10 | https://www.asfi.gob.bo/la/estados-financieros-resumidos-gestion-2021
[ASFI] t=  52.4s | pag= 29 | files=  76 | data=  1 | req=  29 | rej=  32 | cola= 280 | prio=10 | https://www.asfi.gob.bo/la/estados-financieros-resumidos-gestion-2020
[ASFI] t=  52.9s | pag= 30 | files=  88 | data=  1 | req=  30 | rej=  32 | cola= 279 | prio=10 | https://www.asfi.gob.bo/la/estados-financieros-resumidos-gestion-2019
[ASFI] ARCHIVO UTIL=100 | score=73 | xls | https://www.asfi.gob.bo/sites/default/files/2025-08/201901_BDR_EstadosFinancieros.xls
[ASFI] t=  53.4s | pag= 31 | files= 100 | data=  1 | req=  31 | rej=  32 | cola= 278 | prio=10 | https://www.asfi.gob.bo/la/estados-financieros-resumidos-gestion-2018
[ASFI] t=  54.1s | pag= 32 | files= 112 | data=  1 | req=  32 | rej=  32 | cola= 277 | prio=10 | https://www.asfi.gob.bo/la/estados-financieros-resumidos-gestion-2017
[ASFI] t=  55.1s | pag= 33 | files= 124 | data=  1 | req=  33 | rej=  32 | cola= 276 | prio=10 | https://www.asfi.gob.bo/la/estados-financieros-resumidos-gestion-2016
[ASFI] t=  55.4s | pag= 34 | files= 136 | data=  1 | req=  34 | rej=  32 | cola= 275 | prio=10 | https://www.asfi.gob.bo/la/estados-financieros-resumidos-gestion-2015
[ASFI] t=  56.1s | pag= 35 | files= 139 | data=  1 | req=  35 | rej=  32 | cola= 274 | prio=30 | https://www.asfi.gob.bo/pb/boletin-trimestral-actualizacion-y-emision-normativa
[ASFI] t=  57.0s | pag= 36 | files= 139 | data=  1 | req=  36 | rej=  32 | cola= 292 | prio=30 | https://www.asfi.gob.bo/node/1008
[ASFI] t=  57.3s | pag= 37 | files= 139 | data=  1 | req=  37 | rej=  33 | cola= 291 | prio=30 | https://www.asfi.gob.bo/node/1006
[ASFI] t=  58.0s | pag= 38 | files= 139 | data=  1 | req=  38 | rej=  33 | cola= 290 | prio=30 | https://www.asfi.gob.bo/pagina-lista-boletines
[ASFI] t=  58.5s | pag= 39 | files= 139 | data=  1 | req=  39 | rej=  42 | cola= 291 | prio=30 | https://www.asfi.gob.bo/la/boletin-trimestral-actualizacion-y-emision-normativa-2026
[ASFI] t=  59.1s | pag= 40 | files= 139 | data=  1 | req=  40 | rej=  44 | cola= 290 | prio=30 | https://www.asfi.gob.bo/pagina-lista-boletines?page=1
[ASFI] t=  59.9s | pag= 41 | files= 139 | data=  1 | req=  41 | rej=  53 | cola= 290 | prio=30 | https://www.asfi.gob.bo/pagina-lista-boletines?page=2
[ASFI] t=  60.3s | pag= 42 | files= 139 | data=  1 | req=  42 | rej=  61 | cola= 289 | prio=30 | https://www.asfi.gob.bo/pagina-lista-boletines?page=0
[ASFI] t=  60.7s | pag= 43 | files= 139 | data=  1 | req=  43 | rej=  61 | cola= 288 | prio=50 | https://www.asfi.gob.bo/pagina-memoria-institucional
[ASFI] t=  61.1s | pag= 44 | files= 139 | data=  1 | req=  44 | rej=  71 | cola= 290 | prio=40 | https://www.asfi.gob.bo/pagina-memoria-institucional?page=1
[ASFI] t=  61.7s | pag= 45 | files= 139 | data=  1 | req=  45 | rej=  81 | cola= 290 | prio=40 | https://www.asfi.gob.bo/pagina-memoria-institucional?page=2
[ASFI] t=  62.3s | pag= 46 | files= 139 | data=  1 | req=  46 | rej=  91 | cola= 289 | prio=40 | https://www.asfi.gob.bo/pagina-memoria-institucional?page=3
[ASFI] PAGINACION SKIP | motivo=pagination_zero_yield_streak | https://www.asfi.gob.bo/pagina-memoria-institucional?page=0
[ASFI] t=  62.7s | pag= 47 | files= 139 | data=  1 | req=  47 | rej=  97 | cola= 287 | prio=50 | https://www.asfi.gob.bo/pb/objetivos-institucionales
[ASFI] t=  63.1s | pag= 48 | files= 139 | data=  1 | req=  48 | rej=  97 | cola= 286 | prio=50 | https://www.asfi.gob.bo/pb/informacion-mae
[ASFI] t=  63.7s | pag= 49 | files= 139 | data=  1 | req=  49 | rej=  97 | cola= 285 | prio=50 | https://www.asfi.gob.bo/la/politica-calidad
[ASFI] t=  64.4s | pag= 50 | files= 139 | data=  1 | req=  50 | rej=  97 | cola= 284 | prio=50 | https://www.asfi.gob.bo/pb/plan-estrategico-institucional-pei
[ASFI] t=  65.1s | pag= 51 | files= 139 | data=  1 | req=  51 | rej=  98 | cola= 283 | prio=50 | https://www.asfi.gob.bo/pagina-poa
[ASFI] t=  65.5s | pag= 52 | files= 139 | data=  1 | req=  52 | rej= 101 | cola= 284 | prio=50 | https://www.asfi.gob.bo/la/seguimiento-y-evaluacion-al-poa
[ASFI] t=  66.0s | pag= 53 | files= 139 | data=  1 | req=  53 | rej= 127 | cola= 283 | prio=50 | https://www.asfi.gob.bo/la/mapa-procesos
[ASFI] t=  66.8s | pag= 54 | files= 139 | data=  1 | req=  54 | rej= 128 | cola= 282 | prio=50 | https://www.asfi.gob.bo/pb/plan-implementacion-software-libre-y-estandares-abiertos-pislea
[ASFI] t=  67.8s | pag= 55 | files= 139 | data=  1 | req=  55 | rej= 129 | cola= 281 | prio=50 | https://www.asfi.gob.bo/presupuesto-institucional
[ASFI] t=  68.7s | pag= 56 | files= 139 | data=  1 | req=  56 | rej= 131 | cola= 280 | prio=50 | https://www.asfi.gob.bo/pb/ejecucion-presupuestaria
[ASFI] t=  69.3s | pag= 57 | files= 139 | data=  1 | req=  57 | rej= 132 | cola= 279 | prio=50 | https://www.asfi.gob.bo/pb/fuentes-financiamiento
[ASFI] t=  69.9s | pag= 58 | files= 139 | data=  1 | req=  58 | rej= 135 | cola= 278 | prio=50 | https://www.asfi.gob.bo/la/balance-general
[ASFI] t=  70.7s | pag= 59 | files= 139 | data=  1 | req=  59 | rej= 141 | cola= 277 | prio=50 | https://www.asfi.gob.bo/pb/gestion-denuncias-actoshechos-corrupcion
[ASFI] PAGINACION RESULTADO | familias=2 | productivas=0 | estancadas=2 | saltadas=1
[ASFI] DEDUPE RESULTADO | grupos=0 | recursos=0 | confirmados=0 | diferentes=0 | inconclusos=0 | eliminados=0 | requests_extra=0
[ASFI] BUDGET | req=60 | utiles=140 | rechazados=142 | sin_valor=25

================================================================================
RESULTADO
================================================================================
Fuente:              asfi
Páginas visitadas:   60
Archivos encontrados:  139
Datasets web:         1
Errores:              0
Sondeos API fallidos: 0
Motivo de parada:     max_pages
Duración:             71.47 s
Sitemaps procesados:  0
URLs por sitemap:     0
URLs sitemap en cola: 0

Formatos:
  - PDF    : 6
  - XLS    : 110
  - XLSX   : 1
  - ZIP    : 22

JSON: C:\Ultimo Semestre 7\trabajo\DATAX\team crawler\crawler_asfi\Crawler_BCB\crawler_v2\output\asfi.json

Trazabilidad:
  Ejecución: 279
  Estado:    PROCESSED
  Base:      C:\Ultimo Semestre 7\trabajo\DATAX\team crawler\crawler_asfi\Crawler_BCB\crawler_v2\trace\crawler_trace.sqlite
