================================================================================
CRAWLER V2
================================================================================
Fuente: Autoridad de Supervisión del Sistema Financiero - Mercado de Valores
URL configurada: https://www.asfi.gob.bo/
Timeout HTTP: 15 s
Pausa HTTP:   aleatoria 0.30s - 0.90s
Verificación TLS: activa


Resolución de fuente:
  Original: https://www.asfi.gob.bo/
  Utilizada: https://www.asfi.gob.bo/
  Fallback: no
  Intentos: 1
    - usable         | HTTP=200 | https://www.asfi.gob.bo/

URL de trabajo: https://www.asfi.gob.bo/
Seeds: 20
Máx páginas: 80
Máx archivos: 1000
Máx profundidad: 4
Sitemaps: inactivo

[ASFI_VALORES] t=   0.0s | pag=  0 | files=   0 | data=  0 | req=   0 | rej=   0 | cola=  19 | prio= 0 | https://www.asfi.gob.bo/
[ASFI_VALORES] t=   1.1s | pag=  1 | files=   0 | data=  0 | req=   1 | rej=   0 | cola=  18 | prio= 0 | https://www.asfi.gob.bo/pb/estadisticas-mercado-valores
[ASFI_VALORES] t=   1.5s | pag=  2 | files=   0 | data=  0 | req=   2 | rej=   0 | cola=  17 | prio= 0 | https://www.asfi.gob.bo/pb/boletines-estadisticos-mercado-valores
[ASFI_VALORES] t=   2.0s | pag=  3 | files=   0 | data=  0 | req=   3 | rej=   0 | cola=  16 | prio= 0 | https://www.asfi.gob.bo/la/boletines-estadisticos-mercado-valores-2026
[ASFI_VALORES] DATASETS=1 | score=85 | data_html_table | https://www.asfi.gob.bo/la/boletines-estadisticos-mercado-valores-2026
[ASFI_VALORES] ARCHIVO UTIL=1 | score=85 | zip | https://www.asfi.gob.bo/sites/default/files/2026-07/Bolet%C3%ADn%20-%20Enero%202026.zip
[ASFI_VALORES] ARCHIVO UTIL=2 | score=85 | zip | https://www.asfi.gob.bo/sites/default/files/2026-07/Bolet%C3%ADn%20-%20Febrero%202026.zip
[ASFI_VALORES] ARCHIVO UTIL=3 | score=85 | zip | https://www.asfi.gob.bo/sites/default/files/2026-07/Bolet%C3%ADn%20-%20Marzo%202026.zip
[ASFI_VALORES] ARCHIVO UTIL=4 | score=85 | zip | https://www.asfi.gob.bo/sites/default/files/2026-07/Bolet%C3%ADn%20-%20Abril%202026.zip
[ASFI_VALORES] t=   7.1s | pag=  4 | files=   4 | data=  1 | req=   4 | rej=   0 | cola=  15 | prio= 0 | https://www.asfi.gob.bo/node/498
[ASFI_VALORES] DATASETS=2 | score=65 | data_html_table | https://www.asfi.gob.bo/node/498
[ASFI_VALORES] t=   8.0s | pag=  5 | files=   4 | data=  2 | req=   5 | rej=  12 | cola=  14 | prio= 0 | https://www.asfi.gob.bo/node/499
[ASFI_VALORES] DATASETS=3 | score=95 | data_html_table | https://www.asfi.gob.bo/node/499
[ASFI_VALORES] ARCHIVO UTIL=5 | score=55 | xlsx | https://www.asfi.gob.bo/sites/default/files/2025-08/Bolet%C3%ADn%20-%20Enero%202024.xlsx
[ASFI_VALORES] ARCHIVO UTIL=6 | score=55 | xlsx | https://www.asfi.gob.bo/sites/default/files/2025-08/Bolet%C3%ADn%20-%20Febrero%202024.xlsx
[ASFI_VALORES] ARCHIVO UTIL=7 | score=55 | xlsx | https://www.asfi.gob.bo/sites/default/files/2025-08/Bolet%C3%ADn%20-%20Marzo%202024.xlsx
[ASFI_VALORES] ARCHIVO UTIL=8 | score=55 | xlsx | https://www.asfi.gob.bo/sites/default/files/2025-08/Bolet%C3%ADn%20-%20Abril%202024.xlsx
[ASFI_VALORES] ARCHIVO UTIL=9 | score=55 | xlsx | https://www.asfi.gob.bo/sites/default/files/2025-08/Bolet%C3%ADn%20-%20Mayo%202024.xlsx
[ASFI_VALORES] ARCHIVO UTIL=10 | score=55 | xlsx | https://www.asfi.gob.bo/sites/default/files/2025-08/Bolet%C3%ADn%20-%20Junio%202024.xlsx
[ASFI_VALORES] t=   8.7s | pag=  6 | files=  16 | data=  3 | req=   6 | rej=  12 | cola=  13 | prio= 0 | https://www.asfi.gob.bo/node/500
[ASFI_VALORES] DATASETS=4 | score=95 | data_html_table | https://www.asfi.gob.bo/node/500
[ASFI_VALORES] t=   9.1s | pag=  7 | files=  28 | data=  4 | req=   7 | rej=  12 | cola=  12 | prio= 0 | https://www.asfi.gob.bo/node/501
[ASFI_VALORES] DATASETS=5 | score=95 | data_html_table | https://www.asfi.gob.bo/node/501
[ASFI_VALORES] t=   9.6s | pag=  8 | files=  40 | data=  5 | req=   8 | rej=  12 | cola=  11 | prio= 0 | https://www.asfi.gob.bo/node/502
[ASFI_VALORES] DATASETS=6 | score=95 | data_html_table | https://www.asfi.gob.bo/node/502
[ASFI_VALORES] t=  10.3s | pag=  9 | files=  52 | data=  6 | req=   9 | rej=  12 | cola=  10 | prio= 0 | https://www.asfi.gob.bo/node/503
[ASFI_VALORES] DATASETS=7 | score=95 | data_html_table | https://www.asfi.gob.bo/node/503
[ASFI_VALORES] t=  11.0s | pag= 10 | files=  64 | data=  7 | req=  10 | rej=  12 | cola=   9 | prio= 0 | https://www.asfi.gob.bo/node/504
[ASFI_VALORES] DATASETS=8 | score=95 | data_html_table | https://www.asfi.gob.bo/node/504
[ASFI_VALORES] t=  11.9s | pag= 11 | files=  76 | data=  8 | req=  11 | rej=  12 | cola=   8 | prio= 0 | https://www.asfi.gob.bo/node/505
[ASFI_VALORES] DATASETS=9 | score=95 | data_html_table | https://www.asfi.gob.bo/node/505
[ASFI_VALORES] t=  12.3s | pag= 12 | files=  88 | data=  9 | req=  12 | rej=  12 | cola=   7 | prio= 0 | https://www.asfi.gob.bo/node/506
[ASFI_VALORES] DATASETS=10 | score=95 | data_html_table | https://www.asfi.gob.bo/node/506
[ASFI_VALORES] t=  13.1s | pag= 13 | files=  99 | data= 10 | req=  13 | rej=  12 | cola=   6 | prio= 0 | https://www.asfi.gob.bo/node/507
[ASFI_VALORES] ARCHIVO UTIL=100 | score=55 | xls | https://www.asfi.gob.bo/sites/default/files/2025-07/Bolet%C3%ADn%20-%20Enero%202016_1.xls
[ASFI_VALORES] t=  14.0s | pag= 14 | files= 111 | data= 11 | req=  14 | rej=  12 | cola=   5 | prio= 0 | https://www.asfi.gob.bo/node/508
[ASFI_VALORES] t=  14.5s | pag= 15 | files= 123 | data= 12 | req=  15 | rej=  12 | cola=   4 | prio= 0 | https://www.asfi.gob.bo/node/1006
[ASFI_VALORES] t=  27.7s | pag= 16 | files= 133 | data= 12 | req=  16 | rej=  19 | cola=   3 | prio= 0 | https://www.asfi.gob.bo/la/reportes-dinamicos
[ASFI_VALORES] t=  28.7s | pag= 17 | files= 133 | data= 12 | req=  17 | rej=  19 | cola=   2 | prio= 0 | https://www.asfi.gob.bo/la/inversiones
[ASFI_VALORES] t=  42.8s | pag= 18 | files= 143 | data= 12 | req=  18 | rej=  20 | cola=   1 | prio= 0 | https://www.asfi.gob.bo/node/1046
[ASFI_VALORES] t=  43.4s | pag= 19 | files= 143 | data= 12 | req=  19 | rej=  22 | cola=   0 | prio= 0 | https://www.asfi.gob.bo/node/1051
[ASFI_VALORES] HTTP TOTAL | requests=91 | GET=91 | HEAD=0
[ASFI_VALORES] PAGINACION RESULTADO | familias=0 | productivas=0 | estancadas=0 | saltadas=0
[ASFI_VALORES] DEDUPE RESULTADO | grupos=0 | recursos=0 | confirmados=0 | diferentes=0 | inconclusos=0 | eliminados=0 | requests_extra=0
[ASFI_VALORES] BUDGET | req=20 | utiles=165 | rechazados=29 | sin_valor=0

================================================================================
RESULTADO
================================================================================
Fuente:              asfi_valores
Páginas visitadas:   20
Archivos encontrados:  153
Datasets web:         12
Errores:              0
Sondeos API fallidos: 0
Motivo de parada:     frontier_exhausted
Duración:             56.64 s
Sitemaps procesados:  0
URLs por sitemap:     0
URLs sitemap en cola: 0

Formatos:
  - XLS    : 36
  - XLSX   : 83
  - ZIP    : 34

JSON: C:\Ultimo Semestre 7\trabajo\DATAX\team crawler\crawler_asfi\Crawler_BCB\crawler_v2\output\asfi_valores.json

Trazabilidad:
  Ejecución: 289
  Estado:    PROCESSED
  Base:      C:\Ultimo Semestre 7\trabajo\DATAX\team crawler\crawler_asfi\Crawler_BCB\crawler_v2\trace\crawler_trace.sqlite
