================================================================================
CRAWLER V2
================================================================================
Fuente: Administradora de Tarjetas de Crédito / Red Enlace
URL configurada: https://www.redenlace.com.bo/
Timeout HTTP: 15 s
Pausa HTTP:   aleatoria 0.30s - 0.90s
Verificación TLS: activa


Resolución de fuente:
  Original: https://www.redenlace.com.bo/
  Utilizada: https://www.redenlace.com.bo/
  Fallback: no
  Intentos: 1
    - usable         | HTTP=200 | https://www.redenlace.com.bo/

URL de trabajo: https://www.redenlace.com.bo/
Seeds: 3
Máx páginas: 25
Máx archivos: 1000
Máx profundidad: 3
Sitemaps: inactivo

[ATC] t=   0.0s | pag=  0 | files=   0 | data=  0 | req=   0 | rej=   0 | cola=   2 | prio= 0 | https://www.redenlace.com.bo/
[ATC] t=   1.2s | pag=  1 | files=   0 | data=  0 | req=   1 | rej=   0 | cola=   1 | prio= 0 | https://www.redenlace.com.bo/sobre-red-enlace/memorias
[ATC] ARCHIVO UTIL=1 | score=100 | pdf | https://www.redenlace.com.bo/docs/memorias/es/32_memoria-anual-2025-1.pdf
[ATC] ARCHIVO UTIL=2 | score=100 | pdf | https://www.redenlace.com.bo/docs/memorias/es/28_gestion-2024-1.pdf
[ATC] ARCHIVO UTIL=3 | score=100 | pdf | https://www.redenlace.com.bo/docs/memorias/es/24_gestion-2023-1.pdf
[ATC] ARCHIVO UTIL=4 | score=100 | pdf | https://www.redenlace.com.bo/docs/memorias/es/18_gestion-2022-1.pdf
[ATC] ARCHIVO UTIL=5 | score=100 | pdf | https://www.redenlace.com.bo/docs/memorias/es/15_gestion-2021-3.pdf
[ATC] ARCHIVO UTIL=6 | score=100 | pdf | https://www.redenlace.com.bo/docs/memorias/es/14_gestion-2020-2.pdf
[ATC] ARCHIVO UTIL=7 | score=100 | pdf | https://www.redenlace.com.bo/docs/memorias/es/11_memoria-2019-2.pdf
[ATC] ARCHIVO UTIL=8 | score=100 | pdf | https://www.redenlace.com.bo/docs/memorias/es/4_gestion-2018-1.pdf
[ATC] ARCHIVO UTIL=9 | score=100 | pdf | https://www.redenlace.com.bo/docs/memorias/es/3_gestion-2017-3.pdf
[ATC] ARCHIVO UTIL=10 | score=100 | pdf | https://www.redenlace.com.bo/docs/memorias/es/2_gestion-2016-1.pdf
[ATC] t=   1.8s | pag=  2 | files=  12 | data=  0 | req=   2 | rej=   0 | cola=   0 | prio= 0 | https://www.redenlace.com.bo/sobre-red-enlace/estados-financieros
[ATC] HTTP TOTAL | requests=4 | GET=4 | HEAD=0
[ATC] DEDUPE RESULTADO | grupos=0 | recursos=0 | confirmados=0 | diferentes=0 | inconclusos=0 | eliminados=0 | requests_extra=0
[ATC] BUDGET | req=3 | utiles=20 | rechazados=0 | sin_valor=0

================================================================================
RESULTADO
================================================================================
Fuente:              atc
Páginas visitadas:   3
Archivos encontrados:   20
Datasets web:         0
Errores:              0
Sondeos API fallidos: 0
Motivo de parada:     frontier_exhausted
Duración:             2.90 s
Sitemaps procesados:  0
URLs por sitemap:     0
URLs sitemap en cola: 0

Formatos:
  - PDF    : 20

JSON: C:\Ultimo Semestre 7\trabajo\DATAX\team crawler\crawler_asfi\Crawler_BCB\crawler_v2\output\atc.json

Trazabilidad:
  Ejecución: 295
  Estado:    PROCESSED
  Base:      C:\Ultimo Semestre 7\trabajo\DATAX\team crawler\crawler_asfi\Crawler_BCB\crawler_v2\trace\crawler_trace.sqlite
