================================================================================
CRAWLER V2
================================================================================
Fuente: Autoridad de Regulación y Fiscalización de Telecomunicaciones y Transportes
URL configurada: https://www.att.gob.bo/
Timeout HTTP: 15 s
Pausa HTTP:   aleatoria 0.30s - 0.90s
Verificación TLS: activa


Resolución de fuente:
  Original: https://www.att.gob.bo/
  Utilizada: https://www.att.gob.bo/
  Fallback: no
  Intentos: 1
    - usable         | HTTP=200 | https://www.att.gob.bo/

URL de trabajo: https://www.att.gob.bo/
Seeds: 5
Máx páginas: 40
Máx archivos: 1000
Máx profundidad: 3
Sitemaps: inactivo

[ATT] t=   0.0s | pag=  0 | files=   0 | data=  0 | req=   0 | rej=   0 | cola=   4 | prio= 0 | https://www.att.gob.bo/
[ATT] t=   1.2s | pag=  1 | files=   0 | data=  0 | req=   1 | rej=   0 | cola=   6 | prio= 0 | https://www.att.gob.bo/estadistica-sectorial
[ATT] DATASETS=1 | score=110 | data_html_table | https://www.att.gob.bo/estadistica-sectorial
[ATT] ARCHIVO UTIL=1 | score=101 | pdf | https://www.att.gob.bo/sites/default/files/archivos_listados_pdf/2022-08-09/1.%20Estad%C3%ADsticas%20Sectoriales%20de%20Telecomunicaciones%20a%20septiembre%202021.pdf
[ATT] t=   1.6s | pag=  2 | files=   1 | data=  1 | req=   2 | rej=   0 | cola=   5 | prio= 0 | https://www.att.gob.bo/en/serie-historica
[ATT] DATASETS=2 | score=140 | statistical_html_table | https://www.att.gob.bo/en/serie-historica
[ATT] ARCHIVO UTIL=2 | score=131 | xlsx | https://www.att.gob.bo/sites/default/files/archivos_listados_pdf/2026-06-17/Bolivia_-_Serie_Estadstica_de_Lneas_Telefnicas.xlsx
[ATT] ARCHIVO UTIL=3 | score=137 | xlsx | https://www.att.gob.bo/sites/default/files/archivos_listados_pdf/2026-06-17/Bolivia_-_Serie_Estadstica_de_Conexiones_a_Internet.xlsx
[ATT] ARCHIVO UTIL=4 | score=125 | xlsx | https://www.att.gob.bo/sites/default/files/archivos_listados_pdf/2026-06-25/Bolivia%20-%20Serie%20Estad%C3%ADstica%20de%20Distribuci%C3%B3n%20de%20Se%C3%B1ales.xlsx
[ATT] t=   2.0s | pag=  3 | files=   4 | data=  2 | req=   3 | rej=   1 | cola=   4 | prio= 0 | https://www.att.gob.bo/situacion-de-las-telecomunicaciones-en-bolivia
[ATT] DATASETS=3 | score=100 | data_html_table | https://www.att.gob.bo/situacion-de-las-telecomunicaciones-en-bolivia
[ATT] ARCHIVO UTIL=5 | score=103 | pdf | https://www.att.gob.bo/sites/default/files/archivos_listados_pdf/2026-03-11/Boletin%201er%20sem%202025%2026-01-26.pdf
[ATT] ARCHIVO UTIL=6 | score=83 | pdf | https://www.att.gob.bo/sites/default/files/archivos_listados_pdf/2025-10-28/Estado%20de%20situacion%20de%20las%20telecomunicaciones%20en%20Bolivia%202024.pdf
[ATT] ARCHIVO UTIL=7 | score=114 | pdf | https://portal.att.gob.bo/sites/default/files/archivos_listados_pdf/2025-07-03/BOLET%C3%8DN%20ESTAD%C3%8DSTICO%20SECTOR%20DE%20TELECOMUNICACIONES%20-%20SEGUNDO%20SEMESTRE%202024.pdf
[ATT] ARCHIVO UTIL=8 | score=83 | pdf | https://portal.att.gob.bo/sites/default/files/archivos_listados_pdf/2024-10-04/Estado%20de%20Situaci%C3%B3n%20de%20las%20Telecomunicaciones%20en%20Bolivia%20PRIMER%20SEMESTRE%202024.pdf
[ATT] ARCHIVO UTIL=9 | score=89 | pdf | https://portal.att.gob.bo/sites/default/files/archivos_listados_pdf/2024-08-20/Estado%20de%20Situaci%C3%B3n%20Actual%20del%20Internet%20en%20Bolivia%202023.pdf
[ATT] ARCHIVO UTIL=10 | score=83 | pdf | https://portal.att.gob.bo/sites/default/files/archivos_listados_pdf/2024-08-14/Estado%20de%20Situaci%C3%B3n%20de%20las%20Telecomunicaciones%20en%20Bolivia%20de%20la%20Gesti%C3%B3n%202023%20%28anual%20auditado%29.pdf
[ATT] t=   2.8s | pag=  4 | files=  27 | data=  3 | req=   4 | rej=   1 | cola=   3 | prio= 0 | https://www.att.gob.bo/telecomunicaciones
[ATT] t=   3.5s | pag=  5 | files=  27 | data=  3 | req=   5 | rej=   1 | cola=   3 | prio= 2 | https://www.att.gob.bo/en/telecomunicaciones
[ATT] t=   4.3s | pag=  6 | files=  27 | data=  3 | req=   6 | rej=   1 | cola=   2 | prio= 2 | https://www.att.gob.bo/en/informacion-estadistica-sector-telecomunicaciones
[ATT] t=   5.0s | pag=  7 | files=  27 | data=  3 | req=   7 | rej=   1 | cola=   2 | prio= 2 | https://www.att.gob.bo/telecomunicaciones/usuario
[ATT] t=   5.5s | pag=  8 | files=  27 | data=  3 | req=   8 | rej=   1 | cola=   1 | prio= 2 | https://www.att.gob.bo/informacion-estadistica-sector-telecomunicaciones
[ATT] t=   6.3s | pag=  9 | files=  27 | data=  3 | req=   9 | rej=   1 | cola=   0 | prio= 2 | https://www.att.gob.bo/serie-historica
[ATT] DATASETS=4 | score=150 | statistical_html_table | https://www.att.gob.bo/serie-historica
[ATT] HTTP TOTAL | requests=11 | GET=11 | HEAD=0
[ATT] PAGINACION RESULTADO | familias=0 | productivas=0 | estancadas=0 | saltadas=0
[ATT] DEDUPE RESULTADO | grupos=0 | recursos=0 | confirmados=0 | diferentes=0 | inconclusos=0 | eliminados=0 | requests_extra=0
[ATT] BUDGET | req=10 | utiles=31 | rechazados=1 | sin_valor=0

================================================================================
RESULTADO
================================================================================
Fuente:              att
Páginas visitadas:   10
Archivos encontrados:   27
Datasets web:         4
Errores:              0
Sondeos API fallidos: 0
Motivo de parada:     frontier_exhausted
Duración:             6.89 s
Sitemaps procesados:  0
URLs por sitemap:     0
URLs sitemap en cola: 0

Formatos:
  - PDF    : 24
  - XLSX   : 3

JSON: C:\Ultimo Semestre 7\trabajo\DATAX\team crawler\crawler_asfi\Crawler_BCB\crawler_v2\output\att.json

Trazabilidad:
  Ejecución: 297
  Estado:    PROCESSED
  Base:      C:\Ultimo Semestre 7\trabajo\DATAX\team crawler\crawler_asfi\Crawler_BCB\crawler_v2\trace\crawler_trace.sqlite
