================================================================================
CRAWLER V2
================================================================================
Fuente: Bolsa Boliviana de Valores
URL configurada: https://www2.bbv.com.bo/
Timeout HTTP: 15 s
Pausa HTTP:   aleatoria 0.30s - 0.90s
Verificación TLS: activa


Resolución de fuente:
  Estado: no se encontró URL alternativa utilizable
  Intentos: 6
    - request_error  | HTTP=- | https://www2.bbv.com.bo/
    - request_error  | HTTP=- | https://www.bbv.com.bo/
    - request_error  | HTTP=- | https://www.www2.bbv.com.bo/
    - http_error     | HTTP=503 | http://www2.bbv.com.bo/
    - request_error  | HTTP=- | http://www.www2.bbv.com.bo/
    - request_error  | HTTP=- | https://bbv.com.bo/

URL de trabajo: https://www2.bbv.com.bo/
Seeds: 10
Máx páginas: 25
Máx archivos: 1500
Máx profundidad: 3
Sitemaps: activo
Máx URLs sitemap: 10000

[BBV] SITEMAP | docs=0 | urls=0 | en_cola=0 | errores=0
[BBV] t=  21.0s | pag=  0 | files=   0 | data=  0 | cola=   9 | prio= 0 | https://www2.bbv.com.bo/
[BBV] DATASETS=1 | data_chart | https://www.bbv.com.bo/
[BBV] t=  29.4s | pag=  1 | files=   1 | data=  1 | cola=  50 | prio= 0 | https://www.bbv.com.bo/estadisticas/
[BBV] t=  31.1s | pag=  2 | files=   1 | data=  1 | cola=  52 | prio= 0 | https://www.bbv.com.bo/mercados/
[BBV] t=  32.8s | pag=  3 | files=   1 | data=  1 | cola=  51 | prio= 0 | https://www.bbv.com.bo/estado-del-mercado/
[BBV] t=  35.9s | pag=  4 | files=   1 | data=  1 | cola=  50 | prio= 0 | https://www.bbv.com.bo/mercados/montos-negociados/instrumentos-negociados/
[BBV] t=  38.4s | pag=  5 | files=   1 | data=  1 | cola=  53 | prio= 0 | https://www.bbv.com.bo/mercados/tasas-de-rendimiento/
[BBV] t=  40.9s | pag=  6 | files=   1 | data=  1 | cola=  53 | prio= 0 | https://www.bbv.com.bo/mercados/fondos-de-inversion/
[BBV] t=  43.2s | pag=  7 | files=   1 | data=  1 | cola=  52 | prio= 0 | https://www.bbv.com.bo/mercados/calificaciones-de-riesgo/reportes-de-calificacion/
[BBV] t=  46.4s | pag=  8 | files=   1 | data=  1 | cola=  53 | prio= 0 | https://www.bbv.com.bo/acerca-de-la-bolsa/informacion-financiera/
[BBV] t=  48.9s | pag=  9 | files=  49 | data=  1 | cola=  53 | prio= 0 | https://www.bbv.com.bo/Publicacionv3/View_Publicacion/Resumen_diario_Fecha.aspx
[BBV] t=  50.0s | pag= 10 | files=  50 | data=  1 | cola=  54 | prio= 1 | https://www.bbv.com.bo/acerca-de-la-bolsa/informacion-financiera-2024/
[BBV] t=  52.3s | pag= 11 | files=  74 | data=  1 | cola=  53 | prio= 1 | https://www.bbv.com.bo/estadisticas/estadisticas-economicas/
[BBV] DATASETS=2 | statistical_html_table | https://www.bbv.com.bo/estadisticas/estadisticas-economicas/
[BBV] t=  54.4s | pag= 12 | files=  74 | data=  2 | cola=  52 | prio= 1 | https://www.bbv.com.bo/estadisticas/estadisticas-bursatiles/transacciones-en-bolsa/
[BBV] DATASETS=3 | interactive_data_page | https://www.bbv.com.bo/estadisticas/estadisticas-bursatiles/transacciones-en-bolsa/
[BBV] t=  57.7s | pag= 13 | files=  75 | data=  3 | cola=  55 | prio= 1 | https://www.bbv.com.bo/estadisticas/otras-estadisticas/
[BBV] t=  59.6s | pag= 14 | files=  80 | data=  3 | cola=  54 | prio= 1 | https://www.bbv.com.bo/mercados/montos-negociados/
[BBV] t=  62.4s | pag= 15 | files=  80 | data=  3 | cola=  53 | prio= 1 | https://www.bbv.com.bo/mercados/montos-negociados/renta-variable/
[BBV] DATASETS=4 | data_html_table | https://www.bbv.com.bo/mercados/montos-negociados/renta-variable/
[BBV] t=  64.8s | pag= 16 | files=  85 | data=  4 | cola=  54 | prio= 1 | https://www.bbv.com.bo/mercados/montos-negociados/renta-fija/
[BBV] DATASETS=5 | data_chart | https://www.bbv.com.bo/mercados/montos-negociados/renta-fija/
[BBV] t=  67.1s | pag= 17 | files=  85 | data=  5 | cola=  53 | prio= 1 | https://www.bbv.com.bo/mercados/montos-negociados/resumen-bursatil/
[BBV] DATASETS=6 | data_chart | https://www.bbv.com.bo/mercados/montos-negociados/resumen-bursatil/
[BBV] t=  69.6s | pag= 18 | files=  85 | data=  6 | cola=  52 | prio= 1 | https://www.bbv.com.bo/mercados/calificaciones-de-riesgo/
[BBV] t=  71.7s | pag= 19 | files=  85 | data=  6 | cola=  51 | prio= 1 | https://www.bbv.com.bo/mercados/calificaciones-de-riesgo/informes-de-calificacion/
[BBV] DATASETS=7 | data_html_table | https://www.bbv.com.bo/mercados/calificaciones-de-riesgo/informes-de-calificacion/
[BBV] t=  76.6s | pag= 20 | files=  85 | data=  7 | cola= 469 | prio= 1 | https://www.bbv.com.bo/estadisticas/estadisticas-bursatiles/
[BBV] t=  78.2s | pag= 21 | files=  85 | data=  7 | cola= 468 | prio= 1 | https://www.bbv.com.bo/estadisticas/estadisticas-bursatiles/valores-inscritos-en-bolsa/
[BBV] t=  81.2s | pag= 22 | files=  85 | data=  7 | cola= 467 | prio= 1 | https://www.bbv.com.bo/estadisticas/estadisticas-bursatiles/valores-vigentes-en-bolsa/
[BBV] DATASETS=8 | interactive_data_page | https://www.bbv.com.bo/estadisticas/estadisticas-bursatiles/valores-vigentes-en-bolsa/
[BBV] t=  84.4s | pag= 23 | files=  85 | data=  8 | cola= 466 | prio= 1 | https://www.bbv.com.bo/estadisticas/estadisticas-bursatiles/dpfs-pignorados/
[BBV] DATASETS=9 | statistical_html_table | https://www.bbv.com.bo/estadisticas/estadisticas-bursatiles/dpfs-pignorados/
[BBV] t=  86.3s | pag= 24 | files=  85 | data=  9 | cola= 465 | prio= 1 | https://www.bbv.com.bo/cuota-fondos-de-inversion-cerrado

================================================================================
RESULTADO
================================================================================
Fuente:              bbv
Páginas visitadas:   25
Archivos encontrados:   85
Datasets web:         9
Errores:              0
Motivo de parada:     max_pages
Duración:             87.13 s
Sitemaps procesados:  0
URLs por sitemap:     0
URLs sitemap en cola: 0

Formatos:
  - PDF    : 85

JSON: C:\Ultimo Semestre 7\trabajo\DATAX\team crawler\crawler_asfi\Crawler_BCB\crawler_v2\output\bbv.json

Trazabilidad:
  Ejecución: 170
  Estado:    PROCESSED
  Base:      C:\Ultimo Semestre 7\trabajo\DATAX\team crawler\crawler_asfi\Crawler_BCB\crawler_v2\trace\crawler_trace.sqlite
