================================================================================
CRAWLER V2
================================================================================
Fuente: Banco Mundial
URL configurada: https://data.worldbank.org/country/bolivia
Timeout HTTP: 20 s
Pausa HTTP:   aleatoria 0.30s - 0.80s
Verificación TLS: activa


Resolución de fuente:
  Original: https://data.worldbank.org/country/bolivia
  Utilizada: https://data.worldbank.org/country/bolivia
  Fallback: no
  Intentos: 1
    - usable         | HTTP=200 | https://data.worldbank.org/country/bolivia

URL de trabajo: https://data.worldbank.org/country/bolivia
Seeds: 4
Máx páginas: 25
Máx archivos: 1000
Máx profundidad: 2
Sitemaps: inactivo

[BM] t=   0.0s | pag=  0 | files=   0 | data=  0 | req=   0 | rej=   0 | cola=   3 | prio= 0 | https://data.worldbank.org/country/bolivia
[BM] DATASETS=1 | score=95 | configured_data_page | https://data.worldbank.org/country/bolivia
[BM] t=   1.3s | pag=  1 | files=   0 | data=  1 | req=   1 | rej=   0 | cola=   2 | prio= 0 | https://api.worldbank.org/v2/en/country/BOL?downloadformat=csv
[BM] ARCHIVO UTIL=1 | score=100 | zip | https://api.worldbank.org/v2/en/country/BOL?downloadformat=csv
[BM] t=   3.9s | pag=  1 | files=   1 | data=  1 | req=   2 | rej=   0 | cola=   1 | prio= 0 | https://api.worldbank.org/v2/en/country/BOL?downloadformat=xml
[BM] ARCHIVO UTIL=2 | score=100 | zip | https://api.worldbank.org/v2/en/country/BOL?downloadformat=xml
[BM] t=   7.0s | pag=  1 | files=   2 | data=  1 | req=   3 | rej=   0 | cola=   0 | prio= 0 | https://api.worldbank.org/v2/en/country/BOL?downloadformat=excel
[BM] HTTP TOTAL | requests=9 | GET=9 | HEAD=0
[BM] DEDUPE RESULTADO | grupos=0 | recursos=0 | confirmados=0 | diferentes=0 | inconclusos=0 | eliminados=0 | requests_extra=0
[BM] BUDGET | req=4 | utiles=3 | rechazados=0 | sin_valor=1

================================================================================
RESULTADO
================================================================================
Fuente:              bm
Páginas visitadas:   1
Archivos encontrados:    2
Datasets web:         1
Errores:              0
Sondeos API fallidos: 0
Motivo de parada:     frontier_exhausted
Duración:             8.28 s
Sitemaps procesados:  0
URLs por sitemap:     0
URLs sitemap en cola: 0

Formatos:
  - ZIP    : 2

JSON: C:\Ultimo Semestre 7\trabajo\DATAX\team crawler\crawler_asfi\Crawler_BCB\crawler_v2\output\bm.json

Trazabilidad:
  Ejecución: 301
  Estado:    PROCESSED
  Base:      C:\Ultimo Semestre 7\trabajo\DATAX\team crawler\crawler_asfi\Crawler_BCB\crawler_v2\trace\crawler_trace.sqlite
