================================================================================
CRAWLER V2
================================================================================
Fuente: Bolsa de Cereales
URL configurada: https://www.bolsadecereales.com/datasets
Timeout HTTP: 15 s
Pausa HTTP:   aleatoria 0.30s - 0.90s
Verificación TLS: activa


Resolución de fuente:
  Estado: no se encontró URL alternativa utilizable
  Intentos: 4
    - forbidden      | HTTP=403 | https://www.bolsadecereales.com/datasets
    - forbidden      | HTTP=403 | https://bolsadecereales.com/datasets
    - forbidden      | HTTP=403 | http://www.bolsadecereales.com/datasets
    - forbidden      | HTTP=403 | http://bolsadecereales.com/datasets

URL de trabajo: https://www.bolsadecereales.com/datasets
Seeds: 7
Máx páginas: 25
Máx archivos: 1500
Máx profundidad: 3
Sitemaps: activo
Máx URLs sitemap: 10000

[BOLCEREALES] SITEMAP | docs=0 | urls=0 | en_cola=0 | errores=0
[BOLCEREALES] t=   5.2s | pag=  0 | files=   0 | data=  0 | cola=   6 | prio= 0 | https://www.bolsadecereales.com/datasets
[BOLCEREALES] t=   6.0s | pag=  0 | files=   0 | data=  0 | cola=   5 | prio= 0 | https://www.bolsadecereales.com/estimaciones-informes
[BOLCEREALES] t=   6.7s | pag=  0 | files=   0 | data=  0 | cola=   4 | prio= 0 | https://www.bolsadecereales.com/estimaciones-monitoreo
[BOLCEREALES] t=   7.9s | pag=  0 | files=   0 | data=  0 | cola=   3 | prio= 0 | https://www.bolsadecereales.com/mercados
[BOLCEREALES] t=   9.2s | pag=  0 | files=   0 | data=  0 | cola=   2 | prio= 0 | https://www.bolsadecereales.com/repositorio
[BOLCEREALES] t=  10.2s | pag=  0 | files=   0 | data=  0 | cola=   1 | prio= 0 | https://www.bolsadecereales.com/estudios-documentos-trabajo
[BOLCEREALES] t=  11.2s | pag=  0 | files=   0 | data=  0 | cola=   0 | prio= 0 | https://preciosfob.bolsadecereales.com/

================================================================================
RESULTADO
================================================================================
Fuente:              bolcereales
Páginas visitadas:   0
Archivos encontrados:    0
Datasets web:         0
Errores:              7
Motivo de parada:     frontier_exhausted
Duración:             12.16 s
Sitemaps procesados:  0
URLs por sitemap:     0
URLs sitemap en cola: 0

JSON: C:\Ultimo Semestre 7\trabajo\DATAX\team crawler\crawler_asfi\Crawler_BCB\crawler_v2\output\bolcereales.json

Trazabilidad:
  Ejecución: 173
  Estado:    PROCESSED
  Base:      C:\Ultimo Semestre 7\trabajo\DATAX\team crawler\crawler_asfi\Crawler_BCB\crawler_v2\trace\crawler_trace.sqlite
