================================================================================
CRAWLER V2
================================================================================
Fuente: Portal de Datos Abiertos USA
URL configurada: https://data.gov/
Timeout HTTP: 15 s
Pausa HTTP:   aleatoria 0.30s - 0.90s
Verificación TLS: activa


Resolución de fuente:
  Original: https://data.gov/
  Utilizada: https://data.gov/
  Fallback: no
  Intentos: 1
    - usable         | HTTP=200 | https://data.gov/

URL de trabajo: https://data.gov/
Seeds: 2
Máx páginas: 5000
Máx archivos: 100000
Máx profundidad: 12
Sitemaps: activo
Máx URLs sitemap: 10000

Traceback (most recent call last):
  File "C:\Ultimo Semestre 7\trabajo\DATAX\team crawler\crawler_asfi\Crawler_BCB\crawler_v2\main.py", line 1017, in <module>
    main()
    ~~~~^^
  File "C:\Ultimo Semestre 7\trabajo\DATAX\team crawler\crawler_asfi\Crawler_BCB\crawler_v2\main.py", line 898, in main
    crawler.crawl()
    ~~~~~~~~~~~~~^^
  File "C:\Ultimo Semestre 7\trabajo\DATAX\team crawler\crawler_asfi\Crawler_BCB\crawler_v2\core\crawler.py", line 2656, in crawl
    self._queue_sitemap_seeds(
    ~~~~~~~~~~~~~~~~~~~~~~~~~^
        queue,
        ^^^^^^
        result,
        ^^^^^^^
    )
    ^
  File "C:\Ultimo Semestre 7\trabajo\DATAX\team crawler\crawler_asfi\Crawler_BCB\crawler_v2\core\crawler.py", line 2462, in _queue_sitemap_seeds
    discovery = self.sitemap_discovery.discover(
        base_url=base_url,
    ...<3 lines>...
        max_document_bytes=self.max_sitemap_bytes,
    )
  File "C:\Ultimo Semestre 7\trabajo\DATAX\team crawler\crawler_asfi\Crawler_BCB\crawler_v2\core\sitemap_discovery.py", line 573, in discover
    response = self.client.get(
        sitemap_url,
        raise_for_status=False,
        timeout=effective_timeout,
    )
  File "C:\Ultimo Semestre 7\trabajo\DATAX\team crawler\crawler_asfi\Crawler_BCB\crawler_v2\core\http_client.py", line 268, in get
    self._wait()
    ~~~~~~~~~~^^
  File "C:\Ultimo Semestre 7\trabajo\DATAX\team crawler\crawler_asfi\Crawler_BCB\crawler_v2\core\http_client.py", line 241, in _wait
    time.sleep(
    ~~~~~~~~~~^
        remaining
        ^^^^^^^^^
    )
    ^
KeyboardInterrupt
