================================================================================
CRAWLER V2
================================================================================
Fuente: Federación de Ganaderos de Santa Cruz
URL configurada: https://fegasacruz.org/
Timeout HTTP: 15 s
Pausa HTTP:   aleatoria 0.30s - 0.90s
Verificación TLS: activa


Resolución de fuente:
  Original: https://fegasacruz.org/
  Utilizada: https://fegasacruz.org/
  Fallback: no
  Intentos: 1
    - usable         | HTTP=200 | https://fegasacruz.org/

URL de trabajo: https://fegasacruz.org/
Seeds: 2
Máx páginas: 25
Máx archivos: 1000
Máx profundidad: 3
Sitemaps: inactivo

[FEGASACRUZ] t=   0.0s | pag=  0 | files=   0 | data=  0 | req=   0 | rej=   0 | cola=   1 | prio= 0 | https://fegasacruz.org/
[FEGASACRUZ] t=   1.4s | pag=  1 | files=   0 | data=  0 | req=   1 | rej=   0 | cola=   0 | prio= 0 | https://fegasacruz.org/images/2024/Boletin_7.pdf
[FEGASACRUZ] HTTP TOTAL | requests=3 | GET=3 | HEAD=0
[FEGASACRUZ] DEDUPE RESULTADO | grupos=0 | recursos=0 | confirmados=0 | diferentes=0 | inconclusos=0 | eliminados=0 | requests_extra=0
[FEGASACRUZ] BUDGET | req=2 | utiles=0 | rechazados=0 | sin_valor=2

================================================================================
RESULTADO
================================================================================
Fuente:              fegasacruz
Páginas visitadas:   1
Archivos encontrados:    0
Datasets web:         0
Errores:              1
Sondeos API fallidos: 0
Motivo de parada:     frontier_exhausted
Duración:             9.12 s
Sitemaps procesados:  0
URLs por sitemap:     0
URLs sitemap en cola: 0

Detalle de errores:
  - https://fegasacruz.org/images/2024/Boletin_7.pdf -> TooManyRedirects: Exceeded 30 redirects.

JSON: C:\Ultimo Semestre 7\trabajo\DATAX\team crawler\crawler_asfi\Crawler_BCB\crawler_v2\output\fegasacruz.json

Trazabilidad:
  Ejecución: 319
  Estado:    PROCESSED
  Base:      C:\Ultimo Semestre 7\trabajo\DATAX\team crawler\crawler_asfi\Crawler_BCB\crawler_v2\trace\crawler_trace.sqlite
