================================================================================
CRAWLER V2
================================================================================
Fuente: Servicio Nacional de Meteorología e Hidrología
URL configurada: https://wis.senamhi.gob.bo/oapi/
Timeout HTTP: 15 s
Pausa HTTP:   aleatoria 0.30s - 0.90s
Verificación TLS: activa


Resolución de fuente:
  Original: https://wis.senamhi.gob.bo/oapi/
  Utilizada: https://wis.senamhi.gob.bo/oapi/
  Fallback: no
  Intentos: 1
    - usable         | HTTP=200 | https://wis.senamhi.gob.bo/oapi/

URL de trabajo: https://wis.senamhi.gob.bo/oapi/
Seeds: 9
Máx páginas: 25
Máx archivos: 1000
Máx profundidad: 3
Sitemaps: activo
Máx URLs sitemap: 10000

[SENAMHI] SITEMAP | docs=0 | urls=0 | en_cola=0 | errores=0
[SENAMHI] t=   4.1s | pag=  0 | files=   0 | data=  0 | req=   0 | rej=   0 | cola=   9 | prio= 0 | https://wis.senamhi.gob.bo/oapi/
[SENAMHI] t=   4.5s | pag=  0 | files=   0 | data=  0 | req=   1 | rej=   0 | cola=   8 | prio= 0 | https://wis.senamhi.gob.bo/oapi/collections?f=html
[SENAMHI] DATASETS=1 | score=75 | ogc_collection_catalog | https://wis.senamhi.gob.bo/oapi/collections?f=html
[SENAMHI] API OMITIDA | redundant_jsonld_representation | https://wis.senamhi.gob.bo/oapi/collections?f=jsonld
[SENAMHI] API OMITIDA | redundant_jsonld_representation | https://wis.senamhi.gob.bo/oapi/collections?f=jsonld
[SENAMHI] t=   5.0s | pag=  1 | files=   0 | data=  1 | req=   2 | rej=   0 | cola=  13 | prio= 0 | https://wis.senamhi.gob.bo/oapi/collections/stations?f=html
[SENAMHI] API REFERENCIA | html_link_reference | https://wis.senamhi.gob.bo/oapi?f=json
[SENAMHI] API REFERENCIA | html_link_reference | https://wis.senamhi.gob.bo/oapi/collections/stations?f=json
[SENAMHI] API OMITIDA | redundant_jsonld_representation | https://wis.senamhi.gob.bo/oapi/collections/stations?f=jsonld
[SENAMHI] API OMITIDA | api_auxiliary_endpoint | https://wis.senamhi.gob.bo/oapi/collections/stations/schema?f=json
[SENAMHI] API OMITIDA | api_auxiliary_endpoint | https://wis.senamhi.gob.bo/oapi/collections/stations/schema?f=html
[SENAMHI] API OMITIDA | api_auxiliary_endpoint | https://wis.senamhi.gob.bo/oapi/collections/stations/queryables?f=json
[SENAMHI] API OMITIDA | api_auxiliary_endpoint | https://wis.senamhi.gob.bo/oapi/collections/stations/queryables?f=html
[SENAMHI] API OMITIDA | redundant_jsonld_representation | https://wis.senamhi.gob.bo/oapi/collections/stations/items?f=jsonld
[SENAMHI] API OMITIDA | redundant_jsonld_representation | https://wis.senamhi.gob.bo/oapi/collections/stations?f=jsonld
[SENAMHI] API OMITIDA | api_auxiliary_endpoint | https://wis.senamhi.gob.bo/oapi/collections/stations/queryables
[SENAMHI] t=   5.8s | pag=  2 | files=   0 | data=  1 | req=   3 | rej=   1 | cola=  15 | prio= 0 | https://wis.senamhi.gob.bo/oapi/collections/urn%3Awmo%3Amd%3Abo-senamhi%3A51lca7?f=html
[SENAMHI] DATASETS=2 | score=45 | ogc_api_collection | https://wis.senamhi.gob.bo/oapi/collections/urn%3Awmo%3Amd%3Abo-senamhi%3A51lca7?f=html
[SENAMHI] API REFERENCIA | html_link_reference | https://wis.senamhi.gob.bo/oapi/collections/urn:wmo:md:bo-senamhi:51lca7?f=json
[SENAMHI] API REFERENCIA | html_link_reference | https://wis.senamhi.gob.bo/oapi/collections/urn:wmo:md:bo-senamhi:51lca7?f=html
[SENAMHI] t=   6.4s | pag=  3 | files=   0 | data=  2 | req=   4 | rej=   1 | cola=  16 | prio= 0 | https://wis.senamhi.gob.bo/oapi/collections/messages?f=html
[SENAMHI] DATASETS=3 | score=45 | ogc_api_collection | https://wis.senamhi.gob.bo/oapi/collections/messages?f=html
[SENAMHI] API REFERENCIA | html_link_reference | https://wis.senamhi.gob.bo/oapi/collections/messages?f=json
[SENAMHI] t=   6.8s | pag=  4 | files=   0 | data=  3 | req=   5 | rej=   1 | cola=  16 | prio= 0 | https://wis.senamhi.gob.bo/oapi/collections/discovery-metadata?f=html
[SENAMHI] DATASETS=4 | score=45 | ogc_api_collection | https://wis.senamhi.gob.bo/oapi/collections/discovery-metadata?f=html
[SENAMHI] API REFERENCIA | html_link_reference | https://wis.senamhi.gob.bo/oapi/collections/discovery-metadata?f=json
[SENAMHI] API OMITIDA | api_auxiliary_endpoint | https://wis.senamhi.gob.bo/oapi/collections/discovery-metadata/schema?f=json
[SENAMHI] t=   7.8s | pag=  5 | files=   0 | data=  4 | req=   6 | rej=   1 | cola=  16 | prio= 0 | https://onsc.senamhi.gob.bo/public/public-stations-info-export
[SENAMHI] t=  23.8s | pag=  5 | files=   0 | data=  4 | req=   7 | rej=   1 | cola=  15 | prio= 0 | https://onsc.senamhi.gob.bo/public/public-stations
[SENAMHI] t=  39.7s | pag=  5 | files=   0 | data=  4 | req=   8 | rej=   1 | cola=  14 | prio= 0 | https://onsc.senamhi.gob.bo/public/public-geoanalisys
[SENAMHI] t=  55.0s | pag=  5 | files=   0 | data=  4 | req=   9 | rej=   1 | cola=  13 | prio= 0 | https://wis.senamhi.gob.bo/oapi/collections?f=json
[SENAMHI] DATASET ACTUALIZADO | https://wis.senamhi.gob.bo/oapi/collections?f=html -> https://wis.senamhi.gob.bo/oapi/collections?f=json
[SENAMHI] t=  55.6s | pag=  5 | files=   0 | data=  4 | req=  10 | rej=   1 | cola=  12 | prio= 1 | https://wis.senamhi.gob.bo/oapi/collections
[SENAMHI] t=  56.0s | pag=  5 | files=   0 | data=  4 | req=  11 | rej=   1 | cola=  11 | prio= 1 | https://wis.senamhi.gob.bo/oapi/collections/stations
[SENAMHI] DATASETS=5 | score=115 | json_api | https://wis.senamhi.gob.bo/oapi/collections/stations
[SENAMHI] t=  56.9s | pag=  5 | files=   0 | data=  5 | req=  12 | rej=   1 | cola=  10 | prio= 1 | https://wis.senamhi.gob.bo/oapi/collections/urn:wmo:md:bo-senamhi:51lca7
[SENAMHI] DATASET ACTUALIZADO | https://wis.senamhi.gob.bo/oapi/collections/urn%3Awmo%3Amd%3Abo-senamhi%3A51lca7?f=html -> https://wis.senamhi.gob.bo/oapi/collections/urn:wmo:md:bo-senamhi:51lca7
[SENAMHI] t=  57.7s | pag=  5 | files=   0 | data=  5 | req=  13 | rej=   1 | cola=   9 | prio= 1 | https://wis.senamhi.gob.bo/oapi/collections/messages
[SENAMHI] DATASET ACTUALIZADO | https://wis.senamhi.gob.bo/oapi/collections/messages?f=html -> https://wis.senamhi.gob.bo/oapi/collections/messages
[SENAMHI] t=  58.5s | pag=  5 | files=   0 | data=  5 | req=  14 | rej=   1 | cola=   8 | prio= 1 | https://wis.senamhi.gob.bo/oapi/collections/discovery-metadata
[SENAMHI] DATASET ACTUALIZADO | https://wis.senamhi.gob.bo/oapi/collections/discovery-metadata?f=html -> https://wis.senamhi.gob.bo/oapi/collections/discovery-metadata
[SENAMHI] t=  59.4s | pag=  5 | files=   0 | data=  5 | req=  15 | rej=   1 | cola=   7 | prio= 1 | https://wis.senamhi.gob.bo/oapi?f=json
[SENAMHI] t=  60.0s | pag=  5 | files=   0 | data=  5 | req=  16 | rej=   1 | cola=   6 | prio= 1 | https://wis.senamhi.gob.bo/oapi/collections/stations?f=json
[SENAMHI] t=  60.5s | pag=  5 | files=   0 | data=  5 | req=  17 | rej=   1 | cola=   5 | prio= 1 | https://wis.senamhi.gob.bo/oapi/collections/urn:wmo:md:bo-senamhi:51lca7?f=json
[SENAMHI] t=  61.2s | pag=  5 | files=   0 | data=  5 | req=  18 | rej=   1 | cola=   4 | prio= 1 | https://wis.senamhi.gob.bo/oapi/collections/urn:wmo:md:bo-senamhi:51lca7?f=html
[SENAMHI] t=  62.0s | pag=  6 | files=   0 | data=  5 | req=  19 | rej=   1 | cola=   3 | prio= 1 | https://wis.senamhi.gob.bo/oapi/collections/messages?f=json
[SENAMHI] t=  62.8s | pag=  6 | files=   0 | data=  5 | req=  20 | rej=   1 | cola=   2 | prio= 1 | https://wis.senamhi.gob.bo/oapi/collections/discovery-metadata?f=json
[SENAMHI] t=  63.1s | pag=  6 | files=   0 | data=  5 | req=  21 | rej=   1 | cola=   1 | prio=10 | https://wis.senamhi.gob.bo/oapi
[SENAMHI] API REFERENCIA | html_link_reference | https://wis.senamhi.gob.bo/oapi/openapi
[SENAMHI] API REFERENCIA | html_link_reference | https://wis.senamhi.gob.bo/oapi/openapi?f=html
[SENAMHI] API REFERENCIA | html_link_reference | https://wis.senamhi.gob.bo/oapi/TileMatrixSets?f=json
[SENAMHI] API REFERENCIA | html_link_reference | https://wis.senamhi.gob.bo/oapi/TileMatrixSets?f=html
[SENAMHI] t=  63.9s | pag=  7 | files=   0 | data=  5 | req=  22 | rej=   1 | cola=   6 | prio= 1 | https://wis.senamhi.gob.bo/oapi/openapi
[SENAMHI] OPENAPI | version=3.0.2 | GET=49 | ejecutables=1 | omitidos=48
[SENAMHI] OPENAPI | nuevos_en_cola=0
[SENAMHI] t=  64.6s | pag=  7 | files=   0 | data=  5 | req=  23 | rej=   1 | cola=   5 | prio= 1 | https://wis.senamhi.gob.bo/oapi/openapi?f=html
[SENAMHI] t=  65.4s | pag=  8 | files=   0 | data=  5 | req=  24 | rej=   1 | cola=   4 | prio= 1 | https://wis.senamhi.gob.bo/oapi/TileMatrixSets?f=json
[SENAMHI] t=  66.0s | pag=  8 | files=   0 | data=  5 | req=  25 | rej=   1 | cola=   3 | prio= 1 | https://wis.senamhi.gob.bo/oapi/TileMatrixSets?f=html
[SENAMHI] API REFERENCIA | html_link_reference | https://wis.senamhi.gob.bo/oapi/tileMatrixSets?f=html
[SENAMHI] API REFERENCIA | html_link_reference | https://wis.senamhi.gob.bo/oapi/tileMatrixSets?f=json
[SENAMHI] t=  66.7s | pag=  9 | files=   0 | data=  5 | req=  26 | rej=   1 | cola=   7 | prio= 1 | https://wis.senamhi.gob.bo/oapi/tileMatrixSets?f=html
[SENAMHI] API SONDEO FALLIDO | https://wis.senamhi.gob.bo/oapi/tileMatrixSets?f=html
[SENAMHI] t=  67.2s | pag=  9 | files=   0 | data=  5 | req=  27 | rej=   1 | cola=   6 | prio= 1 | https://wis.senamhi.gob.bo/oapi/tileMatrixSets?f=json
[SENAMHI] API SONDEO FALLIDO | https://wis.senamhi.gob.bo/oapi/tileMatrixSets?f=json
[SENAMHI] t=  68.3s | pag=  9 | files=   0 | data=  5 | req=  28 | rej=   1 | cola=   5 | prio=10 | https://wis.senamhi.gob.bo/oapi?f=html
[SENAMHI] t=  69.6s | pag= 10 | files=   0 | data=  5 | req=  29 | rej=   1 | cola=   4 | prio=10 | https://wis.senamhi.gob.bo/oapi/openapi?f=html&ui=redoc
[SENAMHI] t=  70.5s | pag= 11 | files=   0 | data=  5 | req=  30 | rej=   1 | cola=   3 | prio=10 | https://wis.senamhi.gob.bo/oapi/openapi?f=json
[SENAMHI] OPENAPI | version=3.0.2 | GET=49 | ejecutables=1 | omitidos=48
[SENAMHI] OPENAPI | nuevos_en_cola=0
[SENAMHI] t=  71.4s | pag= 11 | files=   0 | data=  5 | req=  31 | rej=   1 | cola=   2 | prio=10 | https://wis.senamhi.gob.bo/oapi/TileMatrixSets
[SENAMHI] t=  71.8s | pag= 11 | files=   0 | data=  5 | req=  32 | rej=   1 | cola=   1 | prio=10 | https://wis.senamhi.gob.bo/oapi/TileMatrixSets/WorldCRS84Quad?f=html
[SENAMHI] t=  72.7s | pag= 12 | files=   0 | data=  5 | req=  33 | rej=   1 | cola=   0 | prio=10 | https://wis.senamhi.gob.bo/oapi/TileMatrixSets/WebMercatorQuad?f=html
[SENAMHI] HTTP TOTAL | requests=40 | GET=40 | HEAD=0
[SENAMHI] DEDUPE RESULTADO | grupos=0 | recursos=0 | confirmados=0 | diferentes=0 | inconclusos=0 | eliminados=0 | requests_extra=0
[SENAMHI] BUDGET | req=34 | utiles=5 | rechazados=1 | sin_valor=22
[SENAMHI] API SONDEOS FALLIDOS | total=2

================================================================================
RESULTADO
================================================================================
Fuente:              senamhi
Páginas visitadas:   13
Archivos encontrados:    0
Datasets web:         5
Errores:              3
Sondeos API fallidos: 2
Motivo de parada:     frontier_exhausted
Duración:             73.18 s
Sitemaps procesados:  0
URLs por sitemap:     0
URLs sitemap en cola: 0

Detalle de errores:
  - TIMEOUT -> https://onsc.senamhi.gob.bo/public/public-stations-info-export
  - TIMEOUT -> https://onsc.senamhi.gob.bo/public/public-stations
  - TIMEOUT -> https://onsc.senamhi.gob.bo/public/public-geoanalisys

Sondeos API fallidos (diagnóstico, no error de fuente):
  - https://wis.senamhi.gob.bo/oapi/tileMatrixSets?f=html -> HTTPError: 404 Client Error: NOT FOUND for url: https://wis.senamhi.gob.bo/oapi/tileMatrixSets?f=html
  - https://wis.senamhi.gob.bo/oapi/tileMatrixSets?f=json -> HTTPError: 404 Client Error: NOT FOUND for url: https://wis.senamhi.gob.bo/oapi/tileMatrixSets?f=json

JSON: C:\Ultimo Semestre 7\trabajo\DATAX\team crawler\crawler_asfi\Crawler_BCB\crawler_v2\output\senamhi.json

Trazabilidad:
  Ejecución: 337
  Estado:    PROCESSED
  Base:      C:\Ultimo Semestre 7\trabajo\DATAX\team crawler\crawler_asfi\Crawler_BCB\crawler_v2\trace\crawler_trace.sqlite
