================================================================================
CRAWLER V2
================================================================================
Fuente: Banco Mundial
URL configurada: https://www.worldbank.org
Timeout HTTP: 10 s
Pausa HTTP:   aleatoria 0.15s - 0.35s


Resolución de fuente:
  Original: https://www.worldbank.org
  Utilizada: https://www.worldbank.org/ext/en/home
  Fallback: sí
  Intentos: 1
    - usable         | HTTP=200 | https://www.worldbank.org/

URL de trabajo: https://www.worldbank.org/ext/en/home
Seeds: 1
Máx páginas: 200
Máx archivos: 20000
Máx profundidad: 6

[FULL_17_BM] t=   0.0s | pag=  0 | files=   0 | data=  0 | cola=   0 | prio= 0 | https://www.worldbank.org/ext/en/home
[FULL_17_BM] t=   1.1s | pag=  1 | files=   0 | data=  0 | cola=  34 | prio=10 | https://www.worldbank.org/en/publication/wdr2026
[FULL_17_BM] t=   1.6s | pag=  2 | files=   0 | data=  0 | cola=  73 | prio=10 | https://data.worldbank.org/
[FULL_17_BM] t=   3.0s | pag=  3 | files=   0 | data=  0 | cola= 126 | prio=10 | https://data360.worldbank.org/en/people
[FULL_17_BM] DATASETS=1 | exportable_data_page | https://data360.worldbank.org/en/people
[FULL_17_BM] t=   4.1s | pag=  4 | files=   0 | data=  1 | cola= 144 | prio=10 | https://data360.worldbank.org/en/prosperity
[FULL_17_BM] DATASETS=2 | exportable_data_page | https://data360.worldbank.org/en/prosperity
[FULL_17_BM] t=   4.4s | pag=  5 | files=   0 | data=  2 | cola= 143 | prio=10 | https://data360.worldbank.org/en/planet
[FULL_17_BM] DATASETS=3 | exportable_data_page | https://data360.worldbank.org/en/planet
[FULL_17_BM] t=   4.6s | pag=  6 | files=   0 | data=  3 | cola= 142 | prio=10 | https://data360.worldbank.org/en/infrastructure
[FULL_17_BM] DATASETS=4 | exportable_data_page | https://data360.worldbank.org/en/infrastructure
[FULL_17_BM] t=   4.9s | pag=  7 | files=   0 | data=  4 | cola= 141 | prio=10 | https://data360.worldbank.org/en/digital
[FULL_17_BM] DATASETS=5 | exportable_data_page | https://data360.worldbank.org/en/digital
[FULL_17_BM] t=   5.4s | pag=  8 | files=   0 | data=  5 | cola= 140 | prio=10 | https://data360.worldbank.org/en/atlas/electricity-access/
[FULL_17_BM] DATASETS=6 | exportable_data_page | https://data360.worldbank.org/en/atlas/electricity-access/
[FULL_17_BM] t=   6.4s | pag=  9 | files=   1 | data=  6 | cola= 147 | prio=10 | https://www.worldbank.org/en/publication/global-economic-prospects
[FULL_17_BM] t=  33.8s | pag= 10 | files=  93 | data=  6 | cola= 208 | prio=10 | https://openknowledge.worldbank.org/bitstreams/8e6bcf71-89a1-443b-bbe9-6c39a496d7ab/download
[FULL_17_BM] t=  35.1s | pag= 11 | files=  93 | data=  6 | cola= 207 | prio=10 | https://openknowledge.worldbank.org/bitstreams/377ac27c-0f02-4a6a-976c-9993cd3d6bab/download
[FULL_17_BM] t=  35.7s | pag= 12 | files=  93 | data=  6 | cola= 206 | prio=10 | https://openknowledge.worldbank.org/bitstreams/4df724a5-2e0d-4e66-bcb8-1d3bf4e22390/download
[FULL_17_BM] t=  36.7s | pag= 13 | files=  93 | data=  6 | cola= 205 | prio=10 | https://openknowledge.worldbank.org/bitstreams/00cfb233-585b-41fd-b2cb-d7f6dd5ef6d9/download
[FULL_17_BM] t=  37.3s | pag= 14 | files=  93 | data=  6 | cola= 204 | prio=10 | https://www.worldbank.org/en/publication/wdr2026/brief/world-development-report-2026-team-members
[FULL_17_BM] t=  37.6s | pag= 15 | files=  93 | data=  6 | cola= 205 | prio=10 | https://www.worldbank.org/en/publication/wdr2026/brief/world-development-report-2026-videos
[FULL_17_BM] t=  37.9s | pag= 16 | files=  93 | data=  6 | cola= 204 | prio=10 | https://www.worldbank.org/en/publication/wdr2026/brief/world-development-report-2026-background-papers
[FULL_17_BM] t=  38.5s | pag= 17 | files= 109 | data=  6 | cola= 206 | prio=10 | https://openknowledge.worldbank.org/bitstreams/55a2b25d-4b9c-4a1e-922d-5e8e6ccdcee6/download
[FULL_17_BM] t=  39.1s | pag= 18 | files= 109 | data=  6 | cola= 205 | prio=10 | https://openknowledge.worldbank.org/bitstreams/cbbe027c-80f1-423d-b1fe-5f4e1a91824c/download
[FULL_17_BM] t=  39.6s | pag= 19 | files= 109 | data=  6 | cola= 204 | prio=10 | https://openknowledge.worldbank.org/bitstreams/36557a92-48fe-4011-bc92-bdc111830396/download
[FULL_17_BM] t=  40.1s | pag= 20 | files= 109 | data=  6 | cola= 203 | prio=10 | https://openknowledge.worldbank.org/bitstreams/554a46f8-c296-42a4-9b2d-171b7f0417bb/download
[FULL_17_BM] t=  40.5s | pag= 21 | files= 109 | data=  6 | cola= 202 | prio=10 | https://openknowledge.worldbank.org/bitstreams/4e09bc66-48c3-460b-84d5-691c5d1e54db/download
[FULL_17_BM] t=  41.0s | pag= 22 | files= 109 | data=  6 | cola= 201 | prio=10 | https://openknowledge.worldbank.org/bitstreams/cbdbcfd9-ef7e-4aae-a63c-defaa8cc5894/download
[FULL_17_BM] t=  41.5s | pag= 23 | files= 109 | data=  6 | cola= 200 | prio=10 | https://openknowledge.worldbank.org/bitstreams/69dad57b-d07c-4eb8-8355-42aca4ec5bf0/download
[FULL_17_BM] t=  41.8s | pag= 24 | files= 109 | data=  6 | cola= 199 | prio=10 | https://openknowledge.worldbank.org/bitstreams/28211df7-6b17-4cab-aaf9-bbb833d5ebef/download
[FULL_17_BM] t=  42.3s | pag= 25 | files= 109 | data=  6 | cola= 198 | prio=10 | https://openknowledge.worldbank.org/bitstreams/f816fb0a-ee66-48ab-990d-b09fc96ca935/download
[FULL_17_BM] t=  42.8s | pag= 26 | files= 109 | data=  6 | cola= 197 | prio=10 | https://openknowledge.worldbank.org/bitstreams/faffd57f-c553-4d37-a84d-0f4223df1693/download
[FULL_17_BM] t=  43.3s | pag= 27 | files= 109 | data=  6 | cola= 196 | prio=10 | https://openknowledge.worldbank.org/bitstreams/8d03e29b-98d2-4380-afb7-c87507232fc7/download
[FULL_17_BM] t=  43.8s | pag= 28 | files= 109 | data=  6 | cola= 195 | prio=10 | https://openknowledge.worldbank.org/bitstreams/96cd32f7-d410-436f-9986-b0f2eebfae1c/download
[FULL_17_BM] t=  44.2s | pag= 29 | files= 109 | data=  6 | cola= 194 | prio=10 | https://openknowledge.worldbank.org/bitstreams/3b03adf1-b346-427b-b54c-37cf7d09c1f5/download
[FULL_17_BM] t=  44.8s | pag= 30 | files= 109 | data=  6 | cola= 193 | prio=10 | https://openknowledge.worldbank.org/bitstreams/778251ef-bc71-4ba6-9bed-df97074613b8/download
[FULL_17_BM] t=  48.4s | pag= 31 | files= 109 | data=  6 | cola= 192 | prio=10 | https://openknowledge.worldbank.org/bitstreams/68ef70eb-6c91-45a8-81c9-d012bcd5ea2b/download
[FULL_17_BM] t=  48.9s | pag= 32 | files= 109 | data=  6 | cola= 191 | prio=10 | https://openknowledge.worldbank.org/bitstreams/11ac03f3-55af-4fde-adff-af619335b381/download
[FULL_17_BM] t=  49.8s | pag= 33 | files= 109 | data=  6 | cola= 190 | prio=10 | https://openknowledge.worldbank.org/bitstreams/0c6aa1dc-1d00-4cbc-8b82-eae68cbe90fb/download
[FULL_17_BM] t=  53.8s | pag= 34 | files= 109 | data=  6 | cola= 189 | prio=10 | https://www.worldbank.org/en/publication/wdr/wdr-archive
[FULL_17_BM] t=  54.2s | pag= 35 | files= 109 | data=  6 | cola= 237 | prio=10 | https://data360.worldbank.org/en/economies
[FULL_17_BM] t=  54.5s | pag= 36 | files= 109 | data=  6 | cola= 236 | prio=10 | https://data360.worldbank.org/en/search
[FULL_17_BM] t=  54.9s | pag= 37 | files= 109 | data=  6 | cola= 235 | prio=10 | https://data360.worldbank.org/en/about
[FULL_17_BM] t=  55.3s | pag= 38 | files= 110 | data=  6 | cola= 239 | prio=10 | https://data.worldbank.org/country
[FULL_17_BM] t=  55.6s | pag= 39 | files= 110 | data=  6 | cola= 502 | prio=10 | https://data.worldbank.org/indicator
[FULL_17_BM] DATASETS=7 | exportable_data_page | https://data.worldbank.org/indicator
[FULL_17_BM] t=  56.0s | pag= 40 | files= 110 | data=  7 | cola= 830 | prio=10 | https://data360.worldbank.org/en/theme/people
[FULL_17_BM] t=  56.3s | pag= 40 | files= 110 | data=  7 | cola= 829 | prio=10 | https://data.worldbank.org/indicator/SE.PRM.CMPT.FE.ZS?end=2023&locations=1W&start=1972&view=chart
[FULL_17_BM] DATASETS=8 | exportable_data_page | https://data.worldbank.org/indicator/SE.PRM.CMPT.FE.ZS?end=2023&locations=1W&start=1972&view=chart
[FULL_17_BM] t=  56.7s | pag= 41 | files= 110 | data=  8 | cola= 842 | prio=10 | https://data360.worldbank.org/en/theme/prosperity
[FULL_17_BM] t=  57.7s | pag= 41 | files= 110 | data=  8 | cola= 841 | prio=10 | https://data.worldbank.org/indicator/SI.POV.DDAY?end=2023&locations=1W&start=1981&view=chart
[FULL_17_BM] DATASETS=9 | exportable_data_page | https://data.worldbank.org/indicator/SI.POV.DDAY?end=2023&locations=1W&start=1981&view=chart
[FULL_17_BM] t=  58.1s | pag= 42 | files= 110 | data=  9 | cola= 854 | prio=10 | https://data360.worldbank.org/en/theme/planet
[FULL_17_BM] t=  59.2s | pag= 42 | files= 110 | data=  9 | cola= 853 | prio=10 | https://data.worldbank.org/indicator/EN.GHG.CO2.MT.CE.AR5?end=2023&locations=1W&start=1960&view=chart
[FULL_17_BM] DATASETS=10 | exportable_data_page | https://data.worldbank.org/indicator/EN.GHG.CO2.MT.CE.AR5?end=2023&locations=1W&start=1960&view=chart
[FULL_17_BM] t=  59.7s | pag= 43 | files= 110 | data= 10 | cola= 865 | prio=10 | https://data360.worldbank.org/en/theme/infrastructure
[FULL_17_BM] t=  60.6s | pag= 43 | files= 110 | data= 10 | cola= 864 | prio=10 | https://data.worldbank.org/indicator/EG.ELC.ACCS.ZS?end=2023&locations=1W&start=1990&view=chart
[FULL_17_BM] t=  61.0s | pag= 44 | files= 110 | data= 11 | cola= 876 | prio=10 | https://data360.worldbank.org/en/theme/digital
[FULL_17_BM] t=  61.8s | pag= 44 | files= 110 | data= 11 | cola= 875 | prio=10 | https://data.worldbank.org/indicator/IT.NET.USER.ZS?end=2023&locations=1W&start=1990&view=chart
[FULL_17_BM] t=  62.2s | pag= 45 | files= 110 | data= 12 | cola= 888 | prio=10 | https://data360.worldbank.org/en/atlas
[FULL_17_BM] t=  62.9s | pag= 46 | files= 110 | data= 12 | cola= 903 | prio=10 | https://data.worldbank.org/products/wdi
[FULL_17_BM] t=  77.0s | pag= 47 | files= 112 | data= 13 | cola=1044 | prio=10 | https://databank.worldbank.org/
[FULL_17_BM] t=  77.6s | pag= 48 | files= 112 | data= 14 | cola=1089 | prio=10 | https://www.worldbank.org/en/programs/debt-statistics
[FULL_17_BM] t=  78.0s | pag= 49 | files= 113 | data= 14 | cola=1118 | prio=10 | https://www.worldbank.org/en/programs/statistical-performance-indicators
[FULL_17_BM] t=  78.3s | pag= 50 | files= 113 | data= 14 | cola=1127 | prio=10 | https://datacatalog.worldbank.org/search/dataset/0037798
[FULL_17_BM] t=  85.4s | pag= 51 | files= 114 | data= 15 | cola=1158 | prio=10 | https://microdata.worldbank.org/
[FULL_17_BM] t=  86.6s | pag= 52 | files= 114 | data= 15 | cola=1157 | prio=10 | https://datacatalog.worldbank.org/search/dataset/0048099
[FULL_17_BM] t=  87.5s | pag= 53 | files= 114 | data= 15 | cola=1161 | prio=10 | https://datacatalog.worldbank.org/search/dataset/0060165
[FULL_17_BM] t=  88.4s | pag= 54 | files= 114 | data= 15 | cola=1220 | prio=10 | https://datacatalog.worldbank.org/search/dataset/0065150
[FULL_17_BM] t=  89.2s | pag= 55 | files= 114 | data= 15 | cola=1222 | prio=10 | https://datacatalog.worldbank.org/
[FULL_17_BM] t=  89.6s | pag= 56 | files= 114 | data= 15 | cola=1222 | prio=10 | https://blogs.worldbank.org/en/opendata/can-income-keep-up-with-the-rising-cost-of-a-healthy-diet--new-c
[FULL_17_BM] t=  90.6s | pag= 57 | files= 114 | data= 15 | cola=1243 | prio=10 | https://blogs.worldbank.org/en/opendata/beyond-the-dashboard--the-high-cost-of-fragmented-poverty-data
[FULL_17_BM] t=  90.9s | pag= 58 | files= 114 | data= 15 | cola=1247 | prio=10 | https://blogs.worldbank.org/en/opendata/measuring-multidimensional-poverty-in-countries-with-incomplete-
[FULL_17_BM] t=  91.3s | pag= 59 | files= 114 | data= 15 | cola=1248 | prio=10 | https://blogs.worldbank.org/en/opendata/from-loss-to-resilience-in-nigeria--turning-a-growing-agricultur
[FULL_17_BM] t=  91.5s | pag= 60 | files= 114 | data= 15 | cola=1251 | prio=10 | http://blogs.worldbank.org/opendata
[FULL_17_BM] t=  92.0s | pag= 61 | files= 114 | data= 15 | cola=1350 | prio=10 | https://data.worldbank.org/about/get-started
[FULL_17_BM] t=  92.3s | pag= 62 | files= 114 | data= 15 | cola=1353 | prio=10 | https://data.worldbank.org/about/contact
[FULL_17_BM] t=  92.6s | pag= 63 | files= 114 | data= 15 | cola=1352 | prio=10 | https://data.worldbank.org/summary-terms-of-use
[FULL_17_BM] t=  93.0s | pag= 64 | files= 114 | data= 15 | cola=1354 | prio=10 | https://data.worldbank.org/about/faq
[FULL_17_BM] t=  93.4s | pag= 65 | files= 114 | data= 15 | cola=1358 | prio=10 | http://datahelpdesk.worldbank.org/
[FULL_17_BM] t=  95.9s | pag= 66 | files= 114 | data= 16 | cola=1714 | prio=10 | https://datahelpdesk.worldbank.org/knowledgebase/articles/889386
[FULL_17_BM] t=  96.6s | pag= 67 | files= 114 | data= 16 | cola=1721 | prio=10 | https://data.worldbank.org/products/data-books
[FULL_17_BM] t=  96.8s | pag= 68 | files= 115 | data= 17 | cola=1733 | prio=10 | https://data.worldbank.org/products/tools
[FULL_17_BM] t=  97.0s | pag= 69 | files= 115 | data= 18 | cola=1752 | prio=10 | https://data.worldbank.org/products/third-party-apps
[FULL_17_BM] t=  97.3s | pag= 70 | files= 115 | data= 18 | cola=1753 | prio=10 | https://data.worldbank.org/about/data-programs
[FULL_17_BM] t=  97.7s | pag= 71 | files= 115 | data= 18 | cola=1753 | prio=10 | https://www.worldbank.org/en/programs/global-data-facility
[FULL_17_BM] t=  98.0s | pag= 72 | files= 117 | data= 19 | cola=1766 | prio=10 | https://data.worldbank.org/en/programs/debt-statistics
[FULL_17_BM] t= 108.2s | pag= 72 | files= 117 | data= 19 | cola=1765 | prio=10 | http://www.worldbank.org/fraudandcorruption?clear=
[FULL_17_BM] t= 112.5s | pag= 72 | files= 117 | data= 19 | cola=1764 | prio=10 | https://data360.worldbank.org/en/home
[FULL_17_BM] t= 113.9s | pag= 72 | files= 117 | data= 19 | cola=1763 | prio=10 | https://data360.worldbank.org/en/atlas/
[FULL_17_BM] t= 114.5s | pag= 73 | files= 117 | data= 19 | cola=1762 | prio=10 | https://data360.worldbank.org/en/analytics/country-analytics
[FULL_17_BM] t= 114.8s | pag= 74 | files= 117 | data= 19 | cola=1761 | prio=10 | https://data360.worldbank.org/en/analytics/global-reports
[FULL_17_BM] t= 115.2s | pag= 75 | files= 117 | data= 19 | cola=1760 | prio=10 | https://data360.worldbank.org/en/analytics/economy-factsheets
[FULL_17_BM] t= 115.5s | pag= 76 | files= 117 | data= 19 | cola=1759 | prio=10 | https://data360.worldbank.org/en/custom-page
[FULL_17_BM] t= 116.4s | pag= 77 | files= 117 | data= 19 | cola=1758 | prio=10 | https://data360.worldbank.org/en/api
[FULL_17_BM] t= 116.6s | pag= 78 | files= 117 | data= 19 | cola=1757 | prio=10 | https://openknowledge.worldbank.org/entities/publication/1734768a-ba22-49da-aee0-6bc2501fc697
[FULL_17_BM] t= 118.0s | pag= 79 | files= 117 | data= 19 | cola=1756 | prio=10 | https://datatopics.worldbank.org/sdgatlas/goal-7-affordable-and-clean-energy/?lang=e
[FULL_17_BM] t= 119.0s | pag= 80 | files= 122 | data= 20 | cola=1773 | prio=10 | https://openknowledge.worldbank.org/entities/publication/14f03ea2-4919-444c-9ef7-7f94811ca6bf
[FULL_17_BM] t= 119.2s | pag= 81 | files= 122 | data= 20 | cola=1772 | prio=10 | https://documents.worldbank.org/en/publication/documents-reports/documentdetail/837061552325989473
[FULL_17_BM] t= 120.2s | pag= 82 | files= 122 | data= 20 | cola=1773 | prio=10 | https://data360.worldbank.org/en/atlas/measuring-progress
[FULL_17_BM] t= 120.8s | pag= 83 | files= 123 | data= 20 | cola=1772 | prio=10 | https://www.worldbank.org/pt/publication/global-economic-prospects
[FULL_17_BM] t= 124.1s | pag= 84 | files= 143 | data= 20 | cola=1796 | prio=10 | https://www.worldbank.org/ja/publication/global-economic-prospects
[FULL_17_BM] t= 124.4s | pag= 85 | files= 155 | data= 20 | cola=1819 | prio=10 | https://openknowledge.worldbank.org/bitstreams/83af07a6-d724-4797-bc2c-c85dace8f8d6/download
[FULL_17_BM] t= 125.4s | pag= 86 | files= 155 | data= 20 | cola=1818 | prio=10 | https://openknowledge.worldbank.org/bitstreams/f3a655dc-4a3e-4dc3-82e0-319ebf1ad0d3/download
[FULL_17_BM] t= 125.8s | pag= 87 | files= 155 | data= 20 | cola=1817 | prio=10 | https://www.worldbank.org/en/research/publication/fiscal-policy-in-commodity-exporters
[FULL_17_BM] t= 126.1s | pag= 88 | files= 155 | data= 20 | cola=1831 | prio=10 | https://www.worldbank.org/en/research/publication/global-jobs-challenge
[FULL_17_BM] t= 126.4s | pag= 89 | files= 155 | data= 20 | cola=1833 | prio=10 | https://www.worldbank.org/en/research/publication/accelerating-investment
[FULL_17_BM] t= 126.7s | pag= 90 | files= 155 | data= 20 | cola=1837 | prio=10 | https://openknowledge.worldbank.org/bitstreams/31103b15-178f-4c8d-82de-688655f50a84/download
[FULL_17_BM] t= 127.1s | pag= 91 | files= 155 | data= 20 | cola=1836 | prio=10 | https://openknowledge.worldbank.org/bitstreams/53bc12f6-2865-4575-86d1-41ac88216c04/download
[FULL_17_BM] t= 127.5s | pag= 92 | files= 155 | data= 20 | cola=1835 | prio=10 | https://openknowledge.worldbank.org/bitstreams/f0fe7588-bb79-4d14-8039-026ba840ed87/download
[FULL_17_BM] t= 128.0s | pag= 93 | files= 155 | data= 20 | cola=1834 | prio=10 | https://openknowledge.worldbank.org/bitstreams/c62b6f97-f142-4bbd-a281-d97110d25da1/download
[FULL_17_BM] t= 128.5s | pag= 94 | files= 155 | data= 20 | cola=1833 | prio=10 | https://openknowledge.worldbank.org/bitstreams/021dbb36-16b7-4d2e-bcd5-5c05f2643591/download
[FULL_17_BM] t= 129.0s | pag= 95 | files= 155 | data= 20 | cola=1832 | prio=10 | https://openknowledge.worldbank.org/bitstreams/5c8e0b46-e026-47ee-9ac9-882bc9bd0c1e/download
[FULL_17_BM] t= 129.7s | pag= 96 | files= 155 | data= 20 | cola=1831 | prio=10 | https://openknowledge.worldbank.org/bitstreams/43373b20-bd07-4179-bd1b-390ecf0a3340/download
[FULL_17_BM] t= 130.2s | pag= 97 | files= 155 | data= 20 | cola=1830 | prio=10 | https://openknowledge.worldbank.org/bitstreams/79111bc0-690c-4045-ade2-ba163cfb666e/download
[FULL_17_BM] t= 130.7s | pag= 98 | files= 155 | data= 20 | cola=1829 | prio=10 | https://openknowledge.worldbank.org/bitstreams/711ac66a-3333-4a2d-a4dc-38478632efde/download
[FULL_17_BM] t= 131.9s | pag= 99 | files= 155 | data= 20 | cola=1828 | prio=10 | https://openknowledge.worldbank.org/bitstreams/a1ac1756-43c4-4e3c-89e8-cdde99308b12/download
[FULL_17_BM] t= 132.3s | pag=100 | files= 155 | data= 20 | cola=1827 | prio=10 | https://openknowledge.worldbank.org/bitstreams/f5e792a7-aa32-4d42-9763-20e294787e0c/download
[FULL_17_BM] t= 132.8s | pag=101 | files= 155 | data= 20 | cola=1826 | prio=10 | https://openknowledge.worldbank.org/bitstreams/a9e24256-baf8-45bb-9075-75e437e1d6f7/download
[FULL_17_BM] t= 133.2s | pag=102 | files= 155 | data= 20 | cola=1825 | prio=10 | https://blogs.worldbank.org/search?f%5B0%5D=series%3A598&f%5B1%5D=language%3Aen&keyword=&page=0
[FULL_17_BM] t= 133.6s | pag=103 | files= 155 | data= 20 | cola=1830 | prio=10 | https://documents.worldbank.org/en/publication/documents-reports/documentdetail/099827011182513988
[FULL_17_BM] t= 133.9s | pag=104 | files= 155 | data= 20 | cola=2023 | prio=10 | https://openknowledge.worldbank.org/entities/publication/f4eea48b-41cd-4242-87ad-82dfa0dc85f2
[FULL_17_BM] t= 134.3s | pag=105 | files= 155 | data= 20 | cola=2022 | prio=10 | https://documents.worldbank.org/en/publication/documents-reports/documentdetail/099451102172652767
[FULL_17_BM] t= 134.5s | pag=106 | files= 155 | data= 20 | cola=2022 | prio=10 | https://openknowledge.worldbank.org/bitstreams/638aca2d-596b-4021-9a02-d21d20ca7f14/download
[FULL_17_BM] t= 135.0s | pag=107 | files= 155 | data= 20 | cola=2021 | prio=10 | https://www.worldbank.org/en/publication/wdr2025
[FULL_17_BM] t= 135.4s | pag=108 | files= 156 | data= 21 | cola=2047 | prio=10 | https://www.worldbank.org/en/publication/wdr2024
[FULL_17_BM] t= 135.8s | pag=109 | files= 157 | data= 21 | cola=2069 | prio=10 | https://www.worldbank.org/en/publication/wdr2023
[FULL_17_BM] t= 152.9s | pag=110 | files= 184 | data= 21 | cola=2083 | prio=10 | https://www.worldbank.org/en/publication/wdr2022
[FULL_17_BM] t= 161.3s | pag=111 | files= 235 | data= 21 | cola=2103 | prio=10 | https://www.worldbank.org/en/publication/wdr2020
[FULL_17_BM] t= 161.7s | pag=112 | files= 253 | data= 21 | cola=2114 | prio=10 | https://www.worldbank.org/en/publication/wdr2019
[FULL_17_BM] t= 162.0s | pag=113 | files= 269 | data= 22 | cola=2122 | prio=10 | https://www.worldbank.org/en/publication/wdr2018
[FULL_17_BM] t= 162.3s | pag=114 | files= 300 | data= 22 | cola=2132 | prio=10 | https://www.worldbank.org/en/publication/wdr2017
[FULL_17_BM] t= 162.6s | pag=115 | files= 333 | data= 22 | cola=2140 | prio=10 | https://www.worldbank.org/en/publication/wdr2016
[FULL_17_BM] t= 163.0s | pag=116 | files= 362 | data= 22 | cola=2170 | prio=10 | https://www.worldbank.org/en/publication/wdr2015
[FULL_17_BM] t= 163.3s | pag=117 | files= 393 | data= 22 | cola=2219 | prio=10 | https://openknowledge.worldbank.org/entities/publication/b8e6b919-0cd8-54a5-b42f-c7c19f12faf0
[FULL_17_BM] t= 164.6s | pag=118 | files= 393 | data= 22 | cola=2218 | prio=10 | https://openknowledge.worldbank.org/entities/publication/51ba7aa1-27d0-5684-8d75-fd4e736c54b8
[FULL_17_BM] t= 165.0s | pag=119 | files= 393 | data= 22 | cola=2217 | prio=10 | https://openknowledge.worldbank.org/entities/publication/b8ccedde-0673-571e-a599-31313432fffe
[FULL_17_BM] t= 165.4s | pag=120 | files= 393 | data= 22 | cola=2216 | prio=10 | https://openknowledge.worldbank.org/entities/publication/5ad3a565-0f90-5403-87ea-86948b79c623
[FULL_17_BM] t= 165.8s | pag=121 | files= 393 | data= 22 | cola=2215 | prio=10 | https://openknowledge.worldbank.org/entities/publication/cfc6265c-8fc7-51c8-b032-d718364ff139
[FULL_17_BM] t= 166.3s | pag=122 | files= 393 | data= 22 | cola=2214 | prio=10 | https://openknowledge.worldbank.org/entities/publication/27de3cf1-b01c-54fc-b330-dab2d50a15b0
[FULL_17_BM] t= 166.7s | pag=123 | files= 393 | data= 22 | cola=2213 | prio=10 | https://openknowledge.worldbank.org/entities/publication/a3469496-073f-5333-b6eb-cf0a246d3e72
[FULL_17_BM] t= 167.2s | pag=124 | files= 393 | data= 22 | cola=2212 | prio=10 | https://openknowledge.worldbank.org/entities/publication/6db831cb-da31-5fa6-a754-0dc7182ef75b
[FULL_17_BM] t= 167.6s | pag=125 | files= 393 | data= 22 | cola=2211 | prio=10 | https://openknowledge.worldbank.org/entities/publication/3114a65d-e147-5adc-9bae-d3a1f84bd0d5
[FULL_17_BM] t= 168.1s | pag=126 | files= 393 | data= 22 | cola=2210 | prio=10 | https://documents.worldbank.org/curated/en/1988/06/23179104/world-development-report-1988
[FULL_17_BM] t= 168.5s | pag=127 | files= 393 | data= 22 | cola=2209 | prio=10 | https://openknowledge.worldbank.org/entities/publication/5146b478-fa53-5f74-a67d-e66de4bd456e
[FULL_17_BM] t= 169.0s | pag=128 | files= 393 | data= 22 | cola=2208 | prio=10 | https://openknowledge.worldbank.org/entities/publication/0986a068-ea4a-52c1-8eb3-f66e6f1ee745
[FULL_17_BM] t= 169.3s | pag=129 | files= 393 | data= 22 | cola=2207 | prio=10 | https://openknowledge.worldbank.org/entities/publication/eef2ee93-df41-5ccf-a841-26dc487a4be6
[FULL_17_BM] t= 169.7s | pag=130 | files= 393 | data= 22 | cola=2206 | prio=10 | https://openknowledge.worldbank.org/entities/publication/4c898311-70c2-5ccf-9c77-c6a0038b82af
[FULL_17_BM] t= 170.3s | pag=131 | files= 393 | data= 22 | cola=2205 | prio=10 | https://openknowledge.worldbank.org/entities/publication/5af9dbcc-5983-5337-81cd-1bd2c774a174
[FULL_17_BM] t= 170.6s | pag=132 | files= 393 | data= 22 | cola=2204 | prio=10 | https://openknowledge.worldbank.org/entities/publication/fa16aa4f-7b0a-5088-b4ed-983ddc8b6647
[FULL_17_BM] t= 171.0s | pag=133 | files= 393 | data= 22 | cola=2203 | prio=10 | https://openknowledge.worldbank.org/entities/publication/64005eae-4475-52ba-98c8-8ba558061053
[FULL_17_BM] t= 171.4s | pag=134 | files= 393 | data= 22 | cola=2202 | prio=10 | https://openknowledge.worldbank.org/entities/publication/2c9fdd12-8295-5d07-82c1-21e6abafb045
[FULL_17_BM] t= 171.8s | pag=135 | files= 393 | data= 22 | cola=2201 | prio=10 | https://openknowledge.worldbank.org/entities/publication/2d952f14-cdd1-5442-87fe-fe6ec208c4ee
[FULL_17_BM] t= 172.4s | pag=136 | files= 393 | data= 22 | cola=2200 | prio=10 | https://openknowledge.worldbank.org/entities/publication/82dac80c-8e0e-5964-971a-56cf1f71e3dd
[FULL_17_BM] t= 172.7s | pag=137 | files= 393 | data= 22 | cola=2198 | prio=10 | https://datahelpdesk.worldbank.org/knowledgebase/articles/889392-about-the-indicators-api-documentation
[FULL_17_BM] t= 173.9s | pag=138 | files= 393 | data= 23 | cola=2205 | prio=10 | https://www.worldbank.org/en/about/legal/terms-of-use-for-datasets
[FULL_17_BM] t= 174.2s | pag=139 | files= 393 | data= 23 | cola=2209 | prio=10 | http://databank.worldbank.org/data/home.aspx
[FULL_17_BM] t= 175.5s | pag=140 | files= 393 | data= 24 | cola=2208 | prio=10 | http://microdata.worldbank.org/index.php/home
[FULL_17_BM] DATASETS=25 | exportable_data_page | https://microdata.worldbank.org/index.php/home
[FULL_17_BM] t= 176.8s | pag=141 | files= 393 | data= 25 | cola=2225 | prio=10 | http://datacatalog.worldbank.org/
[FULL_17_BM] t= 177.9s | pag=141 | files= 393 | data= 25 | cola=2224 | prio=10 | https://data.worldbank.org/about
[FULL_17_BM] t= 178.8s | pag=142 | files= 393 | data= 25 | cola=2233 | prio=10 | https://data.worldbank.org/products
[FULL_17_BM] t= 179.2s | pag=143 | files= 393 | data= 25 | cola=2232 | prio=10 | http://datatopics.worldbank.org/world-development-indicators
[FULL_17_BM] t= 180.4s | pag=143 | files= 393 | data= 25 | cola=2231 | prio=10 | https://www.worldbank.org/en/programs/debt-statistics/ids/products
[FULL_17_BM] t= 181.4s | pag=143 | files= 393 | data= 25 | cola=2230 | prio=10 | https://datahelpdesk.worldbank.org/knowledgebase/articles/906519
[FULL_17_BM] t= 182.4s | pag=144 | files= 393 | data= 26 | cola=2233 | prio=10 | http://datatopics.worldbank.org/sdgs
[FULL_17_BM] t= 183.5s | pag=145 | files= 393 | data= 27 | cola=2250 | prio=10 | https://data.worldbank.org/country/afghanistan
[FULL_17_BM] t= 184.0s | pag=146 | files= 393 | data= 28 | cola=2289 | prio=10 | https://data.worldbank.org/country/albania
[FULL_17_BM] t= 184.3s | pag=147 | files= 393 | data= 29 | cola=2324 | prio=10 | https://data.worldbank.org/country/algeria
[FULL_17_BM] t= 184.6s | pag=148 | files= 393 | data= 30 | cola=2360 | prio=10 | https://data.worldbank.org/country/american-samoa
[FULL_17_BM] t= 185.3s | pag=149 | files= 393 | data= 31 | cola=2391 | prio=10 | https://data.worldbank.org/country/andorra
[FULL_17_BM] t= 185.4s | pag=150 | files= 393 | data= 32 | cola=2423 | prio=10 | https://data.worldbank.org/country/angola
[FULL_17_BM] t= 185.9s | pag=151 | files= 393 | data= 33 | cola=2457 | prio=10 | https://data.worldbank.org/country/antigua-and-barbuda
[FULL_17_BM] t= 186.1s | pag=152 | files= 393 | data= 34 | cola=2491 | prio=10 | https://data.worldbank.org/country/argentina
[FULL_17_BM] t= 186.5s | pag=153 | files= 393 | data= 35 | cola=2525 | prio=10 | https://data.worldbank.org/country/armenia
[FULL_17_BM] t= 186.8s | pag=154 | files= 393 | data= 36 | cola=2559 | prio=10 | https://data.worldbank.org/country/aruba
[FULL_17_BM] t= 187.1s | pag=155 | files= 393 | data= 37 | cola=2590 | prio=10 | https://data.worldbank.org/country/australia
[FULL_17_BM] t= 187.5s | pag=156 | files= 393 | data= 38 | cola=2628 | prio=10 | https://data.worldbank.org/country/austria
[FULL_17_BM] t= 187.8s | pag=157 | files= 393 | data= 39 | cola=2666 | prio=10 | https://data.worldbank.org/country/azerbaijan
[FULL_17_BM] t= 188.1s | pag=158 | files= 393 | data= 40 | cola=2704 | prio=10 | https://data.worldbank.org/country/bahamas-the
[FULL_17_BM] t= 188.5s | pag=159 | files= 393 | data= 41 | cola=2740 | prio=10 | https://data.worldbank.org/country/bahrain
[FULL_17_BM] t= 188.8s | pag=160 | files= 393 | data= 42 | cola=2775 | prio=10 | https://data.worldbank.org/country/bangladesh
[FULL_17_BM] t= 189.0s | pag=161 | files= 393 | data= 43 | cola=2813 | prio=10 | https://data.worldbank.org/country/barbados
[FULL_17_BM] t= 189.3s | pag=162 | files= 393 | data= 44 | cola=2851 | prio=10 | https://data.worldbank.org/country/belarus
[FULL_17_BM] t= 189.5s | pag=163 | files= 393 | data= 45 | cola=2889 | prio=10 | https://data.worldbank.org/country/belgium
[FULL_17_BM] t= 189.8s | pag=164 | files= 393 | data= 46 | cola=2927 | prio=10 | https://data.worldbank.org/country/belize
[FULL_17_BM] t= 190.1s | pag=165 | files= 393 | data= 47 | cola=2965 | prio=10 | https://data.worldbank.org/country/benin
[FULL_17_BM] t= 190.5s | pag=166 | files= 393 | data= 48 | cola=3002 | prio=10 | https://data.worldbank.org/country/bermuda
[FULL_17_BM] t= 190.8s | pag=167 | files= 393 | data= 49 | cola=3034 | prio=10 | https://data.worldbank.org/country/bhutan
[FULL_17_BM] DATASETS=50 | exportable_data_page | https://data.worldbank.org/country/bhutan
[FULL_17_BM] t= 191.1s | pag=168 | files= 393 | data= 50 | cola=3072 | prio=10 | https://data.worldbank.org/country/bolivia
[FULL_17_BM] t= 191.4s | pag=169 | files= 393 | data= 51 | cola=3110 | prio=10 | https://data.worldbank.org/country/bosnia-and-herzegovina
[FULL_17_BM] t= 191.7s | pag=170 | files= 393 | data= 52 | cola=3148 | prio=10 | https://data.worldbank.org/country/botswana
[FULL_17_BM] t= 192.0s | pag=171 | files= 393 | data= 53 | cola=3185 | prio=10 | https://data.worldbank.org/country/brazil
[FULL_17_BM] t= 192.4s | pag=172 | files= 393 | data= 54 | cola=3223 | prio=10 | https://data.worldbank.org/country/british-virgin-islands
[FULL_17_BM] t= 192.7s | pag=173 | files= 393 | data= 55 | cola=3253 | prio=10 | https://data.worldbank.org/country/brunei-darussalam
[FULL_17_BM] t= 193.1s | pag=174 | files= 393 | data= 56 | cola=3284 | prio=10 | https://data.worldbank.org/country/bulgaria
[FULL_17_BM] t= 193.5s | pag=175 | files= 393 | data= 57 | cola=3323 | prio=10 | https://data.worldbank.org/country/burkina-faso
[FULL_17_BM] t= 193.7s | pag=176 | files= 393 | data= 58 | cola=3359 | prio=10 | https://data.worldbank.org/country/burundi
[FULL_17_BM] t= 194.1s | pag=177 | files= 393 | data= 59 | cola=3396 | prio=10 | https://data.worldbank.org/country/cabo-verde
[FULL_17_BM] t= 194.4s | pag=178 | files= 393 | data= 60 | cola=3434 | prio=10 | https://data.worldbank.org/country/cambodia
[FULL_17_BM] t= 194.8s | pag=179 | files= 393 | data= 61 | cola=3472 | prio=10 | https://data.worldbank.org/country/cameroon
[FULL_17_BM] t= 195.0s | pag=180 | files= 393 | data= 62 | cola=3510 | prio=10 | https://data.worldbank.org/country/canada
[FULL_17_BM] t= 195.4s | pag=181 | files= 393 | data= 63 | cola=3546 | prio=10 | https://data.worldbank.org/country/cayman-islands
[FULL_17_BM] t= 195.7s | pag=182 | files= 393 | data= 64 | cola=3577 | prio=10 | https://data.worldbank.org/country/central-african-republic
[FULL_17_BM] t= 196.1s | pag=183 | files= 393 | data= 65 | cola=3615 | prio=10 | https://data.worldbank.org/country/chad
[FULL_17_BM] t= 196.5s | pag=184 | files= 393 | data= 66 | cola=3652 | prio=10 | https://data.worldbank.org/country/channel-islands
[FULL_17_BM] t= 196.9s | pag=185 | files= 393 | data= 67 | cola=3680 | prio=10 | https://data.worldbank.org/country/chile
[FULL_17_BM] t= 197.2s | pag=186 | files= 393 | data= 68 | cola=3717 | prio=10 | https://data.worldbank.org/country/china
[FULL_17_BM] t= 197.5s | pag=187 | files= 393 | data= 69 | cola=3755 | prio=10 | https://data.worldbank.org/country/colombia
[FULL_17_BM] t= 197.7s | pag=188 | files= 393 | data= 70 | cola=3792 | prio=10 | https://data.worldbank.org/country/comoros
[FULL_17_BM] t= 198.1s | pag=189 | files= 393 | data= 71 | cola=3829 | prio=10 | https://data.worldbank.org/country/congo-dem-rep
[FULL_17_BM] t= 198.4s | pag=190 | files= 393 | data= 72 | cola=3867 | prio=10 | https://data.worldbank.org/country/congo-rep
[FULL_17_BM] t= 198.6s | pag=191 | files= 393 | data= 73 | cola=3905 | prio=10 | https://data.worldbank.org/country/costa-rica
[FULL_17_BM] t= 199.1s | pag=192 | files= 393 | data= 74 | cola=3943 | prio=10 | https://data.worldbank.org/country/cote-divoire
[FULL_17_BM] DATASETS=75 | exportable_data_page | https://data.worldbank.org/country/cote-divoire
[FULL_17_BM] t= 199.4s | pag=193 | files= 393 | data= 75 | cola=3982 | prio=10 | https://data.worldbank.org/country/croatia
[FULL_17_BM] t= 199.8s | pag=194 | files= 393 | data= 76 | cola=4020 | prio=10 | https://data.worldbank.org/country/cuba
[FULL_17_BM] t= 200.2s | pag=195 | files= 393 | data= 77 | cola=4055 | prio=10 | https://data.worldbank.org/country/curacao
[FULL_17_BM] t= 200.5s | pag=196 | files= 393 | data= 78 | cola=4085 | prio=10 | https://data.worldbank.org/country/cyprus
[FULL_17_BM] t= 200.9s | pag=197 | files= 393 | data= 79 | cola=4123 | prio=10 | https://data.worldbank.org/country/czechia
[FULL_17_BM] t= 201.3s | pag=198 | files= 393 | data= 80 | cola=4161 | prio=10 | https://data.worldbank.org/country/denmark
[FULL_17_BM] t= 201.5s | pag=199 | files= 393 | data= 81 | cola=4199 | prio=10 | https://data.worldbank.org/country/djibouti

================================================================================
RESULTADO
================================================================================
Fuente:              full_17_bm
Páginas visitadas:   200
Archivos encontrados:  393
Datasets web:         82
Errores:              3
Motivo de parada:     max_pages
Duración:             201.86 s

Formatos:
  - CSV    : 5
  - DOCX   : 1
  - PDF    : 321
  - XLSX   : 15
  - ZIP    : 51

JSON: C:\Ultimo Semestre 7\trabajo\DATAX\team crawler\crawler_asfi\Crawler_BCB\crawler_v2\output\full_17_bm.json

Trazabilidad:
  Ejecución: 47
  Estado:    PROCESSED
  Base:      C:\Ultimo Semestre 7\trabajo\DATAX\team crawler\crawler_asfi\Crawler_BCB\crawler_v2\trace\crawler_trace.sqlite
