================================================================================
CRAWLER V2
================================================================================
Fuente: Data.gov
URL configurada: https://data.gov/
Timeout HTTP: 15 s
Pausa HTTP:   aleatoria 0.30s - 0.90s


Resolución de fuente:
  Original: https://data.gov/
  Utilizada: https://data.gov/
  Fallback: no
  Intentos: 1
    - usable         | HTTP=200 | https://data.gov/

URL de trabajo: https://data.gov/
Seeds: 1
Máx páginas: 200
Máx archivos: 20000
Máx profundidad: 6

[DATAGOV] t=   0.0s | pag=  0 | files=   0 | data=  0 | cola=   0 | prio= 0 | https://data.gov/
[DATAGOV] DATASETS=1 | data_chart | https://data.gov/
[DATAGOV] t=   1.7s | pag=  1 | files=   0 | data=  1 | cola=  24 | prio=10 | https://catalog.data.gov/
[DATAGOV] DATASETS=2 | exportable_data_page | https://catalog.data.gov/
[DATAGOV] t=   3.6s | pag=  2 | files=   0 | data=  2 | cola=  59 | prio=10 | https://data.gov/metrics
[DATAGOV] DATASETS=3 | data_html_table | https://data.gov/metrics/
[DATAGOV] t=   5.1s | pag=  3 | files=  10 | data=  3 | cola=  84 | prio=10 | https://data.gov/open-gov
[DATAGOV] DATASETS=4 | exportable_data_page | https://data.gov/open-gov/
[DATAGOV] t=   6.4s | pag=  4 | files=  12 | data=  4 | cola=  83 | prio=10 | https://data.gov/contact
[DATAGOV] t=   7.3s | pag=  5 | files=  12 | data=  4 | cola=  86 | prio=10 | https://data.gov/user-guide/
[DATAGOV] DATASETS=5 | exportable_data_page | https://data.gov/user-guide/
[DATAGOV] t=   8.6s | pag=  6 | files=  14 | data=  5 | cola=  87 | prio=10 | https://catalog.data.gov/?sort=popularity
[DATAGOV] DATASETS=6 | exportable_data_page | https://catalog.data.gov/?sort=popularity
[DATAGOV] t=   9.4s | pag=  7 | files=  14 | data=  6 | cola= 105 | prio=10 | https://catalog.data.gov/?sort=last_harvested_date
[DATAGOV] DATASETS=7 | exportable_data_page | https://catalog.data.gov/?sort=last_harvested_date
[DATAGOV] t=  10.6s | pag=  8 | files=  14 | data=  7 | cola= 145 | prio=10 | https://catalog.data.gov/organization
[DATAGOV] t=  11.4s | pag=  9 | files=  14 | data=  7 | cola= 170 | prio=10 | https://catalog.data.gov/?spatial_filter=geospatial
[DATAGOV] DATASETS=8 | exportable_data_page | https://catalog.data.gov/?spatial_filter=geospatial
[DATAGOV] t=  12.4s | pag= 10 | files=  16 | data=  8 | cola= 209 | prio=10 | https://data.gov/about/
[DATAGOV] DATASETS=9 | exportable_data_page | https://data.gov/about/
[DATAGOV] t=  13.6s | pag= 11 | files=  16 | data=  9 | cola= 209 | prio=10 | https://data.gov/timeline/
[DATAGOV] t=  14.2s | pag= 12 | files=  18 | data=  9 | cola= 208 | prio=10 | https://resources.data.gov/
[DATAGOV] t=  15.9s | pag= 13 | files=  18 | data=  9 | cola= 299 | prio=10 | https://resources.data.gov/categories/data-management-governance/
[DATAGOV] DATASETS=10 | data_chart | https://resources.data.gov/categories/data-management-governance/
[DATAGOV] t=  17.2s | pag= 14 | files=  32 | data= 10 | cola= 318 | prio=10 | https://resources.data.gov/categories/data-tools/
[DATAGOV] t=  18.0s | pag= 15 | files=  33 | data= 11 | cola= 331 | prio=10 | https://resources.data.gov/categories/data-incubator/
[DATAGOV] t=  19.2s | pag= 16 | files=  33 | data= 12 | cola= 335 | prio=10 | https://resources.data.gov/categories/guidance/
[DATAGOV] t=  20.5s | pag= 17 | files= 102 | data= 13 | cola= 340 | prio=10 | https://resources.data.gov/categories/case-studies-examples/
[DATAGOV] t=  21.5s | pag= 18 | files= 106 | data= 14 | cola= 353 | prio=10 | https://resources.data.gov/categories/skills-development/
[DATAGOV] t=  22.7s | pag= 19 | files= 108 | data= 14 | cola= 366 | prio=10 | https://strategy.data.gov/
[DATAGOV] t=  25.7s | pag= 20 | files= 108 | data= 14 | cola= 369 | prio=10 | https://strategy.data.gov/2021/action-plan/
[DATAGOV] t=  26.8s | pag= 21 | files= 109 | data= 15 | cola= 371 | prio=10 | https://strategy.data.gov/2020/action-plan/
[DATAGOV] t=  28.1s | pag= 22 | files= 115 | data= 16 | cola= 374 | prio=10 | https://strategy.data.gov/2021/progress/
[DATAGOV] t=  29.0s | pag= 23 | files= 115 | data= 16 | cola= 375 | prio=10 | https://strategy.data.gov/2020/progress/
[DATAGOV] t=  29.8s | pag= 24 | files= 115 | data= 17 | cola= 374 | prio=10 | https://data.gov/privacy-policy/
[DATAGOV] t=  30.7s | pag= 25 | files= 116 | data= 17 | cola= 373 | prio=10 | https://catalog.data.gov/dataset/fy-2025-disability-compensation-recipients-by-county
[DATAGOV] t=  31.9s | pag= 26 | files= 119 | data= 18 | cola= 382 | prio=10 | https://catalog.data.gov/organization/va
[DATAGOV] t=  32.9s | pag= 27 | files= 119 | data= 19 | cola= 400 | prio=10 | https://catalog.data.gov/dataset/2015-16-harassment-or-bullying-by-basis-category-civil-rights-data-collection
[DATAGOV] t=  34.0s | pag= 28 | files= 125 | data= 20 | cola= 408 | prio=10 | https://catalog.data.gov/organization/ed
[DATAGOV] t=  35.5s | pag= 29 | files= 125 | data= 21 | cola= 418 | prio=10 | https://catalog.data.gov/dataset/supply-chain-greenhouse-gas-emission-factors-v1-3-by-naics-6
[DATAGOV] t=  36.2s | pag= 30 | files= 127 | data= 22 | cola= 423 | prio=10 | https://catalog.data.gov/organization/epa
[DATAGOV] t=  37.0s | pag= 31 | files= 133 | data= 23 | cola= 441 | prio=10 | https://catalog.data.gov/dataset/2017-18-arrests-civil-rights-data-collection
[DATAGOV] t=  38.0s | pag= 32 | files= 140 | data= 24 | cola= 446 | prio=10 | https://catalog.data.gov/dataset/electric-vehicle-population-data
[DATAGOV] DATASETS=25 | data_html_table | https://catalog.data.gov/dataset/electric-vehicle-population-data
[DATAGOV] t=  38.5s | pag= 33 | files= 142 | data= 25 | cola= 454 | prio=10 | https://catalog.data.gov/organization/washington
[DATAGOV] t=  39.1s | pag= 34 | files= 142 | data= 26 | cola= 471 | prio=10 | https://catalog.data.gov/dataset/jpl-small-body-database-browser
[DATAGOV] t=  39.7s | pag= 35 | files= 142 | data= 27 | cola= 479 | prio=10 | https://catalog.data.gov/organization/nasa
[DATAGOV] t=  40.8s | pag= 36 | files= 142 | data= 28 | cola= 497 | prio=10 | https://catalog.data.gov/dataset/civil-rights-data-collection-crdc-for-the-2017-18-school-year
[DATAGOV] t=  44.3s | pag= 37 | files= 143 | data= 29 | cola= 500 | prio=10 | https://catalog.data.gov/dataset/lottery-powerball-winning-numbers-beginning-2010
[DATAGOV] t=  45.4s | pag= 38 | files= 145 | data= 30 | cola= 504 | prio=10 | https://catalog.data.gov/organization/new-york
[DATAGOV] t=  46.2s | pag= 39 | files= 145 | data= 31 | cola= 522 | prio=10 | https://catalog.data.gov/dataset/form-n-port-data-sets
[DATAGOV] t=  84.3s | pag= 40 | files= 172 | data= 32 | cola= 525 | prio=10 | https://catalog.data.gov/organization/sec
[DATAGOV] t=  87.0s | pag= 41 | files= 173 | data= 33 | cola= 543 | prio=10 | https://catalog.data.gov/dataset/baby-names-from-social-security-card-applications-national-data
[DATAGOV] t=  89.9s | pag= 42 | files= 174 | data= 34 | cola= 552 | prio=10 | https://catalog.data.gov/organization/ssa
[DATAGOV] t=  91.4s | pag= 43 | files= 174 | data= 35 | cola= 569 | prio=10 | https://catalog.data.gov/dataset/crime-data-from-2020-to-present
[DATAGOV] t=  92.1s | pag= 44 | files= 177 | data= 36 | cola= 575 | prio=10 | https://catalog.data.gov/organization/los-angeles-ca
[DATAGOV] t=  92.6s | pag= 45 | files= 177 | data= 37 | cola= 593 | prio=10 | https://catalog.data.gov/dataset/2013-14-mathematics-and-science-civil-rights-data-collection
[DATAGOV] t=  93.5s | pag= 46 | files= 188 | data= 38 | cola= 593 | prio=10 | https://catalog.data.gov/dataset/business-lookup
[DATAGOV] t=  94.2s | pag= 47 | files= 188 | data= 39 | cola= 601 | prio=10 | https://catalog.data.gov/dataset/civil-rights-data-collection-crdc-for-the-2015-16-school-year
[DATAGOV] t=  96.6s | pag= 48 | files= 189 | data= 40 | cola= 601 | prio=10 | https://catalog.data.gov/dataset/2017-18-harassment-or-bullying-civil-rights-data-collection
[DATAGOV] t=  97.5s | pag= 49 | files= 195 | data= 41 | cola= 603 | prio=10 | https://catalog.data.gov/dataset/civil-rights-data-collection-crdc
[DATAGOV] t=  98.7s | pag= 50 | files= 195 | data= 42 | cola= 608 | prio=10 | https://catalog.data.gov/dataset/warehouse-and-retail-sales
[DATAGOV] t=  99.4s | pag= 51 | files= 198 | data= 43 | cola= 611 | prio=10 | https://catalog.data.gov/organization/montgomery-county-md
[DATAGOV] t= 100.6s | pag= 52 | files= 198 | data= 44 | cola= 629 | prio=10 | https://catalog.data.gov/dataset/nps-visitor-use-statistics-data-package-2024
[DATAGOV] t= 101.4s | pag= 53 | files= 198 | data= 45 | cola= 636 | prio=10 | https://catalog.data.gov/organization/doi
[DATAGOV] t= 102.5s | pag= 54 | files= 198 | data= 46 | cola= 654 | prio=10 | https://catalog.data.gov/dataset/2017-18-student-enrollment-civil-rights-data-collection
[DATAGOV] t= 103.4s | pag= 55 | files= 203 | data= 47 | cola= 654 | prio=10 | https://catalog.data.gov/dataset/inventory-of-owned-and-leased-properties-iolp
[DATAGOV] t= 104.2s | pag= 56 | files= 206 | data= 48 | cola= 662 | prio=10 | https://catalog.data.gov/organization/gsa
[DATAGOV] t= 105.6s | pag= 57 | files= 209 | data= 49 | cola= 680 | prio=10 | https://www.data.gov/about
[DATAGOV] t= 108.1s | pag= 57 | files= 209 | data= 49 | cola= 679 | prio=10 | https://www.data.gov/open-gov/
[DATAGOV] t= 109.7s | pag= 57 | files= 209 | data= 49 | cola= 678 | prio=10 | https://catalog.data.gov/www.data.gov/privacy-policy
[DATAGOV] t= 110.6s | pag= 57 | files= 209 | data= 49 | cola= 677 | prio=10 | https://catalog.data.gov/dataset/2015-16-harassment-or-bullying-by-basis-category-civil-rights-data-collection?from_hint=eyJzb3J0IjoicG9wdWxhcml0eSJ9
[DATAGOV] DATASETS=50 | data_html_table | https://catalog.data.gov/dataset/2015-16-harassment-or-bullying-by-basis-category-civil-rights-data-collection?from_hint=eyJzb3J0IjoicG9wdWxhcml0eSJ9
[DATAGOV] t= 112.1s | pag= 58 | files= 209 | data= 50 | cola= 676 | prio=10 | https://catalog.data.gov/dataset/fy-2025-disability-compensation-recipients-by-county?from_hint=eyJxIjoiZGlzYWJpbGl0eSBjb21wZW5zYXRpb24gcmVjaXBpZW50cyBieSBjb3VudHkiLCJzb3J0IjoicmVsZXZhbmNlIn0%3D
[DATAGOV] t= 113.3s | pag= 59 | files= 209 | data= 51 | cola= 676 | prio=10 | https://catalog.data.gov/dataset/sba-7a-and-504-loan-data-reports
[DATAGOV] t= 114.2s | pag= 60 | files= 209 | data= 52 | cola= 682 | prio=10 | https://catalog.data.gov/dataset/fruit-and-vegetable-prices?from_hint=eyJzb3J0IjoicG9wdWxhcml0eSJ9
[DATAGOV] t= 115.3s | pag= 61 | files= 209 | data= 53 | cola= 684 | prio=10 | https://catalog.data.gov/dataset/fruit-and-vegetable-prices
[DATAGOV] t= 116.4s | pag= 62 | files= 209 | data= 54 | cola= 683 | prio=10 | https://catalog.data.gov/dataset/consumer-complaint-database
[DATAGOV] t= 117.4s | pag= 63 | files= 209 | data= 55 | cola= 691 | prio=10 | https://catalog.data.gov/dataset/foreign-per-diem-rates-by-location
[DATAGOV] t= 118.1s | pag= 64 | files= 209 | data= 56 | cola= 693 | prio=10 | https://catalog-old.data.gov/dataset/federal-item-name-directory-h6-search-tool
[DATAGOV] t= 120.0s | pag= 64 | files= 209 | data= 56 | cola= 692 | prio=10 | https://catalog.data.gov/dataset/motor-carrier-registrations-census-files
[DATAGOV] t= 121.9s | pag= 65 | files= 209 | data= 57 | cola= 700 | prio=10 | https://data.gov/metrics/organization/census/index.html
[DATAGOV] t= 139.1s | pag= 66 | files= 221 | data= 58 | cola= 709 | prio=10 | https://data.gov/metrics/organization/noaa/index.html
[DATAGOV] t= 146.3s | pag= 67 | files= 230 | data= 59 | cola= 730 | prio=10 | https://data.gov/metrics/organization/doi/index.html
[DATAGOV] t= 147.4s | pag= 68 | files= 242 | data= 60 | cola= 740 | prio=10 | https://data.gov/metrics/organization/nasa/index.html
[DATAGOV] t= 164.9s | pag= 69 | files= 251 | data= 61 | cola= 749 | prio=10 | https://data.gov/metrics/organization/hhs/index.html
[DATAGOV] t= 170.2s | pag= 70 | files= 261 | data= 62 | cola= 770 | prio=10 | https://data.gov/metrics/organization/epa/index.html
[DATAGOV] t= 171.0s | pag= 71 | files= 267 | data= 63 | cola= 775 | prio=10 | https://data.gov/metrics/organization/california/index.html
[DATAGOV] t= 172.0s | pag= 72 | files= 270 | data= 64 | cola= 794 | prio=10 | https://data.gov/metrics/organization/energy/index.html
[DATAGOV] t= 180.3s | pag= 73 | files= 281 | data= 65 | cola= 803 | prio=10 | https://data.gov/metrics/organization/doj/index.html
[DATAGOV] t= 183.7s | pag= 74 | files= 288 | data= 66 | cola= 818 | prio=10 | https://data.gov/metrics/organization/gsa/index.html
[DATAGOV] t= 185.2s | pag= 75 | files= 291 | data= 67 | cola= 832 | prio=10 | https://data.gov/metrics/organization/ed/index.html
[DATAGOV] t= 186.2s | pag= 76 | files= 294 | data= 68 | cola= 839 | prio=10 | https://data.gov/metrics/organization/hawaii/index.html
[DATAGOV] t= 187.5s | pag= 77 | files= 296 | data= 69 | cola= 850 | prio=10 | https://data.gov/metrics/organization/fcc/index.html
[DATAGOV] t= 188.8s | pag= 78 | files= 306 | data= 70 | cola= 863 | prio=10 | https://data.gov/metrics/organization/austin-tx/index.html
[DATAGOV] t= 189.6s | pag= 79 | files= 318 | data= 71 | cola= 887 | prio=10 | https://data.gov/metrics/organization/nara/index.html
[DATAGOV] t= 195.2s | pag= 80 | files= 326 | data= 72 | cola= 903 | prio=10 | https://data.gov/metrics/organization/ibwc/index.html
[DATAGOV] t= 196.1s | pag= 81 | files= 326 | data= 72 | cola= 903 | prio=10 | https://data.gov/metrics/organization/chesapeake-va/index.html
[DATAGOV] t= 197.2s | pag= 82 | files= 328 | data= 73 | cola= 914 | prio=10 | https://harvest.data.gov/
[DATAGOV] t= 199.6s | pag= 83 | files= 328 | data= 74 | cola=1020 | prio=10 | https://resources.data.gov/resources/dcat-us3/
[DATAGOV] DATASETS=75 | data_html_table | https://resources.data.gov/resources/dcat-us3/
[DATAGOV] t= 201.6s | pag= 84 | files= 329 | data= 75 | cola=1020 | prio=10 | https://resources.data.gov/catalog-api
[DATAGOV] t= 203.2s | pag= 85 | files= 329 | data= 76 | cola=1021 | prio=10 | https://api.data.gov/
[DATAGOV] t= 205.4s | pag= 86 | files= 329 | data= 76 | cola=1025 | prio=10 | https://resources.data.gov/tools/how-to-get-your-open-data-on-datagov/
[DATAGOV] t= 206.6s | pag= 87 | files= 329 | data= 76 | cola=1023 | prio=10 | https://catalog.data.gov/dataset/fy-2025-disability-compensation-recipients-by-county?from_hint=eyJzb3J0IjoicG9wdWxhcml0eSJ9
[DATAGOV] t= 208.6s | pag= 88 | files= 329 | data= 77 | cola=1022 | prio=10 | https://catalog.data.gov/dataset/supply-chain-greenhouse-gas-emission-factors-v1-3-by-naics-6?from_hint=eyJzb3J0IjoicG9wdWxhcml0eSJ9
[DATAGOV] t= 209.6s | pag= 89 | files= 329 | data= 78 | cola=1021 | prio=10 | https://catalog.data.gov/dataset/2017-18-arrests-civil-rights-data-collection?from_hint=eyJzb3J0IjoicG9wdWxhcml0eSJ9
[DATAGOV] t= 210.5s | pag= 90 | files= 329 | data= 79 | cola=1020 | prio=10 | https://catalog.data.gov/dataset/electric-vehicle-population-data?from_hint=eyJzb3J0IjoicG9wdWxhcml0eSJ9
[DATAGOV] t= 211.8s | pag= 91 | files= 329 | data= 80 | cola=1019 | prio=10 | https://catalog.data.gov/dataset/jpl-small-body-database-browser?from_hint=eyJzb3J0IjoicG9wdWxhcml0eSJ9
[DATAGOV] t= 212.5s | pag= 92 | files= 329 | data= 81 | cola=1018 | prio=10 | https://catalog.data.gov/dataset/civil-rights-data-collection-crdc-for-the-2017-18-school-year?from_hint=eyJzb3J0IjoicG9wdWxhcml0eSJ9
[DATAGOV] t= 213.2s | pag= 93 | files= 329 | data= 82 | cola=1017 | prio=10 | https://catalog.data.gov/dataset/lottery-powerball-winning-numbers-beginning-2010?from_hint=eyJzb3J0IjoicG9wdWxhcml0eSJ9
[DATAGOV] t= 214.0s | pag= 94 | files= 329 | data= 83 | cola=1016 | prio=10 | https://catalog.data.gov/dataset/form-n-port-data-sets?from_hint=eyJzb3J0IjoicG9wdWxhcml0eSJ9
[DATAGOV] t= 214.7s | pag= 95 | files= 329 | data= 84 | cola=1015 | prio=10 | https://catalog.data.gov/dataset/baby-names-from-social-security-card-applications-national-data?from_hint=eyJzb3J0IjoicG9wdWxhcml0eSJ9
[DATAGOV] t= 215.3s | pag= 96 | files= 329 | data= 85 | cola=1014 | prio=10 | https://catalog.data.gov/dataset/crime-data-from-2020-to-present?from_hint=eyJzb3J0IjoicG9wdWxhcml0eSJ9
[DATAGOV] t= 216.0s | pag= 97 | files= 329 | data= 86 | cola=1013 | prio=10 | https://catalog.data.gov/dataset/2013-14-mathematics-and-science-civil-rights-data-collection?from_hint=eyJzb3J0IjoicG9wdWxhcml0eSJ9
[DATAGOV] t= 217.1s | pag= 98 | files= 329 | data= 87 | cola=1012 | prio=10 | https://catalog.data.gov/dataset/business-lookup?from_hint=eyJzb3J0IjoicG9wdWxhcml0eSJ9
[DATAGOV] t= 217.8s | pag= 99 | files= 329 | data= 88 | cola=1011 | prio=10 | https://catalog.data.gov/dataset/civil-rights-data-collection-crdc-for-the-2015-16-school-year?from_hint=eyJzb3J0IjoicG9wdWxhcml0eSJ9
[DATAGOV] t= 218.4s | pag=100 | files= 329 | data= 89 | cola=1010 | prio=10 | https://catalog.data.gov/dataset/2017-18-harassment-or-bullying-civil-rights-data-collection?from_hint=eyJzb3J0IjoicG9wdWxhcml0eSJ9
[DATAGOV] t= 219.2s | pag=101 | files= 329 | data= 90 | cola=1009 | prio=10 | https://catalog.data.gov/dataset/civil-rights-data-collection-crdc?from_hint=eyJzb3J0IjoicG9wdWxhcml0eSJ9
[DATAGOV] t= 220.7s | pag=102 | files= 329 | data= 91 | cola=1008 | prio=10 | https://catalog.data.gov/dataset/warehouse-and-retail-sales?from_hint=eyJzb3J0IjoicG9wdWxhcml0eSJ9
[DATAGOV] t= 221.3s | pag=103 | files= 329 | data= 92 | cola=1007 | prio=10 | https://catalog.data.gov/dataset/nps-visitor-use-statistics-data-package-2024?from_hint=eyJzb3J0IjoicG9wdWxhcml0eSJ9
[DATAGOV] t= 222.2s | pag=104 | files= 329 | data= 93 | cola=1006 | prio=10 | https://catalog.data.gov/dataset/2017-18-student-enrollment-civil-rights-data-collection?from_hint=eyJzb3J0IjoicG9wdWxhcml0eSJ9
[DATAGOV] t= 223.2s | pag=105 | files= 329 | data= 94 | cola=1005 | prio=10 | https://catalog.data.gov/dataset/inventory-of-owned-and-leased-properties-iolp?from_hint=eyJzb3J0IjoicG9wdWxhcml0eSJ9
[DATAGOV] t= 223.8s | pag=106 | files= 329 | data= 95 | cola=1004 | prio=10 | https://catalog.data.gov/dataset/insur-all-with-history-62c27?from_hint=eyJzb3J0IjoibGFzdF9oYXJ2ZXN0ZWRfZGF0ZSJ9
[DATAGOV] t= 224.5s | pag=107 | files= 332 | data= 96 | cola=1006 | prio=10 | https://catalog.data.gov/organization/dot
[DATAGOV] t= 225.6s | pag=108 | files= 332 | data= 97 | cola=1023 | prio=10 | https://catalog.data.gov/dataset/insur-all-with-history-62c27
[DATAGOV] t= 226.9s | pag=109 | files= 332 | data= 98 | cola=1022 | prio=10 | https://catalog.data.gov/dataset/toc_incident_event_reports?from_hint=eyJzb3J0IjoibGFzdF9oYXJ2ZXN0ZWRfZGF0ZSJ9
[DATAGOV] t= 227.8s | pag=110 | files= 335 | data= 99 | cola=1024 | prio=10 | https://catalog.data.gov/dataset/toc_incident_event_reports
[DATAGOV] DATASETS=100 | data_html_table | https://catalog.data.gov/dataset/toc_incident_event_reports
[DATAGOV] t= 228.8s | pag=111 | files= 335 | data=100 | cola=1023 | prio=10 | https://catalog.data.gov/dataset/crossing-inventory-source-data-form-71-current?from_hint=eyJzb3J0IjoibGFzdF9oYXJ2ZXN0ZWRfZGF0ZSJ9
[DATAGOV] t= 229.4s | pag=112 | files= 338 | data=101 | cola=1028 | prio=10 | https://catalog.data.gov/dataset/crossing-inventory-source-data-form-71-current
[DATAGOV] t= 230.5s | pag=113 | files= 338 | data=102 | cola=1027 | prio=10 | https://catalog.data.gov/dataset/inspections-per-unit?from_hint=eyJzb3J0IjoibGFzdF9oYXJ2ZXN0ZWRfZGF0ZSJ9
[DATAGOV] t= 231.4s | pag=114 | files= 341 | data=103 | cola=1028 | prio=10 | https://catalog.data.gov/dataset/inspections-per-unit
[DATAGOV] t= 232.5s | pag=115 | files= 341 | data=104 | cola=1027 | prio=10 | https://catalog.data.gov/dataset/crossing-inventory-data-form-71-historical?from_hint=eyJzb3J0IjoibGFzdF9oYXJ2ZXN0ZWRfZGF0ZSJ9
[DATAGOV] t= 233.4s | pag=116 | files= 344 | data=105 | cola=1030 | prio=10 | https://catalog.data.gov/dataset/crossing-inventory-data-form-71-historical
[DATAGOV] t= 234.3s | pag=117 | files= 344 | data=106 | cola=1029 | prio=10 | https://catalog.data.gov/dataset/injury-illness-summary-operational-source-data-form-55?from_hint=eyJzb3J0IjoibGFzdF9oYXJ2ZXN0ZWRfZGF0ZSJ9
[DATAGOV] t= 235.3s | pag=118 | files= 347 | data=107 | cola=1033 | prio=10 | https://catalog.data.gov/dataset/injury-illness-summary-operational-source-data-form-55
[DATAGOV] t= 236.0s | pag=119 | files= 347 | data=108 | cola=1032 | prio=10 | https://catalog.data.gov/dataset/revocation-all-with-history-c4562?from_hint=eyJzb3J0IjoibGFzdF9oYXJ2ZXN0ZWRfZGF0ZSJ9
[DATAGOV] t= 237.0s | pag=120 | files= 350 | data=109 | cola=1034 | prio=10 | https://catalog.data.gov/dataset/revocation-all-with-history-c4562
[DATAGOV] t= 237.7s | pag=121 | files= 350 | data=110 | cola=1033 | prio=10 | https://catalog.data.gov/dataset/injury-illness-summary-casualty-data-form-55a?from_hint=eyJzb3J0IjoibGFzdF9oYXJ2ZXN0ZWRfZGF0ZSJ9
[DATAGOV] t= 238.6s | pag=122 | files= 353 | data=111 | cola=1040 | prio=10 | https://catalog.data.gov/dataset/injury-illness-summary-casualty-data-form-55a
[DATAGOV] t= 239.7s | pag=123 | files= 353 | data=112 | cola=1039 | prio=10 | https://catalog.data.gov/dataset/actpendinsur-all-with-history?from_hint=eyJzb3J0IjoibGFzdF9oYXJ2ZXN0ZWRfZGF0ZSJ9
[DATAGOV] t= 240.6s | pag=124 | files= 356 | data=113 | cola=1039 | prio=10 | https://catalog.data.gov/dataset/actpendinsur-all-with-history
[DATAGOV] t= 241.1s | pag=125 | files= 356 | data=114 | cola=1038 | prio=10 | https://catalog.data.gov/dataset/inspections-and-citations?from_hint=eyJzb3J0IjoibGFzdF9oYXJ2ZXN0ZWRfZGF0ZSJ9
[DATAGOV] t= 242.3s | pag=126 | files= 359 | data=115 | cola=1040 | prio=10 | https://catalog.data.gov/dataset/inspections-and-citations
[DATAGOV] t= 244.2s | pag=127 | files= 359 | data=116 | cola=1039 | prio=10 | https://catalog.data.gov/dataset/railroad-master?from_hint=eyJzb3J0IjoibGFzdF9oYXJ2ZXN0ZWRfZGF0ZSJ9
[DATAGOV] t= 245.0s | pag=128 | files= 362 | data=117 | cola=1040 | prio=10 | https://catalog.data.gov/dataset/railroad-master
[DATAGOV] t= 245.8s | pag=129 | files= 362 | data=118 | cola=1039 | prio=10 | https://catalog.data.gov/dataset/toc_incident_event_media_reports?from_hint=eyJzb3J0IjoibGFzdF9oYXJ2ZXN0ZWRfZGF0ZSJ9
[DATAGOV] t= 246.5s | pag=130 | files= 365 | data=119 | cola=1039 | prio=10 | https://catalog.data.gov/dataset/toc_incident_event_media_reports
[DATAGOV] t= 247.4s | pag=131 | files= 365 | data=120 | cola=1038 | prio=10 | https://catalog.data.gov/dataset/out-of-service-orders?from_hint=eyJzb3J0IjoibGFzdF9oYXJ2ZXN0ZWRfZGF0ZSJ9
[DATAGOV] t= 248.3s | pag=132 | files= 368 | data=121 | cola=1038 | prio=10 | https://catalog.data.gov/dataset/out-of-service-orders
[DATAGOV] t= 249.4s | pag=133 | files= 368 | data=122 | cola=1037 | prio=10 | https://catalog.data.gov/dataset/injury-illness-summary-operational-data-form-55?from_hint=eyJzb3J0IjoibGFzdF9oYXJ2ZXN0ZWRfZGF0ZSJ9
[DATAGOV] t= 250.1s | pag=134 | files= 371 | data=123 | cola=1038 | prio=10 | https://catalog.data.gov/dataset/injury-illness-summary-operational-data-form-55
[DATAGOV] t= 250.9s | pag=135 | files= 371 | data=124 | cola=1037 | prio=10 | https://catalog.data.gov/dataset/crossing-inventory-data-form-71-current?from_hint=eyJzb3J0IjoibGFzdF9oYXJ2ZXN0ZWRfZGF0ZSJ9
[DATAGOV] DATASETS=125 | data_html_table | https://catalog.data.gov/dataset/crossing-inventory-data-form-71-current?from_hint=eyJzb3J0IjoibGFzdF9oYXJ2ZXN0ZWRfZGF0ZSJ9
[DATAGOV] t= 251.5s | pag=136 | files= 374 | data=125 | cola=1037 | prio=10 | https://catalog.data.gov/dataset/crossing-inventory-data-form-71-current
[DATAGOV] t= 252.4s | pag=137 | files= 374 | data=126 | cola=1036 | prio=10 | https://catalog.data.gov/dataset/highway-rail-grade-crossing-accident-incident-source-data-form-57?from_hint=eyJzb3J0IjoibGFzdF9oYXJ2ZXN0ZWRfZGF0ZSJ9
[DATAGOV] t= 253.2s | pag=138 | files= 377 | data=127 | cola=1040 | prio=10 | https://catalog.data.gov/dataset/highway-rail-grade-crossing-accident-incident-source-data-form-57
[DATAGOV] t= 253.9s | pag=139 | files= 377 | data=128 | cola=1039 | prio=10 | https://catalog.data.gov/dataset/vehicle-inspection-file?from_hint=eyJzb3J0IjoibGFzdF9oYXJ2ZXN0ZWRfZGF0ZSJ9
[DATAGOV] t= 254.5s | pag=140 | files= 380 | data=129 | cola=1040 | prio=10 | https://catalog.data.gov/dataset/vehicle-inspection-file
[DATAGOV] t= 255.2s | pag=141 | files= 380 | data=130 | cola=1039 | prio=10 | https://catalog.data.gov/dataset/state-county-and-city-fips-reference-table?from_hint=eyJzb3J0IjoibGFzdF9oYXJ2ZXN0ZWRfZGF0ZSJ9
[DATAGOV] t= 255.8s | pag=142 | files= 383 | data=131 | cola=1039 | prio=10 | https://catalog.data.gov/dataset/state-county-and-city-fips-reference-table
[DATAGOV] t= 256.9s | pag=143 | files= 383 | data=132 | cola=1038 | prio=10 | https://catalog.data.gov/dataset/toc_incidents?from_hint=eyJzb3J0IjoibGFzdF9oYXJ2ZXN0ZWRfZGF0ZSJ9
[DATAGOV] t= 257.9s | pag=144 | files= 386 | data=133 | cola=1038 | prio=10 | https://catalog.data.gov/dataset/toc_incidents
[DATAGOV] t= 258.5s | pag=145 | files= 386 | data=134 | cola=1037 | prio=10 | https://catalog.data.gov/dataset/company-census-file?from_hint=eyJzb3J0IjoibGFzdF9oYXJ2ZXN0ZWRfZGF0ZSJ9
[DATAGOV] t= 259.2s | pag=146 | files= 389 | data=135 | cola=1040 | prio=10 | https://catalog.data.gov/dataset/company-census-file
[DATAGOV] t= 259.9s | pag=147 | files= 389 | data=136 | cola=1039 | prio=10 | https://catalog.data.gov/organization/americorps
[DATAGOV] t= 261.0s | pag=148 | files= 389 | data=137 | cola=1058 | prio=10 | https://catalog.data.gov/organization/fed-reserve
[DATAGOV] t= 261.9s | pag=149 | files= 389 | data=138 | cola=1077 | prio=10 | https://catalog.data.gov/organization/austin-tx
[DATAGOV] t= 262.6s | pag=150 | files= 389 | data=139 | cola=1086 | prio=10 | https://catalog.data.gov/organization/baltimore-md
[DATAGOV] t= 263.1s | pag=151 | files= 389 | data=140 | cola=1105 | prio=10 | https://catalog.data.gov/organization/baton-rouge-la
[DATAGOV] t= 264.5s | pag=152 | files= 389 | data=141 | cola=1124 | prio=10 | https://catalog.data.gov/organization/bloomington-in
[DATAGOV] t= 266.0s | pag=153 | files= 389 | data=142 | cola=1143 | prio=10 | https://catalog.data.gov/organization/chesapeake-va
[DATAGOV] t= 267.2s | pag=154 | files= 389 | data=143 | cola=1153 | prio=10 | https://catalog.data.gov/organization/chicago-il
[DATAGOV] t= 268.3s | pag=155 | files= 389 | data=144 | cola=1172 | prio=10 | https://catalog.data.gov/organization/ferndale-mi
[DATAGOV] t= 269.3s | pag=156 | files= 389 | data=145 | cola=1191 | prio=10 | https://catalog.data.gov/organization/hartford-ct
[DATAGOV] t= 270.4s | pag=157 | files= 389 | data=146 | cola=1210 | prio=10 | https://catalog.data.gov/organization/honolulu-hi
[DATAGOV] t= 271.7s | pag=158 | files= 389 | data=147 | cola=1229 | prio=10 | https://catalog.data.gov/organization/nyc-ny
[DATAGOV] t= 272.5s | pag=159 | files= 389 | data=148 | cola=1248 | prio=10 | https://catalog.data.gov/organization/philadelphia-pa
[DATAGOV] t= 273.0s | pag=160 | files= 389 | data=149 | cola=1267 | prio=10 | https://catalog.data.gov/organization/prvidence-ri
[DATAGOV] DATASETS=150 | exportable_data_page | https://catalog.data.gov/organization/prvidence-ri
[DATAGOV] t= 274.0s | pag=161 | files= 389 | data=150 | cola=1286 | prio=10 | https://catalog.data.gov/organization/san-francisco-ca
[DATAGOV] t= 275.1s | pag=162 | files= 389 | data=151 | cola=1305 | prio=10 | https://catalog.data.gov/organization/seattle-wa
[DATAGOV] t= 276.1s | pag=163 | files= 389 | data=152 | cola=1324 | prio=10 | https://catalog.data.gov/organization/sioux-falls-sd
[DATAGOV] t= 277.3s | pag=164 | files= 389 | data=153 | cola=1343 | prio=10 | https://catalog.data.gov/organization/somerville-ma
[DATAGOV] t= 278.4s | pag=165 | files= 389 | data=154 | cola=1362 | prio=10 | https://catalog.data.gov/organization/tempe-az
[DATAGOV] t= 279.7s | pag=166 | files= 389 | data=155 | cola=1381 | prio=10 | https://catalog.data.gov/organization/cftc
[DATAGOV] t= 280.9s | pag=167 | files= 389 | data=156 | cola=1387 | prio=10 | https://catalog.data.gov/organization/cfpb
[DATAGOV] t= 282.1s | pag=168 | files= 389 | data=157 | cola=1396 | prio=10 | https://catalog.data.gov/organization/cook-county-il
[DATAGOV] t= 283.3s | pag=169 | files= 389 | data=158 | cola=1415 | prio=10 | https://catalog.data.gov/organization/usda
[DATAGOV] t= 284.1s | pag=170 | files= 389 | data=159 | cola=1432 | prio=10 | https://catalog.data.gov/organization?page=2&per_page=24
[DATAGOV] t= 286.0s | pag=171 | files= 389 | data=160 | cola=1450 | prio=10 | https://catalog.data.gov/organization?page=3&per_page=24
[DATAGOV] t= 287.7s | pag=172 | files= 389 | data=160 | cola=1470 | prio=10 | https://catalog.data.gov/organization?page=5&per_page=24
[DATAGOV] t= 289.5s | pag=173 | files= 389 | data=160 | cola=1473 | prio=10 | https://catalog.data.gov/?q=&sort=relevance
[DATAGOV] t= 290.5s | pag=174 | files= 389 | data=161 | cola=1492 | prio=10 | https://catalog.data.gov/dataset/baby-names-from-social-security-card-applications-national-data?from_hint=eyJzcGF0aWFsX2ZpbHRlciI6Imdlb3NwYXRpYWwifQ%3D%3D
[DATAGOV] t= 291.4s | pag=175 | files= 389 | data=162 | cola=1491 | prio=10 | https://catalog.data.gov/dataset/nps-visitor-use-statistics-data-package-2024?from_hint=eyJzcGF0aWFsX2ZpbHRlciI6Imdlb3NwYXRpYWwifQ%3D%3D
[DATAGOV] t= 292.1s | pag=176 | files= 389 | data=163 | cola=1490 | prio=10 | https://catalog.data.gov/dataset/inventory-of-owned-and-leased-properties-iolp?from_hint=eyJzcGF0aWFsX2ZpbHRlciI6Imdlb3NwYXRpYWwifQ%3D%3D
[DATAGOV] t= 292.7s | pag=177 | files= 389 | data=164 | cola=1489 | prio=10 | https://catalog.data.gov/dataset/harmonized-tariff-schedule-of-the-united-states-2025?from_hint=eyJzcGF0aWFsX2ZpbHRlciI6Imdlb3NwYXRpYWwifQ%3D%3D
[DATAGOV] t= 293.9s | pag=178 | files= 440 | data=165 | cola=1492 | prio=10 | https://catalog.data.gov/organization/usitc
[DATAGOV] t= 294.9s | pag=179 | files= 440 | data=166 | cola=1509 | prio=10 | https://catalog.data.gov/dataset/harmonized-tariff-schedule-of-the-united-states-2025
[DATAGOV] t= 296.1s | pag=180 | files= 440 | data=167 | cola=1508 | prio=10 | https://catalog.data.gov/dataset/harmonized-tariff-schedule-of-the-united-states-2024?from_hint=eyJzcGF0aWFsX2ZpbHRlciI6Imdlb3NwYXRpYWwifQ%3D%3D
[DATAGOV] t= 296.7s | pag=181 | files= 473 | data=168 | cola=1508 | prio=10 | https://catalog.data.gov/dataset/harmonized-tariff-schedule-of-the-united-states-2024

[BATCH] TIMEOUT DE FUENTE
