================================================================================
CRAWLER V2
================================================================================
Fuente: Federación de Ganaderos de Santa Cruz
URL configurada: https://www.fegasacruz.org.bo
Timeout HTTP: 10 s
Pausa HTTP:   aleatoria 0.15s - 0.35s


Resolución de fuente:
  Estado: no se encontró URL alternativa utilizable
  Intentos: 4
    - request_error  | HTTP=- | https://www.fegasacruz.org.bo/
    - request_error  | HTTP=- | https://fegasacruz.org.bo/
    - request_error  | HTTP=- | http://www.fegasacruz.org.bo/
    - request_error  | HTTP=- | http://fegasacruz.org.bo/

URL de trabajo: https://www.fegasacruz.org.bo
Seeds: 1
Máx páginas: 200
Máx archivos: 20000
Máx profundidad: 6

[FULL_27_FEGASACRUZ] t=   0.0s | pag=  0 | files=   0 | data=  0 | cola=   0 | prio= 0 | https://www.fegasacruz.org.bo/

================================================================================
RESULTADO
================================================================================
Fuente:              full_27_fegasacruz
Páginas visitadas:   0
Archivos encontrados:    0
Datasets web:         0
Errores:              1
Motivo de parada:     frontier_exhausted
Duración:             0.16 s

JSON: C:\Ultimo Semestre 7\trabajo\DATAX\team crawler\crawler_asfi\Crawler_BCB\crawler_v2\output\full_27_fegasacruz.json

Trazabilidad:
  Ejecución: 55
  Estado:    PROCESSED
  Base:      C:\Ultimo Semestre 7\trabajo\DATAX\team crawler\crawler_asfi\Crawler_BCB\crawler_v2\trace\crawler_trace.sqlite
