================================================================================
CRAWLER V2
================================================================================
Fuente: Federación Internacional de Fútbol Asociación
URL configurada: https://www.fifa.com
Timeout HTTP: 10 s
Pausa HTTP:   aleatoria 0.15s - 0.35s


Resolución de fuente:
  Original: https://www.fifa.com
  Utilizada: https://www.fifa.com/
  Fallback: sí
  Intentos: 1
    - usable         | HTTP=200 | https://www.fifa.com/

URL de trabajo: https://www.fifa.com/
Seeds: 1
Máx páginas: 200
Máx archivos: 20000
Máx profundidad: 6

[FULL_28_FIFA] t=   0.0s | pag=  0 | files=   0 | data=  0 | cola=   0 | prio= 0 | https://www.fifa.com/

================================================================================
RESULTADO
================================================================================
Fuente:              full_28_fifa
Páginas visitadas:   1
Archivos encontrados:    0
Datasets web:         0
Errores:              0
Motivo de parada:     frontier_exhausted
Duración:             1.29 s

JSON: C:\Ultimo Semestre 7\trabajo\DATAX\team crawler\crawler_asfi\Crawler_BCB\crawler_v2\output\full_28_fifa.json

Trazabilidad:
  Ejecución: 56
  Estado:    PROCESSED
  Base:      C:\Ultimo Semestre 7\trabajo\DATAX\team crawler\crawler_asfi\Crawler_BCB\crawler_v2\trace\crawler_trace.sqlite
