================================================================================
CRAWLER V2
================================================================================
Fuente: Finrural Bolivia
URL configurada: https://www.finrural.bo
Timeout HTTP: 10 s
Pausa HTTP:   aleatoria 0.15s - 0.35s


Resolución de fuente:
  Estado: no se encontró URL alternativa utilizable
  Intentos: 4
    - request_error  | HTTP=- | https://www.finrural.bo/
    - request_error  | HTTP=- | https://finrural.bo/
    - request_error  | HTTP=- | http://www.finrural.bo/
    - request_error  | HTTP=- | http://finrural.bo/

URL de trabajo: https://www.finrural.bo
Seeds: 1
Máx páginas: 200
Máx archivos: 20000
Máx profundidad: 6

[FULL_29_FINRURAL_INDICADORES] t=   0.0s | pag=  0 | files=   0 | data=  0 | cola=   0 | prio= 0 | https://www.finrural.bo/

================================================================================
RESULTADO
================================================================================
Fuente:              full_29_finrural_indicadores
Páginas visitadas:   0
Archivos encontrados:    0
Datasets web:         0
Errores:              1
Motivo de parada:     frontier_exhausted
Duración:             0.29 s

JSON: C:\Ultimo Semestre 7\trabajo\DATAX\team crawler\crawler_asfi\Crawler_BCB\crawler_v2\output\full_29_finrural_indicadores.json

Trazabilidad:
  Ejecución: 57
  Estado:    PROCESSED
  Base:      C:\Ultimo Semestre 7\trabajo\DATAX\team crawler\crawler_asfi\Crawler_BCB\crawler_v2\trace\crawler_trace.sqlite
