================================================================================
CRAWLER V2
================================================================================
Fuente: International Cocoa Organization
URL configurada: https://www.icco.org
Timeout HTTP: 10 s
Pausa HTTP:   aleatoria 0.15s - 0.35s


Resolución de fuente:
  Original: https://www.icco.org
  Utilizada: https://www.icco.org/
  Fallback: sí
  Intentos: 1
    - usable         | HTTP=200 | https://www.icco.org/

URL de trabajo: https://www.icco.org/
Seeds: 1
Máx páginas: 200
Máx archivos: 20000
Máx profundidad: 6

[FULL_34_ICCO] t=   0.0s | pag=  0 | files=   0 | data=  0 | cola=   0 | prio= 0 | https://www.icco.org/
[FULL_34_ICCO] t=   2.0s | pag=  1 | files=   1 | data=  0 | cola=  65 | prio=10 | https://www.icco.org/statistics/
[FULL_34_ICCO] DATASETS=1 | data_html_table | https://www.icco.org/statistics/
[FULL_34_ICCO] t=   2.4s | pag=  2 | files=   3 | data=  1 | cola=  66 | prio=10 | https://www.icco.org/world-cocoa-conference-2024-report-now-available/
[FULL_34_ICCO] t=   2.8s | pag=  3 | files=   4 | data=  1 | cola=  69 | prio=10 | https://www.icco.org/icco-documentation/quarterly-bulletin-of-cocoa-statistics/
[FULL_34_ICCO] t=   3.3s | pag=  4 | files=   6 | data=  1 | cola=  77 | prio=10 | https://www.icco.org/icco-documentation/annual-reports/
[FULL_34_ICCO] t=   4.2s | pag=  4 | files=   6 | data=  1 | cola=  76 | prio=10 | https://icco.org/statistics/
[FULL_34_ICCO] t=   7.1s | pag=  4 | files=   6 | data=  1 | cola=  75 | prio=10 | https://www.icco.org/may-2026-quarterly-bulletin-of-cocoa-statistics/
[FULL_34_ICCO] DATASETS=2 | data_html_table | https://www.icco.org/may-2026-quarterly-bulletin-of-cocoa-statistics/
[FULL_34_ICCO] t=   8.7s | pag=  5 | files=   6 | data=  2 | cola=  76 | prio=10 | https://www.icco.org/february-2026-quarterly-bulletin-of-cocoa-statistics/
[FULL_34_ICCO] DATASETS=3 | data_html_table | https://www.icco.org/february-2026-quarterly-bulletin-of-cocoa-statistics/
[FULL_34_ICCO] t=   9.3s | pag=  6 | files=   6 | data=  3 | cola=  76 | prio=10 | https://www.icco.org/cocoa-market-report-for-november-2025/
[FULL_34_ICCO] t=   9.8s | pag=  7 | files=   6 | data=  3 | cola=  76 | prio=10 | https://www.icco.org/november-2025-quarterly-bulletin-of-cocoa-statistics/
[FULL_34_ICCO] DATASETS=4 | data_html_table | https://www.icco.org/november-2025-quarterly-bulletin-of-cocoa-statistics/
[FULL_34_ICCO] t=  10.3s | pag=  8 | files=   6 | data=  4 | cola=  76 | prio=10 | https://www.icco.org/cocoa-market-report-for-october-2025/
[FULL_34_ICCO] t=  10.9s | pag=  9 | files=   6 | data=  4 | cola=  76 | prio=10 | https://www.icco.org/statistics/?s=
[FULL_34_ICCO] DATASETS=5 | data_html_table | https://www.icco.org/statistics/?s=
[FULL_34_ICCO] t=  11.5s | pag= 10 | files=   6 | data=  5 | cola=  75 | prio=10 | https://icco.org/icco-documentation/quarterly-bulletin-of-cocoa-statistics/
[FULL_34_ICCO] t=  12.1s | pag= 10 | files=   6 | data=  5 | cola=  74 | prio=10 | https://www.icco.org/world-cocoa-conference-2024-report-now-available/?s=
[FULL_34_ICCO] t=  13.7s | pag= 11 | files=   6 | data=  5 | cola=  73 | prio=10 | https://www.icco.org/cocoa-market-report-for-september-2025/
[FULL_34_ICCO] t=  14.5s | pag= 12 | files=   6 | data=  5 | cola=  73 | prio=10 | https://www.icco.org/cocoa-market-report-for-august-2025/
[FULL_34_ICCO] t=  14.8s | pag= 13 | files=   6 | data=  5 | cola=  73 | prio=10 | https://www.icco.org/icco-documentation/quarterly-bulletin-of-cocoa-statistics/?s=
[FULL_34_ICCO] t=  15.2s | pag= 14 | files=   6 | data=  5 | cola=  72 | prio=10 | https://www.icco.org/icco-documentation/annual-reports-test/
[FULL_34_ICCO] t=  15.8s | pag= 15 | files=   8 | data=  5 | cola=  72 | prio=10 | https://www.icco.org/icco-documentation/icco-publications/
[FULL_34_ICCO] DATASETS=6 | exportable_data_page | https://www.icco.org/icco-documentation/icco-publications/
[FULL_34_ICCO] t=  16.7s | pag= 16 | files=  16 | data=  6 | cola=  72 | prio=10 | https://www.icco.org/may-2026-quarterly-bulletin-of-cocoa-statistics/?s=
[FULL_34_ICCO] t=  17.0s | pag= 17 | files=  16 | data=  6 | cola=  71 | prio=10 | https://www.icco.org/february-2026-quarterly-bulletin-of-cocoa-statistics/?s=
[FULL_34_ICCO] t=  17.6s | pag= 18 | files=  16 | data=  6 | cola=  70 | prio=10 | https://www.icco.org/cocoa-market-report-for-november-2025/?s=
[FULL_34_ICCO] t=  18.1s | pag= 19 | files=  16 | data=  6 | cola=  69 | prio=10 | https://www.icco.org/november-2025-quarterly-bulletin-of-cocoa-statistics/?s=
[FULL_34_ICCO] t=  18.6s | pag= 20 | files=  16 | data=  6 | cola=  68 | prio=10 | https://www.icco.org/cocoa-market-report-for-october-2025/?s=
[FULL_34_ICCO] t=  19.1s | pag= 21 | files=  16 | data=  6 | cola=  67 | prio=10 | https://www.icco.org/cocoa-market-report-for-september-2025/?s=
[FULL_34_ICCO] t=  19.6s | pag= 22 | files=  16 | data=  6 | cola=  66 | prio=10 | https://www.icco.org/cocoa-market-report-for-august-2025/?s=
[FULL_34_ICCO] t=  20.2s | pag= 23 | files=  16 | data=  6 | cola=  65 | prio=10 | https://www.icco.org/icco-documentation/annual-reports-test/?s=
[FULL_34_ICCO] t=  20.9s | pag= 24 | files=  16 | data=  6 | cola=  64 | prio=10 | https://www.icco.org/icco-documentation/icco-publications/?s=
[FULL_34_ICCO] DATASETS=7 | exportable_data_page | https://www.icco.org/icco-documentation/icco-publications/?s=
[FULL_34_ICCO] t=  21.3s | pag= 25 | files=  16 | data=  7 | cola=  63 | prio=50 | https://www.icco.org/consultative-board/
[FULL_34_ICCO] t=  23.7s | pag= 26 | files=  16 | data=  7 | cola=  64 | prio=50 | https://www.icco.org/member-area/
[FULL_34_ICCO] t=  25.0s | pag= 27 | files=  16 | data=  7 | cola=  63 | prio=50 | https://www.icco.org/my-account/
[FULL_34_ICCO] t=  26.0s | pag= 28 | files=  16 | data=  7 | cola=  64 | prio=50 | https://www.icco.org/cart/
[FULL_34_ICCO] t=  27.1s | pag= 29 | files=  16 | data=  7 | cola=  64 | prio=50 | https://www.icco.org/who-we-are/
[FULL_34_ICCO] t=  27.4s | pag= 30 | files=  16 | data=  7 | cola=  65 | prio=50 | https://www.icco.org/who-we-are/governance/
[FULL_34_ICCO] t=  28.2s | pag= 31 | files=  17 | data=  7 | cola=  66 | prio=50 | https://icco.org/who-we-are/governance/
[FULL_34_ICCO] t=  28.8s | pag= 31 | files=  17 | data=  7 | cola=  65 | prio=50 | https://www.icco.org/who-we-are/agreements/
[FULL_34_ICCO] t=  30.9s | pag= 32 | files=  20 | data=  7 | cola=  79 | prio=10 | https://icco.org/about-us/international-cocoa-agreements/doc_download/251-arabic-international-cocoa-agreement-2010.html
[FULL_34_ICCO] t=  32.2s | pag= 32 | files=  20 | data=  7 | cola=  78 | prio=10 | https://icco.org/about-us/international-cocoa-agreements/doc_download/250-chinese-international-cocoa-agreement-2010.html
[FULL_34_ICCO] t=  34.8s | pag= 32 | files=  20 | data=  7 | cola=  77 | prio=10 | https://icco.org/about-us/international-cocoa-agreements/doc_download/6-english-2010-international-cocoa-agreement.html
[FULL_34_ICCO] t=  37.5s | pag= 32 | files=  20 | data=  7 | cola=  76 | prio=10 | https://icco.org/about-us/international-cocoa-agreements/doc_download/7-french-2010-international-cocoa-agreement.html
[FULL_34_ICCO] t=  40.0s | pag= 32 | files=  20 | data=  7 | cola=  75 | prio=10 | https://icco.org/about-us/international-cocoa-agreements/doc_download/8-russian-2010-international-cocoa-agreement.html
[FULL_34_ICCO] t=  42.5s | pag= 32 | files=  20 | data=  7 | cola=  74 | prio=10 | https://icco.org/about-us/international-cocoa-agreements/doc_download/9-spanish-2010-international-cocoa-agreement.html
[FULL_34_ICCO] t=  45.0s | pag= 32 | files=  20 | data=  7 | cola=  73 | prio=10 | https://icco.org/about-us/international-cocoa-agreements/doc_download/2-english-2001-international-cocoa-agreement.html
[FULL_34_ICCO] t=  47.4s | pag= 32 | files=  20 | data=  7 | cola=  72 | prio=10 | https://icco.org/about-us/international-cocoa-agreements/doc_download/3-french-2001-international-cocoa-agreement.html
[FULL_34_ICCO] t=  50.1s | pag= 32 | files=  20 | data=  7 | cola=  71 | prio=10 | https://icco.org/about-us/international-cocoa-agreements/doc_download/4-russian-2001-international-cocoa-agreement.html
[FULL_34_ICCO] t=  52.7s | pag= 32 | files=  20 | data=  7 | cola=  70 | prio=10 | https://icco.org/about-us/international-cocoa-agreements/doc_download/5-spanish-2001-international-cocoa-agreement.html
[FULL_34_ICCO] t=  55.2s | pag= 32 | files=  20 | data=  7 | cola=  69 | prio=10 | https://icco.org/about-us/international-cocoa-agreements/doc_download/10-english-1993-international-cocoa-agreement.html
[FULL_34_ICCO] t=  57.8s | pag= 32 | files=  20 | data=  7 | cola=  68 | prio=10 | https://icco.org/about-us/international-cocoa-agreements/doc_download/11-french-1993-international-cocoa-agreement.html
[FULL_34_ICCO] t=  60.2s | pag= 32 | files=  20 | data=  7 | cola=  67 | prio=10 | https://icco.org/about-us/international-cocoa-agreements/doc_download/12-russian-1993-international-cocoa-agreement.html
[FULL_34_ICCO] t=  63.0s | pag= 32 | files=  20 | data=  7 | cola=  66 | prio=10 | https://icco.org/about-us/international-cocoa-agreements/doc_download/13-spanish-1993-international-cocoa-agreement.html
[FULL_34_ICCO] t=  66.6s | pag= 32 | files=  20 | data=  7 | cola=  65 | prio=50 | https://icco.org/about-us/agreements/
[FULL_34_ICCO] t=  69.1s | pag= 32 | files=  20 | data=  7 | cola=  64 | prio=50 | https://www.icco.org/who-we-are/membership/
[FULL_34_ICCO] t=  70.8s | pag= 33 | files=  20 | data=  7 | cola=  64 | prio=50 | https://icco.org/about-us/membership/
[FULL_34_ICCO] t=  72.3s | pag= 33 | files=  20 | data=  7 | cola=  63 | prio=50 | https://www.icco.org/economy/
[FULL_34_ICCO] t=  74.2s | pag= 34 | files=  20 | data=  7 | cola=  67 | prio=10 | https://www.icco.org/shop/quarterly-bulletin-of-cocoa-statistics-english/
[FULL_34_ICCO] t=  74.6s | pag= 35 | files=  20 | data=  7 | cola=  72 | prio=10 | https://icco.org/february-2020-quarterly-bulletin-of-cocoa-statistics/
[FULL_34_ICCO] DATASETS=8 | data_html_table | https://www.icco.org/february-2020-quarterly-bulletin-of-cocoa-statistics/
[FULL_34_ICCO] t=  75.3s | pag= 36 | files=  20 | data=  8 | cola=  72 | prio=10 | https://www.icco.org/shop/quarterly-bulletin-of-cocoa-statistics-english/?s=
[FULL_34_ICCO] t=  75.8s | pag= 37 | files=  20 | data=  8 | cola=  71 | prio=10 | https://www.icco.org/shop/boletin-estadisticas-cacao/
[FULL_34_ICCO] t=  76.5s | pag= 38 | files=  20 | data=  8 | cola=  71 | prio=10 | https://www.icco.org/shop/25-26-icco-publications-annual-subscription/
[FULL_34_ICCO] t=  77.0s | pag= 39 | files=  20 | data=  8 | cola=  71 | prio=10 | https://www.icco.org/shop/bulletin-statistiques-cacao/
[FULL_34_ICCO] t=  77.3s | pag= 40 | files=  20 | data=  8 | cola=  71 | prio=10 | https://www.icco.org/shop/quarterly-bulletin-of-cocoa-statistics-russian/
[FULL_34_ICCO] t=  77.8s | pag= 41 | files=  20 | data=  8 | cola=  71 | prio=10 | https://www.icco.org/february-2020-quarterly-bulletin-of-cocoa-statistics/?s=
[FULL_34_ICCO] t=  78.4s | pag= 42 | files=  20 | data=  8 | cola=  70 | prio=10 | https://www.icco.org/shop/boletin-estadisticas-cacao/?s=
[FULL_34_ICCO] t=  79.0s | pag= 43 | files=  20 | data=  8 | cola=  69 | prio=10 | https://www.icco.org/shop/25-26-icco-publications-annual-subscription/?s=
[FULL_34_ICCO] t=  79.5s | pag= 44 | files=  20 | data=  8 | cola=  68 | prio=10 | https://www.icco.org/shop/bulletin-statistiques-cacao/?s=
[FULL_34_ICCO] t=  80.1s | pag= 45 | files=  20 | data=  8 | cola=  67 | prio=10 | https://www.icco.org/shop/quarterly-bulletin-of-cocoa-statistics-russian/?s=
[FULL_34_ICCO] t=  80.6s | pag= 46 | files=  20 | data=  8 | cola=  66 | prio=50 | https://www.icco.org/projects/
[FULL_34_ICCO] t=  81.5s | pag= 47 | files=  20 | data=  8 | cola=  90 | prio=10 | https://www.icco.org/cocoa-of-excellence-promoting-diverse-high-quality-cocoa-origins/
[FULL_34_ICCO] t=  81.8s | pag= 48 | files=  21 | data=  8 | cola=  91 | prio=10 | https://www.icco.org/caribbean-cocoa-renaissance-improving-cocoa-quality-and-market-access-with-cocoa-of-excellence-coex/
[FULL_34_ICCO] DATASETS=9 | data_html_table | https://www.icco.org/caribbean-cocoa-renaissance-improving-cocoa-quality-and-market-access-with-cocoa-of-excellence-coex/
[FULL_34_ICCO] t=  82.4s | pag= 49 | files=  21 | data=  9 | cola=  91 | prio=10 | https://www.icco.org/cocoa-of-excellence-promoting-diverse-high-quality-cocoa-origins/?s=
[FULL_34_ICCO] t=  83.0s | pag= 50 | files=  21 | data=  9 | cola=  90 | prio=10 | https://www.icco.org/caribbean-cocoa-renaissance-improving-cocoa-quality-and-market-access-with-cocoa-of-excellence-coex/?s=
[FULL_34_ICCO] t=  83.6s | pag= 51 | files=  21 | data=  9 | cola=  89 | prio=50 | https://www.icco.org/growing-cocoa/
[FULL_34_ICCO] t=  84.5s | pag= 52 | files=  21 | data=  9 | cola=  90 | prio=50 | https://www.icco.org/harvesting-post-harvest-new/
[FULL_34_ICCO] t=  84.9s | pag= 53 | files=  21 | data=  9 | cola=  90 | prio=50 | https://www.icco.org/processing-cocoa/
[FULL_34_ICCO] t=  85.3s | pag= 54 | files=  21 | data=  9 | cola=  90 | prio=50 | https://www.icco.org/trading-shipping/
[FULL_34_ICCO] t=  86.1s | pag= 55 | files=  21 | data=  9 | cola=  90 | prio=50 | https://www.icco.org/health/
[FULL_34_ICCO] t=  86.5s | pag= 56 | files=  21 | data=  9 | cola=  90 | prio=50 | https://www.icco.org/chocolate-industry/
[FULL_34_ICCO] t=  86.9s | pag= 57 | files=  21 | data=  9 | cola=  90 | prio=50 | https://www.icco.org/fine-or-flavor-cocoa/
[FULL_34_ICCO] t=  87.4s | pag= 58 | files=  35 | data=  9 | cola=  93 | prio=50 | https://www.icco.org/pests-diseases/
[FULL_34_ICCO] t=  87.9s | pag= 59 | files=  35 | data=  9 | cola=  93 | prio=50 | https://www.icco.org/cocoa-sustainability-initiatives-landscape/
[FULL_34_ICCO] t=  88.3s | pag= 60 | files=  35 | data=  9 | cola=  93 | prio=50 | https://www.icco.org/faq/
[FULL_34_ICCO] t=  88.9s | pag= 61 | files=  35 | data=  9 | cola=  94 | prio=50 | https://www.icco.org/icco-documentation/
[FULL_34_ICCO] t=  89.5s | pag= 62 | files=  45 | data=  9 | cola= 102 | prio=50 | https://www.icco.org/icco-documentation/world-cocoa-conference-2018-berlin/
[FULL_34_ICCO] t=  90.1s | pag= 63 | files=  86 | data=  9 | cola= 102 | prio=50 | https://www.icco.org/icco-documentation/world-cocoa-conference-2016-bavaro/
[FULL_34_ICCO] t=  90.9s | pag= 64 | files= 139 | data=  9 | cola= 102 | prio=50 | https://www.icco.org/icco-documentation/world-cocoa-conference-amsterdam-2014/
[FULL_34_ICCO] t=  91.3s | pag= 65 | files= 202 | data=  9 | cola= 102 | prio=50 | https://www.icco.org/icco-documentation/world-cocoa-conference-2012-abidjan/
[FULL_34_ICCO] t=  91.7s | pag= 66 | files= 290 | data=  9 | cola= 102 | prio=50 | https://icco.org/icco-documentation/international-cocoa-symposium-2017/
[FULL_34_ICCO] t=  92.8s | pag= 67 | files= 369 | data=  9 | cola= 103 | prio=50 | https://www.icco.org/icco-documentation/pesticide-use-in-cocoa-practial-manual-fourth-edition/
[FULL_34_ICCO] t=  93.2s | pag= 68 | files= 371 | data=  9 | cola= 104 | prio=10 | https://www.icco.org/guide-pesticide-eng-v10/
[FULL_34_ICCO] t=  94.0s | pag= 68 | files= 371 | data=  9 | cola= 103 | prio=50 | https://www.icco.org/icco-documentation/world-cocoa-directory-2019-20/
[FULL_34_ICCO] t=  95.8s | pag= 69 | files= 372 | data=  9 | cola= 104 | prio=50 | https://www.icco.org/icco-documentation/cocoa-market-review/
[FULL_34_ICCO] t=  96.2s | pag= 70 | files= 373 | data=  9 | cola= 104 | prio=50 | https://www.icco.org/icco-documentation/proceedings-of-the-international-symposium-on-cocoa-research-2022/
[FULL_34_ICCO] t=  96.8s | pag= 71 | files= 374 | data=  9 | cola= 104 | prio=50 | https://www.icco.org/icco-documentation/icco-agreements-and-their-history/
[FULL_34_ICCO] t=  97.4s | pag= 72 | files= 397 | data=  9 | cola= 107 | prio=50 | https://www.icco.org/icco-documentation/projects/
[FULL_34_ICCO] t=  98.3s | pag= 72 | files= 397 | data=  9 | cola= 106 | prio=50 | https://www.icco.org/shop/
[FULL_34_ICCO] t= 100.0s | pag= 73 | files= 397 | data=  9 | cola= 112 | prio=10 | https://www.icco.org/shop/customized-data-services-15-years-of-data/
[FULL_34_ICCO] t= 100.6s | pag= 74 | files= 397 | data=  9 | cola= 114 | prio=10 | https://www.icco.org/shop/historical-cocoa-prices-data-access-pre-2024/
[FULL_34_ICCO] t= 101.1s | pag= 75 | files= 397 | data=  9 | cola= 115 | prio=10 | https://www.icco.org/shop/icco-monthly-report-annual-subscription/
[FULL_34_ICCO] t= 101.6s | pag= 76 | files= 397 | data=  9 | cola= 116 | prio=10 | https://www.icco.org/shop/customized-data-services-15-years-of-data/?s=
[FULL_34_ICCO] t= 102.1s | pag= 77 | files= 397 | data=  9 | cola= 115 | prio=10 | https://www.icco.org/shop/customized-data-services-15-years-of-data/?add-to-cart=28838
[FULL_34_ICCO] t= 104.2s | pag= 77 | files= 397 | data=  9 | cola= 114 | prio=10 | https://www.icco.org/shop/historical-cocoa-prices-data-access-pre-2024/?s=
[FULL_34_ICCO] t= 106.4s | pag= 78 | files= 397 | data=  9 | cola= 113 | prio=10 | https://www.icco.org/shop/historical-cocoa-prices-data-access-pre-2024/?add-to-cart=28841
[FULL_34_ICCO] t= 108.1s | pag= 78 | files= 397 | data=  9 | cola= 112 | prio=10 | https://www.icco.org/shop/icco-monthly-report-annual-subscription/?s=
[FULL_34_ICCO] t= 110.3s | pag= 79 | files= 397 | data=  9 | cola= 111 | prio=10 | https://www.icco.org/categorie-produit/monthly-reports/
[FULL_34_ICCO] t= 111.6s | pag= 80 | files= 397 | data=  9 | cola= 112 | prio=10 | https://www.icco.org/categorie-produit/monthly-reports/?s=
[FULL_34_ICCO] t= 113.0s | pag= 81 | files= 397 | data=  9 | cola= 112 | prio=10 | https://www.icco.org/categorie-produit/monthly-reports/?add-to-cart=28732
[FULL_34_ICCO] t= 114.7s | pag= 81 | files= 397 | data=  9 | cola= 111 | prio=10 | https://www.icco.org/categorie-produit/monthly-reports/?add-to-cart=28732&s=
[FULL_34_ICCO] t= 117.2s | pag= 82 | files= 397 | data=  9 | cola= 110 | prio=50 | https://www.icco.org/?s=
[FULL_34_ICCO] t= 118.3s | pag= 83 | files= 397 | data=  9 | cola= 109 | prio=50 | https://www.icco.org/united-nations-cocoa-conference-2026-geneva-switzerland/
[FULL_34_ICCO] t= 119.4s | pag= 84 | files= 397 | data=  9 | cola= 110 | prio=50 | https://www.icco.org/world-cocoa-bean-stocks-for-the-2024-25-season/
[FULL_34_ICCO] t= 120.5s | pag= 85 | files= 397 | data=  9 | cola= 110 | prio=50 | https://www.icco.org/relaunch-of-the-call-for-bids-to-host-the-6th-world-cocoa-conference-wcc-2027/
[FULL_34_ICCO] t= 121.6s | pag= 86 | files= 397 | data=  9 | cola= 111 | prio=50 | https://icco.org/about-us/who-we-are/
[FULL_34_ICCO] t= 123.4s | pag= 86 | files= 397 | data=  9 | cola= 110 | prio=50 | https://icco.org/icco-documentation/icco-agreements-and-their-history/
[FULL_34_ICCO] t= 126.1s | pag= 86 | files= 397 | data=  9 | cola= 109 | prio=50 | https://www.icco.org/international-cocoa-research-symposium-draws-500-attendees-to-lima-peru/
[FULL_34_ICCO] t= 128.7s | pag= 87 | files= 397 | data=  9 | cola= 145 | prio=10 | https://icco.org/about-us/international-cocoa-agreements/doc_download/3088-mireille-ndoungue.html
[FULL_34_ICCO] t= 129.9s | pag= 87 | files= 397 | data=  9 | cola= 144 | prio=10 | https://icco.org/about-us/international-cocoa-agreements/doc_download/3091-henry-kwame-dzahini-obiatey.html
[FULL_34_ICCO] t= 132.6s | pag= 87 | files= 397 | data=  9 | cola= 143 | prio=10 | https://icco.org/about-us/international-cocoa-agreements/doc_download/3092-wilbert-phillips-mora.html
[FULL_34_ICCO] t= 135.0s | pag= 87 | files= 397 | data=  9 | cola= 142 | prio=10 | https://icco.org/about-us/international-cocoa-agreements/doc_download/3093-rolando-ri-os-ruiz.html
[FULL_34_ICCO] t= 137.9s | pag= 87 | files= 397 | data=  9 | cola= 141 | prio=10 | https://icco.org/about-us/international-cocoa-agreements/doc_download/3094-yeirme-jaimes-suarez.html
[FULL_34_ICCO] t= 140.7s | pag= 87 | files= 397 | data=  9 | cola= 140 | prio=10 | https://icco.org/about-us/international-cocoa-agreements/doc_download/3095-mariela-leandro-munoz.html
[FULL_34_ICCO] t= 143.5s | pag= 87 | files= 397 | data=  9 | cola= 139 | prio=10 | https://icco.org/about-us/international-cocoa-agreements/doc_download/3096-oscar-cabezas-huayllas.html
[FULL_34_ICCO] t= 146.1s | pag= 87 | files= 397 | data=  9 | cola= 138 | prio=10 | https://icco.org/about-us/international-cocoa-agreements/doc_download/3097-pierre-w-n-guessan.html
[FULL_34_ICCO] t= 148.7s | pag= 87 | files= 397 | data=  9 | cola= 137 | prio=10 | https://icco.org/about-us/international-cocoa-agreements/doc_download/3098-richard-adu-acheampong.html
[FULL_34_ICCO] t= 151.3s | pag= 87 | files= 397 | data=  9 | cola= 136 | prio=10 | https://icco.org/about-us/international-cocoa-agreements/doc_download/3099-darin-sukha.html
[FULL_34_ICCO] t= 154.2s | pag= 87 | files= 397 | data=  9 | cola= 135 | prio=10 | https://icco.org/about-us/international-cocoa-agreements/doc_download/3100-julia-baumgartner-and-david-contreras.html
[FULL_34_ICCO] t= 157.4s | pag= 87 | files= 397 | data=  9 | cola= 134 | prio=10 | https://icco.org/about-us/international-cocoa-agreements/doc_download/3101-carla-martin.html
[FULL_34_ICCO] t= 159.8s | pag= 87 | files= 397 | data=  9 | cola= 133 | prio=10 | https://icco.org/about-us/international-cocoa-agreements/doc_download/3102-christina-rohsius.html
[FULL_34_ICCO] t= 162.6s | pag= 87 | files= 397 | data=  9 | cola= 132 | prio=10 | https://icco.org/about-us/international-cocoa-agreements/doc_download/3103-zoe-deuscher.html
[FULL_34_ICCO] t= 165.4s | pag= 87 | files= 397 | data=  9 | cola= 131 | prio=10 | https://icco.org/about-us/international-cocoa-agreements/doc_download/3104-ines-drouault.html
[FULL_34_ICCO] t= 168.2s | pag= 87 | files= 397 | data=  9 | cola= 130 | prio=10 | https://icco.org/about-us/international-cocoa-agreements/doc_download/3105-elsa-hegman.html
[FULL_34_ICCO] t= 171.1s | pag= 87 | files= 397 | data=  9 | cola= 129 | prio=10 | https://icco.org/about-us/international-cocoa-agreements/doc_download/3106-noemie-fayeulle.html
[FULL_34_ICCO] t= 173.8s | pag= 87 | files= 397 | data=  9 | cola= 128 | prio=10 | https://icco.org/about-us/international-cocoa-agreements/doc_download/3107-renaud-boulanger.html
[FULL_34_ICCO] t= 176.8s | pag= 87 | files= 397 | data=  9 | cola= 127 | prio=10 | https://icco.org/about-us/international-cocoa-agreements/doc_download/3108-joel-allainguillaume.html
[FULL_34_ICCO] t= 179.5s | pag= 87 | files= 397 | data=  9 | cola= 126 | prio=10 | https://icco.org/about-us/international-cocoa-agreements/doc_download/3109-juzhong-tan.html
[FULL_34_ICCO] t= 182.3s | pag= 87 | files= 397 | data=  9 | cola= 125 | prio=10 | https://icco.org/about-us/international-cocoa-agreements/doc_download/3110-naailah-ali.html
[FULL_34_ICCO] t= 185.4s | pag= 87 | files= 397 | data=  9 | cola= 124 | prio=10 | https://icco.org/about-us/international-cocoa-agreements/doc_download/3111-wiebke-niether.html
[FULL_34_ICCO] t= 188.0s | pag= 87 | files= 397 | data=  9 | cola= 123 | prio=10 | https://icco.org/about-us/international-cocoa-agreements/doc_download/3112-wiebke-niether.html
[FULL_34_ICCO] t= 191.2s | pag= 87 | files= 397 | data=  9 | cola= 122 | prio=10 | https://icco.org/about-us/international-cocoa-agreements/doc_download/3113-andrew-daymond.html
[FULL_34_ICCO] t= 193.8s | pag= 87 | files= 397 | data=  9 | cola= 121 | prio=10 | https://icco.org/about-us/international-cocoa-agreements/doc_download/3114-siela-maximova.html
[FULL_34_ICCO] t= 196.6s | pag= 87 | files= 397 | data=  9 | cola= 120 | prio=10 | https://icco.org/about-us/international-cocoa-agreements/doc_download/3123-henry-cordoba-novoa.html
[FULL_34_ICCO] t= 199.2s | pag= 87 | files= 397 | data=  9 | cola= 119 | prio=10 | https://icco.org/about-us/international-cocoa-agreements/doc_download/3115-monika-schneider.html
[FULL_34_ICCO] t= 201.9s | pag= 87 | files= 397 | data=  9 | cola= 118 | prio=10 | https://icco.org/about-us/international-cocoa-agreements/doc_download/3116-enrique-arevalo-gardini.html
[FULL_34_ICCO] t= 204.7s | pag= 87 | files= 397 | data=  9 | cola= 117 | prio=10 | https://icco.org/about-us/international-cocoa-agreements/doc_download/3117-olivier-deheuvels.html
[FULL_34_ICCO] t= 207.4s | pag= 87 | files= 397 | data=  9 | cola= 116 | prio=10 | https://icco.org/about-us/international-cocoa-agreements/doc_download/3118-gideon-ramtahal.html
[FULL_34_ICCO] t= 210.2s | pag= 87 | files= 397 | data=  9 | cola= 115 | prio=10 | https://icco.org/about-us/international-cocoa-agreements/doc_download/3328-schneider-cadmium-availability-and-uptake-in-4-cocoa-production-systems-in-bolivia.html
[FULL_34_ICCO] t= 213.0s | pag= 87 | files= 397 | data=  9 | cola= 114 | prio=10 | https://icco.org/about-us/international-cocoa-agreements/doc_download/3119-caleb-lewis.html
[FULL_34_ICCO] t= 215.9s | pag= 87 | files= 397 | data=  9 | cola= 113 | prio=10 | https://icco.org/about-us/international-cocoa-agreements/doc_download/3120-jayne-crozier.html
[FULL_34_ICCO] t= 218.8s | pag= 87 | files= 397 | data=  9 | cola= 112 | prio=10 | https://icco.org/about-us/international-cocoa-agreements/doc_download/3121-reinhard-matissek.html
[FULL_34_ICCO] t= 221.5s | pag= 87 | files= 397 | data=  9 | cola= 111 | prio=10 | https://icco.org/about-us/international-cocoa-agreements/doc_download/3122-jeimmy-caceres-zambrano.html
[FULL_34_ICCO] t= 224.1s | pag= 87 | files= 397 | data=  9 | cola= 110 | prio=50 | https://www.icco.org/category/workshop-seminars/
[FULL_34_ICCO] t= 226.9s | pag= 88 | files= 397 | data=  9 | cola= 110 | prio=50 | https://www.icco.org/indonesia-hosts-cocoa-futures-market-and-econometrics-seminar-in-bali/
[FULL_34_ICCO] t= 228.1s | pag= 89 | files= 397 | data=  9 | cola= 110 | prio=50 | https://www.icco.org/attendees-praise-accra-project-preparation-seminar/
[FULL_34_ICCO] t= 229.2s | pag= 90 | files= 397 | data=  9 | cola= 110 | prio=50 | https://www.icco.org//feed/
[FULL_34_ICCO] t= 232.0s | pag= 90 | files= 397 | data=  9 | cola= 109 | prio=50 | https://icco.org/cookies-policy
[FULL_34_ICCO] t= 235.4s | pag= 91 | files= 397 | data=  9 | cola= 109 | prio=50 | https://icco.org/privacy-policy/
[FULL_34_ICCO] t= 237.0s | pag= 92 | files= 398 | data=  9 | cola= 109 | prio=50 | https://www.icco.org/world-cocoa-conference-2024-brussels-declaration/
[FULL_34_ICCO] t= 238.3s | pag= 93 | files= 398 | data=  9 | cola= 109 | prio=50 | https://icco.org/categorie-produit/qbcs/
[FULL_34_ICCO] t= 239.8s | pag= 94 | files= 398 | data=  9 | cola= 109 | prio=50 | https://www.icco.org/icco-documentation/cocoa-market-outlook-conference-2016/
[FULL_34_ICCO] t= 241.1s | pag= 95 | files= 410 | data=  9 | cola= 109 | prio=50 | https://www.icco.org/icco-documentation/cocoa-market-outlook-conference-september-2015/
[FULL_34_ICCO] t= 242.5s | pag= 96 | files= 425 | data=  9 | cola= 108 | prio=50 | https://www.icco.org/icco-documentation/international-cocoa-symposium-2017/international-cocoa-symposium-2017-proceedings/
[FULL_34_ICCO] t= 244.0s | pag= 97 | files= 577 | data=  9 | cola= 108 | prio=50 | https://www.icco.org/icco-documentation/international-cocoa-council-and-subsidiary-bodies/
[FULL_34_ICCO] t= 244.7s | pag= 97 | files= 577 | data=  9 | cola= 107 | prio=50 | https://www.icco.org//shop
[FULL_34_ICCO] t= 248.3s | pag= 97 | files= 577 | data=  9 | cola= 106 | prio=50 | https://www.icco.org/register/
[FULL_34_ICCO] t= 250.8s | pag= 98 | files= 577 | data=  9 | cola= 107 | prio=50 | https://www.icco.org/password-reset/
[FULL_34_ICCO] t= 252.0s | pag= 99 | files= 577 | data=  9 | cola= 107 | prio=50 | https://www.icco.org/my-account/?s=
[FULL_34_ICCO] t= 253.0s | pag=100 | files= 577 | data=  9 | cola= 106 | prio=50 | https://www.icco.org/my-account/lost-password/
[FULL_34_ICCO] t= 254.1s | pag=101 | files= 577 | data=  9 | cola= 106 | prio=50 | https://www.icco.org/cart/?s=
[FULL_34_ICCO] DATASETS=10 | data_html_table | https://www.icco.org/cart/?s=
[FULL_34_ICCO] t= 255.2s | pag=102 | files= 577 | data= 10 | cola= 109 | prio=50 | https://www.icco.org/who-we-are/?s=
[FULL_34_ICCO] t= 256.1s | pag=103 | files= 577 | data= 10 | cola= 108 | prio=50 | https://icco.org/icco-documentation/world-cocoa-conference-2012-abidjan/
[FULL_34_ICCO] t= 257.8s | pag=103 | files= 577 | data= 10 | cola= 107 | prio=50 | https://www.icco.org/who-we-are/governance/?s=
[FULL_34_ICCO] t= 260.3s | pag=104 | files= 577 | data= 10 | cola= 106 | prio=50 | https://www.icco.org/who-we-are/agreements/?s=
[FULL_34_ICCO] t= 261.5s | pag=105 | files= 577 | data= 10 | cola= 105 | prio=50 | https://www.icco.org/who-we-are/membership/?s=
[FULL_34_ICCO] t= 262.6s | pag=106 | files= 577 | data= 10 | cola= 104 | prio=50 | https://www.icco.org/economy/?s=
[FULL_34_ICCO] t= 263.7s | pag=107 | files= 577 | data= 10 | cola= 103 | prio=50 | https://icco.org/icco-response-to-the-eu-initiative-on-stepping-up-action-against-deforestation-and-forest-degradation-2/
[FULL_34_ICCO] t= 265.1s | pag=108 | files= 577 | data= 10 | cola= 104 | prio=50 | https://icco.org/growing-cocoa/fine-or-flavor-cocoa/
[FULL_34_ICCO] t= 267.1s | pag=108 | files= 577 | data= 10 | cola= 102 | prio=50 | https://www.icco.org/projects/?s=
[FULL_34_ICCO] t= 269.6s | pag=109 | files= 577 | data= 10 | cola= 101 | prio=50 | https://www.icco.org/integrated-management-of-cocoa-pests-and-pathogens/
[FULL_34_ICCO] t= 271.0s | pag=110 | files= 578 | data= 10 | cola= 101 | prio=50 | https://www.icco.org/capacity-building-on-price-risk-management-strategy-for-cocoa-smallholder-farmers-in-africa-2/
[FULL_34_ICCO] t= 272.1s | pag=111 | files= 579 | data= 10 | cola= 101 | prio=50 | https://www.icco.org/cocoasafe-capacity-building-and-knowledge-sharing-in-sps-and-food-safety-in-cocoa-in-south-east-asia-3/
[FULL_34_ICCO] t= 273.2s | pag=112 | files= 580 | data= 10 | cola= 101 | prio=50 | https://www.icco.org/sps-capacity-building-in-africa-to-mitigate-the-harmful-effects-of-pesticides-residues-in-cocoa-and-to-maintain-market-access-2/
[FULL_34_ICCO] t= 274.4s | pag=113 | files= 581 | data= 11 | cola= 101 | prio=50 | https://www.icco.org/feasbility-study-on-opportunities-in-organic-cocoa-production-in-africa/
[FULL_34_ICCO] t= 275.5s | pag=114 | files= 582 | data= 11 | cola= 101 | prio=50 | https://www.icco.org/cocoa-productivity-and-quality-improvement-a-participatory-approach/
[FULL_34_ICCO] t= 276.7s | pag=115 | files= 583 | data= 11 | cola= 101 | prio=50 | https://www.icco.org/capacity-building-programme-on-pesticides-residues-and-other-harmful-substances-in-cocoa-in-africa/
[FULL_34_ICCO] t= 277.8s | pag=116 | files= 584 | data= 11 | cola= 101 | prio=50 | https://www.icco.org/host-plant-resistance-for-sustainable-cocoa-pod-borer-management/
[FULL_34_ICCO] t= 279.0s | pag=117 | files= 585 | data= 11 | cola= 101 | prio=50 | https://www.icco.org/supply-chain-management-for-total-quality-cocoa-pilot-phase/
[FULL_34_ICCO] t= 280.0s | pag=118 | files= 586 | data= 11 | cola= 101 | prio=50 | https://www.icco.org/pilot-project-on-price-risk-management-for-cocoa-farmers/
[FULL_34_ICCO] t= 281.1s | pag=119 | files= 587 | data= 11 | cola= 101 | prio=50 | https://www.icco.org/preventing-and-managing-the-global-spread-of-cocoa-pests-and-pathogens-lessons-from-the-witches-broom-disease-of-cocoa/
[FULL_34_ICCO] t= 282.2s | pag=120 | files= 588 | data= 11 | cola= 101 | prio=50 | https://www.icco.org/study-of-the-chemical-physical-and-organoleptic-parameters-to-establish-the-difference-between-fine-and-bulk-cocoa/
[FULL_34_ICCO] t= 283.3s | pag=121 | files= 589 | data= 11 | cola= 101 | prio=50 | https://www.icco.org/the-use-of-molecular-biology-techniques-in-a-search-for-varieties-resistant-to-witches-broom-disease-of-cocoa/
[FULL_34_ICCO] t= 284.4s | pag=122 | files= 590 | data= 11 | cola= 101 | prio=50 | https://www.icco.org/improvement-of-cocoa-marketing-and-trade-in-liberalizing-cocoa-producing-countries/
[FULL_34_ICCO] t= 285.6s | pag=123 | files= 591 | data= 12 | cola= 101 | prio=50 | https://www.icco.org/cocoa-germplasm-utilization-and-conservation-a-global-approach/
[FULL_34_ICCO] t= 286.7s | pag=124 | files= 592 | data= 12 | cola= 101 | prio=50 | https://www.icco.org/project-on-pilot-plants-for-the-processing-of-cocoa-by-products-in-ghana/
[FULL_34_ICCO] t= 287.9s | pag=125 | files= 593 | data= 12 | cola= 101 | prio=50 | https://www.icco.org/feasibility-study-on-the-generic-promotion-of-cocoa-consumption-in-the-russian-federation/
[FULL_34_ICCO] t= 288.7s | pag=126 | files= 594 | data= 12 | cola= 102 | prio=10 | https://www.icco.org/7-generic-promotion-of-cocoa-and-chocolate-russia-russian-version/
[FULL_34_ICCO] t= 289.8s | pag=126 | files= 595 | data= 12 | cola= 101 | prio=50 | https://www.icco.org/analysis-of-the-value-chain-in-cocoa-producing-countries/
[FULL_34_ICCO] t= 292.5s | pag=127 | files= 595 | data= 12 | cola= 101 | prio=50 | https://www.icco.org/cocoa-farm-model/
[FULL_34_ICCO] t= 293.8s | pag=128 | files= 599 | data= 12 | cola= 101 | prio=50 | https://www.icco.org/feasibility-of-payments-for-environmental-services-in-cocoa-farming/
[FULL_34_ICCO] t= 294.9s | pag=129 | files= 599 | data= 12 | cola= 101 | prio=50 | https://www.icco.org/transferring-technology-on-best-agricultural-practices-to-prevent-and-control-vascular-streak-dieback-vsd-and-phytophthora-pod-rot-ppr-diseases-of-cocoa/
[FULL_34_ICCO] t= 296.0s | pag=130 | files= 599 | data= 12 | cola= 101 | prio=50 | https://www.icco.org/improving-capacity-building-and-knowledge-sharing-to-support-management-of-cadmium-levels-in-cocoa-in-latin-america-and-the-caribbean/
[FULL_34_ICCO] t= 297.3s | pag=131 | files= 599 | data= 12 | cola= 101 | prio=50 | https://www.icco.org/category/projects/

[BATCH] TIMEOUT DE FUENTE
