================================================================================
CRAWLER V2
================================================================================
Fuente: Instituto Nacional de Estadística
URL configurada: https://www.ine.gob.bo
Timeout HTTP: 10 s
Pausa HTTP:   aleatoria 0.15s - 0.35s


Resolución de fuente:
  Original: https://www.ine.gob.bo
  Utilizada: https://www.ine.gob.bo/
  Fallback: sí
  Intentos: 1
    - usable         | HTTP=200 | https://www.ine.gob.bo/

URL de trabajo: https://www.ine.gob.bo/
Seeds: 1
Máx páginas: 200
Máx archivos: 20000
Máx profundidad: 6

[FULL_35_INE] t=   0.0s | pag=  0 | files=   0 | data=  0 | cola=   0 | prio= 0 | https://www.ine.gob.bo/
[FULL_35_INE] DATASETS=1 | data_chart | https://www.ine.gob.bo/
[FULL_35_INE] t=   1.8s | pag=  1 | files=   0 | data=  1 | cola= 141 | prio=10 | https://www.ine.gob.bo/index.php/bolivia/resena-historica/
[FULL_35_INE] t=   2.4s | pag=  2 | files=   0 | data=  1 | cola= 141 | prio=10 | https://www.ine.gob.bo/index.php/institucion/planificacion/planificacion-estrategica-pei/informes-de-gestion/
[FULL_35_INE] t=   3.1s | pag=  3 | files=   0 | data=  1 | cola= 144 | prio=10 | https://www.ine.gob.bo/index.php/bolivia/aspectos-historicos/
[FULL_35_INE] t=   4.0s | pag=  4 | files=   0 | data=  1 | cola= 143 | prio=10 | https://www.ine.gob.bo/index.php/institucion/planificacion/planificacion-operativa-poa/reportes-de-seguimiento-y-evaluacion-pei/
[FULL_35_INE] t=   4.9s | pag=  5 | files=   6 | data=  1 | cola= 144 | prio=10 | https://www.ine.gob.bo/index.php/institucion/planificacion/planificacion-operativa-poa/reportes-de-seguimiento-y-evaluacion-poa/
[FULL_35_INE] t=   5.7s | pag=  6 | files=   6 | data=  1 | cola= 144 | prio=10 | https://www.ine.gob.bo/index.php/estadisticas-economicas/
[FULL_35_INE] t=   6.5s | pag=  7 | files=   6 | data=  1 | cola= 153 | prio=10 | https://www.ine.gob.bo/index.php/estadisticas-economicas/pib-y-cuentas-nacionales/
[FULL_35_INE] t=   7.4s | pag=  8 | files=   6 | data=  1 | cola= 152 | prio=10 | https://www.ine.gob.bo/index.php/estadisticas-economicas/pib-y-cuentas-nacionales/producto-interno-bruto-anual/
[FULL_35_INE] t=   8.6s | pag=  9 | files=   6 | data=  1 | cola= 151 | prio=10 | https://www.ine.gob.bo/index.php/estadisticas-economicas/pib-y-cuentas-nacionales/producto-interno-bruto-anual/producto-interno-bruto-anual-intro/
[FULL_35_INE] DATASETS=2 | exportable_data_page | https://www.ine.gob.bo/index.php/estadisticas-economicas/pib-y-cuentas-nacionales/producto-interno-bruto-anual/producto-interno-bruto-anual-intro/
[FULL_35_INE] t=   9.4s | pag= 10 | files=   6 | data=  2 | cola= 164 | prio=10 | https://www.ine.gob.bo/index.php/estadisticas-economicas/pib-y-cuentas-nacionales/producto-interno-bruto-anual/oferta-final-y-demanda-final/
[FULL_35_INE] DATASETS=3 | exportable_data_page | https://www.ine.gob.bo/index.php/estadisticas-economicas/pib-y-cuentas-nacionales/producto-interno-bruto-anual/oferta-final-y-demanda-final/
[FULL_35_INE] t=  10.2s | pag= 11 | files=   6 | data=  3 | cola= 169 | prio=10 | https://www.ine.gob.bo/index.php/estadisticas-economicas/pib-y-cuentas-nacionales/producto-interno-bruto-anual/oferta-total-y-demanda-total/
[FULL_35_INE] DATASETS=4 | exportable_data_page | https://www.ine.gob.bo/index.php/estadisticas-economicas/pib-y-cuentas-nacionales/producto-interno-bruto-anual/oferta-total-y-demanda-total/
[FULL_35_INE] t=  11.0s | pag= 12 | files=   6 | data=  4 | cola= 174 | prio=10 | https://www.ine.gob.bo/index.php/estadisticas-economicas/pib-y-cuentas-nacionales/producto-interno-bruto-anual/valor-agregado-bruto-segun-actividad-economica/
[FULL_35_INE] DATASETS=5 | exportable_data_page | https://www.ine.gob.bo/index.php/estadisticas-economicas/pib-y-cuentas-nacionales/producto-interno-bruto-anual/valor-agregado-bruto-segun-actividad-economica/
[FULL_35_INE] t=  11.8s | pag= 13 | files=   6 | data=  5 | cola= 179 | prio=10 | https://www.ine.gob.bo/index.php/estadisticas-economicas/pib-y-cuentas-nacionales/producto-interno-bruto-anual/serie-historica-del-producto-interno-bruto/
[FULL_35_INE] DATASETS=6 | exportable_data_page | https://www.ine.gob.bo/index.php/estadisticas-economicas/pib-y-cuentas-nacionales/producto-interno-bruto-anual/serie-historica-del-producto-interno-bruto/
[FULL_35_INE] t=  12.7s | pag= 14 | files=   6 | data=  6 | cola= 182 | prio=10 | https://www.ine.gob.bo/index.php/estadisticas-economicas/pib-y-cuentas-nacionales/producto-interno-bruto-trimestral/producto-interno-bruto-trimestral-intro/
[FULL_35_INE] DATASETS=7 | exportable_data_page | https://www.ine.gob.bo/index.php/estadisticas-economicas/pib-y-cuentas-nacionales/producto-interno-bruto-trimestral/producto-interno-bruto-trimestral-intro/
[FULL_35_INE] t=  13.4s | pag= 15 | files=   6 | data=  7 | cola= 204 | prio=10 | https://www.ine.gob.bo/index.php/estadisticas-economicas/pib-y-cuentas-nacionales/producto-interno-bruto-departamental/
[FULL_35_INE] t=  14.2s | pag= 16 | files=   6 | data=  7 | cola= 203 | prio=10 | https://www.ine.gob.bo/index.php/estadisticas-economicas/pib-y-cuentas-nacionales/producto-interno-bruto-departamental/producto-interno-bruto-departamental-introduccion/
[FULL_35_INE] DATASETS=8 | exportable_data_page | https://www.ine.gob.bo/index.php/estadisticas-economicas/pib-y-cuentas-nacionales/producto-interno-bruto-departamental/producto-interno-bruto-departamental-introduccion/
[FULL_35_INE] t=  14.9s | pag= 17 | files=   6 | data=  8 | cola= 203 | prio=10 | https://www.ine.gob.bo/index.php/estadisticas-economicas/pib-y-cuentas-nacionales/producto-interno-bruto-departamental/producto-interno-bruto-departamental/
[FULL_35_INE] DATASETS=9 | exportable_data_page | https://www.ine.gob.bo/index.php/estadisticas-economicas/pib-y-cuentas-nacionales/producto-interno-bruto-departamental/producto-interno-bruto-departamental/
[FULL_35_INE] t=  15.6s | pag= 18 | files=   6 | data=  9 | cola= 253 | prio=10 | https://www.ine.gob.bo/index.php/estadisticas-economicas/pib-y-cuentas-nacionales/formacion-bruta-de-capital-fijo/
[FULL_35_INE] DATASETS=10 | exportable_data_page | https://www.ine.gob.bo/index.php/estadisticas-economicas/pib-y-cuentas-nacionales/formacion-bruta-de-capital-fijo/
[FULL_35_INE] t=  16.3s | pag= 19 | files=   6 | data= 10 | cola= 259 | prio=10 | https://www.ine.gob.bo/index.php/estadisticas-economicas/pib-y-cuentas-nacionales/cuentas-consolidadas-de-la-nacion/
[FULL_35_INE] t=  17.5s | pag= 20 | files=  10 | data= 11 | cola= 259 | prio=10 | https://www.ine.gob.bo/index.php/estadisticas-economicas/pib-y-cuentas-nacionales/cuadro-de-cuentas-economicas-integradas/
[FULL_35_INE] t=  18.2s | pag= 21 | files=  37 | data= 12 | cola= 259 | prio=10 | https://www.ine.gob.bo/index.php/estadisticas-economicas/pib-y-cuentas-nacionales/matrices/
[FULL_35_INE] t=  19.2s | pag= 22 | files=  37 | data= 12 | cola= 258 | prio=10 | https://www.ine.gob.bo/index.php/estadisticas-economicas/pib-y-cuentas-nacionales/matrices/matrices-introduccion/
[FULL_35_INE] t=  19.8s | pag= 23 | files=  38 | data= 13 | cola= 257 | prio=10 | https://www.ine.gob.bo/index.php/estadisticas-economicas/pib-y-cuentas-nacionales/matrices/matrices-de-formacion-bruta-de-capital-fijo/
[FULL_35_INE] t=  20.7s | pag= 24 | files=  65 | data= 14 | cola= 257 | prio=10 | https://www.ine.gob.bo/index.php/estadisticas-economicas/pib-y-cuentas-nacionales/matrices/matrices-de-insumo-producto/
[FULL_35_INE] t=  21.7s | pag= 25 | files= 118 | data= 15 | cola= 258 | prio=10 | https://www.ine.gob.bo/index.php/estadisticas-economicas/pib-y-cuentas-nacionales/matrices/matrices-de-produccion/
[FULL_35_INE] t=  22.4s | pag= 26 | files= 118 | data= 16 | cola= 309 | prio=10 | https://www.ine.gob.bo/index.php/estadisticas-economicas/pib-y-cuentas-nacionales/matrices/matrices-de-enclave/
[FULL_35_INE] t=  23.1s | pag= 27 | files= 118 | data= 17 | cola= 333 | prio=10 | https://www.ine.gob.bo/index.php/estadisticas-economicas/pib-y-cuentas-nacionales/matrices/matrices-de-transacciones/
[FULL_35_INE] t=  23.9s | pag= 28 | files= 118 | data= 18 | cola= 360 | prio=10 | https://www.ine.gob.bo/index.php/estadisticas-economicas/pib-y-cuentas-nacionales/cuentas-de-los-sectores-institucionales/
[FULL_35_INE] t=  24.7s | pag= 29 | files= 118 | data= 18 | cola= 359 | prio=10 | https://www.ine.gob.bo/index.php/estadisticas-economicas/pib-y-cuentas-nacionales/cuentas-de-los-sectores-institucionales/cuentas-de-los-sectores-institucionales-introduccion/
[FULL_35_INE] t=  25.3s | pag= 30 | files= 118 | data= 18 | cola= 358 | prio=10 | https://www.ine.gob.bo/index.php/estadisticas-economicas/pib-y-cuentas-nacionales/cuentas-de-los-sectores-institucionales/cuentas-de-la-administracion-publica/
[FULL_35_INE] t=  26.1s | pag= 31 | files= 130 | data= 19 | cola= 358 | prio=10 | https://www.ine.gob.bo/index.php/estadisticas-economicas/pib-y-cuentas-nacionales/cuentas-de-los-sectores-institucionales/cuentas-de-las-empresas-publicas-no-financieras/
[FULL_35_INE] t=  26.8s | pag= 32 | files= 133 | data= 20 | cola= 358 | prio=10 | https://www.ine.gob.bo/index.php/estadisticas-economicas/pib-y-cuentas-nacionales/cuentas-de-los-sectores-institucionales/cuentas-de-las-instituciones-financieras/
[FULL_35_INE] t=  27.6s | pag= 33 | files= 151 | data= 21 | cola= 358 | prio=10 | https://www.ine.gob.bo/index.php/estadisticas-economicas/pib-y-cuentas-nacionales/cuentas-de-los-sectores-institucionales/cuentas-de-los-hogares-y-sociedades-privadas-no-financieras/
[FULL_35_INE] t=  28.3s | pag= 34 | files= 154 | data= 22 | cola= 358 | prio=10 | https://www.ine.gob.bo/index.php/estadisticas-economicas/indice-global-de-actividad-economica-igae/
[FULL_35_INE] t=  29.4s | pag= 35 | files= 155 | data= 23 | cola= 362 | prio=10 | https://www.ine.gob.bo/index.php/estadisticas-economicas/comercio-exterior/estadisticas-basicas/
[FULL_35_INE] t=  30.1s | pag= 36 | files= 155 | data= 24 | cola= 386 | prio=10 | https://www.ine.gob.bo/index.php/estadisticas-economicas/hidrocarburos-mineria/hidrocarburos-cabie/
[FULL_35_INE] DATASETS=25 | data_chart | https://www.ine.gob.bo/index.php/estadisticas-economicas/hidrocarburos-mineria/hidrocarburos-cabie/
[FULL_35_INE] t=  30.9s | pag= 37 | files= 155 | data= 25 | cola= 395 | prio=10 | https://www.ine.gob.bo/index.php/estadisticas-economicas/industria-manufacturera-y-comercio/industria-manufacturera-y-comercio-cabie/
[FULL_35_INE] t=  31.6s | pag= 38 | files= 155 | data= 26 | cola= 405 | prio=10 | https://www.ine.gob.bo/index.php/estadisticas-economicas/construccion/produccion-venta-y-consumo-de-cemento-introduccion/
[FULL_35_INE] t=  32.3s | pag= 39 | files= 155 | data= 26 | cola= 410 | prio=10 | https://www.ine.gob.bo/index.php/estadisticas-economicas/servicios-basicos-cabie/
[FULL_35_INE] t=  33.0s | pag= 40 | files= 155 | data= 27 | cola= 414 | prio=10 | https://www.ine.gob.bo/index.php/estadisticas-economicas/agropecuaria/agricultura-introduccion/
[FULL_35_INE] t=  33.8s | pag= 41 | files= 155 | data= 27 | cola= 429 | prio=10 | https://www.ine.gob.bo/index.php/estadisticas-economicas/transportes/transporte-cabie/
[FULL_35_INE] t=  34.6s | pag= 42 | files= 155 | data= 28 | cola= 440 | prio=10 | https://www.ine.gob.bo/index.php/estadisticas-economicas/telecomunicaciones-cabie/
[FULL_35_INE] t=  35.4s | pag= 43 | files= 155 | data= 29 | cola= 445 | prio=10 | https://www.ine.gob.bo/index.php/estadisticas-economicas/turismo/estadisticas-de-flujo-de-viajeros-introduccion/
[FULL_35_INE] t=  36.3s | pag= 44 | files= 155 | data= 29 | cola= 455 | prio=10 | https://www.ine.gob.bo/index.php/estadisticas-economicas/salarios-remuneraciones-y-empleo-sector-publico-cabie/
[FULL_35_INE] t=  37.1s | pag= 45 | files= 155 | data= 30 | cola= 470 | prio=10 | https://www.ine.gob.bo/index.php/estadisticas-sociales/
[FULL_35_INE] t=  37.7s | pag= 46 | files= 155 | data= 30 | cola= 469 | prio=10 | https://www.ine.gob.bo/index.php/estadisticas-sociales/empleo-mercado-laboral/
[FULL_35_INE] t=  38.5s | pag= 47 | files= 155 | data= 30 | cola= 480 | prio=10 | https://www.ine.gob.bo/index.php/estadisticas-sociales/empleo-mercado-laboral/empleo-mercado-laboral-introduccion/
[FULL_35_INE] t=  39.2s | pag= 48 | files= 155 | data= 30 | cola= 479 | prio=10 | https://www.ine.gob.bo/index.php/estadisticas-sociales/empleo-mercado-laboral/encuesta-de-hogares/
[FULL_35_INE] t=  40.1s | pag= 49 | files= 155 | data= 31 | cola= 550 | prio=10 | https://www.ine.gob.bo/index.php/estadisticas-sociales/empleo-mercado-laboral/enna-cuadros-estadisticos/
[FULL_35_INE] t=  40.9s | pag= 50 | files= 155 | data= 32 | cola= 563 | prio=10 | https://www.ine.gob.bo/index.php/estadisticas-sociales/empleo-mercado-laboral/censos-de-poblacion-y-vivienda/
[FULL_35_INE] t=  41.7s | pag= 51 | files= 155 | data= 32 | cola= 573 | prio=10 | https://www.ine.gob.bo/index.php/estadisticas-sociales/vivienda-y-hogar/
[FULL_35_INE] t=  42.5s | pag= 52 | files= 155 | data= 32 | cola= 628 | prio=10 | https://www.ine.gob.bo/index.php/estadisticas-sociales/ciudadania/
[FULL_35_INE] t=  43.3s | pag= 53 | files= 155 | data= 32 | cola= 633 | prio=10 | https://www.ine.gob.bo/index.php/estadisticas-sociales/censos-discapacidad/
[FULL_35_INE] t=  44.2s | pag= 54 | files= 155 | data= 33 | cola= 635 | prio=10 | https://www.ine.gob.bo/index.php/estadisticas-economicas/pobreza-por-el-metodo-de-necesidades-basicas-insatisfechas/
[FULL_35_INE] t=  44.9s | pag= 55 | files= 155 | data= 33 | cola= 640 | prio=10 | https://www.ine.gob.bo/index.php/censos-y-banco-de-datos/
[FULL_35_INE] t=  45.6s | pag= 56 | files= 155 | data= 33 | cola= 639 | prio=10 | https://www.ine.gob.bo/index.php/censos-y-banco-de-datos/bases-de-datos/
[FULL_35_INE] t=  46.4s | pag= 57 | files= 155 | data= 33 | cola= 638 | prio=10 | https://www.ine.gob.bo/index.php/censos-y-banco-de-datos/censos/
[FULL_35_INE] t=  47.1s | pag= 58 | files= 155 | data= 34 | cola= 647 | prio=10 | https://www.ine.gob.bo/index.php/censos-y-banco-de-datos/censos/bases-de-datos-encuestas-sociales/
[FULL_35_INE] t=  47.8s | pag= 59 | files= 155 | data= 34 | cola= 647 | prio=10 | https://www.ine.gob.bo/index.php/censos-y-banco-de-datos/censos/bases-de-datos-de-encuestas-agropecuarias/
[FULL_35_INE] t=  48.5s | pag= 60 | files= 155 | data= 34 | cola= 647 | prio=10 | http://anda.ine.gob.bo/index.php/home
[FULL_35_INE] t=  49.1s | pag= 61 | files= 155 | data= 35 | cola= 662 | prio=10 | https://www.ine.gob.bo/index.php/censos-y-banco-de-datos/bases-de-datos/siged/
[FULL_35_INE] t=  50.9s | pag= 62 | files= 155 | data= 35 | cola= 662 | prio=10 | https://www.ine.gob.bo/index.php/comunicacion/publicaciones/
[FULL_35_INE] t=  51.7s | pag= 63 | files= 155 | data= 35 | cola= 780 | prio=10 | https://www.ine.gob.bo/index.php/comunicacion/boletines-estadisticos/
[FULL_35_INE] t=  52.6s | pag= 64 | files= 155 | data= 35 | cola= 780 | prio=10 | https://www.ine.gob.bo/index.php/comunicacion/certificado-de-estadisticas-oficiales/
[FULL_35_INE] t=  53.3s | pag= 65 | files= 155 | data= 35 | cola= 786 | prio=10 | https://www.ine.gob.bo/index.php/bolivia-area-urbana-principales-indicadores-de-empleo-por-trimestre-segun-sexo/
[FULL_35_INE] t=  54.1s | pag= 66 | files= 155 | data= 36 | cola= 821 | prio=10 | https://anuario.ine.gob.bo/2024/
[FULL_35_INE] t=  54.7s | pag= 67 | files= 156 | data= 36 | cola= 828 | prio=10 | https://www.ine.gob.bo/index.php/descarga/wpfdcat/688/informes-de-gestion
[FULL_35_INE] t=  55.3s | pag= 67 | files= 156 | data= 36 | cola= 827 | prio=10 | https://www.ine.gob.bo/index.php/descarga/wpfdcat/300/reportes-de-seguimiento-y-evaluacion-del-pei
[FULL_35_INE] t=  56.5s | pag= 67 | files= 156 | data= 36 | cola= 826 | prio=10 | https://www.ine.gob.bo/index.php/descarga/wpfdcat/290/reportes-de-seguimiento-y-evaluacion-poa
[FULL_35_INE] t=  57.5s | pag= 67 | files= 156 | data= 36 | cola= 825 | prio=10 | https://www.ine.gob.bo/index.php/estadisticas-economicas/pib-y-cuentas-nacionales/producto-interno-bruto-trimestral/
[FULL_35_INE] t=  59.0s | pag= 68 | files= 156 | data= 36 | cola= 824 | prio=10 | https://www.ine.gob.bo/index.php/estadisticas-economicas/pib-y-cuentas-nacionales/formacion-bruta-de-capital-fijo/formacion-bruta-de-capital-fijo-introduccion/
[FULL_35_INE] t=  59.6s | pag= 69 | files= 156 | data= 36 | cola= 823 | prio=10 | https://www.ine.gob.bo/index.php/estadisticas-economicas/precios/
[FULL_35_INE] t=  60.3s | pag= 70 | files= 156 | data= 36 | cola= 822 | prio=10 | https://www.ine.gob.bo/index.php/estadisticas-economicas/comercio-exterior/
[FULL_35_INE] t=  61.2s | pag= 71 | files= 156 | data= 37 | cola= 821 | prio=10 | https://www.ine.gob.bo/index.php/estadisticas-economicas/hidrocarburos-mineria/
[FULL_35_INE] t=  61.8s | pag= 72 | files= 156 | data= 37 | cola= 820 | prio=10 | https://www.ine.gob.bo/index.php/estadisticas-economicas/industria-manufacturera-y-comercio/
[FULL_35_INE] t=  62.5s | pag= 73 | files= 156 | data= 37 | cola= 819 | prio=10 | https://www.ine.gob.bo/index.php/estadisticas-economicas/agropecuaria/
[FULL_35_INE] t=  63.3s | pag= 74 | files= 156 | data= 37 | cola= 818 | prio=10 | https://www.ine.gob.bo/index.php/estadisticas-economicas/agropecuaria/agricultura/
[FULL_35_INE] t=  64.1s | pag= 75 | files= 163 | data= 38 | cola= 826 | prio=10 | https://www.ine.gob.bo/index.php/estadisticas-economicas/transportes/
[FULL_35_INE] t=  64.8s | pag= 76 | files= 163 | data= 38 | cola= 825 | prio=10 | https://www.ine.gob.bo/index.php/estadisticas-economicas/turismo/
[FULL_35_INE] t=  65.6s | pag= 77 | files= 163 | data= 38 | cola= 824 | prio=10 | https://nimbus.ine.gob.bo/index.php/s/2KHFcBjKB2DW5gX/download
[FULL_35_INE] t=  66.2s | pag= 77 | files= 164 | data= 38 | cola= 823 | prio=10 | https://nimbus.ine.gob.bo/index.php/s/LkEKKoXmHnDk4fy/download
[FULL_35_INE] t=  67.0s | pag= 77 | files= 165 | data= 38 | cola= 822 | prio=10 | https://nimbus.ine.gob.bo/index.php/s/csybLGzMxipdLTN/download
[FULL_35_INE] t=  67.9s | pag= 77 | files= 166 | data= 38 | cola= 821 | prio=10 | https://nimbus.ine.gob.bo/index.php/s/PFL8sE6igKaZBNC/download
[FULL_35_INE] t=  68.7s | pag= 77 | files= 167 | data= 38 | cola= 820 | prio=10 | https://nimbus.ine.gob.bo/index.php/s/MPTQamLEYKNjopC/download
[FULL_35_INE] t=  69.5s | pag= 77 | files= 168 | data= 38 | cola= 819 | prio=10 | https://nimbus.ine.gob.bo/index.php/s/FFQmPPNQaCFCspH/download
[FULL_35_INE] t=  70.2s | pag= 77 | files= 169 | data= 38 | cola= 818 | prio=10 | https://nimbus.ine.gob.bo/index.php/s/gZakEoKWeGg8WQF/download
[FULL_35_INE] t=  71.1s | pag= 77 | files= 170 | data= 38 | cola= 817 | prio=10 | https://nimbus.ine.gob.bo/index.php/s/Xz35QSJGZddbCNG/download
[FULL_35_INE] t=  71.6s | pag= 77 | files= 171 | data= 38 | cola= 816 | prio=10 | https://nimbus.ine.gob.bo/index.php/s/KXKLggdXjKb9BAf/download
[FULL_35_INE] t=  72.4s | pag= 77 | files= 172 | data= 38 | cola= 815 | prio=10 | https://nimbus.ine.gob.bo/index.php/s/aD3JgsqqPTZaQtF/download
[FULL_35_INE] t=  75.3s | pag= 77 | files= 173 | data= 38 | cola= 814 | prio=10 | https://nimbus.ine.gob.bo/index.php/s/zf59YZ8kLcDkdmj/download
[FULL_35_INE] t=  76.1s | pag= 77 | files= 174 | data= 38 | cola= 813 | prio=10 | https://nimbus.ine.gob.bo/index.php/s/cE7gM7xQtxWJZzx/download
[FULL_35_INE] t=  76.9s | pag= 77 | files= 175 | data= 38 | cola= 812 | prio=10 | https://nube.ine.gob.bo/index.php/s/YwB4wb1MTzqjmTh/download
[FULL_35_INE] t=  77.8s | pag= 77 | files= 176 | data= 38 | cola= 811 | prio=10 | https://nube.ine.gob.bo/index.php/s/4daoCxF4F12DFkT/download
[FULL_35_INE] t=  78.6s | pag= 77 | files= 177 | data= 38 | cola= 810 | prio=10 | https://nube.ine.gob.bo/index.php/s/Ei5NQkw6YJdR3cF/download
[FULL_35_INE] t=  80.3s | pag= 77 | files= 178 | data= 38 | cola= 809 | prio=10 | https://nube.ine.gob.bo/index.php/s/9EkqxBMAfoJpp2u/download
[FULL_35_INE] t=  81.2s | pag= 77 | files= 179 | data= 38 | cola= 808 | prio=10 | https://nube.ine.gob.bo/index.php/s/rB7ROhIKY7siSy3/download
[FULL_35_INE] t=  82.1s | pag= 77 | files= 180 | data= 38 | cola= 807 | prio=10 | https://nube.ine.gob.bo/index.php/s/6g752tUqbrymnkR/download
[FULL_35_INE] t=  83.1s | pag= 77 | files= 181 | data= 38 | cola= 806 | prio=10 | https://nube.ine.gob.bo/index.php/s/F8b1c6ZVgtkBffd/download
[FULL_35_INE] t=  83.8s | pag= 77 | files= 182 | data= 38 | cola= 805 | prio=10 | https://nube.ine.gob.bo/index.php/s/avaf18J10MJDZp3/download
[FULL_35_INE] t=  84.7s | pag= 77 | files= 183 | data= 38 | cola= 804 | prio=10 | https://nube.ine.gob.bo/index.php/s/Phx2rtsowB2yPTe/download
[FULL_35_INE] t=  85.5s | pag= 77 | files= 184 | data= 38 | cola= 803 | prio=10 | https://nube.ine.gob.bo/index.php/s/SfxFKrsuLXLa5pC/download
[FULL_35_INE] t=  86.6s | pag= 77 | files= 185 | data= 38 | cola= 802 | prio=10 | https://nube.ine.gob.bo/index.php/s/43AlSapfmZ2xQHx/download
[FULL_35_INE] t=  87.3s | pag= 77 | files= 186 | data= 38 | cola= 801 | prio=10 | https://nube.ine.gob.bo/index.php/s/XhMonr25z85vFlv/download
[FULL_35_INE] t=  88.1s | pag= 77 | files= 187 | data= 38 | cola= 800 | prio=10 | https://nube.ine.gob.bo/index.php/s/ylOhGr0DZQExhmF/download
[FULL_35_INE] t=  88.9s | pag= 77 | files= 188 | data= 38 | cola= 799 | prio=10 | https://nube.ine.gob.bo/index.php/s/TKLzlhzqKWAuDoP/download
[FULL_35_INE] t=  89.7s | pag= 77 | files= 189 | data= 38 | cola= 798 | prio=10 | https://nube.ine.gob.bo/index.php/s/v5h4f7DS2MbQcFl/download
[FULL_35_INE] t=  90.6s | pag= 77 | files= 190 | data= 38 | cola= 797 | prio=10 | https://nube.ine.gob.bo/index.php/s/FOvbAJODHkEPbLE/download
[FULL_35_INE] t=  91.3s | pag= 77 | files= 191 | data= 38 | cola= 796 | prio=10 | https://nube.ine.gob.bo/index.php/s/4EwMAUfzxESyJFU/download
[FULL_35_INE] t=  92.1s | pag= 77 | files= 192 | data= 38 | cola= 795 | prio=10 | https://nube.ine.gob.bo/index.php/s/oee1Le448PGgDlP/download
[FULL_35_INE] t=  92.9s | pag= 77 | files= 193 | data= 38 | cola= 794 | prio=10 | https://nube.ine.gob.bo/index.php/s/kPc4C0JddFgkeXg/download
[FULL_35_INE] t=  93.8s | pag= 77 | files= 194 | data= 38 | cola= 793 | prio=10 | https://nube.ine.gob.bo/index.php/s/9lboqt6ZfPxxtKR/download
[FULL_35_INE] t=  94.7s | pag= 77 | files= 195 | data= 38 | cola= 792 | prio=10 | https://nube.ine.gob.bo/index.php/s/5HukXcuvSj76wKo/download
[FULL_35_INE] t=  95.4s | pag= 77 | files= 196 | data= 38 | cola= 791 | prio=10 | https://nube.ine.gob.bo/index.php/s/Sx5vznBqGGGIuN2/download
[FULL_35_INE] t=  96.3s | pag= 77 | files= 197 | data= 38 | cola= 790 | prio=10 | https://nube.ine.gob.bo/index.php/s/dksqGfnoVsCeeq6/download
[FULL_35_INE] t=  97.4s | pag= 77 | files= 198 | data= 38 | cola= 789 | prio=10 | https://nube.ine.gob.bo/index.php/s/ZAMVtIIgXLVX3pA/download
[FULL_35_INE] t=  98.5s | pag= 77 | files= 199 | data= 38 | cola= 788 | prio=10 | https://nimbus.ine.gob.bo/index.php/s/LgCGFBWiz2QccwP/download
[FULL_35_INE] t=  99.9s | pag= 77 | files= 200 | data= 38 | cola= 787 | prio=10 | https://nimbus.ine.gob.bo/index.php/s/yc7bbWKyM48Tz9L/download
[FULL_35_INE] t= 100.6s | pag= 77 | files= 201 | data= 38 | cola= 786 | prio=10 | https://nimbus.ine.gob.bo/index.php/s/XfMitxj88nE3oip/download
[FULL_35_INE] t= 101.7s | pag= 77 | files= 202 | data= 38 | cola= 785 | prio=10 | https://nimbus.ine.gob.bo/index.php/s/r6rwwCc9LqddEys/download
[FULL_35_INE] t= 102.5s | pag= 77 | files= 203 | data= 38 | cola= 784 | prio=10 | https://nimbus.ine.gob.bo/index.php/s/DZFzyboMMKiBa5R/download
[FULL_35_INE] t= 103.3s | pag= 77 | files= 204 | data= 38 | cola= 783 | prio=10 | https://nimbus.ine.gob.bo/index.php/s/2aKZ4Ej2RPCS9G9/download
[FULL_35_INE] t= 104.2s | pag= 77 | files= 205 | data= 38 | cola= 782 | prio=10 | https://nimbus.ine.gob.bo/index.php/s/XqRjKsRoDHFGbAZ/download
[FULL_35_INE] t= 105.1s | pag= 77 | files= 206 | data= 38 | cola= 781 | prio=10 | https://nimbus.ine.gob.bo/index.php/s/5yXCfFPWWxz7fs3/download
[FULL_35_INE] t= 106.1s | pag= 77 | files= 207 | data= 38 | cola= 780 | prio=10 | https://nimbus.ine.gob.bo/index.php/s/HPaSw4gp9LG8Xit/download
[FULL_35_INE] t= 106.8s | pag= 77 | files= 208 | data= 38 | cola= 779 | prio=10 | https://nimbus.ine.gob.bo/index.php/s/G6GrqKN88LDzHpg/download
[FULL_35_INE] t= 108.0s | pag= 77 | files= 209 | data= 38 | cola= 778 | prio=10 | https://nimbus.ine.gob.bo/index.php/s/wHHA8RzSG9RXAXB/download
[FULL_35_INE] t= 108.8s | pag= 77 | files= 210 | data= 38 | cola= 777 | prio=10 | https://nimbus.ine.gob.bo/index.php/s/ka3NMfTtHaym54H/download
[FULL_35_INE] t= 109.5s | pag= 77 | files= 211 | data= 38 | cola= 776 | prio=10 | https://nimbus.ine.gob.bo/index.php/s/ZBwn6sDZ4gbQxHG/download
[FULL_35_INE] t= 110.5s | pag= 77 | files= 212 | data= 38 | cola= 775 | prio=10 | https://nimbus.ine.gob.bo/index.php/s/tNdcHKLmwBoeBWo/download
[FULL_35_INE] t= 111.5s | pag= 77 | files= 213 | data= 38 | cola= 774 | prio=10 | https://nimbus.ine.gob.bo/index.php/s/ywkE2RRMsKLxqmH/download
[FULL_35_INE] t= 112.3s | pag= 77 | files= 214 | data= 38 | cola= 773 | prio=10 | https://nimbus.ine.gob.bo/index.php/s/aGTaygkPyYWm5TX/download
[FULL_35_INE] t= 113.3s | pag= 77 | files= 215 | data= 38 | cola= 772 | prio=10 | https://nimbus.ine.gob.bo/index.php/s/Zdga7LCZfty7Lai/download
[FULL_35_INE] t= 114.1s | pag= 77 | files= 216 | data= 38 | cola= 771 | prio=10 | https://nimbus.ine.gob.bo/index.php/s/ASyZQWxCmJsaXPZ/download
[FULL_35_INE] t= 114.9s | pag= 77 | files= 217 | data= 38 | cola= 770 | prio=10 | https://nimbus.ine.gob.bo/index.php/s/d7zEks4F74sDmXF/download
[FULL_35_INE] t= 115.9s | pag= 77 | files= 218 | data= 38 | cola= 769 | prio=10 | https://nimbus.ine.gob.bo/index.php/s/SiQabS3MBbYkxgZ/download
[FULL_35_INE] t= 116.6s | pag= 77 | files= 219 | data= 38 | cola= 768 | prio=10 | https://nimbus.ine.gob.bo/index.php/s/5t9wzWoyBz4WX7B/download
[FULL_35_INE] t= 117.3s | pag= 77 | files= 220 | data= 38 | cola= 767 | prio=10 | https://nimbus.ine.gob.bo/index.php/s/LKtgXPB3KtW4KrA/download
[FULL_35_INE] t= 118.0s | pag= 77 | files= 221 | data= 38 | cola= 766 | prio=10 | https://nube.ine.gob.bo/index.php/s/hMq78rlBaiqEQ0C/download
[FULL_35_INE] t= 119.1s | pag= 77 | files= 222 | data= 38 | cola= 765 | prio=10 | https://nimbus.ine.gob.bo/index.php/s/R8PMaCiEcWeEbrf/download
[FULL_35_INE] t= 119.9s | pag= 77 | files= 223 | data= 38 | cola= 764 | prio=10 | https://nube.ine.gob.bo/index.php/s/hHU8psn75hWR8fV/download
[FULL_35_INE] t= 120.7s | pag= 77 | files= 224 | data= 38 | cola= 763 | prio=10 | https://nube.ine.gob.bo/index.php/s/fjrtQnTVWO37WXD/download
[FULL_35_INE] t= 121.6s | pag= 77 | files= 225 | data= 38 | cola= 762 | prio=10 | https://nube.ine.gob.bo/index.php/s/LB1fJabf7mxQMdJ/download
[FULL_35_INE] t= 122.6s | pag= 77 | files= 226 | data= 38 | cola= 761 | prio=10 | https://nube.ine.gob.bo/index.php/s/n2BL5kNrHB8vs6E/download
[FULL_35_INE] t= 123.5s | pag= 77 | files= 227 | data= 38 | cola= 760 | prio=10 | https://nube.ine.gob.bo/index.php/s/uNDVjo32lwynnmO/download
[FULL_35_INE] t= 124.5s | pag= 77 | files= 228 | data= 38 | cola= 759 | prio=10 | https://nube.ine.gob.bo/index.php/s/JGySvLfLxfxhIzb/download
[FULL_35_INE] t= 125.2s | pag= 77 | files= 229 | data= 38 | cola= 758 | prio=10 | https://nube.ine.gob.bo/index.php/s/FdvExIEZ27HNZTn/download
[FULL_35_INE] t= 126.2s | pag= 77 | files= 230 | data= 38 | cola= 757 | prio=10 | https://nube.ine.gob.bo/index.php/s/Vh2xuLSeb2HiFxX/download
[FULL_35_INE] t= 127.1s | pag= 77 | files= 231 | data= 38 | cola= 756 | prio=10 | https://nube.ine.gob.bo/index.php/s/nyW23XSTgZPgPkw/download
[FULL_35_INE] t= 128.0s | pag= 77 | files= 232 | data= 38 | cola= 755 | prio=10 | https://nube.ine.gob.bo/index.php/s/h3nnTCmAw0PXoYA/download
[FULL_35_INE] t= 128.8s | pag= 77 | files= 233 | data= 38 | cola= 754 | prio=10 | https://nube.ine.gob.bo/index.php/s/TPp9wVaoTi9eRxp/download
[FULL_35_INE] t= 129.6s | pag= 77 | files= 234 | data= 38 | cola= 753 | prio=10 | https://nube.ine.gob.bo/index.php/s/Ga8cEWN1Fl8dhnw/download
[FULL_35_INE] t= 130.5s | pag= 77 | files= 235 | data= 38 | cola= 752 | prio=10 | https://nube.ine.gob.bo/index.php/s/19qyMAKbnrGxBhC/download
[FULL_35_INE] t= 131.3s | pag= 77 | files= 236 | data= 38 | cola= 751 | prio=10 | https://nube.ine.gob.bo/index.php/s/VzNRxQGMTFKgB0Z/download
[FULL_35_INE] t= 132.0s | pag= 77 | files= 237 | data= 38 | cola= 750 | prio=10 | https://nube.ine.gob.bo/index.php/s/tMREvl7baR6qHQF/download
[FULL_35_INE] t= 133.2s | pag= 77 | files= 238 | data= 38 | cola= 749 | prio=10 | https://nube.ine.gob.bo/index.php/s/PycgCZK6K6siAJc/download
[FULL_35_INE] t= 134.0s | pag= 77 | files= 239 | data= 38 | cola= 748 | prio=10 | https://nube.ine.gob.bo/index.php/s/j2az8k6SKotxpMF/download
[FULL_35_INE] t= 134.9s | pag= 77 | files= 240 | data= 38 | cola= 747 | prio=10 | https://nube.ine.gob.bo/index.php/s/Tu4spsk5XiQwiMP/download
[FULL_35_INE] t= 135.7s | pag= 77 | files= 241 | data= 38 | cola= 746 | prio=10 | https://nube.ine.gob.bo/index.php/s/J1Bt9MF6cxVWY0B/download
[FULL_35_INE] t= 136.4s | pag= 77 | files= 242 | data= 38 | cola= 745 | prio=10 | https://nube.ine.gob.bo/index.php/s/souZls8D2TGYt2t/download
[FULL_35_INE] t= 137.2s | pag= 77 | files= 243 | data= 38 | cola= 744 | prio=10 | https://nube.ine.gob.bo/index.php/s/NkBlw9xk2zTIcFO/download
[FULL_35_INE] t= 138.0s | pag= 77 | files= 244 | data= 38 | cola= 743 | prio=10 | https://nube.ine.gob.bo/index.php/s/3YXR7szfR3Q7TFn/download
[FULL_35_INE] t= 138.9s | pag= 77 | files= 245 | data= 38 | cola= 742 | prio=10 | https://nube.ine.gob.bo/index.php/s/7SVR7AuX6H8l45H/download
[FULL_35_INE] t= 140.1s | pag= 77 | files= 246 | data= 38 | cola= 741 | prio=10 | https://nube.ine.gob.bo/index.php/s/nVr49vWVKMWZX0f/download
[FULL_35_INE] t= 140.9s | pag= 77 | files= 247 | data= 38 | cola= 740 | prio=10 | https://nube.ine.gob.bo/index.php/s/DcOvE10u7QhXBgL/download
[FULL_35_INE] t= 141.7s | pag= 77 | files= 248 | data= 38 | cola= 739 | prio=10 | https://nube.ine.gob.bo/index.php/s/vILrN7dlWg53tMl/download
[FULL_35_INE] t= 142.5s | pag= 77 | files= 249 | data= 38 | cola= 738 | prio=10 | https://nube.ine.gob.bo/index.php/s/XFZtiPTrzqyCIaW/download
[FULL_35_INE] t= 143.1s | pag= 77 | files= 250 | data= 38 | cola= 737 | prio=10 | https://nube.ine.gob.bo/index.php/s/xg4O7NWgppCeKjN/download
[FULL_35_INE] t= 144.1s | pag= 77 | files= 251 | data= 38 | cola= 736 | prio=10 | https://nube.ine.gob.bo/index.php/s/HA5C4YZLhrJb3U7/download
[FULL_35_INE] t= 144.9s | pag= 77 | files= 252 | data= 38 | cola= 735 | prio=10 | https://nube.ine.gob.bo/index.php/s/039xnQvDBgCjV3X/download
[FULL_35_INE] t= 145.7s | pag= 77 | files= 253 | data= 38 | cola= 734 | prio=10 | https://nube.ine.gob.bo/index.php/s/WFE06wQEezoctP5/download
[FULL_35_INE] t= 146.8s | pag= 77 | files= 254 | data= 38 | cola= 733 | prio=10 | https://nube.ine.gob.bo/index.php/s/ndDJuunchuF1MpK/download
[FULL_35_INE] t= 147.6s | pag= 77 | files= 255 | data= 38 | cola= 732 | prio=10 | https://nube.ine.gob.bo/index.php/s/ObyB7K4peHPfCCI/download
[FULL_35_INE] t= 148.4s | pag= 77 | files= 256 | data= 38 | cola= 731 | prio=10 | https://nube.ine.gob.bo/index.php/s/EsenEoMg4j88jXD/download
[FULL_35_INE] t= 149.3s | pag= 77 | files= 257 | data= 38 | cola= 730 | prio=10 | https://nube.ine.gob.bo/index.php/s/7zQF5y0oKhBHreg/download
[FULL_35_INE] t= 150.0s | pag= 77 | files= 258 | data= 38 | cola= 729 | prio=10 | https://nube.ine.gob.bo/index.php/s/f5jJXWvS5DT3joh/download
[FULL_35_INE] t= 150.7s | pag= 77 | files= 259 | data= 38 | cola= 728 | prio=10 | https://nube.ine.gob.bo/index.php/s/50ckwLTrbNADm8k/download
[FULL_35_INE] t= 151.8s | pag= 77 | files= 260 | data= 38 | cola= 727 | prio=10 | https://nube.ine.gob.bo/index.php/s/hwx1WCz3vwOBIAr/download
[FULL_35_INE] t= 152.7s | pag= 77 | files= 261 | data= 38 | cola= 726 | prio=10 | https://nube.ine.gob.bo/index.php/s/oWBU7n0Alb79krY/download
[FULL_35_INE] t= 153.4s | pag= 77 | files= 262 | data= 38 | cola= 725 | prio=10 | https://nube.ine.gob.bo/index.php/s/RyU99oEj1nxHtfn/download
[FULL_35_INE] t= 154.1s | pag= 77 | files= 263 | data= 38 | cola= 724 | prio=10 | https://nube.ine.gob.bo/index.php/s/K9n4oiVsQoPyBsu/download
[FULL_35_INE] t= 155.1s | pag= 77 | files= 264 | data= 38 | cola= 723 | prio=10 | https://nube.ine.gob.bo/index.php/s/Pz4su0x9IRmGUZe/download
[FULL_35_INE] t= 155.8s | pag= 77 | files= 265 | data= 38 | cola= 722 | prio=10 | https://nube.ine.gob.bo/index.php/s/XfJF9Zv24VAg88d/download
[FULL_35_INE] t= 156.6s | pag= 77 | files= 266 | data= 38 | cola= 721 | prio=10 | https://nube.ine.gob.bo/index.php/s/a6I3bgB5p9hZUSo/download
[FULL_35_INE] t= 157.2s | pag= 77 | files= 267 | data= 38 | cola= 720 | prio=10 | https://nube.ine.gob.bo/index.php/s/cR0vnfwQMvNbTE6/download
[FULL_35_INE] t= 158.1s | pag= 77 | files= 268 | data= 38 | cola= 719 | prio=10 | https://nube.ine.gob.bo/index.php/s/xIGHrQ5jDlaLkRc/download
[FULL_35_INE] t= 159.0s | pag= 77 | files= 269 | data= 38 | cola= 718 | prio=10 | https://nube.ine.gob.bo/index.php/s/ygA05qOqUF2T9q1/download
[FULL_35_INE] t= 160.0s | pag= 77 | files= 270 | data= 38 | cola= 717 | prio=10 | https://nube.ine.gob.bo/index.php/s/gYngDQAZz7QANop/download
[FULL_35_INE] t= 160.9s | pag= 77 | files= 271 | data= 38 | cola= 716 | prio=10 | https://nube.ine.gob.bo/index.php/s/PEtIcuVdcCqsejn/download
[FULL_35_INE] t= 161.7s | pag= 77 | files= 272 | data= 38 | cola= 715 | prio=10 | https://nube.ine.gob.bo/index.php/s/gFZ8WCmJA0QLXmt/download
[FULL_35_INE] t= 162.6s | pag= 77 | files= 273 | data= 38 | cola= 714 | prio=10 | https://nube.ine.gob.bo/index.php/s/5iLdOjvtBAh67wo/download
[FULL_35_INE] t= 163.6s | pag= 77 | files= 274 | data= 38 | cola= 713 | prio=10 | https://nimbus.ine.gob.bo/index.php/s/cLHcn4ss7YB55dC/download
[FULL_35_INE] t= 174.3s | pag= 77 | files= 274 | data= 38 | cola= 712 | prio=10 | https://nimbus.ine.gob.bo/index.php/s/Ba9KrqcJ2AZcg4K/download
[FULL_35_INE] t= 185.2s | pag= 77 | files= 274 | data= 38 | cola= 711 | prio=10 | https://nimbus.ine.gob.bo/index.php/s/wpWQwSeKsYCTsHH/download
[FULL_35_INE] t= 186.3s | pag= 77 | files= 275 | data= 38 | cola= 710 | prio=10 | https://nimbus.ine.gob.bo/index.php/s/tWBAK3jbzappZZD/download
[FULL_35_INE] t= 187.4s | pag= 77 | files= 276 | data= 38 | cola= 709 | prio=10 | https://nimbus.ine.gob.bo/index.php/s/EYW87E2XgkwzCoT/download
[FULL_35_INE] t= 188.2s | pag= 77 | files= 277 | data= 38 | cola= 708 | prio=10 | https://nimbus.ine.gob.bo/index.php/s/X8w6bMX9gpabw5m/download
[FULL_35_INE] t= 189.3s | pag= 77 | files= 278 | data= 38 | cola= 707 | prio=10 | https://nube.ine.gob.bo/index.php/s/qxLwHEhIJXc43oF/download
[FULL_35_INE] t= 190.0s | pag= 77 | files= 279 | data= 38 | cola= 706 | prio=10 | https://www.ine.gob.bo/index.php/descarga/wpfdcat/516/cuentas-consolidadas
[FULL_35_INE] t= 191.5s | pag= 77 | files= 279 | data= 38 | cola= 705 | prio=10 | https://www.ine.gob.bo/index.php/descarga/wpfdcat/306/cuentas-economicas-integradas
[FULL_35_INE] t= 192.7s | pag= 77 | files= 279 | data= 38 | cola= 704 | prio=10 | https://www.ine.gob.bo/index.php/descarga/wpfdcat/309/matrices-de-formacion-bruta-de-capital-fijo
[FULL_35_INE] t= 193.9s | pag= 77 | files= 279 | data= 38 | cola= 703 | prio=10 | https://www.ine.gob.bo/index.php/descarga/wpfdcat/405/matrices-de-insumo-producto-constante
[FULL_35_INE] t= 195.1s | pag= 77 | files= 279 | data= 38 | cola= 702 | prio=10 | https://www.ine.gob.bo/index.php/descarga/wpfdcat/406/matrices-de-insumo-producto-corriente
[FULL_35_INE] t= 196.1s | pag= 77 | files= 279 | data= 38 | cola= 701 | prio=10 | https://nimbus.ine.gob.bo/index.php/s/maYCeBcC7B8s46s/download
[FULL_35_INE] t= 197.0s | pag= 77 | files= 280 | data= 38 | cola= 700 | prio=10 | https://nimbus.ine.gob.bo/index.php/s/wE4nQXACRGAZMGL/download
[FULL_35_INE] t= 197.9s | pag= 77 | files= 281 | data= 38 | cola= 699 | prio=10 | https://nimbus.ine.gob.bo/index.php/s/zkftEH68DyADfBT/download
[FULL_35_INE] t= 198.5s | pag= 77 | files= 282 | data= 38 | cola= 698 | prio=10 | https://nimbus.ine.gob.bo/index.php/s/BE4qacgG2eTB65o/download
[FULL_35_INE] t= 199.4s | pag= 77 | files= 283 | data= 38 | cola= 697 | prio=10 | https://nimbus.ine.gob.bo/index.php/s/bgTGByabaS6Wd5A/download
[FULL_35_INE] t= 200.1s | pag= 77 | files= 284 | data= 38 | cola= 696 | prio=10 | https://nimbus.ine.gob.bo/index.php/s/5rNSG39P3Epe2Tk/download
[FULL_35_INE] t= 200.9s | pag= 77 | files= 285 | data= 38 | cola= 695 | prio=10 | https://nimbus.ine.gob.bo/index.php/s/SemAit83MLdam3S/download
[FULL_35_INE] t= 201.8s | pag= 77 | files= 286 | data= 38 | cola= 694 | prio=10 | https://nimbus.ine.gob.bo/index.php/s/3fAiPp2kAEbbCjL/download
[FULL_35_INE] t= 202.8s | pag= 77 | files= 287 | data= 38 | cola= 693 | prio=10 | https://nimbus.ine.gob.bo/index.php/s/qNjDxrit8z9WTNc/download
[FULL_35_INE] t= 203.7s | pag= 77 | files= 288 | data= 38 | cola= 692 | prio=10 | https://nimbus.ine.gob.bo/index.php/s/ew7iYsKfatXbo5s/download
[FULL_35_INE] t= 204.5s | pag= 77 | files= 289 | data= 38 | cola= 691 | prio=10 | https://nimbus.ine.gob.bo/index.php/s/bTJbDyf9dHHNdp2/download
[FULL_35_INE] t= 205.4s | pag= 77 | files= 290 | data= 38 | cola= 690 | prio=10 | https://nimbus.ine.gob.bo/index.php/s/GaJ64iDo5d6jb6C/download
[FULL_35_INE] t= 206.0s | pag= 77 | files= 291 | data= 38 | cola= 689 | prio=10 | https://nimbus.ine.gob.bo/index.php/s/7BZfL2SMkggRPd5/download
[FULL_35_INE] t= 206.8s | pag= 77 | files= 292 | data= 38 | cola= 688 | prio=10 | https://nimbus.ine.gob.bo/index.php/s/nrLpiPRR45Q4EeM/download
[FULL_35_INE] t= 207.7s | pag= 77 | files= 293 | data= 38 | cola= 687 | prio=10 | https://nimbus.ine.gob.bo/index.php/s/W8KBKXY7tiRR3iP/download
[FULL_35_INE] t= 208.6s | pag= 77 | files= 294 | data= 38 | cola= 686 | prio=10 | https://nimbus.ine.gob.bo/index.php/s/sHSwbx9Rek5aknn/download
[FULL_35_INE] t= 209.5s | pag= 77 | files= 295 | data= 38 | cola= 685 | prio=10 | https://nimbus.ine.gob.bo/index.php/s/QjJ38oeaoXran8z/download
[FULL_35_INE] t= 210.3s | pag= 77 | files= 296 | data= 38 | cola= 684 | prio=10 | https://nimbus.ine.gob.bo/index.php/s/x8asXzwtkHi3iWB/download
[FULL_35_INE] t= 211.1s | pag= 77 | files= 297 | data= 38 | cola= 683 | prio=10 | https://nimbus.ine.gob.bo/index.php/s/HAdMmnzgLffFjR2/download
[FULL_35_INE] t= 212.1s | pag= 77 | files= 298 | data= 38 | cola= 682 | prio=10 | https://nimbus.ine.gob.bo/index.php/s/2m4YzN7aZLjYefk/download
[FULL_35_INE] t= 212.8s | pag= 77 | files= 299 | data= 38 | cola= 681 | prio=10 | https://nimbus.ine.gob.bo/index.php/s/xJYcLw9PDowssiA/download
[FULL_35_INE] t= 213.9s | pag= 77 | files= 300 | data= 38 | cola= 680 | prio=10 | https://nimbus.ine.gob.bo/index.php/s/HaEKCybfGExPXPK/download
[FULL_35_INE] t= 214.8s | pag= 77 | files= 301 | data= 38 | cola= 679 | prio=10 | https://nimbus.ine.gob.bo/index.php/s/B2ZQpgietJSidTX/download
[FULL_35_INE] t= 215.5s | pag= 77 | files= 302 | data= 38 | cola= 678 | prio=10 | https://nimbus.ine.gob.bo/index.php/s/scnBY9J9nqnFjoe/download
[FULL_35_INE] t= 216.4s | pag= 77 | files= 303 | data= 38 | cola= 677 | prio=10 | https://nimbus.ine.gob.bo/index.php/s/Etn2Px3rywaPm5a/download
[FULL_35_INE] t= 217.3s | pag= 77 | files= 304 | data= 38 | cola= 676 | prio=10 | https://nimbus.ine.gob.bo/index.php/s/CtrFocR6CTJ45z6/download
[FULL_35_INE] t= 218.2s | pag= 77 | files= 305 | data= 38 | cola= 675 | prio=10 | https://nimbus.ine.gob.bo/index.php/s/5TayDqksj59Eyjn/download
[FULL_35_INE] t= 219.0s | pag= 77 | files= 306 | data= 38 | cola= 674 | prio=10 | https://nimbus.ine.gob.bo/index.php/s/9x95LJmMyC4nrDb/download
[FULL_35_INE] t= 219.9s | pag= 77 | files= 307 | data= 38 | cola= 673 | prio=10 | https://nimbus.ine.gob.bo/index.php/s/8EKNMfARMk8iw44/download
[FULL_35_INE] t= 220.7s | pag= 77 | files= 308 | data= 38 | cola= 672 | prio=10 | https://nimbus.ine.gob.bo/index.php/s/Cw5gdNWgkPs9GM7/download
[FULL_35_INE] t= 221.4s | pag= 77 | files= 309 | data= 38 | cola= 671 | prio=10 | https://nimbus.ine.gob.bo/index.php/s/4b8pdTf9S6y2gB8/download
[FULL_35_INE] t= 222.1s | pag= 77 | files= 310 | data= 38 | cola= 670 | prio=10 | https://nimbus.ine.gob.bo/index.php/s/qLiG9GQGKDw7pgp/download
[FULL_35_INE] t= 223.0s | pag= 77 | files= 311 | data= 38 | cola= 669 | prio=10 | https://nimbus.ine.gob.bo/index.php/s/tgRZAHNAKMzbA9r/download
[FULL_35_INE] t= 223.8s | pag= 77 | files= 312 | data= 38 | cola= 668 | prio=10 | https://nimbus.ine.gob.bo/index.php/s/fi4qSqCEWn33QEH/download
[FULL_35_INE] t= 224.7s | pag= 77 | files= 313 | data= 38 | cola= 667 | prio=10 | https://nimbus.ine.gob.bo/index.php/s/Yf8P9e4Nr98nEQy/download
[FULL_35_INE] t= 225.6s | pag= 77 | files= 314 | data= 38 | cola= 666 | prio=10 | https://nimbus.ine.gob.bo/index.php/s/28tjXB9ePyocqFN/download
[FULL_35_INE] t= 226.5s | pag= 77 | files= 315 | data= 38 | cola= 665 | prio=10 | https://nimbus.ine.gob.bo/index.php/s/sazNLJJ2oyWg3wo/download
[FULL_35_INE] t= 227.4s | pag= 77 | files= 316 | data= 38 | cola= 664 | prio=10 | https://nimbus.ine.gob.bo/index.php/s/ZkW5f8frLo7SMdc/download
[FULL_35_INE] t= 228.4s | pag= 77 | files= 317 | data= 38 | cola= 663 | prio=10 | https://nimbus.ine.gob.bo/index.php/s/akiFodDeExwjYeE/download
[FULL_35_INE] t= 229.4s | pag= 77 | files= 318 | data= 38 | cola= 662 | prio=10 | https://nimbus.ine.gob.bo/index.php/s/mKXC84gx3Lm5toJ/download
[FULL_35_INE] t= 230.2s | pag= 77 | files= 319 | data= 38 | cola= 661 | prio=10 | https://nimbus.ine.gob.bo/index.php/s/dEaHBaXBycWteay/download
[FULL_35_INE] t= 230.9s | pag= 77 | files= 320 | data= 38 | cola= 660 | prio=10 | https://nimbus.ine.gob.bo/index.php/s/wcEbnzHaQBniLwT/download
[FULL_35_INE] t= 231.8s | pag= 77 | files= 321 | data= 38 | cola= 659 | prio=10 | https://nimbus.ine.gob.bo/index.php/s/nKWkfEEDDDxHfDn/download
[FULL_35_INE] t= 232.7s | pag= 77 | files= 322 | data= 38 | cola= 658 | prio=10 | https://nimbus.ine.gob.bo/index.php/s/MCGB9b5KBoagZiM/download
[FULL_35_INE] t= 233.4s | pag= 77 | files= 323 | data= 38 | cola= 657 | prio=10 | https://nimbus.ine.gob.bo/index.php/s/Dc7Kidn2QN9YzQS/download
[FULL_35_INE] t= 234.6s | pag= 77 | files= 324 | data= 38 | cola= 656 | prio=10 | https://nimbus.ine.gob.bo/index.php/s/GYPsx2pYfDRmqBb/download
[FULL_35_INE] t= 235.5s | pag= 77 | files= 325 | data= 38 | cola= 655 | prio=10 | https://nimbus.ine.gob.bo/index.php/s/4HrJNY9CjTKMzdN/download
[FULL_35_INE] t= 236.4s | pag= 77 | files= 326 | data= 38 | cola= 654 | prio=10 | https://nimbus.ine.gob.bo/index.php/s/FTPHBeJyaW5Pzcx/download
[FULL_35_INE] t= 237.2s | pag= 77 | files= 327 | data= 38 | cola= 653 | prio=10 | https://nimbus.ine.gob.bo/index.php/s/LiAFB3frJKAFWb3/download
[FULL_35_INE] t= 238.1s | pag= 77 | files= 328 | data= 38 | cola= 652 | prio=10 | https://nimbus.ine.gob.bo/index.php/s/zXNX5X6j4fycReQ/download
[FULL_35_INE] t= 239.0s | pag= 77 | files= 329 | data= 38 | cola= 651 | prio=10 | https://nimbus.ine.gob.bo/index.php/s/JydyBkf9AEBx2qs/download
[FULL_35_INE] t= 240.0s | pag= 77 | files= 330 | data= 38 | cola= 650 | prio=10 | https://nimbus.ine.gob.bo/index.php/s/MHxAsKDnjEgcY6P/download
[FULL_35_INE] t= 241.0s | pag= 77 | files= 331 | data= 38 | cola= 649 | prio=10 | https://nube.ine.gob.bo/index.php/s/7LiUU0aUzEUBCNk/download
[FULL_35_INE] t= 241.8s | pag= 77 | files= 332 | data= 38 | cola= 648 | prio=10 | https://nube.ine.gob.bo/index.php/s/2swfjecR5aFmnjF/download
[FULL_35_INE] t= 242.7s | pag= 77 | files= 333 | data= 38 | cola= 647 | prio=10 | https://nube.ine.gob.bo/index.php/s/joueKnJfgiWdHlI/download
[FULL_35_INE] t= 243.7s | pag= 77 | files= 334 | data= 38 | cola= 646 | prio=10 | https://nube.ine.gob.bo/index.php/s/FequIIc0BZEeAgb/download
[FULL_35_INE] t= 244.7s | pag= 77 | files= 335 | data= 38 | cola= 645 | prio=10 | https://nube.ine.gob.bo/index.php/s/0cYNDCD14sxQzpA/download
[FULL_35_INE] t= 245.5s | pag= 77 | files= 336 | data= 38 | cola= 644 | prio=10 | https://nube.ine.gob.bo/index.php/s/beo4sRXaWylNZkI/download
[FULL_35_INE] t= 246.5s | pag= 77 | files= 337 | data= 38 | cola= 643 | prio=10 | https://nube.ine.gob.bo/index.php/s/1yLTp6Pjc6VzhOf/download
[FULL_35_INE] t= 247.2s | pag= 77 | files= 338 | data= 38 | cola= 642 | prio=10 | https://nube.ine.gob.bo/index.php/s/CvYduglY4aqjkDK/download
[FULL_35_INE] t= 248.2s | pag= 77 | files= 339 | data= 38 | cola= 641 | prio=10 | https://nube.ine.gob.bo/index.php/s/wWlag3cSc35jdRC/download
[FULL_35_INE] t= 248.9s | pag= 77 | files= 340 | data= 38 | cola= 640 | prio=10 | https://nube.ine.gob.bo/index.php/s/iEMa7Yj16f5uI6i/download
[FULL_35_INE] t= 249.8s | pag= 77 | files= 341 | data= 38 | cola= 639 | prio=10 | https://nube.ine.gob.bo/index.php/s/PSEGsX09pxwUMzx/download
[FULL_35_INE] t= 250.6s | pag= 77 | files= 342 | data= 38 | cola= 638 | prio=10 | https://nube.ine.gob.bo/index.php/s/C69bOhQkIu8dfm8/download
[FULL_35_INE] t= 251.3s | pag= 77 | files= 343 | data= 38 | cola= 637 | prio=10 | https://nube.ine.gob.bo/index.php/s/fvOr9PMyydafdzB/download
[FULL_35_INE] t= 252.2s | pag= 77 | files= 344 | data= 38 | cola= 636 | prio=10 | https://nube.ine.gob.bo/index.php/s/2IYziTWsnvSAop1/download
[FULL_35_INE] t= 253.1s | pag= 77 | files= 345 | data= 38 | cola= 635 | prio=10 | https://nube.ine.gob.bo/index.php/s/mlEjMyBLY7KFaqo/download
[FULL_35_INE] t= 253.8s | pag= 77 | files= 346 | data= 38 | cola= 634 | prio=10 | https://nube.ine.gob.bo/index.php/s/TqXnFHDVDMZuKGJ/download
[FULL_35_INE] t= 254.6s | pag= 77 | files= 347 | data= 38 | cola= 633 | prio=10 | https://nube.ine.gob.bo/index.php/s/uDtS78jVKIWvcRl/download
[FULL_35_INE] t= 255.4s | pag= 77 | files= 348 | data= 38 | cola= 632 | prio=10 | https://nube.ine.gob.bo/index.php/s/Sivu7BE8vsewrnZ/download
[FULL_35_INE] t= 256.3s | pag= 77 | files= 349 | data= 38 | cola= 631 | prio=10 | https://nube.ine.gob.bo/index.php/s/FkiAGWvjvR8Lzcc/download
[FULL_35_INE] t= 257.0s | pag= 77 | files= 350 | data= 38 | cola= 630 | prio=10 | https://nube.ine.gob.bo/index.php/s/F69kSUF0JLRNWqj/download
[FULL_35_INE] t= 257.9s | pag= 77 | files= 351 | data= 38 | cola= 629 | prio=10 | https://nube.ine.gob.bo/index.php/s/lWZsgbjvQUi2UBC/download
[FULL_35_INE] t= 258.8s | pag= 77 | files= 352 | data= 38 | cola= 628 | prio=10 | https://nube.ine.gob.bo/index.php/s/sAL30AMKJsFxWTr/download
[FULL_35_INE] t= 259.6s | pag= 77 | files= 353 | data= 38 | cola= 627 | prio=10 | https://nube.ine.gob.bo/index.php/s/IC6pwdtYLOUkqDs/download
[FULL_35_INE] t= 260.6s | pag= 77 | files= 354 | data= 38 | cola= 626 | prio=10 | https://nube.ine.gob.bo/index.php/s/Lx0D9HIxvSPLZRZ/download
[FULL_35_INE] t= 261.4s | pag= 77 | files= 355 | data= 38 | cola= 625 | prio=10 | https://nube.ine.gob.bo/index.php/s/vK6D0jvzZxG1BdS/download
[FULL_35_INE] t= 262.2s | pag= 77 | files= 356 | data= 38 | cola= 624 | prio=10 | https://nube.ine.gob.bo/index.php/s/TfkroVpSLDjO0Iq/download
[FULL_35_INE] t= 262.8s | pag= 77 | files= 357 | data= 38 | cola= 623 | prio=10 | https://nube.ine.gob.bo/index.php/s/McRmPmOuGRGHu0v/download
[FULL_35_INE] t= 263.8s | pag= 77 | files= 358 | data= 38 | cola= 622 | prio=10 | https://nube.ine.gob.bo/index.php/s/tGQe9aTEitSCADf/download
[FULL_35_INE] t= 264.5s | pag= 77 | files= 359 | data= 38 | cola= 621 | prio=10 | https://nube.ine.gob.bo/index.php/s/q4apjR55rvmH31p/download
[FULL_35_INE] t= 265.4s | pag= 77 | files= 360 | data= 38 | cola= 620 | prio=10 | https://nube.ine.gob.bo/index.php/s/VfkzcPrZrf5ofPg/download
[FULL_35_INE] t= 266.4s | pag= 77 | files= 361 | data= 38 | cola= 619 | prio=10 | https://nube.ine.gob.bo/index.php/s/AIoSUQ8M3UtjWYL/download
[FULL_35_INE] t= 267.3s | pag= 77 | files= 362 | data= 38 | cola= 618 | prio=10 | https://nube.ine.gob.bo/index.php/s/UcRcgvnBvZVpSw8/download
[FULL_35_INE] t= 268.4s | pag= 77 | files= 363 | data= 38 | cola= 617 | prio=10 | https://nube.ine.gob.bo/index.php/s/gtrMgUIbuXwOOdS/download
[FULL_35_INE] t= 269.3s | pag= 77 | files= 364 | data= 38 | cola= 616 | prio=10 | https://nube.ine.gob.bo/index.php/s/GwUnk61aF306iyj/download
[FULL_35_INE] t= 270.2s | pag= 77 | files= 365 | data= 38 | cola= 615 | prio=10 | https://nube.ine.gob.bo/index.php/s/bvNd6E9P2X8X0av/download
[FULL_35_INE] t= 271.0s | pag= 77 | files= 366 | data= 38 | cola= 614 | prio=10 | https://nube.ine.gob.bo/index.php/s/4OA1ETdxupDwAZ0/download
[FULL_35_INE] t= 271.9s | pag= 77 | files= 367 | data= 38 | cola= 613 | prio=10 | https://nube.ine.gob.bo/index.php/s/q11w76mChtyqFxi/download
[FULL_35_INE] t= 272.6s | pag= 77 | files= 368 | data= 38 | cola= 612 | prio=10 | https://nube.ine.gob.bo/index.php/s/PMvRUUnlSKWI0vd/download
[FULL_35_INE] t= 273.4s | pag= 77 | files= 369 | data= 38 | cola= 611 | prio=10 | https://nube.ine.gob.bo/index.php/s/PvnTaM9goNE3nKb/download
[FULL_35_INE] t= 274.1s | pag= 77 | files= 370 | data= 38 | cola= 610 | prio=10 | https://nube.ine.gob.bo/index.php/s/mMAra1o7qe7CaSX/download
[FULL_35_INE] t= 275.0s | pag= 77 | files= 371 | data= 38 | cola= 609 | prio=10 | https://nube.ine.gob.bo/index.php/s/qn8vt0fjFB0ztbK/download
[FULL_35_INE] t= 275.7s | pag= 77 | files= 372 | data= 38 | cola= 608 | prio=10 | https://nube.ine.gob.bo/index.php/s/nLQ8bjGCpM5HAdz/download
[FULL_35_INE] t= 276.5s | pag= 77 | files= 373 | data= 38 | cola= 607 | prio=10 | https://nube.ine.gob.bo/index.php/s/E3wtHUCEGZl9139/download
[FULL_35_INE] t= 277.3s | pag= 77 | files= 374 | data= 38 | cola= 606 | prio=10 | https://nube.ine.gob.bo/index.php/s/4MVgcNQjvppQS4S/download
[FULL_35_INE] t= 278.2s | pag= 77 | files= 375 | data= 38 | cola= 605 | prio=10 | https://nube.ine.gob.bo/index.php/s/7Kn4eJnmRKiRgtj/download
[FULL_35_INE] t= 279.1s | pag= 77 | files= 376 | data= 38 | cola= 604 | prio=10 | https://nube.ine.gob.bo/index.php/s/LK5CR7p3Kg34YAj/download
[FULL_35_INE] t= 280.0s | pag= 77 | files= 377 | data= 38 | cola= 603 | prio=10 | https://nube.ine.gob.bo/index.php/s/6f5lEDOc0V7SoRR/download
[FULL_35_INE] t= 280.7s | pag= 77 | files= 378 | data= 38 | cola= 602 | prio=10 | https://nube.ine.gob.bo/index.php/s/Dq9BbWsDrS4r5Zq/download
[FULL_35_INE] t= 281.5s | pag= 77 | files= 379 | data= 38 | cola= 601 | prio=10 | https://nube.ine.gob.bo/index.php/s/mxjj7s0bC7Fjt7U/download
[FULL_35_INE] t= 282.3s | pag= 77 | files= 380 | data= 38 | cola= 600 | prio=10 | https://nube.ine.gob.bo/index.php/s/qaNzVPjO0yGilAT/download
[FULL_35_INE] t= 283.1s | pag= 77 | files= 381 | data= 38 | cola= 599 | prio=10 | https://nube.ine.gob.bo/index.php/s/SqlVZIvWM0qobpM/download
[FULL_35_INE] t= 284.1s | pag= 77 | files= 382 | data= 38 | cola= 598 | prio=10 | https://nube.ine.gob.bo/index.php/s/B4ncYcwR8T2kgZJ/download
[FULL_35_INE] t= 284.9s | pag= 77 | files= 383 | data= 38 | cola= 597 | prio=10 | https://nube.ine.gob.bo/index.php/s/TIWmj6hhCbuJvnp/download
[FULL_35_INE] t= 285.6s | pag= 77 | files= 384 | data= 38 | cola= 596 | prio=10 | https://www.ine.gob.bo/index.php/descarga/wpfdcat/311/cuentas-de-la-administracion-publica
[FULL_35_INE] t= 286.8s | pag= 77 | files= 384 | data= 38 | cola= 595 | prio=10 | https://www.ine.gob.bo/index.php/descarga/wpfdcat/312/cuentas-de-las-empresas-publicas-no-financieras
[FULL_35_INE] t= 287.8s | pag= 77 | files= 384 | data= 38 | cola= 594 | prio=10 | https://www.ine.gob.bo/index.php/descarga/wpfdcat/313/cuentas-de-las-instituciones-financieras
[FULL_35_INE] t= 289.0s | pag= 77 | files= 384 | data= 38 | cola= 593 | prio=10 | https://www.ine.gob.bo/index.php/descarga/wpfdcat/314/cuentas-de-los-hogares-y-sociedades-privadas-no-financieras
[FULL_35_INE] t= 290.2s | pag= 77 | files= 384 | data= 38 | cola= 592 | prio=10 | https://nube.ine.gob.bo/index.php/s/lhzNu4ISQEuXS1M/download
[FULL_35_INE] t= 291.0s | pag= 77 | files= 385 | data= 38 | cola= 591 | prio=10 | https://nube.ine.gob.bo/index.php/s/6Szm6RmYSBeRnsD/download
[FULL_35_INE] t= 291.7s | pag= 77 | files= 386 | data= 38 | cola= 590 | prio=10 | https://nube.ine.gob.bo/index.php/s/qNQexpgoZroGCYG/download
[FULL_35_INE] t= 292.7s | pag= 77 | files= 387 | data= 38 | cola= 589 | prio=10 | https://nube.ine.gob.bo/index.php/s/vsfGqiIoEXGddwJ/download
[FULL_35_INE] t= 293.4s | pag= 77 | files= 388 | data= 38 | cola= 588 | prio=10 | https://nube.ine.gob.bo/index.php/s/k0bRzzNhBXb7Ae2/download
[FULL_35_INE] t= 294.2s | pag= 77 | files= 389 | data= 38 | cola= 587 | prio=10 | https://www.ine.gob.bo/index.php/estadisticas-economicas/comercio-exterior/exportacion-2/
[FULL_35_INE] t= 295.5s | pag= 78 | files= 389 | data= 39 | cola= 587 | prio=10 | https://www.ine.gob.bo/index.php/estadisticas-economicas/comercio-exterior/cuadros-estadisticos-exportaciones/
[FULL_35_INE] t= 296.3s | pag= 79 | files= 389 | data= 40 | cola= 595 | prio=10 | https://www.ine.gob.bo/index.php/estadisticas-economicas/comercio-exterior/ficha-tecnica-exportaciones/
[FULL_35_INE] t= 297.0s | pag= 80 | files= 389 | data= 41 | cola= 596 | prio=10 | https://www.ine.gob.bo/index.php/estadisticas-economicas/comercio-exterior/metadatos-exportaciones/
[FULL_35_INE] t= 297.7s | pag= 81 | files= 389 | data= 42 | cola= 596 | prio=10 | https://www.ine.gob.bo/index.php/estadisticas-economicas/comercio-exterior/bases-de-datos-exportaciones/

[BATCH] TIMEOUT DE FUENTE
