================================================================================
CRAWLER V2
================================================================================
Fuente: International Telecommunication Union
URL configurada: https://www.itu.int
Timeout HTTP: 10 s
Pausa HTTP:   aleatoria 0.15s - 0.35s


Resolución de fuente:
  Original: https://www.itu.int
  Utilizada: https://www.itu.int/es/Pages/default.aspx
  Fallback: sí
  Intentos: 1
    - usable         | HTTP=200 | https://www.itu.int/

URL de trabajo: https://www.itu.int/es/Pages/default.aspx
Seeds: 1
Máx páginas: 200
Máx archivos: 20000
Máx profundidad: 6

[FULL_36_ITU] t=   0.0s | pag=  0 | files=   0 | data=  0 | cola=   0 | prio= 0 | https://www.itu.int/es/Pages/default.aspx
[FULL_36_ITU] t=   2.5s | pag=  1 | files=   1 | data=  0 | cola=  75 | prio=10 | https://www.itu.int/hub/pubs/
[FULL_36_ITU] t=   4.0s | pag=  2 | files=   2 | data=  0 | cola= 107 | prio=10 | https://www.itu.int/en/ITU-D/Statistics
[FULL_36_ITU] t=   9.7s | pag=  3 | files=   2 | data=  0 | cola= 150 | prio=10 | https://www.itu.int/itu-d/reports/statistics/facts-figures-2025/
[FULL_36_ITU] DATASETS=1 | exportable_data_page | https://www.itu.int/itu-d/reports/statistics/facts-figures-2025/
[FULL_36_ITU] t=  10.3s | pag=  4 | files=   2 | data=  1 | cola= 158 | prio=10 | https://www.itu.int/hub/publication/S-REP-WTISD-2026/
[FULL_36_ITU] t=  16.6s | pag=  5 | files=   2 | data=  1 | cola= 171 | prio=10 | https://www.itu.int/highlights-report-activities/connect2030-agenda
[FULL_36_ITU] t=  17.3s | pag=  6 | files=   2 | data=  1 | cola= 170 | prio=10 | https://www.itu.int/reports/council
[FULL_36_ITU] t=  22.2s | pag=  7 | files=   2 | data=  1 | cola= 192 | prio=10 | https://www.itu.int/en/oversight-unit/Pages/report-misconduct.aspx
[FULL_36_ITU] t=  22.9s | pag=  8 | files=   2 | data=  1 | cola= 196 | prio=10 | https://www.itu.int/hub/?post_type=publication&s=
[FULL_36_ITU] t=  24.6s | pag=  9 | files=   2 | data=  1 | cola= 210 | prio=10 | https://www.itu.int/hub/publication/s-conf-plen-2022/
[FULL_36_ITU] t=  25.6s | pag= 10 | files=   2 | data=  1 | cola= 212 | prio=10 | https://www.itu.int/hub/publication/s-conf-cl-2024/
[FULL_36_ITU] t=  26.3s | pag= 11 | files=   2 | data=  1 | cola= 211 | prio=10 | https://www.itu.int/hub/publication/r-reg-rr-2024/
[FULL_36_ITU] t=  27.0s | pag= 12 | files=   2 | data=  1 | cola= 215 | prio=10 | https://www.itu.int/en/publications/Pages/default.aspx
[FULL_36_ITU] t=  30.5s | pag= 13 | files=   2 | data=  1 | cola= 216 | prio=10 | https://www.itu.int/hub/publication/t-tut-smartcity-2025-10/
[FULL_36_ITU] t=  31.5s | pag= 14 | files=   2 | data=  1 | cola= 224 | prio=10 | https://www.itu.int/hub/publication/t-joint-u4ssc-2026-10/
[FULL_36_ITU] t=  32.2s | pag= 15 | files=   2 | data=  1 | cola= 225 | prio=10 | https://www.itu.int/hub/publication/t-joint-u4ssc-2026-1/
[FULL_36_ITU] t=  32.9s | pag= 16 | files=   2 | data=  1 | cola= 224 | prio=10 | https://www.itu.int/hub/publication/d-phcb-ai_age-2026/
[FULL_36_ITU] t=  33.6s | pag= 17 | files=   2 | data=  1 | cola= 227 | prio=10 | https://www.itu.int/hub/publication/t-tut-smartcity-2019-2/
[FULL_36_ITU] t=  34.3s | pag= 18 | files=   2 | data=  1 | cola= 227 | prio=10 | https://www.itu.int/hub/publication/d-str-e_health-11-2018/
[FULL_36_ITU] t=  35.0s | pag= 19 | files=   2 | data=  1 | cola= 227 | prio=10 | https://www.itu.int/hub/publication/r-reg-rr-2020/
[FULL_36_ITU] t=  35.7s | pag= 20 | files=   2 | data=  1 | cola= 228 | prio=10 | https://www.itu.int/hub/publication/d-ind-ict_mdd-2022/
[FULL_36_ITU] t=  36.4s | pag= 21 | files=   2 | data=  1 | cola= 233 | prio=10 | https://www.itu.int/hub/publication/d-ind-ict_mdd-2023-1/
[FULL_36_ITU] t=  37.1s | pag= 22 | files=   2 | data=  1 | cola= 235 | prio=10 | https://www.itu.int/hub/publication/d-ind-ict_mdd-2023-2/
[FULL_36_ITU] t=  37.8s | pag= 23 | files=   2 | data=  1 | cola= 234 | prio=10 | https://www.itu.int/hub/publication/d-ind-ict_mdd-2024-3/
[FULL_36_ITU] t=  38.5s | pag= 24 | files=   2 | data=  1 | cola= 234 | prio=10 | https://www.itu.int/hub/publication/d-ind-global-01-2022/
[FULL_36_ITU] t=  39.2s | pag= 25 | files=   2 | data=  1 | cola= 234 | prio=10 | https://www.itu.int/en/publications/gs/Pages/default.aspx
[FULL_36_ITU] t=  46.0s | pag= 26 | files=   3 | data=  1 | cola= 308 | prio=10 | https://www.itu.int/en/publications/ITU-R/Pages/default.aspx
[FULL_36_ITU] t=  47.3s | pag= 27 | files=   3 | data=  1 | cola= 324 | prio=10 | https://www.itu.int/en/ITU-T/publications/Pages/default.aspx
[FULL_36_ITU] t=  48.0s | pag= 28 | files=   3 | data=  1 | cola= 348 | prio=10 | https://www.itu.int/en/ITU-D/Pages/itu-d-publications.aspx
[FULL_36_ITU] t=  49.3s | pag= 29 | files=  10 | data=  1 | cola= 419 | prio=10 | https://www.itu.int/en/ITU-T/publications/Pages/recs.aspx
[FULL_36_ITU] t=  50.0s | pag= 30 | files=  10 | data=  1 | cola= 464 | prio=10 | https://www.itu.int/hub/pubs/itu-maritime-publications/
[FULL_36_ITU] t=  51.8s | pag= 31 | files=  11 | data=  1 | cola= 471 | prio=10 | https://www.itu.int/hub/pubs/itu-databases-software/
[FULL_36_ITU] t=  52.7s | pag= 32 | files=  11 | data=  1 | cola= 478 | prio=10 | https://www.itu.int/itu-d/sites/statistics/ar/
[FULL_36_ITU] t=  56.7s | pag= 33 | files=  11 | data=  1 | cola= 502 | prio=10 | https://www.itu.int/itu-d/sites/statistics/zh-hans/
[FULL_36_ITU] t=  61.4s | pag= 34 | files=  11 | data=  1 | cola= 521 | prio=10 | https://www.itu.int/itu-d/sites/statistics/fr/
[FULL_36_ITU] t=  64.4s | pag= 35 | files=  11 | data=  1 | cola= 540 | prio=10 | https://www.itu.int/itu-d/sites/statistics/ru/
[FULL_36_ITU] t=  66.6s | pag= 36 | files=  11 | data=  1 | cola= 559 | prio=10 | https://www.itu.int/itu-d/sites/statistics/es/
[FULL_36_ITU] t=  69.4s | pag= 37 | files=  11 | data=  1 | cola= 575 | prio=10 | https://www.itu.int/en/ITU-D/Statistics/Pages/about.aspx
[FULL_36_ITU] t=  70.9s | pag= 38 | files=  12 | data=  1 | cola= 582 | prio=10 | https://www.itu.int/en/ITU-D/Statistics/Pages/publications/default.aspx
[FULL_36_ITU] t=  72.2s | pag= 39 | files=  13 | data=  1 | cola= 589 | prio=10 | https://www.itu.int/en/ITU-D/Statistics/Pages/events/default.aspx
[FULL_36_ITU] t=  73.6s | pag= 40 | files=  13 | data=  1 | cola= 606 | prio=10 | https://www.itu.int/itu-d/reports/statistics/idi2026/
[FULL_36_ITU] DATASETS=2 | exportable_data_page | https://www.itu.int/itu-d/reports/statistics/idi2026/
[FULL_36_ITU] t=  74.1s | pag= 41 | files=  16 | data=  2 | cola= 606 | prio=10 | https://www.itu.int/itu-d/sites/bigdata/
[FULL_36_ITU] DATASETS=3 | data_chart | https://www.itu.int/itu-d/sites/bigdata/
[FULL_36_ITU] t=  80.6s | pag= 42 | files=  16 | data=  3 | cola= 619 | prio=10 | https://datahub.itu.int/
[FULL_36_ITU] t=  81.8s | pag= 43 | files=  16 | data=  3 | cola= 618 | prio=10 | https://www.itu.int/en/ITU-D/Statistics/Pages/facts/default.aspx
[FULL_36_ITU] DATASETS=4 | data_html_table | https://www.itu.int/en/ITU-D/Statistics/Pages/facts/default.aspx
[FULL_36_ITU] t=  83.6s | pag= 44 | files=  32 | data=  4 | cola= 625 | prio=10 | https://www.itu.int/en/ITU-D/Statistics/Pages/ICTprices/default.aspx
[FULL_36_ITU] DATASETS=5 | exportable_data_page | https://www.itu.int/en/ITU-D/Statistics/Pages/ICTprices/default.aspx
[FULL_36_ITU] t=  85.1s | pag= 45 | files=  39 | data=  5 | cola= 636 | prio=10 | https://www.itu.int/en/ITU-D/Statistics/Pages/expertgroups.aspx
[FULL_36_ITU] t=  86.3s | pag= 46 | files=  48 | data=  5 | cola= 665 | prio=10 | https://www.itu.int/en/ITU-D/Statistics/Pages/intlcoop/default.aspx
[FULL_36_ITU] t=  87.8s | pag= 47 | files=  52 | data=  5 | cola= 670 | prio=10 | https://www.itu.int/en/ITU-D/Statistics/Pages/definitions/default.aspx
[FULL_36_ITU] t=  89.1s | pag= 48 | files=  55 | data=  5 | cola= 673 | prio=10 | https://www.itu.int/en/ITU-D/Statistics/Pages/capacitydev/default.aspx
[FULL_36_ITU] t=  90.6s | pag= 49 | files=  55 | data=  5 | cola= 673 | prio=10 | https://www.itu.int/highlights-report-activities/connect2030/
[FULL_36_ITU] t=  94.1s | pag= 49 | files=  55 | data=  5 | cola= 672 | prio=10 | https://www.itu.int/en/ethics/Pages/helpline.aspx
[FULL_36_ITU] t=  96.3s | pag= 50 | files=  55 | data=  5 | cola= 677 | prio=10 | https://itu.int/itu-d/reports/
[FULL_36_ITU] DATASETS=6 | exportable_data_page | https://www.itu.int/itu-d/reports/statistics/connectivity-in-the-least-developed-countries-status-report-2021/
[FULL_36_ITU] t= 100.8s | pag= 51 | files=  55 | data=  6 | cola= 678 | prio=10 | https://itu.int/itu-d/reports/statistics/
[FULL_36_ITU] t= 104.4s | pag= 51 | files=  55 | data=  6 | cola= 677 | prio=10 | https://www.itu.int/itu-d/reports/statistics/facts-figures-2025/index/
[FULL_36_ITU] t= 106.4s | pag= 52 | files=  55 | data=  6 | cola= 688 | prio=10 | https://www.itu.int/hub/publication/D-IND-ICT_MDD-2025-3/
[FULL_36_ITU] t= 107.6s | pag= 53 | files=  55 | data=  6 | cola= 687 | prio=10 | https://www.itu.int/reports/council/council-reports/
[FULL_36_ITU] t= 110.5s | pag= 54 | files=  55 | data=  6 | cola= 688 | prio=10 | https://www.itu.int/reports/wtdc-snapshot-report-2025/
[FULL_36_ITU] t= 113.1s | pag= 55 | files=  57 | data=  6 | cola= 695 | prio=10 | https://www.itu.int/en/action/gender-equality/data/Pages/default.aspx
[FULL_36_ITU] DATASETS=7 | data_chart | https://www.itu.int/initiatives/gender-equality/gender-dashboard/
[FULL_36_ITU] t= 117.1s | pag= 56 | files=  57 | data=  7 | cola= 706 | prio=10 | https://www.itu.int/reports/council/snapshot-report-2024
[FULL_36_ITU] t= 121.3s | pag= 57 | files=  57 | data=  7 | cola= 711 | prio=10 | https://www.itu.int/reports/council/snapshot-report-2023
[FULL_36_ITU] t= 125.0s | pag= 58 | files=  59 | data=  7 | cola= 727 | prio=10 | https://www.itu.int/reports/council/snapshot-report-2022
[FULL_36_ITU] t= 128.6s | pag= 59 | files=  60 | data=  7 | cola= 744 | prio=10 | https://www.itu.int/reports/council/snapshot-report-2021
[FULL_36_ITU] t= 136.4s | pag= 60 | files=  61 | data=  7 | cola= 755 | prio=10 | https://www.itu.int/reports/council/snapshot-report-2020
[FULL_36_ITU] t= 141.1s | pag= 61 | files=  61 | data=  7 | cola= 754 | prio=10 | https://www.itu.int/hub?post_type=publication&s=
[FULL_36_ITU] t= 141.8s | pag= 61 | files=  61 | data=  7 | cola= 753 | prio=10 | https://www.itu.int/hub/publication/d-gen-sustain-2026/
[FULL_36_ITU] t= 145.0s | pag= 62 | files=  61 | data=  7 | cola= 758 | prio=10 | https://www.itu.int/hub/publication/t-proc-kalei-2026/
[FULL_36_ITU] t= 146.0s | pag= 63 | files=  61 | data=  7 | cola= 759 | prio=10 | https://www.itu.int/hub/publication/r-reg-rop-2025/
[FULL_36_ITU] t= 146.7s | pag= 64 | files=  61 | data=  7 | cola= 758 | prio=10 | https://www.itu.int/hub/publication/s-iab-wg-2026/
[FULL_36_ITU] t= 147.4s | pag= 65 | files=  61 | data=  7 | cola= 759 | prio=10 | https://www.itu.int/hub/publication/d-phcb-ai-ew4all-2026/
[FULL_36_ITU] t= 148.1s | pag= 66 | files=  61 | data=  7 | cola= 759 | prio=10 | https://www.itu.int/hub/publication/t-joint-citiverse-2026-9/
[FULL_36_ITU] DATASETS=8 | exportable_data_page | https://www.itu.int/hub/publication/t-joint-citiverse-2026-9/
[FULL_36_ITU] t= 148.8s | pag= 67 | files=  61 | data=  8 | cola= 760 | prio=10 | https://www.itu.int/hub/publication/t-joint-citiverse-2026-10/
[FULL_36_ITU] t= 149.5s | pag= 68 | files=  61 | data=  8 | cola= 759 | prio=10 | https://www.itu.int/hub/publication/t-joint-citiverse-2026-13/
[FULL_36_ITU] t= 150.3s | pag= 69 | files=  61 | data=  8 | cola= 758 | prio=10 | https://www.itu.int/hub/page/2/?post_type=publication&s=
[FULL_36_ITU] t= 154.8s | pag= 70 | files=  61 | data=  8 | cola= 767 | prio=10 | https://www.itu.int/hub/page/3/?post_type=publication&s=
[FULL_36_ITU] t= 161.1s | pag= 71 | files=  61 | data=  8 | cola= 779 | prio=10 | https://www.itu.int/hub/page/59/?post_type=publication&s=
[FULL_36_ITU] t= 167.0s | pag= 72 | files=  61 | data=  8 | cola= 791 | prio=10 | https://www.itu.int/hub/publication/d-pref-netp-2026/
[FULL_36_ITU] t= 168.0s | pag= 73 | files=  61 | data=  8 | cola= 790 | prio=10 | https://www.itu.int/hub/tag/ict-statistics/
[FULL_36_ITU] t= 168.7s | pag= 74 | files=  61 | data=  8 | cola= 803 | prio=10 | https://www.itu.int/itu-d/reports/statistics/facts-figures-2022/
[FULL_36_ITU] DATASETS=9 | exportable_data_page | https://www.itu.int/itu-d/reports/statistics/facts-figures-2022/
[FULL_36_ITU] t= 169.1s | pag= 75 | files=  61 | data=  9 | cola= 804 | prio=10 | https://www.itu.int/hub/publication/d-inno-profile-zambia-2026/
[FULL_36_ITU] t= 169.9s | pag= 76 | files=  61 | data=  9 | cola= 805 | prio=10 | https://www.itu.int/es/publications/gs/Pages/default.aspx
[FULL_36_ITU] t= 176.9s | pag= 77 | files=  62 | data=  9 | cola= 829 | prio=10 | https://www.itu.int/fr/publications/gs/Pages/default.aspx
[FULL_36_ITU] t= 184.1s | pag= 78 | files=  63 | data=  9 | cola= 860 | prio=10 | https://www.itu.int/en/publications/gs/_layouts/Authenticate.aspx?Source=%2Fen%2Fpublications%2Fgs%2FPages%2Fdefault.aspx
[FULL_36_ITU] t= 184.9s | pag= 78 | files=  63 | data=  9 | cola= 859 | prio=10 | https://www.itu.int/en/publications/gs/Pages/publications.aspx?lang=en&parent=S-POL-BROADBAND.24-2021
[FULL_36_ITU] t= 189.4s | pag= 79 | files=  64 | data=  9 | cola= 871 | prio=10 | https://www.itu.int/en/publications/gs/Pages/publications.aspx?lang=en&media=electronic&parent=S-POL-BROADBAND.24-2021
[FULL_36_ITU] t= 192.2s | pag= 80 | files=  64 | data=  9 | cola= 873 | prio=10 | https://www.itu.int/en/publications/gs/Pages/publications.aspx?lang=en&parent=S-CONF-PLEN-2022
[FULL_36_ITU] t= 195.4s | pag= 81 | files=  70 | data=  9 | cola= 891 | prio=10 | https://www.itu.int/en/publications/gs/Pages/publications.aspx?lang=en&media=paper&parent=S-CONF-PLEN-2022
[FULL_36_ITU] t= 198.1s | pag= 82 | files=  70 | data=  9 | cola= 893 | prio=10 | https://www.itu.int/en/publications/gs/Pages/publications.aspx?lang=en&media=electronic&parent=S-CONF-PLEN-2022
[FULL_36_ITU] t= 201.1s | pag= 83 | files=  70 | data=  9 | cola= 895 | prio=10 | https://www.itu.int/en/publications/gs/Pages/publications.aspx?lang=en&parent=S-CONF-PLEN-2019
[FULL_36_ITU] t= 204.2s | pag= 84 | files=  76 | data=  9 | cola= 900 | prio=10 | https://www.itu.int/en/publications/gs/Pages/publications.aspx?lang=en&parent=S-CONF-PLEN-2015
[FULL_36_ITU] t= 214.8s | pag= 85 | files=  88 | data=  9 | cola= 906 | prio=10 | https://www.itu.int/en/publications/gs/Pages/publications.aspx?lang=en&parent=S-CONF-PLEN-2011
[FULL_36_ITU] t= 231.8s | pag= 86 | files= 108 | data=  9 | cola= 913 | prio=10 | https://www.itu.int/en/publications/gs/Pages/publications.aspx?lang=en&parent=S-CONF-PLEN-2007
[FULL_36_ITU] t= 261.8s | pag= 87 | files= 132 | data=  9 | cola= 919 | prio=10 | https://www.itu.int/en/publications/gs/Pages/publications.aspx?lang=en&parent=S-CONF-PLEN-2003
[FULL_36_ITU] t= 266.1s | pag= 88 | files= 138 | data=  9 | cola= 924 | prio=10 | https://www.itu.int/en/publications/gs/Pages/publications.aspx?lang=en&parent=S-JOURNAL-ICTF.VOL1-2018-2
[FULL_36_ITU] DATASETS=10 | data_html_table | https://www.itu.int/pub/S-JOURNAL-ICTF.VOL1-2018-2
[FULL_36_ITU] t= 269.4s | pag= 89 | files= 154 | data= 10 | cola= 931 | prio=10 | https://www.itu.int/en/publications/gs/Pages/publications.aspx?lang=en&media=electronic&parent=S-JOURNAL-ICTF.VOL1-2018-2
[FULL_36_ITU] t= 272.1s | pag= 90 | files= 154 | data= 11 | cola= 933 | prio=10 | https://www.itu.int/en/publications/gs/Pages/publications.aspx?lang=en&parent=S-JOURNAL-ICTF.VOL1-2018-1
[FULL_36_ITU] t= 275.3s | pag= 91 | files= 170 | data= 11 | cola= 938 | prio=10 | https://www.itu.int/en/publications/gs/Pages/publications.aspx?lang=en&parent=S-POL-BROADBAND.19-2018
[FULL_36_ITU] t= 278.5s | pag= 92 | files= 171 | data= 11 | cola= 945 | prio=10 | https://www.itu.int/en/publications/gs/Pages/publications.aspx?lang=en&media=paper&parent=S-POL-BROADBAND.19-2018
[FULL_36_ITU] t= 281.4s | pag= 93 | files= 171 | data= 11 | cola= 947 | prio=10 | https://www.itu.int/en/publications/gs/Pages/publications.aspx?lang=en&media=electronic&parent=S-POL-BROADBAND.19-2018
[FULL_36_ITU] t= 284.1s | pag= 94 | files= 171 | data= 11 | cola= 949 | prio=10 | https://www.itu.int/en/publications/gs/Pages/publications.aspx?lang=en&parent=S-POL-BROADBAND.17-2016
[FULL_36_ITU] t= 287.4s | pag= 95 | files= 172 | data= 11 | cola= 956 | prio=10 | https://www.itu.int/en/publications/gs/Pages/publications.aspx?lang=en&media=paper&parent=S-POL-BROADBAND.17-2016
[FULL_36_ITU] t= 290.2s | pag= 96 | files= 172 | data= 11 | cola= 958 | prio=10 | https://www.itu.int/en/publications/gs/Pages/publications.aspx?lang=en&media=electronic&parent=S-POL-BROADBAND.17-2016
[FULL_36_ITU] t= 293.1s | pag= 97 | files= 172 | data= 11 | cola= 960 | prio=10 | https://www.itu.int/en/publications/Pages/Newreleases.aspx
[FULL_36_ITU] t= 294.1s | pag= 98 | files= 172 | data= 11 | cola= 962 | prio=10 | https://www.itu.int/en/publications/Pages/best-sellers.aspx

[BATCH] TIMEOUT DE FUENTE
