================================================================================
CRAWLER V2
================================================================================
Fuente: Ministerio de Desarrollo Rural y Tierras
URL configurada: https://ruralytierras.gob.bo/
Timeout HTTP: 12 s
Pausa HTTP:   aleatoria 0.15s - 0.35s


Resolución de fuente:
  Original: https://ruralytierras.gob.bo/
  Utilizada: https://ruralytierras.gob.bo/
  Fallback: no
  Intentos: 1
    - usable         | HTTP=200 | https://ruralytierras.gob.bo/

URL de trabajo: https://ruralytierras.gob.bo/
Seeds: 8
Máx páginas: 200
Máx archivos: 20000
Máx profundidad: 6

[MDRYT] t=   0.0s | pag=  0 | files=   0 | data=  0 | cola=   7 | prio= 0 | https://ruralytierras.gob.bo/
[MDRYT] t=   1.9s | pag=  1 | files=   2 | data=  0 | cola=  46 | prio= 0 | https://ruralytierras.gob.bo/index.php/datos/
[MDRYT] DATASETS=1 | data_html_table | https://ruralytierras.gob.bo/index.php/datos/
[MDRYT] t=   2.2s | pag=  2 | files=   2 | data=  1 | cola=  45 | prio= 0 | https://ruralytierras.gob.bo/index.php/estadisticas/
[MDRYT] t=   2.6s | pag=  3 | files=   2 | data=  1 | cola=  44 | prio= 0 | https://ruralytierras.gob.bo/index.php/reportes-de-estadisticas/
[MDRYT] t=   3.1s | pag=  4 | files=   2 | data=  1 | cola=  43 | prio= 0 | https://ruralytierras.gob.bo/index.php/boletines/
[MDRYT] t=   3.5s | pag=  5 | files=   2 | data=  1 | cola=  42 | prio= 0 | https://ruralytierras.gob.bo/index.php/memoria-intitucional/
[MDRYT] t=   3.9s | pag=  6 | files=   3 | data=  1 | cola=  41 | prio= 0 | https://ruralytierras.gob.bo/index.php/presupuesto-de-las-estrategias-intitucionales/
[MDRYT] t=   4.4s | pag=  7 | files=   7 | data=  1 | cola=  40 | prio= 0 | https://ruralytierras.gob.bo/index.php/rendicion-publica-de-cuentas/
[MDRYT] t=   5.0s | pag=  8 | files=  10 | data=  1 | cola=  39 | prio= 2 | https://ruralytierras.gob.bo/index.php/informes-de-viaje-al-exterior/
[MDRYT] t=   5.5s | pag=  9 | files=  10 | data=  1 | cola=  38 | prio=10 | https://ruralytierras.gob.bo/index.php/breve-historia-o-resena-sobre-la-creacion-y-evolucion-de-la-entidad/
[MDRYT] t=   6.0s | pag= 10 | files=  10 | data=  1 | cola=  37 | prio=15 | https://ruralytierras.gob.bo/index.php/pei-descargable/
[MDRYT] t=   6.5s | pag= 11 | files=  10 | data=  1 | cola=  36 | prio=15 | https://ruralytierras.gob.bo/index.php/normativa-externa/
[MDRYT] t=   7.0s | pag= 12 | files=  19 | data=  1 | cola=  37 | prio=15 | https://ruralytierras.gob.bo/index.php/normativa-interna/
[MDRYT] t=   7.4s | pag= 13 | files=  19 | data=  1 | cola=  36 | prio=15 | https://ruralytierras.gob.bo/index.php/normativa-externa/page/2/
[MDRYT] t=   8.0s | pag= 14 | files=  29 | data=  1 | cola=  36 | prio=15 | https://ruralytierras.gob.bo/index.php/normativa-externa/page/3/
[MDRYT] t=   8.5s | pag= 15 | files=  33 | data=  1 | cola=  35 | prio=15 | https://ruralytierras.gob.bo/index.php/normativa-externa/page/1/
[MDRYT] t=   8.9s | pag= 15 | files=  33 | data=  1 | cola=  34 | prio=50 | https://ruralytierras.gob.bo/index.php/descripcion-de-los-objetivos-y-funciones-principales-de-la-entidad-2/
[MDRYT] t=  10.7s | pag= 16 | files=  33 | data=  1 | cola=  33 | prio=50 | https://ruralytierras.gob.bo/index.php/informacion-sobre-las-areas-o-procesos-que-seran-auditados-durante-el-ano/
[MDRYT] t=  11.0s | pag= 17 | files=  34 | data=  1 | cola=  32 | prio=50 | https://ruralytierras.gob.bo/index.php/17068-2/
[MDRYT] t=  11.4s | pag= 18 | files=  34 | data=  1 | cola=  32 | prio=50 | https://ruralytierras.gob.bo/index.php/lista-tramites-page/
[MDRYT] t=  11.9s | pag= 19 | files=  34 | data=  1 | cola=  31 | prio=50 | https://ruralytierras.gob.bo/index.php/lista-servicios-page/
[MDRYT] t=  12.3s | pag= 20 | files=  34 | data=  1 | cola=  33 | prio=50 | https://ruralytierras.gob.bo/index.php/lista-comunicados-page/
[MDRYT] t=  12.8s | pag= 21 | files=  34 | data=  1 | cola=  32 | prio=50 | https://ruralytierras.gob.bo/index.php/escala-salarial/
[MDRYT] t=  13.1s | pag= 22 | files=  36 | data=  1 | cola=  31 | prio=50 | https://ruralytierras.gob.bo/index.php/manual-de-organizacion/
[MDRYT] t=  13.6s | pag= 23 | files=  37 | data=  1 | cola=  30 | prio=50 | https://ruralytierras.gob.bo/index.php/poais/
[MDRYT] t=  14.1s | pag= 24 | files=  41 | data=  1 | cola=  29 | prio=50 | https://ruralytierras.gob.bo/index.php/manuales-de-procedimiento/
[MDRYT] t=  14.5s | pag= 25 | files=  42 | data=  1 | cola=  28 | prio=50 | https://ruralytierras.gob.bo/index.php/contratos/
[MDRYT] t=  14.9s | pag= 26 | files=  42 | data=  1 | cola=  27 | prio=50 | https://ruralytierras.gob.bo/index.php/lista-direcciones-page/
[MDRYT] t=  15.5s | pag= 27 | files=  42 | data=  1 | cola=  26 | prio=50 | https://ruralytierras.gob.bo/index.php/2024/03/28/hola-mundo/
[MDRYT] t=  16.1s | pag= 28 | files=  42 | data=  1 | cola=  25 | prio=50 | https://ruralytierras.gob.bo/index.php/servicio/sanidad-agropecuaria-e-inocuidad-alimentaria/
[MDRYT] t=  16.5s | pag= 29 | files=  42 | data=  1 | cola=  25 | prio=50 | https://ruralytierras.gob.bo/index.php/servicio/tecnologia-infraestructura-y-servicios-rurales-2/
[MDRYT] t=  17.0s | pag= 30 | files=  42 | data=  1 | cola=  24 | prio=50 | https://ruralytierras.gob.bo/index.php/servicio/tecnologia-infraestructura-y-servicios-rurales/
[MDRYT] t=  17.5s | pag= 31 | files=  42 | data=  1 | cola=  23 | prio=50 | https://ruralytierras.gob.bo/index.php/servicio/financiamiento-y-apoyo-a-la-produccion-4/
[MDRYT] t=  17.9s | pag= 32 | files=  42 | data=  1 | cola=  22 | prio=50 | https://www.ruralytierras.gob.bo/index.php?in=6750
[MDRYT] t=  19.8s | pag= 33 | files=  42 | data=  1 | cola=  21 | prio=50 | https://ruralytierras.gob.bo/index.php/mapa-de-sitio/
[MDRYT] DATASETS=2 | data_chart | https://ruralytierras.gob.bo/index.php/mapa-de-sitio/
[MDRYT] t=  20.4s | pag= 34 | files=  42 | data=  2 | cola= 389 | prio= 2 | https://ruralytierras.gob.bo/index.php/descripcion-de-las-etapas-del-proceso-como-pruebas-escritas-entrevistas-evaluaciones-etc/
[MDRYT] t=  20.7s | pag= 35 | files=  42 | data=  2 | cola= 388 | prio= 2 | https://ruralytierras.gob.bo/index.php/ejecucion-presupuestaria-por-categoria-programatica/
[MDRYT] t=  21.2s | pag= 36 | files=  42 | data=  2 | cola= 387 | prio= 2 | https://ruralytierras.gob.bo/index.php/ejecucion-presupuestaria-por-fuente-de-financiamiento/
[MDRYT] t=  21.7s | pag= 37 | files=  42 | data=  2 | cola= 386 | prio= 2 | https://ruralytierras.gob.bo/index.php/ejecucion-presupuestaria-por-grupo-de-gasto/
[MDRYT] t=  22.1s | pag= 38 | files=  42 | data=  2 | cola= 385 | prio= 2 | https://ruralytierras.gob.bo/index.php/ejecucion-presupuestaria-por-unidad-organizacional/
[MDRYT] t=  22.5s | pag= 39 | files=  42 | data=  2 | cola= 384 | prio= 2 | https://ruralytierras.gob.bo/index.php/informes/
[MDRYT] t=  22.9s | pag= 40 | files=  42 | data=  2 | cola= 383 | prio= 2 | https://ruralytierras.gob.bo/index.php/informes-periodicos-sobre-el-avance-y-cumplimiento-de-los-contratos-adjudicados/
[MDRYT] t=  23.4s | pag= 41 | files=  42 | data=  2 | cola= 382 | prio= 2 | https://ruralytierras.gob.bo/index.php/presupuesto-actual-aprobado/
[MDRYT] t=  23.7s | pag= 42 | files=  42 | data=  2 | cola= 381 | prio= 2 | https://ruralytierras.gob.bo/index.php/presupuesto-aprobado-por-categoria-programatica/
[MDRYT] t=  24.1s | pag= 43 | files=  42 | data=  2 | cola= 380 | prio= 2 | https://ruralytierras.gob.bo/index.php/presupuesto-aprobado-por-grupo-de-gastos/
[MDRYT] t=  24.5s | pag= 44 | files=  42 | data=  2 | cola= 379 | prio= 2 | https://ruralytierras.gob.bo/index.php/presupuesto-aprobado-por-unidad-organizacional/
[MDRYT] t=  24.8s | pag= 45 | files=  42 | data=  2 | cola= 378 | prio= 2 | https://ruralytierras.gob.bo/index.php/presupuesto-aprobado-unidad-organizacional/
[MDRYT] t=  25.4s | pag= 46 | files=  42 | data=  2 | cola= 377 | prio= 2 | https://ruralytierras.gob.bo/index.php/presupuesto-por-categoria-programatica/
[MDRYT] t=  25.8s | pag= 47 | files=  42 | data=  2 | cola= 376 | prio= 2 | https://ruralytierras.gob.bo/index.php/presupuesto-por-fuente-de-financiamiento/
[MDRYT] t=  26.2s | pag= 48 | files=  42 | data=  2 | cola= 375 | prio= 2 | https://ruralytierras.gob.bo/index.php/programas-y-proyectos-de-inversion/
[MDRYT] t=  26.7s | pag= 49 | files=  42 | data=  2 | cola= 374 | prio= 2 | https://ruralytierras.gob.bo/index.php/revistas/
[MDRYT] t=  27.3s | pag= 50 | files=  42 | data=  2 | cola= 373 | prio= 2 | https://ruralytierras.gob.bo/index.php/presupuesto/presupuesto-institucional-de-recursos/
[MDRYT] t=  27.8s | pag= 51 | files=  42 | data=  2 | cola= 372 | prio= 2 | https://ruralytierras.gob.bo/index.php/presupuesto/presupuesto-institucional-de-gastos/
[MDRYT] t=  28.2s | pag= 52 | files=  42 | data=  2 | cola= 371 | prio= 2 | https://ruralytierras.gob.bo/index.php/presupuesto/fuente-de-financiamiento-2025-09-04/
[MDRYT] t=  28.6s | pag= 53 | files=  42 | data=  2 | cola= 370 | prio= 2 | https://ruralytierras.gob.bo/index.php/presupuesto/estado-de-ejecucion/
[MDRYT] t=  29.2s | pag= 54 | files=  42 | data=  2 | cola= 369 | prio= 2 | https://ruralytierras.gob.bo/index.php/datos/tecnologia-1/
[MDRYT] DATASETS=3 | exportable_data_page | https://ruralytierras.gob.bo/index.php/datos/tecnologia-1/
[MDRYT] t=  29.5s | pag= 55 | files=  42 | data=  3 | cola= 368 | prio= 2 | https://ruralytierras.gob.bo/index.php/rendicion_cuenta/informe-00089-2025-rendicion-publica-de-cuentas-inicial-2025/
[MDRYT] t=  29.9s | pag= 56 | files=  42 | data=  3 | cola= 367 | prio= 2 | https://ruralytierras.gob.bo/index.php/rendicion_cuenta/informe-00026-2025-rendicion-publica-de-cuentas-final-2024/
[MDRYT] t=  30.5s | pag= 57 | files=  42 | data=  3 | cola= 366 | prio= 2 | https://ruralytierras.gob.bo/index.php/rendicion_cuenta/informe-0034-2024-rendicion-publica-de-cuentas-inicial-2024/
[MDRYT] t=  30.9s | pag= 58 | files=  42 | data=  3 | cola= 365 | prio= 2 | https://ruralytierras.gob.bo/index.php/viaje/lorem-titulo-del-informe-de-viaje-al-exterior/
[MDRYT] t=  31.2s | pag= 59 | files=  42 | data=  3 | cola= 364 | prio= 2 | https://ruralytierras.gob.bo/index.php/indicador/sanidad-e-inocuidad-alimentaria-senasag/
[MDRYT] DATASETS=4 | exportable_data_page | https://ruralytierras.gob.bo/index.php/indicador/sanidad-e-inocuidad-alimentaria-senasag/
[MDRYT] t=  31.6s | pag= 60 | files=  42 | data=  4 | cola= 363 | prio= 2 | https://ruralytierras.gob.bo/index.php/indicador/seguro-agrario-pachamamaseguro-agrario-pachamama/
[MDRYT] DATASETS=5 | exportable_data_page | https://ruralytierras.gob.bo/index.php/indicador/seguro-agrario-pachamamaseguro-agrario-pachamama/
[MDRYT] t=  32.1s | pag= 61 | files=  42 | data=  5 | cola= 362 | prio= 2 | https://ruralytierras.gob.bo/index.php/indicador/credito-productivo-sibolivia/
[MDRYT] DATASETS=6 | exportable_data_page | https://ruralytierras.gob.bo/index.php/indicador/credito-productivo-sibolivia/
[MDRYT] t=  32.6s | pag= 62 | files=  42 | data=  6 | cola= 361 | prio= 2 | https://ruralytierras.gob.bo/index.php/indicador/lorem-indicadores-2/
[MDRYT] DATASETS=7 | exportable_data_page | https://ruralytierras.gob.bo/index.php/indicador/lorem-indicadores-2/
[MDRYT] t=  33.0s | pag= 63 | files=  42 | data=  7 | cola= 360 | prio= 2 | https://ruralytierras.gob.bo/index.php/boletin/16876/
[MDRYT] t=  33.4s | pag= 64 | files=  42 | data=  7 | cola= 359 | prio= 2 | https://ruralytierras.gob.bo/index.php/boletin/lorem-boletin-informativo-lorem/
[MDRYT] t=  33.9s | pag= 65 | files=  42 | data=  7 | cola= 358 | prio= 2 | https://ruralytierras.gob.bo/index.php/boletin/boletin-informativo/
[MDRYT] t=  34.3s | pag= 66 | files=  42 | data=  7 | cola= 357 | prio=10 | https://ruralytierras.gob.bo/index.php/convocatoria/20445/
[MDRYT] t=  34.8s | pag= 67 | files=  42 | data=  7 | cola= 356 | prio=15 | https://ruralytierras.gob.bo/index.php/decretos/
[MDRYT] t=  35.2s | pag= 68 | files=  42 | data=  7 | cola= 355 | prio=15 | https://ruralytierras.gob.bo/index.php/leyes/
[MDRYT] t=  35.7s | pag= 69 | files=  42 | data=  7 | cola= 354 | prio=15 | https://ruralytierras.gob.bo/index.php/resolucion-ministerial/
[MDRYT] t=  36.1s | pag= 70 | files=  42 | data=  7 | cola= 353 | prio=15 | https://ruralytierras.gob.bo/index.php/resoluciones/
[MDRYT] t=  36.5s | pag= 71 | files=  42 | data=  7 | cola= 352 | prio=15 | https://ruralytierras.gob.bo/index.php/normativa/ley-no-3525/
[MDRYT] t=  37.0s | pag= 72 | files=  42 | data=  7 | cola= 351 | prio=15 | https://ruralytierras.gob.bo/index.php/normativa/ley-no-2341/
[MDRYT] t=  37.4s | pag= 73 | files=  42 | data=  7 | cola= 350 | prio=15 | https://ruralytierras.gob.bo/index.php/normativa/ley-n-2061/
[MDRYT] t=  37.9s | pag= 74 | files=  42 | data=  7 | cola= 349 | prio=15 | https://ruralytierras.gob.bo/index.php/normativa/ley-no-2027/
[MDRYT] t=  38.3s | pag= 75 | files=  42 | data=  7 | cola= 348 | prio=15 | https://ruralytierras.gob.bo/index.php/normativa/ley-no-1715/
[MDRYT] t=  38.8s | pag= 76 | files=  42 | data=  7 | cola= 347 | prio=15 | https://ruralytierras.gob.bo/index.php/normativa/ley-no-1178/
[MDRYT] t=  39.2s | pag= 77 | files=  42 | data=  7 | cola= 346 | prio=15 | https://ruralytierras.gob.bo/index.php/normativa/ley-n-906/
[MDRYT] t=  39.8s | pag= 78 | files=  42 | data=  7 | cola= 345 | prio=15 | https://ruralytierras.gob.bo/index.php/normativa/ley-no-830/
[MDRYT] t=  40.3s | pag= 79 | files=  42 | data=  7 | cola= 344 | prio=15 | https://ruralytierras.gob.bo/index.php/normativa/ley-no-395/
[MDRYT] t=  41.0s | pag= 80 | files=  42 | data=  7 | cola= 343 | prio=15 | https://ruralytierras.gob.bo/index.php/normativa/ley-no-144/
[MDRYT] t=  41.5s | pag= 81 | files=  42 | data=  7 | cola= 342 | prio=15 | https://ruralytierras.gob.bo/index.php/normativa/ley-n-045/
[MDRYT] t=  41.8s | pag= 82 | files=  42 | data=  7 | cola= 341 | prio=15 | https://ruralytierras.gob.bo/index.php/normativa/ley-no-031/
[MDRYT] t=  42.3s | pag= 83 | files=  42 | data=  7 | cola= 340 | prio=15 | https://ruralytierras.gob.bo/index.php/normativa/ley-n-004/
[MDRYT] t=  42.8s | pag= 84 | files=  42 | data=  7 | cola= 339 | prio=15 | https://ruralytierras.gob.bo/index.php/normativa/decreto-supremo-n-29611/
[MDRYT] t=  43.3s | pag= 85 | files=  42 | data=  7 | cola= 338 | prio=15 | https://ruralytierras.gob.bo/index.php/normativa/decreto-supremo-no-29315/
[MDRYT] t=  43.8s | pag= 86 | files=  42 | data=  7 | cola= 337 | prio=15 | https://ruralytierras.gob.bo/index.php/normativa/decreto-supremo-no-23318-a/
[MDRYT] t=  44.2s | pag= 87 | files=  42 | data=  7 | cola= 336 | prio=15 | https://ruralytierras.gob.bo/index.php/normativa/decreto-supremo-n-4857/
[MDRYT] t=  44.7s | pag= 88 | files=  42 | data=  7 | cola= 335 | prio=15 | https://ruralytierras.gob.bo/index.php/normativa/decreto-supremo-n-4701/
[MDRYT] t=  45.0s | pag= 89 | files=  42 | data=  7 | cola= 334 | prio=15 | https://ruralytierras.gob.bo/index.php/normativa/decreto-supremo-n-2852/
[MDRYT] t=  45.6s | pag= 90 | files=  42 | data=  7 | cola= 333 | prio=15 | https://ruralytierras.gob.bo/index.php/normativa/decreto-supremo-n-2851/
[MDRYT] t=  46.0s | pag= 91 | files=  42 | data=  7 | cola= 332 | prio=15 | https://ruralytierras.gob.bo/index.php/normativa/decreto-supremo-n-2493/
[MDRYT] t=  46.6s | pag= 92 | files=  42 | data=  7 | cola= 331 | prio=15 | https://ruralytierras.gob.bo/index.php/normativa/decreto-supremo-n-1858/
[MDRYT] t=  47.0s | pag= 93 | files=  42 | data=  7 | cola= 330 | prio=15 | https://ruralytierras.gob.bo/index.php/normativa/constitucion-politica-del-estado/
[MDRYT] t=  47.4s | pag= 94 | files=  42 | data=  7 | cola= 329 | prio=15 | https://ruralytierras.gob.bo/index.php/normativa/decreto-supremo-n-1922/
[MDRYT] t=  47.8s | pag= 95 | files=  42 | data=  7 | cola= 328 | prio=15 | https://ruralytierras.gob.bo/index.php/normativa/normativa-1/
[MDRYT] t=  48.3s | pag= 96 | files=  42 | data=  7 | cola= 327 | prio=15 | https://ruralytierras.gob.bo/index.php/normativa-inter/13278/
[MDRYT] t=  48.8s | pag= 97 | files=  42 | data=  7 | cola= 326 | prio=15 | https://ruralytierras.gob.bo/index.php/documentos/resolucion-ministerial-con-el-que-se-aprueba-el-pei-2/
[MDRYT] t=  49.2s | pag= 98 | files=  42 | data=  7 | cola= 325 | prio=15 | https://ruralytierras.gob.bo/index.php/documentos/resolucion-ministerial-con-el-que-se-aprueba-el-pei/
[MDRYT] t=  49.7s | pag= 99 | files=  42 | data=  7 | cola= 324 | prio=50 | https://ruralytierras.gob.bo/index.php/servicio/financiamiento-y-apoyo-a-la-produccion-2/
[MDRYT] t=  50.2s | pag=100 | files=  42 | data=  7 | cola= 323 | prio=50 | https://ruralytierras.gob.bo/index.php/servicio/financiamiento-y-apoyo-a-la-produccion/
[MDRYT] t=  50.6s | pag=101 | files=  42 | data=  7 | cola= 322 | prio=50 | https://ruralytierras.gob.bo/index.php/servicio/gestion-y-acceso-a-la-tierra/
[MDRYT] t=  51.0s | pag=102 | files=  42 | data=  7 | cola= 321 | prio=50 | https://ruralytierras.gob.bo/index.php/lista-servicios-page
[MDRYT] t=  51.6s | pag=102 | files=  42 | data=  7 | cola= 320 | prio=50 | https://ruralytierras.gob.bo/index.php/analisis-externo-oportunidades-y-amenazas/
[MDRYT] t=  53.1s | pag=103 | files=  42 | data=  7 | cola= 319 | prio=50 | https://ruralytierras.gob.bo/index.php/analisis-interno-fortalezas-y-debilidades/
[MDRYT] t=  53.6s | pag=104 | files=  42 | data=  7 | cola= 318 | prio=50 | https://ruralytierras.gob.bo/index.php/articulos/
[MDRYT] t=  54.0s | pag=105 | files=  42 | data=  7 | cola= 317 | prio=50 | https://ruralytierras.gob.bo/index.php/banco-de-trabajo-de-investigacion/
[MDRYT] t=  54.6s | pag=106 | files=  42 | data=  7 | cola= 316 | prio=50 | https://ruralytierras.gob.bo/index.php/componentes/
[MDRYT] t=  55.0s | pag=107 | files=  43 | data=  7 | cola= 315 | prio=50 | https://ruralytierras.gob.bo/index.php/cpe/
[MDRYT] t=  55.4s | pag=108 | files=  43 | data=  7 | cola= 314 | prio=50 | https://ruralytierras.gob.bo/index.php/cursos-de-capacitacion/
[MDRYT] t=  55.9s | pag=109 | files=  43 | data=  7 | cola= 313 | prio=50 | https://ruralytierras.gob.bo/index.php/dependencia/
[MDRYT] t=  56.3s | pag=110 | files=  43 | data=  7 | cola= 312 | prio=50 | https://ruralytierras.gob.bo/index.php/descripcion-de-proyectos/
[MDRYT] t=  56.9s | pag=111 | files=  43 | data=  7 | cola= 311 | prio=50 | https://ruralytierras.gob.bo/index.php/direccion-de-correo-electronico-para-consultas-generales/
[MDRYT] t=  57.5s | pag=112 | files=  43 | data=  7 | cola= 310 | prio=50 | https://ruralytierras.gob.bo/index.php/direcciones-de-la-oficina-central-y-oficinas-regionales/
[MDRYT] t=  57.9s | pag=113 | files=  43 | data=  7 | cola= 309 | prio=50 | https://ruralytierras.gob.bo/index.php/documentos-de-convocatoria-2/
[MDRYT] t=  58.4s | pag=114 | files=  43 | data=  7 | cola= 308 | prio=50 | https://ruralytierras.gob.bo/index.php/explicacion-del-proceso-de-seleccion-que-se-llevara-a-cabo-para-cubrir-las-vacantes/
[MDRYT] t=  58.8s | pag=115 | files=  43 | data=  7 | cola= 307 | prio=50 | https://ruralytierras.gob.bo/index.php/formulario-de-inscripcion/
[MDRYT] t=  59.2s | pag=116 | files=  43 | data=  7 | cola= 306 | prio=50 | https://ruralytierras.gob.bo/index.php/funciones-y-atribuciones/
[MDRYT] t=  59.6s | pag=117 | files=  43 | data=  7 | cola= 305 | prio=50 | https://ruralytierras.gob.bo/index.php/lista-herramientas-page/
[MDRYT] t=  60.2s | pag=118 | files=  43 | data=  7 | cola= 304 | prio=50 | https://ruralytierras.gob.bo/index.php/horario-de-atencion-al-publico/
[MDRYT] t=  60.6s | pag=119 | files=  43 | data=  7 | cola= 303 | prio=50 | https://ruralytierras.gob.bo/index.php/linea-del-tiempo-que-muestra-las-fases-del-proceso-de-contratacion/
[MDRYT] t=  61.1s | pag=120 | files=  43 | data=  7 | cola= 302 | prio=50 | https://ruralytierras.gob.bo/index.php/lista-de-contratos-adjudicados-de-bienes/
[MDRYT] t=  61.6s | pag=121 | files=  43 | data=  7 | cola= 301 | prio=50 | https://ruralytierras.gob.bo/index.php/listado-de-internos-por-unidad-organizacional/
[MDRYT] t=  62.0s | pag=122 | files=  43 | data=  7 | cola= 300 | prio=50 | https://ruralytierras.gob.bo/index.php/mapa-de-ubicacion-central-y-sucursales/
[MDRYT] t=  62.4s | pag=123 | files=  43 | data=  7 | cola= 299 | prio=50 | https://ruralytierras.gob.bo/index.php/nomina-de-empresas-que-se-adjudicaron-procesos-de-contratacion-de-bienes/
[MDRYT] t=  62.9s | pag=124 | files=  43 | data=  7 | cola= 298 | prio=50 | https://ruralytierras.gob.bo/index.php/objetivo-del-area-o-unidad-organizacional/
[MDRYT] t=  63.4s | pag=125 | files=  43 | data=  7 | cola= 297 | prio=50 | https://ruralytierras.gob.bo/index.php/plan-de-trabajo-y-cronograma-de-los-proyectos/
[MDRYT] t=  63.8s | pag=126 | files=  43 | data=  7 | cola= 296 | prio=50 | https://ruralytierras.gob.bo/index.php/aprobacion-del-poa-documento-normativo/
[MDRYT] t=  64.5s | pag=126 | files=  43 | data=  7 | cola= 295 | prio=50 | https://ruralytierras.gob.bo/index.php/redes-sociales-y-medios-de-comunicacion/
[MDRYT] t=  65.9s | pag=127 | files=  43 | data=  7 | cola= 294 | prio=50 | https://ruralytierras.gob.bo/index.php/reglamentos/
[MDRYT] t=  66.5s | pag=128 | files=  43 | data=  7 | cola= 293 | prio=50 | https://ruralytierras.gob.bo/index.php/reglamentos-internos/
[MDRYT] t=  67.0s | pag=129 | files=  43 | data=  7 | cola= 292 | prio=50 | https://ruralytierras.gob.bo/index.php/resportes/
[MDRYT] t=  67.4s | pag=130 | files=  43 | data=  7 | cola= 291 | prio=50 | https://ruralytierras.gob.bo/index.php/tratados-internacionales/
[MDRYT] t=  67.8s | pag=131 | files=  43 | data=  7 | cola= 290 | prio=50 | https://ruralytierras.gob.bo/index.php/category/sin-categoria/
[MDRYT] t=  68.4s | pag=132 | files=  43 | data=  7 | cola= 289 | prio=50 | https://ruralytierras.gob.bo/index.php/tramite/regularizacion-y-saneamiento-de-tierras/
[MDRYT] t=  68.8s | pag=133 | files=  43 | data=  7 | cola= 288 | prio=50 | https://ruralytierras.gob.bo/index.php/tramite/tramite1/
[MDRYT] t=  69.3s | pag=134 | files=  43 | data=  7 | cola= 287 | prio=50 | https://ruralytierras.gob.bo/index.php/pei/titulo-lorem-del-plan-estrategico-institucional/
[MDRYT] t=  69.9s | pag=135 | files=  43 | data=  7 | cola= 286 | prio=50 | https://ruralytierras.gob.bo/index.php/auditoria/7475/
[MDRYT] t=  70.4s | pag=136 | files=  43 | data=  7 | cola= 285 | prio=50 | https://ruralytierras.gob.bo/index.php/auditoria/17060/
[MDRYT] t=  71.0s | pag=137 | files=  43 | data=  7 | cola= 284 | prio=50 | https://ruralytierras.gob.bo/index.php/contrato/17048/
[MDRYT] t=  71.5s | pag=138 | files=  43 | data=  7 | cola= 283 | prio=50 | https://ruralytierras.gob.bo/index.php/convocatoria/20495/
[MDRYT] t=  71.9s | pag=139 | files=  43 | data=  7 | cola= 282 | prio=50 | https://ruralytierras.gob.bo/index.php/convocatoria/20494/
[MDRYT] t=  72.4s | pag=140 | files=  43 | data=  7 | cola= 281 | prio=50 | https://ruralytierras.gob.bo/index.php/convocatoria/20493/
[MDRYT] t=  72.8s | pag=141 | files=  43 | data=  7 | cola= 280 | prio=50 | https://ruralytierras.gob.bo/index.php/convocatoria/20492/
[MDRYT] t=  73.2s | pag=142 | files=  43 | data=  7 | cola= 279 | prio=50 | https://ruralytierras.gob.bo/index.php/convocatoria/20491/
[MDRYT] t=  73.7s | pag=143 | files=  43 | data=  7 | cola= 278 | prio=50 | https://ruralytierras.gob.bo/index.php/convocatoria/20490/
[MDRYT] t=  74.2s | pag=144 | files=  43 | data=  7 | cola= 277 | prio=50 | https://ruralytierras.gob.bo/index.php/convocatoria/20489/
[MDRYT] t=  74.7s | pag=145 | files=  43 | data=  7 | cola= 276 | prio=50 | https://ruralytierras.gob.bo/index.php/convocatoria/20488/
[MDRYT] t=  75.1s | pag=146 | files=  43 | data=  7 | cola= 275 | prio=50 | https://ruralytierras.gob.bo/index.php/convocatoria/20487/
[MDRYT] t=  75.6s | pag=147 | files=  43 | data=  7 | cola= 274 | prio=50 | https://ruralytierras.gob.bo/index.php/convocatoria/20485/
[MDRYT] t=  76.1s | pag=148 | files=  43 | data=  7 | cola= 273 | prio=50 | https://ruralytierras.gob.bo/index.php/convocatoria/20484/
[MDRYT] t=  76.5s | pag=149 | files=  43 | data=  7 | cola= 272 | prio=50 | https://ruralytierras.gob.bo/index.php/convocatoria/20483/
[MDRYT] t=  76.9s | pag=150 | files=  43 | data=  7 | cola= 271 | prio=50 | https://ruralytierras.gob.bo/index.php/convocatoria/20482/
[MDRYT] t=  77.4s | pag=151 | files=  43 | data=  7 | cola= 270 | prio=50 | https://ruralytierras.gob.bo/index.php/convocatoria/20481/
[MDRYT] t=  77.8s | pag=152 | files=  43 | data=  7 | cola= 269 | prio=50 | https://ruralytierras.gob.bo/index.php/convocatoria/20480/
[MDRYT] t=  78.3s | pag=153 | files=  43 | data=  7 | cola= 268 | prio=50 | https://ruralytierras.gob.bo/index.php/convocatoria/20479/
[MDRYT] t=  78.7s | pag=154 | files=  43 | data=  7 | cola= 267 | prio=50 | https://ruralytierras.gob.bo/index.php/convocatoria/20478/
[MDRYT] t=  79.3s | pag=155 | files=  43 | data=  7 | cola= 266 | prio=50 | https://ruralytierras.gob.bo/index.php/convocatoria/20477/
[MDRYT] t=  79.8s | pag=156 | files=  43 | data=  7 | cola= 265 | prio=50 | https://ruralytierras.gob.bo/index.php/convocatoria/20476/
[MDRYT] t=  80.2s | pag=157 | files=  43 | data=  7 | cola= 264 | prio=50 | https://ruralytierras.gob.bo/index.php/convocatoria/20475/
[MDRYT] t=  80.6s | pag=158 | files=  43 | data=  7 | cola= 263 | prio=50 | https://ruralytierras.gob.bo/index.php/convocatoria/20474/
[MDRYT] t=  81.0s | pag=159 | files=  43 | data=  7 | cola= 262 | prio=50 | https://ruralytierras.gob.bo/index.php/convocatoria/20473/
[MDRYT] t=  81.5s | pag=160 | files=  43 | data=  7 | cola= 261 | prio=50 | https://ruralytierras.gob.bo/index.php/convocatoria/20472/
[MDRYT] t=  82.0s | pag=161 | files=  43 | data=  7 | cola= 260 | prio=50 | https://ruralytierras.gob.bo/index.php/convocatoria/20471/
[MDRYT] t=  82.4s | pag=162 | files=  43 | data=  7 | cola= 259 | prio=50 | https://ruralytierras.gob.bo/index.php/convocatoria/20470/
[MDRYT] t=  82.8s | pag=163 | files=  43 | data=  7 | cola= 258 | prio=50 | https://ruralytierras.gob.bo/index.php/convocatoria/20469/
[MDRYT] t=  83.4s | pag=164 | files=  43 | data=  7 | cola= 257 | prio=50 | https://ruralytierras.gob.bo/index.php/convocatoria/20468/
[MDRYT] t=  83.8s | pag=165 | files=  43 | data=  7 | cola= 256 | prio=50 | https://ruralytierras.gob.bo/index.php/convocatoria/20467/
[MDRYT] t=  84.4s | pag=166 | files=  43 | data=  7 | cola= 255 | prio=50 | https://ruralytierras.gob.bo/index.php/convocatoria/20466/
[MDRYT] t=  84.8s | pag=167 | files=  43 | data=  7 | cola= 254 | prio=50 | https://ruralytierras.gob.bo/index.php/convocatoria/20465/
[MDRYT] t=  85.3s | pag=168 | files=  43 | data=  7 | cola= 253 | prio=50 | https://ruralytierras.gob.bo/index.php/convocatoria/20464/
[MDRYT] t=  85.8s | pag=169 | files=  43 | data=  7 | cola= 252 | prio=50 | https://ruralytierras.gob.bo/index.php/convocatoria/20463/
[MDRYT] t=  86.2s | pag=170 | files=  43 | data=  7 | cola= 251 | prio=50 | https://ruralytierras.gob.bo/index.php/convocatoria/20462/
[MDRYT] t=  86.6s | pag=171 | files=  43 | data=  7 | cola= 250 | prio=50 | https://ruralytierras.gob.bo/index.php/convocatoria/20461/
[MDRYT] t=  87.3s | pag=172 | files=  43 | data=  7 | cola= 249 | prio=50 | https://ruralytierras.gob.bo/index.php/convocatoria/20460/
[MDRYT] t=  87.9s | pag=173 | files=  43 | data=  7 | cola= 248 | prio=50 | https://ruralytierras.gob.bo/index.php/convocatoria/20459/
[MDRYT] t=  88.4s | pag=174 | files=  43 | data=  7 | cola= 247 | prio=50 | https://ruralytierras.gob.bo/index.php/convocatoria/20458/
[MDRYT] t=  89.0s | pag=175 | files=  43 | data=  7 | cola= 246 | prio=50 | https://ruralytierras.gob.bo/index.php/convocatoria/20457/
[MDRYT] t=  89.5s | pag=176 | files=  43 | data=  7 | cola= 245 | prio=50 | https://ruralytierras.gob.bo/index.php/convocatoria/20456/
[MDRYT] t=  89.8s | pag=177 | files=  43 | data=  7 | cola= 244 | prio=50 | https://ruralytierras.gob.bo/index.php/convocatoria/20455/
[MDRYT] t=  90.3s | pag=178 | files=  43 | data=  7 | cola= 243 | prio=50 | https://ruralytierras.gob.bo/index.php/convocatoria/20454/
[MDRYT] t=  90.8s | pag=179 | files=  43 | data=  7 | cola= 242 | prio=50 | https://ruralytierras.gob.bo/index.php/convocatoria/20453/
[MDRYT] t=  91.3s | pag=180 | files=  43 | data=  7 | cola= 241 | prio=50 | https://ruralytierras.gob.bo/index.php/convocatoria/20452/
[MDRYT] t=  91.7s | pag=181 | files=  43 | data=  7 | cola= 240 | prio=50 | https://ruralytierras.gob.bo/index.php/convocatoria/20451/
[MDRYT] t=  92.1s | pag=182 | files=  43 | data=  7 | cola= 239 | prio=50 | https://ruralytierras.gob.bo/index.php/convocatoria/20450/
[MDRYT] t=  92.6s | pag=183 | files=  43 | data=  7 | cola= 238 | prio=50 | https://ruralytierras.gob.bo/index.php/convocatoria/20449/
[MDRYT] t=  93.1s | pag=184 | files=  43 | data=  7 | cola= 237 | prio=50 | https://ruralytierras.gob.bo/index.php/convocatoria/20448/
[MDRYT] t=  93.5s | pag=185 | files=  43 | data=  7 | cola= 236 | prio=50 | https://ruralytierras.gob.bo/index.php/convocatoria/20447/
[MDRYT] t=  93.8s | pag=186 | files=  43 | data=  7 | cola= 235 | prio=50 | https://ruralytierras.gob.bo/index.php/convocatoria/20446/
[MDRYT] t=  94.3s | pag=187 | files=  43 | data=  7 | cola= 234 | prio=50 | https://ruralytierras.gob.bo/index.php/convocatoria/20444/
[MDRYT] t=  94.7s | pag=188 | files=  43 | data=  7 | cola= 233 | prio=50 | https://ruralytierras.gob.bo/index.php/convocatoria/20443/
[MDRYT] t=  95.2s | pag=189 | files=  43 | data=  7 | cola= 232 | prio=50 | https://ruralytierras.gob.bo/index.php/convocatoria/20442/
[MDRYT] t=  95.7s | pag=190 | files=  43 | data=  7 | cola= 231 | prio=50 | https://ruralytierras.gob.bo/index.php/convocatoria/20441/
[MDRYT] t=  96.2s | pag=191 | files=  43 | data=  7 | cola= 230 | prio=50 | https://ruralytierras.gob.bo/index.php/convocatoria/20440/
[MDRYT] t=  96.7s | pag=192 | files=  43 | data=  7 | cola= 229 | prio=50 | https://ruralytierras.gob.bo/index.php/convocatoria/20439/
[MDRYT] t=  97.2s | pag=193 | files=  43 | data=  7 | cola= 228 | prio=50 | https://ruralytierras.gob.bo/index.php/convocatoria/20438/
[MDRYT] t=  97.7s | pag=194 | files=  43 | data=  7 | cola= 227 | prio=50 | https://ruralytierras.gob.bo/index.php/convocatoria/20437/
[MDRYT] t=  98.1s | pag=195 | files=  43 | data=  7 | cola= 226 | prio=50 | https://ruralytierras.gob.bo/index.php/convocatoria/20436/
[MDRYT] t=  98.6s | pag=196 | files=  43 | data=  7 | cola= 225 | prio=50 | https://ruralytierras.gob.bo/index.php/convocatoria/20435/
[MDRYT] t=  99.0s | pag=197 | files=  43 | data=  7 | cola= 224 | prio=50 | https://ruralytierras.gob.bo/index.php/convocatoria/20434/
[MDRYT] t=  99.5s | pag=198 | files=  43 | data=  7 | cola= 223 | prio=50 | https://ruralytierras.gob.bo/index.php/convocatoria/20433/
[MDRYT] t=  99.9s | pag=199 | files=  43 | data=  7 | cola= 222 | prio=50 | https://ruralytierras.gob.bo/index.php/convocatoria/20432/

================================================================================
RESULTADO
================================================================================
Fuente:              mdryt
Páginas visitadas:   200
Archivos encontrados:   43
Datasets web:         7
Errores:              1
Motivo de parada:     max_pages
Duración:             100.45 s

Formatos:
  - PDF    : 43

JSON: C:\Ultimo Semestre 7\trabajo\DATAX\team crawler\crawler_asfi\Crawler_BCB\crawler_v2\output\mdryt.json

Trazabilidad:
  Ejecución: 67
  Estado:    PROCESSED
  Base:      C:\Ultimo Semestre 7\trabajo\DATAX\team crawler\crawler_asfi\Crawler_BCB\crawler_v2\trace\crawler_trace.sqlite
