================================================================================
CRAWLER V2
================================================================================
Fuente: Ministerio de Minería y Metalurgia
URL configurada: https://www.mineria.gob.bo
Timeout HTTP: 10 s
Pausa HTTP:   aleatoria 0.15s - 0.35s


Resolución de fuente:
  Original: https://www.mineria.gob.bo
  Utilizada: https://www.mineria.gob.bo/
  Fallback: sí
  Intentos: 1
    - usable         | HTTP=200 | https://www.mineria.gob.bo/

URL de trabajo: https://www.mineria.gob.bo/
Seeds: 1
Máx páginas: 200
Máx archivos: 20000
Máx profundidad: 6

[FULL_42_MMYM] t=   0.0s | pag=  0 | files=   0 | data=  0 | cola=   0 | prio= 0 | https://www.mineria.gob.bo/
[FULL_42_MMYM] t=   2.1s | pag=  1 | files=   0 | data=  0 | cola=  40 | prio=10 | https://www.mineria.gob.bo/index.php/breve-historia-o-resena-sobre-la-creacion-y-evolucion-de-la-entidad/
[FULL_42_MMYM] t=   3.1s | pag=  2 | files=   0 | data=  0 | cola=  39 | prio=10 | https://www.mineria.gob.bo/index.php/pei-descargable/
[FULL_42_MMYM] t=   4.0s | pag=  3 | files=   3 | data=  0 | cola=  38 | prio=10 | https://www.mineria.gob.bo/index.php/rendicion-publica-de-cuentas/
[FULL_42_MMYM] t=   4.9s | pag=  4 | files=  13 | data=  0 | cola=  38 | prio=10 | https://www.mineria.gob.bo/index.php/boletines/
[FULL_42_MMYM] t=   5.9s | pag=  5 | files=  25 | data=  0 | cola=  38 | prio=10 | https://www.mineria.gob.bo/index.php/historico-cotizaciones-minerales/
[FULL_42_MMYM] t=   6.8s | pag=  6 | files=  25 | data=  0 | cola=  40 | prio=10 | https://www.mineria.gob.bo/index.php/boletines/page/2/
[FULL_42_MMYM] t=   7.7s | pag=  7 | files=  31 | data=  0 | cola=  40 | prio=10 | https://www.mineria.gob.bo/index.php/historico-cotizaciones-minerales/page/2/
[FULL_42_MMYM] t=   8.5s | pag=  8 | files=  31 | data=  0 | cola=  41 | prio=10 | https://www.mineria.gob.bo/index.php/historico-cotizaciones-minerales/page/3/
[FULL_42_MMYM] t=   9.4s | pag=  9 | files=  31 | data=  0 | cola=  41 | prio=10 | https://www.mineria.gob.bo/index.php/historico-cotizaciones-minerales/page/9/
[FULL_42_MMYM] t=  10.2s | pag= 10 | files=  31 | data=  0 | cola=  42 | prio=10 | https://www.mineria.gob.bo/index.php/boletines/page/1/
[FULL_42_MMYM] t=  11.4s | pag= 10 | files=  31 | data=  0 | cola=  41 | prio=10 | https://www.mineria.gob.bo/index.php/historico-cotizaciones-minerales/page/1/
[FULL_42_MMYM] t=  14.0s | pag= 10 | files=  31 | data=  0 | cola=  40 | prio=10 | https://www.mineria.gob.bo/index.php/historico-cotizaciones-minerales/page/4/
[FULL_42_MMYM] t=  16.0s | pag= 11 | files=  31 | data=  0 | cola=  40 | prio=10 | https://www.mineria.gob.bo/index.php/historico-cotizaciones-minerales/page/5/
[FULL_42_MMYM] t=  16.8s | pag= 12 | files=  31 | data=  0 | cola=  39 | prio=10 | https://www.mineria.gob.bo/index.php/historico-cotizaciones-minerales/page/8/
[FULL_42_MMYM] t=  17.7s | pag= 13 | files=  31 | data=  0 | cola=  38 | prio=10 | https://www.mineria.gob.bo/index.php/historico-cotizaciones-minerales/page/7/
[FULL_42_MMYM] t=  18.7s | pag= 14 | files=  31 | data=  0 | cola=  37 | prio=10 | https://www.mineria.gob.bo/index.php/historico-cotizaciones-minerales/page/6/
[FULL_42_MMYM] t=  19.4s | pag= 15 | files=  31 | data=  0 | cola=  36 | prio=50 | https://www.mineria.gob.bo/index.php/descripcion-de-los-objetivos-y-funciones-principales-de-la-entidad-2/
[FULL_42_MMYM] t=  20.2s | pag= 16 | files=  31 | data=  0 | cola=  35 | prio=50 | https://www.mineria.gob.bo/index.php/memoria-intitucional/
[FULL_42_MMYM] t=  21.0s | pag= 17 | files=  38 | data=  0 | cola=  34 | prio=50 | https://www.mineria.gob.bo/index.php/presupuesto-de-las-estrategias-intitucionales/
[FULL_42_MMYM] t=  21.7s | pag= 18 | files=  48 | data=  0 | cola=  34 | prio=50 | https://www.mineria.gob.bo/index.php/informacion-sobre-las-areas-o-procesos-que-seran-auditados-durante-el-ano/
[FULL_42_MMYM] t=  22.7s | pag= 19 | files=  58 | data=  0 | cola=  34 | prio=50 | https://www.mineria.gob.bo/index.php/presentaciones-rpcf-2026-mmm/
[FULL_42_MMYM] t=  23.5s | pag= 20 | files=  67 | data=  0 | cola=  33 | prio=50 | https://www.mineria.gob.bo/index.php/17068-2/
[FULL_42_MMYM] t=  24.4s | pag= 21 | files=  67 | data=  0 | cola=  32 | prio=50 | https://www.mineria.gob.bo/index.php/formulario-de-solicitud-de-informacion/
[FULL_42_MMYM] t=  25.4s | pag= 22 | files=  67 | data=  0 | cola=  31 | prio=50 | https://www.mineria.gob.bo/index.php/lista-comunicados-page/
[FULL_42_MMYM] t=  26.4s | pag= 23 | files=  77 | data=  0 | cola=  32 | prio=50 | https://www.mineria.gob.bo/index.php/banco-de-trabajo-de-investigacion/
[FULL_42_MMYM] t=  27.4s | pag= 24 | files=  86 | data=  0 | cola=  32 | prio=50 | https://www.mineria.gob.bo/index.php/comunicados-de-prensa/
[FULL_42_MMYM] t=  28.4s | pag= 25 | files=  86 | data=  0 | cola=  38 | prio=50 | https://www.mineria.gob.bo/index.php/campanas-y-actividades/
[FULL_42_MMYM] t=  29.1s | pag= 26 | files=  86 | data=  0 | cola=  39 | prio=50 | https://www.mineria.gob.bo/index.php/normativa-externa/
[FULL_42_MMYM] t=  30.0s | pag= 27 | files=  96 | data=  0 | cola=  39 | prio=50 | https://www.mineria.gob.bo/index.php/normativa-interna/
[FULL_42_MMYM] t=  30.8s | pag= 28 | files= 106 | data=  0 | cola=  41 | prio=50 | https://www.mineria.gob.bo/index.php/personal/
[FULL_42_MMYM] t=  32.8s | pag= 29 | files= 106 | data=  0 | cola=  40 | prio=50 | https://www.mineria.gob.bo/index.php/escala-salarial/
[FULL_42_MMYM] t=  33.5s | pag= 30 | files= 107 | data=  0 | cola=  39 | prio=50 | https://www.mineria.gob.bo/index.php/manual-de-organizacion/
[FULL_42_MMYM] t=  34.3s | pag= 31 | files= 108 | data=  0 | cola=  38 | prio=50 | https://www.mineria.gob.bo/index.php/poais/
[FULL_42_MMYM] t=  35.2s | pag= 32 | files= 109 | data=  0 | cola=  37 | prio=50 | https://www.mineria.gob.bo/index.php/manuales-de-procedimiento/
[FULL_42_MMYM] t=  36.1s | pag= 33 | files= 110 | data=  0 | cola=  36 | prio=50 | https://www.mineria.gob.bo/index.php/oportunidad-de-empleo/
[FULL_42_MMYM] t=  36.9s | pag= 34 | files= 110 | data=  0 | cola=  35 | prio=50 | https://www.mineria.gob.bo/index.php/contrataciones/
[FULL_42_MMYM] t=  37.7s | pag= 35 | files= 110 | data=  0 | cola=  34 | prio=50 | https://www.mineria.gob.bo/index.php/listado-de-convocatorias-vigentes-de-bienes-y-servicios/
[FULL_42_MMYM] t=  38.6s | pag= 36 | files= 110 | data=  0 | cola=  33 | prio=50 | https://www.mineria.gob.bo/index.php/proveedores/
[FULL_42_MMYM] t=  39.4s | pag= 37 | files= 110 | data=  0 | cola=  35 | prio=50 | https://www.mineria.gob.bo/index.php/nota_prensa/ministerio-de-mineria-y-metalurgia-socializa-a-la-csutcb-los-avances-del-nuevo-codigo-minero/
[FULL_42_MMYM] t=  40.3s | pag= 38 | files= 110 | data=  0 | cola=  34 | prio=50 | https://www.mineria.gob.bo/index.php/nota_prensa/ministerio-de-mineria-fortalecio-articulacion-institucional-en-materia-ambiental-durante-aniversario-del-tribunal-agroambiental/
[FULL_42_MMYM] t=  41.1s | pag= 39 | files= 110 | data=  0 | cola=  33 | prio=50 | https://www.mineria.gob.bo/index.php/nota_prensa/viceministerio-de-minerales-tecnologicos-informa-que-muestras-de-agua-de-hampaturi-no-evidencian-presencia-de-mercurio/
[FULL_42_MMYM] t=  42.0s | pag= 40 | files= 110 | data=  0 | cola=  32 | prio=50 | https://www.mineria.gob.bo/index.php/nota_prensa/gobierno-fortalece-las-capacidades-tecnicas-del-cooperativismo-minero-con-programa-nacional-de-capacitacion/
[FULL_42_MMYM] t=  42.9s | pag= 41 | files= 110 | data=  0 | cola=  31 | prio=50 | https://www.mineria.gob.bo/index.php/nota_prensa/ministro-de-mineria-y-metalurgia-coordina-con-la-csutcb-nuevos-aportes-para-el-codigo-minero/
[FULL_42_MMYM] t=  43.8s | pag= 42 | files= 110 | data=  0 | cola=  30 | prio=50 | https://www.mineria.gob.bo/index.php/nota_prensa/gobierno-impulsa-la-seguridad-y-productividad-del-cooperativismo-minero-con-programa-de-capacitacion/
[FULL_42_MMYM] t=  44.5s | pag= 43 | files= 110 | data=  0 | cola=  29 | prio=50 | https://cumbre.mineria.gob.bo/
[FULL_42_MMYM] t=  44.5s | pag= 43 | files= 110 | data=  0 | cola=  28 | prio=50 | https://www.mineria.gob.bo/index.php/enlaces-de-interes/
[FULL_42_MMYM] t=  45.5s | pag= 44 | files= 110 | data=  0 | cola=  27 | prio=50 | https://www.mineria.gob.bo/cdn-cgi/l/email-protection
[FULL_42_MMYM] t=  45.7s | pag= 44 | files= 110 | data=  0 | cola=  26 | prio=50 | https://www.mineria.gob.bo/index.php/terminos-y-condiciones/
[FULL_42_MMYM] t=  47.6s | pag= 45 | files= 110 | data=  0 | cola=  25 | prio=50 | https://www.mineria.gob.bo/index.php/mapa-de-sitio/
[FULL_42_MMYM] t=  49.3s | pag= 46 | files= 110 | data=  0 | cola= 571 | prio=10 | https://www.mineria.gob.bo/index.php/historico/
[FULL_42_MMYM] t=  50.1s | pag= 47 | files= 110 | data=  0 | cola= 570 | prio=10 | https://www.mineria.gob.bo/index.php/presupuesto/informe-ejecucion-presupuestaria-2025/
[FULL_42_MMYM] t=  51.0s | pag= 48 | files= 110 | data=  0 | cola= 569 | prio=10 | https://www.mineria.gob.bo/index.php/nota_prensa/ministerio-de-mineria-impulsa-acercamiento-con-mercados-internacionales-de-capital-para-fortalecer-la-exploracion-en-bolivia/
[FULL_42_MMYM] t=  51.8s | pag= 49 | files= 110 | data=  0 | cola= 568 | prio=10 | https://www.mineria.gob.bo/index.php/nota_prensa/bolivia-evalua-el-alza-del-oro-y-la-plata-oportunidad-economica-con-enfoque-de-formalizacion-y-trazabilidad/
[FULL_42_MMYM] t=  52.6s | pag= 50 | files= 110 | data=  0 | cola= 567 | prio=10 | https://www.mineria.gob.bo/index.php/investigacion/anuario-2025/
[FULL_42_MMYM] t=  53.7s | pag= 51 | files= 110 | data=  0 | cola= 566 | prio=10 | https://www.mineria.gob.bo/index.php/investigacion/anuario-2024/
[FULL_42_MMYM] t=  54.7s | pag= 52 | files= 110 | data=  0 | cola= 565 | prio=10 | https://www.mineria.gob.bo/index.php/investigacion/anuario-2023/
[FULL_42_MMYM] t=  55.6s | pag= 53 | files= 110 | data=  0 | cola= 564 | prio=10 | https://www.mineria.gob.bo/index.php/investigacion/anuario-2022/
[FULL_42_MMYM] t=  56.7s | pag= 54 | files= 110 | data=  0 | cola= 563 | prio=10 | https://www.mineria.gob.bo/index.php/investigacion/anuario-2021/
[FULL_42_MMYM] t=  57.8s | pag= 55 | files= 110 | data=  0 | cola= 562 | prio=10 | https://www.mineria.gob.bo/index.php/investigacion/anuario-2020/
[FULL_42_MMYM] t=  58.6s | pag= 56 | files= 110 | data=  0 | cola= 561 | prio=10 | https://www.mineria.gob.bo/index.php/boletin/boletin-3t-2025/
[FULL_42_MMYM] t=  59.6s | pag= 57 | files= 110 | data=  0 | cola= 560 | prio=10 | https://www.mineria.gob.bo/index.php/boletin/boletin-1t-2025/
[FULL_42_MMYM] t=  60.4s | pag= 58 | files= 110 | data=  0 | cola= 559 | prio=10 | https://www.mineria.gob.bo/index.php/boletin/boletin-1s-2025/
[FULL_42_MMYM] t=  61.5s | pag= 59 | files= 110 | data=  0 | cola= 558 | prio=10 | https://www.mineria.gob.bo/index.php/boletin/boletin-3t-2024/
[FULL_42_MMYM] t=  62.5s | pag= 60 | files= 110 | data=  0 | cola= 557 | prio=10 | https://www.mineria.gob.bo/index.php/boletin/boletin-1t-2024/
[FULL_42_MMYM] t=  63.4s | pag= 61 | files= 110 | data=  0 | cola= 556 | prio=10 | https://www.mineria.gob.bo/index.php/boletin/boletin-1s-2024/
[FULL_42_MMYM] t=  64.4s | pag= 62 | files= 110 | data=  0 | cola= 555 | prio=10 | https://www.mineria.gob.bo/index.php/boletin/boletin-3t-2023/
[FULL_42_MMYM] t=  65.5s | pag= 63 | files= 110 | data=  0 | cola= 554 | prio=10 | https://www.mineria.gob.bo/index.php/boletin/boletin-1t-2023/
[FULL_42_MMYM] t=  66.3s | pag= 64 | files= 110 | data=  0 | cola= 553 | prio=10 | https://www.mineria.gob.bo/index.php/boletin/boletin-1s-2023/
[FULL_42_MMYM] t=  67.2s | pag= 65 | files= 110 | data=  0 | cola= 552 | prio=10 | https://www.mineria.gob.bo/index.php/boletin/boletin-3t-2022/
[FULL_42_MMYM] t=  68.1s | pag= 66 | files= 110 | data=  0 | cola= 551 | prio=10 | https://www.mineria.gob.bo/index.php/boletin/boletin-1t-2022/
[FULL_42_MMYM] t=  69.0s | pag= 67 | files= 110 | data=  0 | cola= 550 | prio=10 | https://www.mineria.gob.bo/index.php/boletin/boletin-1s-2022/
[FULL_42_MMYM] t=  70.0s | pag= 68 | files= 110 | data=  0 | cola= 549 | prio=10 | https://www.mineria.gob.bo/index.php/boletin/boletin-3t-2021/
[FULL_42_MMYM] t=  71.1s | pag= 69 | files= 110 | data=  0 | cola= 548 | prio=10 | https://www.mineria.gob.bo/index.php/boletin/boletin-1t-2021/
[FULL_42_MMYM] t=  72.1s | pag= 70 | files= 110 | data=  0 | cola= 547 | prio=10 | https://www.mineria.gob.bo/index.php/boletin/boletin-1s-2021/
[FULL_42_MMYM] t=  73.0s | pag= 71 | files= 110 | data=  0 | cola= 546 | prio=10 | https://www.mineria.gob.bo/index.php/boletin/boletin-3t-2020/
[FULL_42_MMYM] t=  74.0s | pag= 72 | files= 110 | data=  0 | cola= 545 | prio=10 | https://www.mineria.gob.bo/index.php/boletin/boletin-1t-2020/
[FULL_42_MMYM] t=  75.0s | pag= 73 | files= 110 | data=  0 | cola= 544 | prio=10 | https://www.mineria.gob.bo/index.php/boletin/boletin-1s-2020/
[FULL_42_MMYM] t=  76.1s | pag= 74 | files= 110 | data=  0 | cola= 543 | prio=10 | https://www.mineria.gob.bo/index.php/servidor_publico/zambrana-mercado-jaime/
[FULL_42_MMYM] t=  77.0s | pag= 75 | files= 110 | data=  0 | cola= 542 | prio=50 | https://www.mineria.gob.bo/index.php/rendicion-publica-de-cuentas/page/2/
[FULL_42_MMYM] t=  77.9s | pag= 76 | files= 111 | data=  0 | cola= 542 | prio=50 | https://www.mineria.gob.bo/index.php/presupuesto-de-las-estrategias-intitucionales/page/2/
[FULL_42_MMYM] t=  78.8s | pag= 77 | files= 111 | data=  0 | cola= 542 | prio=50 | https://www.mineria.gob.bo/index.php/informacion-sobre-las-areas-o-procesos-que-seran-auditados-durante-el-ano/page/2/
[FULL_42_MMYM] t=  79.6s | pag= 78 | files= 118 | data=  0 | cola= 542 | prio=50 | https://www.mineria.gob.bo/index.php/lista-comunicados-page/page/2/
[FULL_42_MMYM] t=  80.6s | pag= 79 | files= 128 | data=  0 | cola= 542 | prio=50 | https://www.mineria.gob.bo/index.php/lista-comunicados-page/page/3/
[FULL_42_MMYM] t=  81.5s | pag= 80 | files= 129 | data=  0 | cola= 541 | prio=50 | https://www.mineria.gob.bo/index.php/banco-de-trabajo-de-investigacion/page/2/
[FULL_42_MMYM] t=  82.3s | pag= 81 | files= 130 | data=  0 | cola= 541 | prio=50 | https://www.mineria.gob.bo/index.php/nota_prensa/la-cumbre-nacional-minera-avanza-el-dialogo-continua-para-construir-el-nuevo-codigo-minero/
[FULL_42_MMYM] t=  83.0s | pag= 82 | files= 130 | data=  0 | cola= 540 | prio=50 | https://www.mineria.gob.bo/index.php/nota_prensa/la-cumbre-nacional-minera-entra-en-la-fase-de-construccion-de-propuestas-para-el-nuevo-codigo-minero/
[FULL_42_MMYM] t=  84.0s | pag= 83 | files= 130 | data=  0 | cola= 539 | prio=50 | https://www.mineria.gob.bo/index.php/nota_prensa/cumbre-nacional-minera-2026-inicia-el-proceso-de-dialogo-para-la-actualizacion-del-marco-normativo-del-sector/
[FULL_42_MMYM] t=  84.9s | pag= 84 | files= 130 | data=  0 | cola= 539 | prio=50 | https://www.mineria.gob.bo/index.php/nota_prensa/los-actores-productivos-mineros-son-los-protagonistas-de-la-cumbre-nacional-minera-2026/
[FULL_42_MMYM] t=  85.8s | pag= 85 | files= 130 | data=  0 | cola= 538 | prio=50 | https://www.mineria.gob.bo/index.php/comunicados-de-prensa/page/2/
[FULL_42_MMYM] t=  86.8s | pag= 86 | files= 130 | data=  0 | cola= 539 | prio=50 | https://www.mineria.gob.bo/index.php/comunicados-de-prensa/page/3/
[FULL_42_MMYM] t=  87.7s | pag= 87 | files= 130 | data=  0 | cola= 539 | prio=50 | https://www.mineria.gob.bo/index.php/comunicados-de-prensa/page/6/
[FULL_42_MMYM] t=  88.6s | pag= 88 | files= 130 | data=  0 | cola= 538 | prio=50 | https://www.mineria.gob.bo/index.php/normativa-externa/page/2/
[FULL_42_MMYM] t=  89.4s | pag= 89 | files= 131 | data=  0 | cola= 538 | prio=50 | https://www.mineria.gob.bo/index.php/normativa-interna/page/2/
[FULL_42_MMYM] t=  90.3s | pag= 90 | files= 141 | data=  0 | cola= 539 | prio=50 | https://www.mineria.gob.bo/index.php/normativa-interna/page/3/
[FULL_42_MMYM] t=  91.2s | pag= 91 | files= 151 | data=  0 | cola= 539 | prio=50 | https://www.mineria.gob.bo/index.php/normativa-interna/page/19/
[FULL_42_MMYM] t=  91.9s | pag= 92 | files= 159 | data=  0 | cola= 540 | prio=50 | https://www.mineria.gob.bo/index.php/proveedores/page/2/
[FULL_42_MMYM] t=  92.7s | pag= 93 | files= 159 | data=  0 | cola= 541 | prio=50 | https://www.mineria.gob.bo/index.php/proveedores/page/3/
[FULL_42_MMYM] t=  93.6s | pag= 94 | files= 159 | data=  0 | cola= 540 | prio=50 | https://www.mineria.gob.bo/index.php/proveedores/page/5/
[FULL_42_MMYM] t=  94.5s | pag= 95 | files= 159 | data=  0 | cola= 539 | prio=50 | https://www.mineria.gob.bo/index.php/formulario-de-denuncias/
[FULL_42_MMYM] t=  95.3s | pag= 96 | files= 159 | data=  0 | cola= 538 | prio=50 | https://www.mineria.gob.bo/index.php/ingreso/
[FULL_42_MMYM] t=  95.8s | pag= 97 | files= 159 | data=  0 | cola= 537 | prio=50 | https://www.mineria.gob.bo/index.php/tramitev2/prueba/
[FULL_42_MMYM] t=  96.7s | pag= 98 | files= 159 | data=  0 | cola= 536 | prio=50 | https://www.mineria.gob.bo/index.php/tramitev2/certificado-de-nacimiento-agetic/
[FULL_42_MMYM] t=  97.4s | pag= 99 | files= 159 | data=  0 | cola= 535 | prio=50 | https://www.mineria.gob.bo/index.php/tramitev2/certificado-de-capacitacion-tecnologica/
[FULL_42_MMYM] t=  98.4s | pag=100 | files= 159 | data=  0 | cola= 534 | prio=50 | https://www.mineria.gob.bo/index.php/servicio/integracion-de-pasarela-de-pagos-del-estado/
[FULL_42_MMYM] t=  99.3s | pag=101 | files= 159 | data=  0 | cola= 534 | prio=50 | https://www.mineria.gob.bo/index.php/servicio/integracion-de-mecanismos-de-ciudadania-digital/
[FULL_42_MMYM] t= 100.1s | pag=102 | files= 159 | data=  0 | cola= 533 | prio=50 | https://www.mineria.gob.bo/index.php/servicio/concientizacion-en-ciberseguridad/
[FULL_42_MMYM] t= 101.1s | pag=103 | files= 159 | data=  0 | cola= 532 | prio=50 | https://www.mineria.gob.bo/index.php/servicio/alertas-y-avisos-de-seguridad-informatica/
[FULL_42_MMYM] t= 101.9s | pag=104 | files= 159 | data=  0 | cola= 531 | prio=50 | https://www.mineria.gob.bo/index.php/presupuesto/ejecucion-presupuestaria-de-gastos-al-30-de-junio-de-2026/
[FULL_42_MMYM] t= 102.8s | pag=105 | files= 159 | data=  0 | cola= 530 | prio=50 | https://www.mineria.gob.bo/index.php/presupuesto/ejecucion-presupuestaria-de-gastos-al-31-de-mayo-de-2026/
[FULL_42_MMYM] t= 103.7s | pag=106 | files= 159 | data=  0 | cola= 529 | prio=50 | https://www.mineria.gob.bo/index.php/presupuesto/ejecucion-presupuestaria-de-gastos-al-30-de-abril-de-2026/
[FULL_42_MMYM] t= 104.7s | pag=107 | files= 159 | data=  0 | cola= 528 | prio=50 | https://www.mineria.gob.bo/index.php/presupuesto/ejecucion-presupuestaria-de-gastos-al-31-de-marzo-de-2026/
[FULL_42_MMYM] t= 105.8s | pag=108 | files= 159 | data=  0 | cola= 527 | prio=50 | https://www.mineria.gob.bo/index.php/presupuesto/ejecucion-presupuestaria-de-gastos-al-28-de-febrero-de-2026/
[FULL_42_MMYM] t= 106.8s | pag=109 | files= 159 | data=  0 | cola= 526 | prio=50 | https://www.mineria.gob.bo/index.php/presupuesto/ejecucion-presupuestaria-por-fuente-de-financiamiento-del-1-de-enero-al-31-de-diciembre-del-2025/
[FULL_42_MMYM] t= 107.8s | pag=110 | files= 159 | data=  0 | cola= 525 | prio=50 | https://www.mineria.gob.bo/index.php/presupuesto/estado-de-la-ejecucion-presupuestaria-de-gastos-por-categoria-programatica-fuente-y-organismo-financiador/
[FULL_42_MMYM] t= 108.7s | pag=111 | files= 159 | data=  0 | cola= 524 | prio=50 | https://www.mineria.gob.bo/index.php/presupuesto/estado-de-la-ejecucion-presupuestaria-de-gastos/
[FULL_42_MMYM] t= 109.7s | pag=112 | files= 159 | data=  0 | cola= 523 | prio=50 | https://www.mineria.gob.bo/index.php/presupuesto/gasto-por-unidad-ejecutora-y-fuente-de-financiamiento/
[FULL_42_MMYM] t= 110.7s | pag=113 | files= 159 | data=  0 | cola= 522 | prio=50 | https://www.mineria.gob.bo/index.php/presupuesto/presupuesto-institucional/
[FULL_42_MMYM] t= 111.7s | pag=114 | files= 159 | data=  0 | cola= 521 | prio=50 | https://www.mineria.gob.bo/index.php/presupuesto/ejecucion-presupuestaria/
[FULL_42_MMYM] t= 112.6s | pag=115 | files= 159 | data=  0 | cola= 520 | prio=50 | https://www.mineria.gob.bo/index.php/auditoria/resumen-ejecutivo-inf-mmm-uai-no-006-2026/
[FULL_42_MMYM] t= 113.6s | pag=116 | files= 159 | data=  0 | cola= 519 | prio=50 | https://www.mineria.gob.bo/index.php/auditoria/resumen-ejecutivo-inf-mmm-uai-seg-no-002-2026/
[FULL_42_MMYM] t= 114.6s | pag=117 | files= 159 | data=  0 | cola= 518 | prio=50 | https://www.mineria.gob.bo/index.php/auditoria/resumen-ejecutivo-inf-mmm-uai-seg-no-001-2026/
[FULL_42_MMYM] t= 115.5s | pag=118 | files= 159 | data=  0 | cola= 517 | prio=50 | https://www.mineria.gob.bo/index.php/auditoria/resumen-ejecutivo-inf-mmm-uai-relv-no-001-2026/
[FULL_42_MMYM] t= 116.5s | pag=119 | files= 159 | data=  0 | cola= 516 | prio=50 | https://www.mineria.gob.bo/index.php/auditoria/resumen-ejecutivo-inf-mmm-uai-no-005-2026/
[FULL_42_MMYM] t= 117.4s | pag=120 | files= 159 | data=  0 | cola= 515 | prio=50 | https://www.mineria.gob.bo/index.php/auditoria/resumen-ejecutivo-inf-mmm-uai-au-no-004-2026/
[FULL_42_MMYM] t= 118.6s | pag=121 | files= 159 | data=  0 | cola= 514 | prio=50 | https://www.mineria.gob.bo/index.php/auditoria/resumen-ejecutivo-inf-mmm-uai-au-no-003-2026/
[FULL_42_MMYM] t= 119.5s | pag=122 | files= 159 | data=  0 | cola= 513 | prio=50 | https://www.mineria.gob.bo/index.php/auditoria/resumen-ejecutivo-inf-mmm-uai-no-002-2026/
[FULL_42_MMYM] t= 120.5s | pag=123 | files= 159 | data=  0 | cola= 512 | prio=50 | https://www.mineria.gob.bo/index.php/auditoria/resumen-ejecutivo-inf-mmm-uai-au-no-001-2026/
[FULL_42_MMYM] t= 121.5s | pag=124 | files= 159 | data=  0 | cola= 511 | prio=50 | https://www.mineria.gob.bo/index.php/auditoria/resumen-ejecutivo-inf-mmm-uai-no-007-2025/
[FULL_42_MMYM] t= 122.6s | pag=125 | files= 159 | data=  0 | cola= 510 | prio=50 | https://www.mineria.gob.bo/index.php/auditoria/resumen-ejecutivo-inf-mmm-uai-seg-no-004-2025/
[FULL_42_MMYM] t= 123.5s | pag=126 | files= 159 | data=  0 | cola= 509 | prio=50 | https://www.mineria.gob.bo/index.php/auditoria/resumen-ejecutivo-inf-mmm-uai-seg-no-003-2025/
[FULL_42_MMYM] t= 124.5s | pag=127 | files= 159 | data=  0 | cola= 508 | prio=50 | https://www.mineria.gob.bo/index.php/auditoria/resumen-ejecutivo-inf-mmm-uai-no-006-2025/
[FULL_42_MMYM] t= 125.6s | pag=128 | files= 159 | data=  0 | cola= 507 | prio=50 | https://www.mineria.gob.bo/index.php/auditoria/resumen-ejecutivo-inf-mmm-uai-seg-no-001-2025/
[FULL_42_MMYM] t= 126.4s | pag=129 | files= 159 | data=  0 | cola= 506 | prio=50 | https://www.mineria.gob.bo/index.php/auditoria/resumen-ejecutivo-inf-mmm-uai-no-004-2025/
[FULL_42_MMYM] t= 127.4s | pag=130 | files= 159 | data=  0 | cola= 505 | prio=50 | https://www.mineria.gob.bo/index.php/auditoria/resumen-ejecutivo-inf-mmm-uai-no-003-2025/
[FULL_42_MMYM] t= 128.3s | pag=131 | files= 159 | data=  0 | cola= 504 | prio=50 | https://www.mineria.gob.bo/index.php/auditoria/resumen-ejecutivo-inf-mmm-uai-no-002-2025/
[FULL_42_MMYM] t= 129.2s | pag=132 | files= 159 | data=  0 | cola= 503 | prio=50 | https://www.mineria.gob.bo/index.php/auditoria/resumen-ejecutivo-inf-mmm-uai-no-001-2025/
[FULL_42_MMYM] t= 130.2s | pag=133 | files= 159 | data=  0 | cola= 502 | prio=50 | https://www.mineria.gob.bo/index.php/convocatoria/lorem-convocatoria/
[FULL_42_MMYM] t= 131.1s | pag=134 | files= 159 | data=  0 | cola= 501 | prio=50 | https://www.mineria.gob.bo/index.php/normativa/decreto-supremo-no5595/
[FULL_42_MMYM] t= 132.2s | pag=135 | files= 159 | data=  0 | cola= 500 | prio=50 | https://www.mineria.gob.bo/index.php/normativa/nueva-constitucion-politica-del-estado/
[FULL_42_MMYM] t= 133.1s | pag=136 | files= 159 | data=  0 | cola= 499 | prio=50 | https://www.mineria.gob.bo/index.php/normativa/decreto-supremo-2200/
[FULL_42_MMYM] t= 134.0s | pag=137 | files= 159 | data=  0 | cola= 498 | prio=50 | https://www.mineria.gob.bo/index.php/normativa/decreto-supremo-4947/
[FULL_42_MMYM] t= 135.0s | pag=138 | files= 159 | data=  0 | cola= 497 | prio=50 | https://www.mineria.gob.bo/index.php/normativa/decreto-supremo-1801/
[FULL_42_MMYM] t= 135.9s | pag=139 | files= 159 | data=  0 | cola= 496 | prio=50 | https://www.mineria.gob.bo/index.php/normativa/ley-367/
[FULL_42_MMYM] t= 136.9s | pag=140 | files= 159 | data=  0 | cola= 495 | prio=50 | https://www.mineria.gob.bo/index.php/normativa/ley-535/
[FULL_42_MMYM] t= 137.9s | pag=141 | files= 159 | data=  0 | cola= 494 | prio=50 | https://www.mineria.gob.bo/index.php/normativa/ley-845/
[FULL_42_MMYM] t= 139.0s | pag=142 | files= 159 | data=  0 | cola= 493 | prio=50 | https://www.mineria.gob.bo/index.php/normativa/ley-1140/
[FULL_42_MMYM] t= 139.9s | pag=143 | files= 159 | data=  0 | cola= 492 | prio=50 | https://www.mineria.gob.bo/index.php/normativa/ley-1257/
[FULL_42_MMYM] t= 140.9s | pag=144 | files= 159 | data=  0 | cola= 491 | prio=50 | https://www.mineria.gob.bo/index.php/normativa/ley-3760/
[FULL_42_MMYM] t= 141.8s | pag=145 | files= 159 | data=  0 | cola= 490 | prio=50 | https://www.mineria.gob.bo/index.php/escala_salarial/escala-salarial-2024/
[FULL_42_MMYM] t= 142.6s | pag=146 | files= 159 | data=  0 | cola= 489 | prio=50 | https://www.mineria.gob.bo/index.php/manual_organizacion/manual-de-organizacion-funcional-2022/
[FULL_42_MMYM] t= 143.6s | pag=147 | files= 159 | data=  0 | cola= 488 | prio=50 | https://www.mineria.gob.bo/index.php/poa_individual/poa-individual-2025/
[FULL_42_MMYM] t= 144.6s | pag=148 | files= 159 | data=  0 | cola= 487 | prio=50 | https://www.mineria.gob.bo/index.php/poa/15713/
[FULL_42_MMYM] t= 145.6s | pag=149 | files= 159 | data=  0 | cola= 486 | prio=50 | https://www.mineria.gob.bo/index.php/poa/ejemplo-plan-operativo/
[FULL_42_MMYM] t= 146.8s | pag=150 | files= 159 | data=  0 | cola= 485 | prio=50 | https://www.mineria.gob.bo/index.php/procedimientos/manual-de-procesos-y-procedimientos-2021/
[FULL_42_MMYM] t= 147.8s | pag=151 | files= 159 | data=  0 | cola= 484 | prio=50 | https://www.mineria.gob.bo/index.php/normativa-inter/resolucion-ministerial-no-123-2026/
[FULL_42_MMYM] t= 148.7s | pag=152 | files= 159 | data=  0 | cola= 483 | prio=50 | https://www.mineria.gob.bo/index.php/normativa-inter/reglamento-especifico-del-sistema-de-presupuesto-2026/
[FULL_42_MMYM] t= 149.8s | pag=153 | files= 159 | data=  0 | cola= 482 | prio=50 | https://www.mineria.gob.bo/index.php/normativa-inter/reglamento-especifico-del-sistema-de-tesoreria-2026/
[FULL_42_MMYM] t= 150.9s | pag=154 | files= 159 | data=  0 | cola= 481 | prio=50 | https://www.mineria.gob.bo/index.php/normativa-inter/reglamento-especifico-del-sistema-de-contabilidad-integrada-2026/
[FULL_42_MMYM] t= 152.0s | pag=155 | files= 159 | data=  0 | cola= 480 | prio=50 | https://www.mineria.gob.bo/index.php/normativa-inter/21801/
[FULL_42_MMYM] t= 153.0s | pag=156 | files= 159 | data=  0 | cola= 479 | prio=50 | https://www.mineria.gob.bo/index.php/normativa-inter/resolucion-ministerial-no-079-2026/
[FULL_42_MMYM] t= 154.0s | pag=157 | files= 159 | data=  0 | cola= 478 | prio=50 | https://www.mineria.gob.bo/index.php/normativa-inter/resolucion-ministerial-no-069-2026/
[FULL_42_MMYM] t= 155.0s | pag=158 | files= 159 | data=  0 | cola= 477 | prio=50 | https://www.mineria.gob.bo/index.php/normativa-inter/reglamento-especifico-de-contratacion-de-bienes-y-servicios-especializados-en-el-extranjero-del-ministerio-de-mineria-y-metalurgia/
[FULL_42_MMYM] t= 156.0s | pag=159 | files= 159 | data=  0 | cola= 476 | prio=50 | https://www.mineria.gob.bo/index.php/normativa-inter/resolucion-ministerial-no-046-2026/
[FULL_42_MMYM] t= 157.1s | pag=160 | files= 159 | data=  0 | cola= 475 | prio=50 | https://www.mineria.gob.bo/index.php/normativa-inter/resolucion-ministerial-no-266-2025-2/
[FULL_42_MMYM] t= 158.0s | pag=161 | files= 159 | data=  0 | cola= 474 | prio=50 | https://www.mineria.gob.bo/index.php/normativa-inter/reglamento-para-la-administracion-del-fondo-rotativo-2/
[FULL_42_MMYM] t= 159.1s | pag=162 | files= 159 | data=  0 | cola= 473 | prio=50 | https://www.mineria.gob.bo/index.php/normativa-inter/resolucion-ministerial-no-330-2025/
[FULL_42_MMYM] t= 160.2s | pag=163 | files= 159 | data=  0 | cola= 472 | prio=50 | https://www.mineria.gob.bo/index.php/normativa-inter/resolucion-ministerial-no-329-2025/
[FULL_42_MMYM] t= 161.2s | pag=164 | files= 159 | data=  0 | cola= 471 | prio=50 | https://www.mineria.gob.bo/index.php/normativa-inter/resolucion-ministerial-no-328-2025/
[FULL_42_MMYM] t= 162.1s | pag=165 | files= 159 | data=  0 | cola= 470 | prio=50 | https://www.mineria.gob.bo/index.php/normativa-inter/resolucion-ministerial-no-327-2025/
[FULL_42_MMYM] t= 163.1s | pag=166 | files= 159 | data=  0 | cola= 469 | prio=50 | https://www.mineria.gob.bo/index.php/normativa-inter/resolucion-ministerial-no-326-2025/
[FULL_42_MMYM] t= 164.1s | pag=167 | files= 159 | data=  0 | cola= 468 | prio=50 | https://www.mineria.gob.bo/index.php/normativa-inter/resolucion-ministerial-no-325-2025/
[FULL_42_MMYM] t= 165.2s | pag=168 | files= 159 | data=  0 | cola= 467 | prio=50 | https://www.mineria.gob.bo/index.php/normativa-inter/resolucion-ministerial-no-324-2025/
[FULL_42_MMYM] t= 166.3s | pag=169 | files= 159 | data=  0 | cola= 466 | prio=50 | https://www.mineria.gob.bo/index.php/normativa-inter/resolucion-ministerial-no-323-2025/
[FULL_42_MMYM] t= 167.3s | pag=170 | files= 159 | data=  0 | cola= 465 | prio=50 | https://www.mineria.gob.bo/index.php/normativa-inter/resolucion-ministerial-no-322-2025/
[FULL_42_MMYM] t= 168.2s | pag=171 | files= 159 | data=  0 | cola= 464 | prio=50 | https://www.mineria.gob.bo/index.php/normativa-inter/resolucion-ministerial-no-321-2025/
[FULL_42_MMYM] t= 169.1s | pag=172 | files= 159 | data=  0 | cola= 463 | prio=50 | https://www.mineria.gob.bo/index.php/normativa-inter/resolucion-ministerial-no-320-2025/
[FULL_42_MMYM] t= 170.2s | pag=173 | files= 159 | data=  0 | cola= 462 | prio=50 | https://www.mineria.gob.bo/index.php/normativa-inter/resolucion-ministerial-no-319-2025/
[FULL_42_MMYM] t= 170.9s | pag=174 | files= 159 | data=  0 | cola= 461 | prio=50 | https://www.mineria.gob.bo/index.php/normativa-inter/resolucion-ministerial-no-318-2025/
[FULL_42_MMYM] t= 171.8s | pag=175 | files= 159 | data=  0 | cola= 460 | prio=50 | https://www.mineria.gob.bo/index.php/normativa-inter/resolucion-ministerial-no-317-2025/
[FULL_42_MMYM] t= 172.9s | pag=176 | files= 159 | data=  0 | cola= 459 | prio=50 | https://www.mineria.gob.bo/index.php/normativa-inter/resolucion-ministerial-no-316-2025/
[FULL_42_MMYM] t= 173.9s | pag=177 | files= 159 | data=  0 | cola= 458 | prio=50 | https://www.mineria.gob.bo/index.php/normativa-inter/resolucion-ministerial-no-315-2025/
[FULL_42_MMYM] t= 174.8s | pag=178 | files= 159 | data=  0 | cola= 457 | prio=50 | https://www.mineria.gob.bo/index.php/normativa-inter/resolucion-ministerial-no-314-2025/
[FULL_42_MMYM] t= 175.7s | pag=179 | files= 159 | data=  0 | cola= 456 | prio=50 | https://www.mineria.gob.bo/index.php/normativa-inter/resolucion-ministerial-no-313-2025/
[FULL_42_MMYM] t= 176.7s | pag=180 | files= 159 | data=  0 | cola= 455 | prio=50 | https://www.mineria.gob.bo/index.php/normativa-inter/resolucion-ministerial-no-312-2025/
[FULL_42_MMYM] t= 177.7s | pag=181 | files= 159 | data=  0 | cola= 454 | prio=50 | https://www.mineria.gob.bo/index.php/normativa-inter/resolucion-ministerial-no-311-2025/
[FULL_42_MMYM] t= 178.6s | pag=182 | files= 159 | data=  0 | cola= 453 | prio=50 | https://www.mineria.gob.bo/index.php/normativa-inter/resolucion-ministerial-no-310-2025/
[FULL_42_MMYM] t= 179.7s | pag=183 | files= 159 | data=  0 | cola= 452 | prio=50 | https://www.mineria.gob.bo/index.php/normativa-inter/resolucion-ministerial-no-309-2025/
[FULL_42_MMYM] t= 180.7s | pag=184 | files= 159 | data=  0 | cola= 451 | prio=50 | https://www.mineria.gob.bo/index.php/normativa-inter/resolucion-ministerial-no-308-2025/
[FULL_42_MMYM] t= 181.7s | pag=185 | files= 159 | data=  0 | cola= 450 | prio=50 | https://www.mineria.gob.bo/index.php/normativa-inter/resolucion-ministerial-no-307-2025/
[FULL_42_MMYM] t= 182.7s | pag=186 | files= 159 | data=  0 | cola= 449 | prio=50 | https://www.mineria.gob.bo/index.php/normativa-inter/resolucion-ministerial-no-306-2025/
[FULL_42_MMYM] t= 183.7s | pag=187 | files= 159 | data=  0 | cola= 448 | prio=50 | https://www.mineria.gob.bo/index.php/normativa-inter/resolucion-ministerial-no-304-2025/
[FULL_42_MMYM] t= 184.7s | pag=188 | files= 159 | data=  0 | cola= 447 | prio=50 | https://www.mineria.gob.bo/index.php/normativa-inter/resolucion-ministerial-no-303-2025/
[FULL_42_MMYM] t= 185.7s | pag=189 | files= 159 | data=  0 | cola= 446 | prio=50 | https://www.mineria.gob.bo/index.php/normativa-inter/resolucion-ministerial-no-301-2025/
[FULL_42_MMYM] t= 186.7s | pag=190 | files= 159 | data=  0 | cola= 445 | prio=50 | https://www.mineria.gob.bo/index.php/normativa-inter/resolucion-ministerial-no-300-2025/
[FULL_42_MMYM] t= 187.7s | pag=191 | files= 159 | data=  0 | cola= 444 | prio=50 | https://www.mineria.gob.bo/index.php/normativa-inter/resolucion-ministerial-no-299-2025/
[FULL_42_MMYM] t= 188.7s | pag=192 | files= 159 | data=  0 | cola= 443 | prio=50 | https://www.mineria.gob.bo/index.php/normativa-inter/resolucion-ministerial-no-298-2025/
[FULL_42_MMYM] t= 189.6s | pag=193 | files= 159 | data=  0 | cola= 442 | prio=50 | https://www.mineria.gob.bo/index.php/normativa-inter/resolucion-ministerial-no-297-2025/
[FULL_42_MMYM] t= 190.6s | pag=194 | files= 159 | data=  0 | cola= 441 | prio=50 | https://www.mineria.gob.bo/index.php/normativa-inter/resolucion-ministerial-no-296-2025/
[FULL_42_MMYM] t= 191.5s | pag=195 | files= 159 | data=  0 | cola= 440 | prio=50 | https://www.mineria.gob.bo/index.php/normativa-inter/resolucion-ministerial-no-295-2025/
[FULL_42_MMYM] t= 192.5s | pag=196 | files= 159 | data=  0 | cola= 439 | prio=50 | https://www.mineria.gob.bo/index.php/normativa-inter/resolucion-ministerial-no-293-2025/
[FULL_42_MMYM] t= 193.5s | pag=197 | files= 159 | data=  0 | cola= 438 | prio=50 | https://www.mineria.gob.bo/index.php/normativa-inter/resolucion-ministerial-no-292-2025/
[FULL_42_MMYM] t= 194.5s | pag=198 | files= 159 | data=  0 | cola= 437 | prio=50 | https://www.mineria.gob.bo/index.php/normativa-inter/resolucion-ministerial-no-290-2025/
[FULL_42_MMYM] t= 195.5s | pag=199 | files= 159 | data=  0 | cola= 436 | prio=50 | https://www.mineria.gob.bo/index.php/normativa-inter/resolucion-ministerial-no-289-2025/

================================================================================
RESULTADO
================================================================================
Fuente:              full_42_mmym
Páginas visitadas:   200
Archivos encontrados:  159
Datasets web:         0
Errores:              2
Motivo de parada:     max_pages
Duración:             196.52 s

Formatos:
  - PDF    : 159

JSON: C:\Ultimo Semestre 7\trabajo\DATAX\team crawler\crawler_asfi\Crawler_BCB\crawler_v2\output\full_42_mmym.json

Trazabilidad:
  Ejecución: 71
  Estado:    PROCESSED
  Base:      C:\Ultimo Semestre 7\trabajo\DATAX\team crawler\crawler_asfi\Crawler_BCB\crawler_v2\trace\crawler_trace.sqlite
