================================================================================
CRAWLER V2
================================================================================
Fuente: Servicios de Aeropuertos Bolivianos S.A.
URL configurada: https://www.sabsa.aero
Timeout HTTP: 10 s
Pausa HTTP:   aleatoria 0.15s - 0.35s


Resolución de fuente:
  Estado: no se encontró URL alternativa utilizable
  Intentos: 4
    - request_error  | HTTP=- | https://www.sabsa.aero/
    - request_error  | HTTP=- | https://sabsa.aero/
    - request_error  | HTTP=- | http://www.sabsa.aero/
    - request_error  | HTTP=- | http://sabsa.aero/

URL de trabajo: https://www.sabsa.aero
Seeds: 1
Máx páginas: 200
Máx archivos: 20000
Máx profundidad: 6

[FULL_45_SABSA] t=   0.0s | pag=  0 | files=   0 | data=  0 | cola=   0 | prio= 0 | https://www.sabsa.aero/

================================================================================
RESULTADO
================================================================================
Fuente:              full_45_sabsa
Páginas visitadas:   0
Archivos encontrados:    0
Datasets web:         0
Errores:              1
Motivo de parada:     frontier_exhausted
Duración:             0.18 s

JSON: C:\Ultimo Semestre 7\trabajo\DATAX\team crawler\crawler_asfi\Crawler_BCB\crawler_v2\output\full_45_sabsa.json

Trazabilidad:
  Ejecución: 74
  Estado:    PROCESSED
  Base:      C:\Ultimo Semestre 7\trabajo\DATAX\team crawler\crawler_asfi\Crawler_BCB\crawler_v2\trace\crawler_trace.sqlite
