================================================================================
CRAWLER V2
================================================================================
Fuente: Servicio Nacional de Meteorología e Hidrología
URL configurada: https://wis.senamhi.gob.bo/oapi/
Timeout HTTP: 15 s
Pausa HTTP:   aleatoria 0.30s - 0.90s


Resolución de fuente:
  Original: https://wis.senamhi.gob.bo/oapi/
  Utilizada: https://wis.senamhi.gob.bo/oapi/
  Fallback: no
  Intentos: 1
    - usable         | HTTP=200 | https://wis.senamhi.gob.bo/oapi/

URL de trabajo: https://wis.senamhi.gob.bo/oapi/
Seeds: 9
Máx páginas: 200
Máx archivos: 20000
Máx profundidad: 6

[SENAMHI] t=   0.0s | pag=  0 | files=   0 | data=  0 | cola=   9 | prio= 0 | https://wis.senamhi.gob.bo/oapi/
[SENAMHI] API OMITIDA | redundant_jsonld_representation | https://wis.senamhi.gob.bo/oapi?f=jsonld
[SENAMHI] API OMITIDA | ogc_process_endpoint | https://wis.senamhi.gob.bo/oapi/processes?f=html
[SENAMHI] API OMITIDA | ogc_jobs_endpoint | https://wis.senamhi.gob.bo/oapi/jobs
[SENAMHI] API OMITIDA | api_auxiliary_endpoint | https://wis.senamhi.gob.bo/oapi/conformance?f=html
[SENAMHI] t=   1.6s | pag=  1 | files=   0 | data=  0 | cola=  13 | prio= 0 | https://wis.senamhi.gob.bo/oapi/collections?f=html
[SENAMHI] DATASETS=1 | ogc_collection_catalog | https://wis.senamhi.gob.bo/oapi/collections?f=html
[SENAMHI] API OMITIDA | redundant_jsonld_representation | https://wis.senamhi.gob.bo/oapi/collections?f=jsonld
[SENAMHI] t=   2.0s | pag=  2 | files=   0 | data=  1 | cola=  17 | prio= 0 | https://wis.senamhi.gob.bo/oapi/collections/stations?f=html
[SENAMHI] DATASETS=2 | ogc_api_collection | https://wis.senamhi.gob.bo/oapi/collections/stations?f=html
[SENAMHI] API OMITIDA | redundant_jsonld_representation | https://wis.senamhi.gob.bo/oapi/collections/stations?f=jsonld
[SENAMHI] API OMITIDA | api_auxiliary_endpoint | https://wis.senamhi.gob.bo/oapi/collections/stations/queryables
[SENAMHI] API OMITIDA | api_auxiliary_endpoint | https://wis.senamhi.gob.bo/oapi/collections/stations/schema
[SENAMHI] API OMITIDA | redundant_jsonld_representation | https://wis.senamhi.gob.bo/oapi/collections/stations?f=jsonld
[SENAMHI] API OMITIDA | api_auxiliary_endpoint | https://wis.senamhi.gob.bo/oapi/collections/stations/schema?f=json
[SENAMHI] t=   2.8s | pag=  3 | files=   0 | data=  2 | cola=  18 | prio= 0 | https://wis.senamhi.gob.bo/oapi/collections/urn%3Awmo%3Amd%3Abo-senamhi%3A51lca7?f=html
[SENAMHI] DATASETS=3 | ogc_api_collection | https://wis.senamhi.gob.bo/oapi/collections/urn%3Awmo%3Amd%3Abo-senamhi%3A51lca7?f=html
[SENAMHI] t=   3.8s | pag=  4 | files=   0 | data=  3 | cola=  19 | prio= 0 | https://wis.senamhi.gob.bo/oapi/collections/messages?f=html
[SENAMHI] DATASETS=4 | ogc_api_collection | https://wis.senamhi.gob.bo/oapi/collections/messages?f=html
[SENAMHI] t=   4.7s | pag=  5 | files=   0 | data=  4 | cola=  19 | prio= 0 | https://wis.senamhi.gob.bo/oapi/collections/discovery-metadata?f=html
[SENAMHI] DATASETS=5 | ogc_api_collection | https://wis.senamhi.gob.bo/oapi/collections/discovery-metadata?f=html
[SENAMHI] t=   5.1s | pag=  6 | files=   0 | data=  5 | cola=  19 | prio= 0 | https://onsc.senamhi.gob.bo/public/public-stations-info-export
[SENAMHI] t=   6.7s | pag=  7 | files=   0 | data=  5 | cola=  18 | prio= 0 | https://onsc.senamhi.gob.bo/public/public-stations
[SENAMHI] t=   7.5s | pag=  8 | files=   0 | data=  5 | cola=  17 | prio= 0 | https://onsc.senamhi.gob.bo/public/public-geoanalisys
[SENAMHI] t=   8.2s | pag=  9 | files=   0 | data=  5 | cola=  16 | prio= 0 | https://wis.senamhi.gob.bo/oapi/collections?f=json
[SENAMHI] DATASET ACTUALIZADO | https://wis.senamhi.gob.bo/oapi/collections?f=html -> https://wis.senamhi.gob.bo/oapi/collections?f=json
[SENAMHI] t=   9.1s | pag=  9 | files=   0 | data=  5 | cola=  15 | prio= 1 | https://wis.senamhi.gob.bo/oapi/collections
[SENAMHI] t=   9.7s | pag= 10 | files=   0 | data=  5 | cola=  14 | prio= 1 | https://wis.senamhi.gob.bo/oapi/collections/stations
[SENAMHI] API OMITIDA | api_auxiliary_endpoint | https://wis.senamhi.gob.bo/oapi/collections/stations/queryables?f=json
[SENAMHI] t=  10.5s | pag= 11 | files=   0 | data=  5 | cola=  13 | prio= 1 | https://wis.senamhi.gob.bo/oapi/collections/urn:wmo:md:bo-senamhi:51lca7
[SENAMHI] t=  11.3s | pag= 12 | files=   0 | data=  5 | cola=  12 | prio= 1 | https://wis.senamhi.gob.bo/oapi/collections/messages
[SENAMHI] t=  12.1s | pag= 13 | files=   0 | data=  5 | cola=  11 | prio= 1 | https://wis.senamhi.gob.bo/oapi/collections/discovery-metadata
[SENAMHI] t=  12.6s | pag= 14 | files=   0 | data=  5 | cola=  10 | prio= 1 | https://wis.senamhi.gob.bo/oapi/collections/stations?f=json
[SENAMHI] DATASET ACTUALIZADO | https://wis.senamhi.gob.bo/oapi/collections/stations?f=html -> https://wis.senamhi.gob.bo/oapi/collections/stations?f=json
[SENAMHI] t=  13.1s | pag= 14 | files=   0 | data=  5 | cola=   9 | prio= 1 | https://wis.senamhi.gob.bo/oapi/collections/urn:wmo:md:bo-senamhi:51lca7?f=json
[SENAMHI] DATASET ACTUALIZADO | https://wis.senamhi.gob.bo/oapi/collections/urn%3Awmo%3Amd%3Abo-senamhi%3A51lca7?f=html -> https://wis.senamhi.gob.bo/oapi/collections/urn:wmo:md:bo-senamhi:51lca7?f=json
[SENAMHI] t=  14.0s | pag= 14 | files=   0 | data=  5 | cola=   8 | prio= 1 | https://wis.senamhi.gob.bo/oapi/collections/urn:wmo:md:bo-senamhi:51lca7?f=html
[SENAMHI] t=  15.0s | pag= 15 | files=   0 | data=  5 | cola=   7 | prio= 1 | https://wis.senamhi.gob.bo/oapi/collections/messages?f=json
[SENAMHI] DATASET ACTUALIZADO | https://wis.senamhi.gob.bo/oapi/collections/messages?f=html -> https://wis.senamhi.gob.bo/oapi/collections/messages?f=json
[SENAMHI] t=  15.5s | pag= 15 | files=   0 | data=  5 | cola=   6 | prio= 1 | https://wis.senamhi.gob.bo/oapi/collections/discovery-metadata?f=json
[SENAMHI] DATASET ACTUALIZADO | https://wis.senamhi.gob.bo/oapi/collections/discovery-metadata?f=html -> https://wis.senamhi.gob.bo/oapi/collections/discovery-metadata?f=json
[SENAMHI] t=  16.3s | pag= 15 | files=   0 | data=  5 | cola=   5 | prio=50 | https://wis.senamhi.gob.bo/oapi
[SENAMHI] t=  17.0s | pag= 16 | files=   0 | data=  5 | cola=   4 | prio=50 | https://wis.senamhi.gob.bo/oapi?f=json
[SENAMHI] t=  17.5s | pag= 16 | files=   0 | data=  5 | cola=   3 | prio=50 | https://wis.senamhi.gob.bo/oapi/openapi?f=html
[SENAMHI] t=  18.2s | pag= 17 | files=   0 | data=  5 | cola=   2 | prio=50 | https://wis.senamhi.gob.bo/oapi/openapi?f=html&ui=redoc
[SENAMHI] t=  19.0s | pag= 18 | files=   0 | data=  5 | cola=   1 | prio=50 | https://wis.senamhi.gob.bo/oapi/openapi?f=json
[SENAMHI] OPENAPI | version=3.0.2 | GET=49 | ejecutables=1 | omitidos=48
[SENAMHI] OPENAPI | nuevos_en_cola=0
[SENAMHI] t=  19.6s | pag= 18 | files=   0 | data=  5 | cola=   0 | prio=50 | https://wis.senamhi.gob.bo/oapi?f=html

================================================================================
RESULTADO
================================================================================
Fuente:              senamhi
Páginas visitadas:   19
Archivos encontrados:    0
Datasets web:         5
Errores:              0
Motivo de parada:     frontier_exhausted
Duración:             20.02 s

JSON: C:\Ultimo Semestre 7\trabajo\DATAX\team crawler\crawler_asfi\Crawler_BCB\crawler_v2\output\senamhi.json

Trazabilidad:
  Ejecución: 75
  Estado:    PROCESSED
  Base:      C:\Ultimo Semestre 7\trabajo\DATAX\team crawler\crawler_asfi\Crawler_BCB\crawler_v2\trace\crawler_trace.sqlite
