================================================================================
CRAWLER V2
================================================================================
Fuente: Sistema de Contrataciones Estatales
URL configurada: https://www.sicoes.gob.bo
Timeout HTTP: 10 s
Pausa HTTP:   aleatoria 0.15s - 0.35s


Resolución de fuente:
  Original: https://www.sicoes.gob.bo
  Utilizada: https://www.sicoes.gob.bo/
  Fallback: sí
  Intentos: 1
    - usable         | HTTP=200 | https://www.sicoes.gob.bo/

URL de trabajo: https://www.sicoes.gob.bo/
Seeds: 1
Máx páginas: 200
Máx archivos: 20000
Máx profundidad: 6

[FULL_48_SICOES] t=   0.0s | pag=  0 | files=   0 | data=  0 | cola=   0 | prio= 0 | https://www.sicoes.gob.bo/

================================================================================
RESULTADO
================================================================================
Fuente:              full_48_sicoes
Páginas visitadas:   1
Archivos encontrados:    0
Datasets web:         0
Errores:              0
Motivo de parada:     frontier_exhausted
Duración:             1.10 s

JSON: C:\Ultimo Semestre 7\trabajo\DATAX\team crawler\crawler_asfi\Crawler_BCB\crawler_v2\output\full_48_sicoes.json

Trazabilidad:
  Ejecución: 77
  Estado:    PROCESSED
  Base:      C:\Ultimo Semestre 7\trabajo\DATAX\team crawler\crawler_asfi\Crawler_BCB\crawler_v2\trace\crawler_trace.sqlite
