================================================================================
CRAWLER V2
================================================================================
Fuente: SIGMA
URL configurada: https://www.sigmacorp.com.bo/
Timeout HTTP: 12 s
Pausa HTTP:   aleatoria 0.15s - 0.35s


Resolución de fuente:
  Original: https://www.sigmacorp.com.bo/
  Utilizada: https://www.sigmacorp.com.bo/
  Fallback: no
  Intentos: 1
    - usable         | HTTP=200 | https://www.sigmacorp.com.bo/

URL de trabajo: https://www.sigmacorp.com.bo/
Seeds: 1
Máx páginas: 200
Máx archivos: 20000
Máx profundidad: 6

[SIGMA] t=   0.0s | pag=  0 | files=   0 | data=  0 | cola=   0 | prio= 0 | https://www.sigmacorp.com.bo/
[SIGMA] t=   2.4s | pag=  1 | files=   0 | data=  0 | cola=  20 | prio=10 | https://www.sigmacorp.com.bo/noticias/sigma-nutraceuticos-coordina-con-el-ministerio-de-salud-la-donacion-de-10-000-unidades-de-carmelo-y-nutribebe-a-familias-afectadas-por-desastres-naturales-en-samaipata
[SIGMA] t=   3.1s | pag=  2 | files=   0 | data=  0 | cola=  20 | prio=10 | https://www.sigmacorp.com.bo/noticias/sigmacorp-y-gih-pioneros-en-productos-naturales-para-la-salud-ahora-juntos
[SIGMA] t=   3.8s | pag=  3 | files=   0 | data=  0 | cola=  19 | prio=10 | https://www.sigmacorp.com.bo/noticias/durante-la-pandemia-del-covid-19-los-suplementos-nutricionales-mantienen-saludables-a-los-bebes
[SIGMA] t=   4.3s | pag=  4 | files=   0 | data=  0 | cola=  18 | prio=10 | https://www.sigmacorp.com.bo/noticias/bolivia-redujo-el-indice-de-desnutricion-a-15-1
[SIGMA] t=   5.0s | pag=  5 | files=   0 | data=  0 | cola=  17 | prio=10 | https://www.sigmacorp.com.bo/noticias/lanzamiento-del-complemento-nutricional-para-el-adulto-mayor-carmelo
[SIGMA] t=   5.9s | pag=  6 | files=   0 | data=  0 | cola=  16 | prio=10 | https://www.sigmacorp.com.bo/noticias/alcaldia-de-santa-cruz-lanza-complemento-alimenticio-para-combatir-la-desnutricion
[SIGMA] t=   6.4s | pag=  7 | files=   0 | data=  0 | cola=  15 | prio=10 | https://www.sigmacorp.com.bo/noticias/alimento-complementario-nutribebe-beneficio-a-mas-de-7-millones-de-ninos-bolivianos
[SIGMA] t=   7.1s | pag=  8 | files=   0 | data=  0 | cola=  14 | prio=50 | https://www.sigmacorp.com.bo/nutraceutics
[SIGMA] t=   7.7s | pag=  9 | files=   0 | data=  0 | cola=  13 | prio=50 | https://www.sigmacorp.com.bo/bioseguridad
[SIGMA] t=   8.6s | pag= 10 | files=   0 | data=  0 | cola=  44 | prio=50 | https://www.sigmacorp.com.bo/pharmaceutics
[SIGMA] t=   9.2s | pag= 11 | files=   0 | data=  0 | cola=  55 | prio=50 | https://www.sigmacorp.com.bo/maquila
[SIGMA] t=   9.7s | pag= 12 | files=   0 | data=  0 | cola=  54 | prio=50 | https://www.sigmacorp.com.bo/rse
[SIGMA] t=  10.2s | pag= 13 | files=   0 | data=  0 | cola=  55 | prio=50 | https://www.sigmacorp.com.bo/recursos/farmacovigilancia
[SIGMA] t=  10.6s | pag= 14 | files=   0 | data=  0 | cola=  54 | prio=50 | https://admin.sigmacorp.com.bo/
[SIGMA] t=  12.0s | pag= 15 | files=   0 | data=  0 | cola=  54 | prio=50 | https://www.sigmacorp.com.bo/bioseguridad/soluciones-jabonosas/solucion-jabonosa-2-100ml
[SIGMA] t=  13.5s | pag= 16 | files=   0 | data=  0 | cola=  55 | prio=50 | https://www.sigmacorp.com.bo/bioseguridad/soluciones-jabonosas/solucion-jabonosa-2-1-l
[SIGMA] t=  14.6s | pag= 17 | files=   0 | data=  0 | cola=  54 | prio=50 | https://www.sigmacorp.com.bo/bioseguridad/soluciones-jabonosas/solucion-jabonosa-2-5-l
[SIGMA] t=  15.7s | pag= 18 | files=   0 | data=  0 | cola=  53 | prio=50 | https://www.sigmacorp.com.bo/bioseguridad/soluciones-jabonosas/solucion-jabonosa-4-1-l
[SIGMA] t=  16.8s | pag= 19 | files=   0 | data=  0 | cola=  52 | prio=50 | https://www.sigmacorp.com.bo/bioseguridad/soluciones-jabonosas/solucion-jabonosa-4-5-l
[SIGMA] t=  17.9s | pag= 20 | files=   0 | data=  0 | cola=  51 | prio=50 | https://www.sigmacorp.com.bo/bioseguridad/soluciones-hidroalcoholicas/solucion-hidro-0-5-100ml
[SIGMA] t=  19.0s | pag= 21 | files=   0 | data=  0 | cola=  51 | prio=50 | https://www.sigmacorp.com.bo/bioseguridad/soluciones-hidroalcoholicas/solucion-hidro-0-5-400ml
[SIGMA] t=  20.2s | pag= 22 | files=   0 | data=  0 | cola=  50 | prio=50 | https://www.sigmacorp.com.bo/bioseguridad/soluciones-hidroalcoholicas/solucion-hidro-0-5-50ml
[SIGMA] t=  21.4s | pag= 23 | files=   0 | data=  0 | cola=  49 | prio=50 | https://www.sigmacorp.com.bo/bioseguridad/soluciones-hidroalcoholicas/solucion-hidro-0-5-5-l
[SIGMA] t=  22.6s | pag= 24 | files=   0 | data=  0 | cola=  48 | prio=50 | https://www.sigmacorp.com.bo/bioseguridad/soluciones-hidroalcoholicas/solucion-hidro-1-1-l
[SIGMA] t=  23.5s | pag= 25 | files=   0 | data=  0 | cola=  47 | prio=50 | https://www.sigmacorp.com.bo/bioseguridad/soluciones-hidroalcoholicas/solucion-hidro-1-5-l
[SIGMA] t=  24.5s | pag= 26 | files=   0 | data=  0 | cola=  46 | prio=50 | https://www.sigmacorp.com.bo/bioseguridad/soluciones-hidroalcoholicas/solucion-hidroalcoholica-1-100ml
[SIGMA] t=  25.5s | pag= 27 | files=   0 | data=  0 | cola=  45 | prio=50 | https://www.sigmacorp.com.bo/bioseguridad/soluciones-hidroalcoholicas/solucion-hidroalcoholica-1-400ml
[SIGMA] t=  26.2s | pag= 28 | files=   0 | data=  0 | cola=  44 | prio=50 | https://www.sigmacorp.com.bo/bioseguridad/soluciones-hidroalcoholicas/solucion-hidroalcoholica-1-50ml
[SIGMA] t=  26.9s | pag= 29 | files=   0 | data=  0 | cola=  43 | prio=50 | https://www.sigmacorp.com.bo/bioseguridad/soluciones-hidroalcoholicas/solucion-hidroalcoholica-2-100ml
[SIGMA] t=  27.9s | pag= 30 | files=   0 | data=  0 | cola=  42 | prio=50 | https://www.sigmacorp.com.bo/bioseguridad/soluciones-hidroalcoholicas/solucion-hidroalcoholica-2-1-l
[SIGMA] t=  28.6s | pag= 31 | files=   0 | data=  0 | cola=  41 | prio=50 | https://www.sigmacorp.com.bo/bioseguridad/soluciones-hidroalcoholicas/solucion-hidroalcoholica-2-400ml
[SIGMA] t=  29.0s | pag= 32 | files=   0 | data=  0 | cola=  40 | prio=50 | https://www.sigmacorp.com.bo/bioseguridad/soluciones-hidroalcoholicas/solucion-hidroalcoholica-2-50-ml
[SIGMA] t=  30.0s | pag= 33 | files=   0 | data=  0 | cola=  39 | prio=50 | https://www.sigmacorp.com.bo/bioseguridad/soluciones-hidroalcoholicas/solucion-hidroalcoholica-2-5-l
[SIGMA] t=  30.6s | pag= 34 | files=   0 | data=  0 | cola=  38 | prio=50 | https://www.sigmacorp.com.bo/bioseguridad/soluciones-hidroalcoholicas/solucion-hidroalcoholica-4-1-l
[SIGMA] t=  31.5s | pag= 35 | files=   0 | data=  0 | cola=  37 | prio=50 | https://www.sigmacorp.com.bo/bioseguridad/soluciones-hidroalcoholicas/solucion-hidroalcoholica-4-5-l
[SIGMA] t=  31.9s | pag= 36 | files=   0 | data=  0 | cola=  36 | prio=50 | https://www.sigmacorp.com.bo/bioseguridad/septi/septi-clorex-1
[SIGMA] t=  32.7s | pag= 37 | files=   0 | data=  0 | cola=  36 | prio=50 | https://www.sigmacorp.com.bo/bioseguridad/septi/septi-clorex-1-l
[SIGMA] t=  33.3s | pag= 38 | files=   0 | data=  0 | cola=  35 | prio=50 | https://www.sigmacorp.com.bo/bioseguridad/septi/septi-clorex-5-l
[SIGMA] t=  33.7s | pag= 39 | files=   0 | data=  0 | cola=  34 | prio=50 | https://www.sigmacorp.com.bo/bioseguridad/clorex/buclorex
[SIGMA] t=  34.6s | pag= 40 | files=   0 | data=  0 | cola=  34 | prio=50 | https://www.sigmacorp.com.bo/bioseguridad/clorex/clorex-2-solucion-hidroalcoholica
[SIGMA] t=  35.3s | pag= 41 | files=   0 | data=  0 | cola=  33 | prio=50 | https://www.sigmacorp.com.bo/bioseguridad/clorex/clorex-2-solucion-jabonosa
[SIGMA] t=  35.7s | pag= 42 | files=   0 | data=  0 | cola=  32 | prio=50 | https://www.sigmacorp.com.bo/bioseguridad/clorex/clorex-4-solucion-hidroalcoholica
[SIGMA] t=  36.6s | pag= 43 | files=   0 | data=  0 | cola=  31 | prio=50 | https://www.sigmacorp.com.bo/bioseguridad/clorex/clorex-4-solucion-jabonosa
[SIGMA] t=  37.0s | pag= 44 | files=   0 | data=  0 | cola=  30 | prio=50 | https://www.sigmacorp.com.bo/bioseguridad/clorex/clorex-comprimido
[SIGMA] t=  37.9s | pag= 45 | files=   0 | data=  0 | cola=  29 | prio=50 | https://www.sigmacorp.com.bo/bioseguridad/clorex/clorex-gel
[SIGMA] t=  38.4s | pag= 46 | files=   0 | data=  0 | cola=  28 | prio=50 | https://www.sigmacorp.com.bo/bioseguridad/clorex/enjuague-bucal
[SIGMA] t=  39.3s | pag= 47 | files=   0 | data=  0 | cola=  27 | prio=50 | https://www.sigmacorp.com.bo/pharmaceutics-products/analgesicos-antiinflamatorios
[SIGMA] t=  40.0s | pag= 48 | files=   0 | data=  0 | cola=  34 | prio=50 | https://www.sigmacorp.com.bo/pharmaceutics-products/antialergicos
[SIGMA] t=  40.3s | pag= 49 | files=   0 | data=  0 | cola=  35 | prio=50 | https://www.sigmacorp.com.bo/pharmaceutics-products/antiinfecciones
[SIGMA] t=  41.0s | pag= 50 | files=   0 | data=  0 | cola=  37 | prio=50 | https://www.sigmacorp.com.bo/pharmaceutics-products/antivirales
[SIGMA] t=  41.4s | pag= 51 | files=   0 | data=  0 | cola=  37 | prio=50 | https://www.sigmacorp.com.bo/pharmaceutics-products/cardiologos
[SIGMA] t=  42.2s | pag= 52 | files=   0 | data=  0 | cola=  38 | prio=50 | https://www.sigmacorp.com.bo/pharmaceutics-products/dermatologicos
[SIGMA] t=  42.6s | pag= 53 | files=   0 | data=  0 | cola=  39 | prio=50 | https://www.sigmacorp.com.bo/pharmaceutics-products/gastrointestinales
[SIGMA] t=  43.4s | pag= 54 | files=   0 | data=  0 | cola=  44 | prio=50 | https://www.sigmacorp.com.bo/pharmaceutics-products/ginecologicos
[SIGMA] t=  43.8s | pag= 55 | files=   0 | data=  0 | cola=  46 | prio=50 | https://www.sigmacorp.com.bo/pharmaceutics-products/neurologicos
[SIGMA] t=  44.6s | pag= 56 | files=   0 | data=  0 | cola=  46 | prio=50 | https://www.sigmacorp.com.bo/pharmaceutics-products/odontologia
[SIGMA] t=  45.0s | pag= 57 | files=   0 | data=  0 | cola=  49 | prio=50 | https://www.sigmacorp.com.bo/pharmaceutics-products/oftalmologia
[SIGMA] t=  46.0s | pag= 58 | files=   0 | data=  0 | cola=  63 | prio=50 | https://www.sigmacorp.com.bo/pharmaceutics-products/urologia
[SIGMA] t=  46.7s | pag= 59 | files=   0 | data=  0 | cola=  65 | prio=50 | https://www.sigmacorp.com.bo/rse/donaciones-a-brigadas-de-rastrillaje-en-cochabamba
[SIGMA] t=  47.1s | pag= 60 | files=   0 | data=  0 | cola=  65 | prio=50 | https://www.sigmacorp.com.bo/rse/donaciones-a-la-policia-nacional
[SIGMA] t=  47.8s | pag= 61 | files=   0 | data=  0 | cola=  64 | prio=50 | https://admin.sigmacorp.com.bo/admin
[SIGMA] t=  48.1s | pag= 62 | files=   0 | data=  0 | cola=  63 | prio=50 | https://www.sigmacorp.com.bo/bioseguridad/
[SIGMA] t=  49.1s | pag= 62 | files=   0 | data=  0 | cola=  62 | prio=50 | https://www.sigmacorp.com.bo/bioseguridad/soluciones-jabonosas
[SIGMA] t=  50.5s | pag= 62 | files=   0 | data=  0 | cola=  61 | prio=50 | https://www.sigmacorp.com.bo/bioseguridad/soluciones-hidroalcoholicas
[SIGMA] t=  51.9s | pag= 62 | files=   0 | data=  0 | cola=  60 | prio=50 | https://www.sigmacorp.com.bo/bioseguridad/septi
[SIGMA] t=  53.4s | pag= 62 | files=   0 | data=  0 | cola=  59 | prio=50 | https://www.sigmacorp.com.bo/bioseguridad/clorex
[SIGMA] t=  54.8s | pag= 62 | files=   0 | data=  0 | cola=  58 | prio=50 | https://www.sigmacorp.com.bo/pharmaceutics-products/analgesicos-antiinflamatorios/anginova
[SIGMA] t=  57.1s | pag= 63 | files=   0 | data=  0 | cola=  67 | prio=50 | https://www.sigmacorp.com.bo/pharmaceutics-products/analgesicos-antiinflamatorios/betamex
[SIGMA] t=  58.0s | pag= 64 | files=   0 | data=  0 | cola=  66 | prio=50 | https://www.sigmacorp.com.bo/pharmaceutics-products/analgesicos-antiinflamatorios/dexametasona-sigma
[SIGMA] t=  58.8s | pag= 65 | files=   0 | data=  0 | cola=  65 | prio=50 | https://www.sigmacorp.com.bo/pharmaceutics-products/analgesicos-antiinflamatorios/diclogel
[SIGMA] t=  59.4s | pag= 66 | files=   0 | data=  0 | cola=  64 | prio=50 | https://www.sigmacorp.com.bo/pharmaceutics-products/analgesicos-antiinflamatorios/pirofen
[SIGMA] t=  60.0s | pag= 67 | files=   0 | data=  0 | cola=  63 | prio=50 | https://www.sigmacorp.com.bo/pharmaceutics-products/analgesicos-antiinflamatorios/frixo-fort
[SIGMA] t=  60.7s | pag= 68 | files=   0 | data=  0 | cola=  62 | prio=50 | https://www.sigmacorp.com.bo/pharmaceutics-products/analgesicos-antiinflamatorios/sigma-brom-100
[SIGMA] t=  61.5s | pag= 69 | files=   0 | data=  0 | cola=  61 | prio=50 | https://www.sigmacorp.com.bo/pharmaceutics-products/analgesicos-antiinflamatorios/trabit
[SIGMA] t=  62.5s | pag= 70 | files=   0 | data=  0 | cola=  60 | prio=50 | https://www.sigmacorp.com.bo/pharmaceutics-products/antialergicos/alergito-gotas
[SIGMA] t=  62.9s | pag= 71 | files=   0 | data=  0 | cola=  62 | prio=50 | https://www.sigmacorp.com.bo/pharmaceutics-products/antialergicos/sinalerg
[SIGMA] t=  63.4s | pag= 72 | files=   0 | data=  0 | cola=  61 | prio=50 | https://www.sigmacorp.com.bo/pharmaceutics-products/antiinfecciones/positrin
[SIGMA] t=  64.0s | pag= 73 | files=   0 | data=  0 | cola=  64 | prio=50 | https://www.sigmacorp.com.bo/pharmaceutics-products/antiinfecciones/taxonid
[SIGMA] t=  64.5s | pag= 74 | files=   0 | data=  0 | cola=  63 | prio=50 | https://www.sigmacorp.com.bo/pharmaceutics-products/antiinfecciones/hostess-suspension
[SIGMA] t=  65.3s | pag= 75 | files=   0 | data=  0 | cola=  62 | prio=50 | https://www.sigmacorp.com.bo/pharmaceutics-products/antivirales/sigmavir
[SIGMA] t=  65.8s | pag= 76 | files=   0 | data=  0 | cola=  63 | prio=50 | https://www.sigmacorp.com.bo/pharmaceutics-products/cardiologos/digoxina-sigma
[SIGMA] t=  66.5s | pag= 77 | files=   0 | data=  0 | cola=  65 | prio=50 | https://www.sigmacorp.com.bo/pharmaceutics-products/cardiologos/sigmaspirin
[SIGMA] t=  67.1s | pag= 78 | files=   0 | data=  0 | cola=  64 | prio=50 | https://www.sigmacorp.com.bo/pharmaceutics-products/dermatologicos/dermatotal-crema
[SIGMA] t=  67.8s | pag= 79 | files=   0 | data=  0 | cola=  66 | prio=50 | https://www.sigmacorp.com.bo/pharmaceutics-products/dermatologicos/biafine-emulsion
[SIGMA] t=  68.4s | pag= 80 | files=   0 | data=  0 | cola=  65 | prio=50 | https://www.sigmacorp.com.bo/pharmaceutics-products/gastrointestinales/acydone-gel
[SIGMA] t=  69.2s | pag= 81 | files=   0 | data=  0 | cola=  71 | prio=50 | https://www.sigmacorp.com.bo/pharmaceutics-products/gastrointestinales/adecuan
[SIGMA] t=  69.6s | pag= 82 | files=   0 | data=  0 | cola=  70 | prio=50 | https://www.sigmacorp.com.bo/pharmaceutics-products/gastrointestinales/flatulen-gotas
[SIGMA] t=  70.5s | pag= 83 | files=   0 | data=  0 | cola=  69 | prio=50 | https://www.sigmacorp.com.bo/pharmaceutics-products/gastrointestinales/flatulen-100
[SIGMA] t=  71.3s | pag= 84 | files=   0 | data=  0 | cola=  68 | prio=50 | https://www.sigmacorp.com.bo/pharmaceutics-products/gastrointestinales/digesflat-plus
[SIGMA] t=  71.8s | pag= 85 | files=   0 | data=  0 | cola=  67 | prio=50 | https://www.sigmacorp.com.bo/pharmaceutics-products/gastrointestinales/bacilor
[SIGMA] t=  72.7s | pag= 86 | files=   0 | data=  0 | cola=  66 | prio=50 | https://www.sigmacorp.com.bo/pharmaceutics-products/ginecologicos/florgynal
[SIGMA] t=  73.1s | pag= 87 | files=   0 | data=  0 | cola=  69 | prio=50 | https://www.sigmacorp.com.bo/pharmaceutics-products/ginecologicos/gynophilus
[SIGMA] t=  73.9s | pag= 88 | files=   0 | data=  0 | cola=  68 | prio=50 | https://www.sigmacorp.com.bo/pharmaceutics-products/ginecologicos/saforelle
[SIGMA] t=  74.4s | pag= 89 | files=   0 | data=  0 | cola=  67 | prio=50 | https://www.sigmacorp.com.bo/pharmaceutics-products/neurologicos/noopiram
[SIGMA] t=  75.1s | pag= 90 | files=   0 | data=  0 | cola=  68 | prio=50 | https://www.sigmacorp.com.bo/pharmaceutics-products/odontologia/clorex-2
[SIGMA] t=  75.5s | pag= 91 | files=   0 | data=  0 | cola=  72 | prio=50 | https://www.sigmacorp.com.bo/pharmaceutics-products/odontologia/clorex-gel
[SIGMA] t=  76.3s | pag= 92 | files=   0 | data=  0 | cola=  71 | prio=50 | https://www.sigmacorp.com.bo/pharmaceutics-products/odontologia/clorex-5mg
[SIGMA] t=  76.7s | pag= 93 | files=   0 | data=  0 | cola=  70 | prio=50 | https://www.sigmacorp.com.bo/pharmaceutics-products/odontologia/clorex-enjuague-bucal
[SIGMA] t=  77.6s | pag= 94 | files=   0 | data=  0 | cola=  69 | prio=50 | https://www.sigmacorp.com.bo/pharmaceutics-products/oftalmologia/bacticor
[SIGMA] t=  78.4s | pag= 95 | files=   0 | data=  0 | cola=  84 | prio=50 | https://www.sigmacorp.com.bo/pharmaceutics-products/oftalmologia/lubricol
[SIGMA] t=  79.1s | pag= 96 | files=   0 | data=  0 | cola=  83 | prio=50 | https://www.sigmacorp.com.bo/pharmaceutics-products/oftalmologia/nafazol
[SIGMA] t=  79.9s | pag= 97 | files=   0 | data=  0 | cola=  82 | prio=50 | https://www.sigmacorp.com.bo/pharmaceutics-products/oftalmologia/biocortil
[SIGMA] t=  80.6s | pag= 98 | files=   0 | data=  0 | cola=  81 | prio=50 | https://www.sigmacorp.com.bo/pharmaceutics-products/oftalmologia/ciprocol
[SIGMA] t=  81.5s | pag= 99 | files=   0 | data=  0 | cola=  80 | prio=50 | https://www.sigmacorp.com.bo/pharmaceutics-products/oftalmologia/cloracol
[SIGMA] t=  82.2s | pag=100 | files=   0 | data=  0 | cola=  79 | prio=50 | https://www.sigmacorp.com.bo/pharmaceutics-products/oftalmologia/cloracol-compuesto
[SIGMA] t=  83.1s | pag=101 | files=   0 | data=  0 | cola=  78 | prio=50 | https://www.sigmacorp.com.bo/pharmaceutics-products/oftalmologia/gentamicol
[SIGMA] t=  83.9s | pag=102 | files=   0 | data=  0 | cola=  77 | prio=50 | https://www.sigmacorp.com.bo/pharmaceutics-products/oftalmologia/gentamicol-compuesto
[SIGMA] t=  84.7s | pag=103 | files=   0 | data=  0 | cola=  76 | prio=50 | https://www.sigmacorp.com.bo/pharmaceutics-products/oftalmologia/glaucol-t
[SIGMA] t=  85.8s | pag=104 | files=   0 | data=  0 | cola=  75 | prio=50 | https://www.sigmacorp.com.bo/pharmaceutics-products/oftalmologia/neobet
[SIGMA] t=  86.6s | pag=105 | files=   0 | data=  0 | cola=  74 | prio=50 | https://www.sigmacorp.com.bo/pharmaceutics-products/oftalmologia/sigmaprednol
[SIGMA] t=  87.3s | pag=106 | files=   0 | data=  0 | cola=  73 | prio=50 | https://www.sigmacorp.com.bo/pharmaceutics-products/oftalmologia/tobracol
[SIGMA] t=  88.1s | pag=107 | files=   0 | data=  0 | cola=  72 | prio=50 | https://www.sigmacorp.com.bo/pharmaceutics-products/oftalmologia/tobracol-compuesto
[SIGMA] t=  88.8s | pag=108 | files=   0 | data=  0 | cola=  71 | prio=50 | https://www.sigmacorp.com.bo/pharmaceutics-products/oftalmologia/vorizol-vist
[SIGMA] t=  89.6s | pag=109 | files=   0 | data=  0 | cola=  70 | prio=50 | https://www.sigmacorp.com.bo/pharmaceutics-products/urologia/flow-0-4
[SIGMA] t=  90.2s | pag=110 | files=   0 | data=  0 | cola=  73 | prio=50 | https://www.sigmacorp.com.bo/pharmaceutics-products/urologia/ribacil
[SIGMA] t=  90.8s | pag=111 | files=   0 | data=  0 | cola=  72 | prio=50 | https://www.sigmacorp.com.bo/pharmaceutics-products/urologia/uvamin-retard
[SIGMA] t=  91.5s | pag=112 | files=   0 | data=  0 | cola=  71 | prio=50 | https://www.sigmacorp.com.bo/rse/
[SIGMA] t=  92.0s | pag=112 | files=   0 | data=  0 | cola=  70 | prio=50 | https://www.sigmacorp.com.bo/pharmaceutics-products/
[SIGMA] t=  93.6s | pag=112 | files=   0 | data=  0 | cola=  69 | prio=50 | https://www.sigmacorp.com.bo/pharmaceutics-products/analgesicos-antiinflamatorios/analgesicos-antiinflamatorios/anginova
[SIGMA] t=  95.0s | pag=112 | files=   0 | data=  0 | cola=  68 | prio=50 | https://www.sigmacorp.com.bo/pharmaceutics-products/analgesicos-antiinflamatorios/analgesicos-antiinflamatorios
[SIGMA] t=  96.6s | pag=112 | files=   0 | data=  0 | cola=  67 | prio=50 | https://www.sigmacorp.com.bo/pharmaceutics-products/analgesicos-antiinflamatorios/analgesicos-antiinflamatorios/betamex
[SIGMA] t=  97.9s | pag=112 | files=   0 | data=  0 | cola=  66 | prio=50 | https://www.sigmacorp.com.bo/pharmaceutics-products/analgesicos-antiinflamatorios/analgesicos-antiinflamatorios/dexametasona-sigma
[SIGMA] t=  99.3s | pag=112 | files=   0 | data=  0 | cola=  65 | prio=50 | https://www.sigmacorp.com.bo/pharmaceutics-products/analgesicos-antiinflamatorios/analgesicos-antiinflamatorios/diclogel
[SIGMA] t= 100.7s | pag=112 | files=   0 | data=  0 | cola=  64 | prio=50 | https://www.sigmacorp.com.bo/pharmaceutics-products/analgesicos-antiinflamatorios/analgesicos-antiinflamatorios/pirofen
[SIGMA] t= 102.0s | pag=112 | files=   0 | data=  0 | cola=  63 | prio=50 | https://www.sigmacorp.com.bo/pharmaceutics-products/analgesicos-antiinflamatorios/analgesicos-antiinflamatorios/frixo-fort
[SIGMA] t= 103.4s | pag=112 | files=   0 | data=  0 | cola=  62 | prio=50 | https://www.sigmacorp.com.bo/pharmaceutics-products/analgesicos-antiinflamatorios/analgesicos-antiinflamatorios/sigma-brom-100
[SIGMA] t= 105.0s | pag=112 | files=   0 | data=  0 | cola=  61 | prio=50 | https://www.sigmacorp.com.bo/pharmaceutics-products/analgesicos-antiinflamatorios/analgesicos-antiinflamatorios/trabit
[SIGMA] t= 106.2s | pag=112 | files=   0 | data=  0 | cola=  60 | prio=50 | https://www.sigmacorp.com.bo/pharmaceutics-products/antialergicos/antialergicos/alergito-gotas
[SIGMA] t= 107.6s | pag=112 | files=   0 | data=  0 | cola=  59 | prio=50 | https://www.sigmacorp.com.bo/pharmaceutics-products/antialergicos/antialergicos
[SIGMA] t= 109.0s | pag=112 | files=   0 | data=  0 | cola=  58 | prio=50 | https://www.sigmacorp.com.bo/pharmaceutics-products/antialergicos/antialergicos/sinalerg
[SIGMA] t= 110.3s | pag=112 | files=   0 | data=  0 | cola=  57 | prio=50 | https://www.sigmacorp.com.bo/pharmaceutics-products/antiinfecciones/antiinfecciones/positrin
[SIGMA] t= 111.8s | pag=112 | files=   0 | data=  0 | cola=  56 | prio=50 | https://www.sigmacorp.com.bo/pharmaceutics-products/antiinfecciones/antiinfecciones
[SIGMA] t= 113.6s | pag=112 | files=   0 | data=  0 | cola=  55 | prio=50 | https://www.sigmacorp.com.bo/pharmaceutics-products/antiinfecciones/antiinfecciones/taxonid
[SIGMA] t= 115.0s | pag=112 | files=   0 | data=  0 | cola=  54 | prio=50 | https://www.sigmacorp.com.bo/pharmaceutics-products/antiinfecciones/antiinfecciones/hostess-suspension
[SIGMA] t= 116.3s | pag=112 | files=   0 | data=  0 | cola=  53 | prio=50 | https://www.sigmacorp.com.bo/pharmaceutics-products/antivirales/antivirales/sigmavir
[SIGMA] t= 117.7s | pag=112 | files=   0 | data=  0 | cola=  52 | prio=50 | https://www.sigmacorp.com.bo/pharmaceutics-products/antivirales/antivirales
[SIGMA] t= 119.3s | pag=112 | files=   0 | data=  0 | cola=  51 | prio=50 | https://www.sigmacorp.com.bo/pharmaceutics-products/cardiologos/cardiologos/digoxina-sigma
[SIGMA] t= 120.6s | pag=112 | files=   0 | data=  0 | cola=  50 | prio=50 | https://www.sigmacorp.com.bo/pharmaceutics-products/cardiologos/cardiologos
[SIGMA] t= 122.1s | pag=112 | files=   0 | data=  0 | cola=  49 | prio=50 | https://www.sigmacorp.com.bo/pharmaceutics-products/cardiologos/cardiologos/sigmaspirin
[SIGMA] t= 123.6s | pag=112 | files=   0 | data=  0 | cola=  48 | prio=50 | https://www.sigmacorp.com.bo/pharmaceutics-products/dermatologicos/dermatologicos/dermatotal-crema
[SIGMA] t= 125.0s | pag=112 | files=   0 | data=  0 | cola=  47 | prio=50 | https://www.sigmacorp.com.bo/pharmaceutics-products/dermatologicos/dermatologicos
[SIGMA] t= 126.5s | pag=112 | files=   0 | data=  0 | cola=  46 | prio=50 | https://www.sigmacorp.com.bo/pharmaceutics-products/dermatologicos/dermatologicos/biafine-emulsion
[SIGMA] t= 128.1s | pag=112 | files=   0 | data=  0 | cola=  45 | prio=50 | https://www.sigmacorp.com.bo/pharmaceutics-products/gastrointestinales/gastrointestinales/acydone-gel
[SIGMA] t= 129.4s | pag=112 | files=   0 | data=  0 | cola=  44 | prio=50 | https://www.sigmacorp.com.bo/pharmaceutics-products/gastrointestinales/gastrointestinales
[SIGMA] t= 131.0s | pag=112 | files=   0 | data=  0 | cola=  43 | prio=50 | https://www.sigmacorp.com.bo/pharmaceutics-products/gastrointestinales/gastrointestinales/adecuan
[SIGMA] t= 132.4s | pag=112 | files=   0 | data=  0 | cola=  42 | prio=50 | https://www.sigmacorp.com.bo/pharmaceutics-products/gastrointestinales/gastrointestinales/flatulen-gotas
[SIGMA] t= 133.7s | pag=112 | files=   0 | data=  0 | cola=  41 | prio=50 | https://www.sigmacorp.com.bo/pharmaceutics-products/gastrointestinales/gastrointestinales/flatulen-100
[SIGMA] t= 135.0s | pag=112 | files=   0 | data=  0 | cola=  40 | prio=50 | https://www.sigmacorp.com.bo/pharmaceutics-products/gastrointestinales/gastrointestinales/digesflat-plus
[SIGMA] t= 136.3s | pag=112 | files=   0 | data=  0 | cola=  39 | prio=50 | https://www.sigmacorp.com.bo/pharmaceutics-products/gastrointestinales/gastrointestinales/bacilor
[SIGMA] t= 137.8s | pag=112 | files=   0 | data=  0 | cola=  38 | prio=50 | https://www.sigmacorp.com.bo/pharmaceutics-products/ginecologicos/ginecologicos/florgynal
[SIGMA] t= 139.1s | pag=112 | files=   0 | data=  0 | cola=  37 | prio=50 | https://www.sigmacorp.com.bo/pharmaceutics-products/ginecologicos/ginecologicos
[SIGMA] t= 140.6s | pag=112 | files=   0 | data=  0 | cola=  36 | prio=50 | https://www.sigmacorp.com.bo/pharmaceutics-products/ginecologicos/ginecologicos/gynophilus
[SIGMA] t= 142.1s | pag=112 | files=   0 | data=  0 | cola=  35 | prio=50 | https://www.sigmacorp.com.bo/pharmaceutics-products/ginecologicos/ginecologicos/saforelle
[SIGMA] t= 143.5s | pag=112 | files=   0 | data=  0 | cola=  34 | prio=50 | https://www.sigmacorp.com.bo/pharmaceutics-products/neurologicos/neurologicos/noopiram
[SIGMA] t= 144.7s | pag=112 | files=   0 | data=  0 | cola=  33 | prio=50 | https://www.sigmacorp.com.bo/pharmaceutics-products/neurologicos/neurologicos
[SIGMA] t= 146.4s | pag=112 | files=   0 | data=  0 | cola=  32 | prio=50 | https://www.sigmacorp.com.bo/pharmaceutics-products/odontologia/odontologia/clorex-2
[SIGMA] t= 147.8s | pag=112 | files=   0 | data=  0 | cola=  31 | prio=50 | https://www.sigmacorp.com.bo/pharmaceutics-products/odontologia/odontologia
[SIGMA] t= 149.3s | pag=112 | files=   0 | data=  0 | cola=  30 | prio=50 | https://www.sigmacorp.com.bo/pharmaceutics-products/odontologia/odontologia/clorex-gel
[SIGMA] t= 150.8s | pag=112 | files=   0 | data=  0 | cola=  29 | prio=50 | https://www.sigmacorp.com.bo/pharmaceutics-products/odontologia/odontologia/clorex-5mg
[SIGMA] t= 152.2s | pag=112 | files=   0 | data=  0 | cola=  28 | prio=50 | https://www.sigmacorp.com.bo/pharmaceutics-products/odontologia/odontologia/clorex-enjuague-bucal
[SIGMA] t= 153.7s | pag=112 | files=   0 | data=  0 | cola=  27 | prio=50 | https://www.sigmacorp.com.bo/pharmaceutics-products/oftalmologia/oftalmologia/bacticor
[SIGMA] t= 155.1s | pag=112 | files=   0 | data=  0 | cola=  26 | prio=50 | https://www.sigmacorp.com.bo/pharmaceutics-products/oftalmologia/oftalmologia
[SIGMA] t= 156.7s | pag=112 | files=   0 | data=  0 | cola=  25 | prio=50 | https://www.sigmacorp.com.bo/pharmaceutics-products/oftalmologia/oftalmologia/lubricol
[SIGMA] t= 157.9s | pag=112 | files=   0 | data=  0 | cola=  24 | prio=50 | https://www.sigmacorp.com.bo/pharmaceutics-products/oftalmologia/oftalmologia/nafazol
[SIGMA] t= 159.3s | pag=112 | files=   0 | data=  0 | cola=  23 | prio=50 | https://www.sigmacorp.com.bo/pharmaceutics-products/oftalmologia/oftalmologia/biocortil
[SIGMA] t= 160.7s | pag=112 | files=   0 | data=  0 | cola=  22 | prio=50 | https://www.sigmacorp.com.bo/pharmaceutics-products/oftalmologia/oftalmologia/ciprocol
[SIGMA] t= 162.0s | pag=112 | files=   0 | data=  0 | cola=  21 | prio=50 | https://www.sigmacorp.com.bo/pharmaceutics-products/oftalmologia/oftalmologia/cloracol
[SIGMA] t= 163.6s | pag=112 | files=   0 | data=  0 | cola=  20 | prio=50 | https://www.sigmacorp.com.bo/pharmaceutics-products/oftalmologia/oftalmologia/cloracol-compuesto
[SIGMA] t= 165.1s | pag=112 | files=   0 | data=  0 | cola=  19 | prio=50 | https://www.sigmacorp.com.bo/pharmaceutics-products/oftalmologia/oftalmologia/gentamicol
[SIGMA] t= 166.4s | pag=112 | files=   0 | data=  0 | cola=  18 | prio=50 | https://www.sigmacorp.com.bo/pharmaceutics-products/oftalmologia/oftalmologia/gentamicol-compuesto
[SIGMA] t= 167.6s | pag=112 | files=   0 | data=  0 | cola=  17 | prio=50 | https://www.sigmacorp.com.bo/pharmaceutics-products/oftalmologia/oftalmologia/glaucol-t
[SIGMA] t= 169.0s | pag=112 | files=   0 | data=  0 | cola=  16 | prio=50 | https://www.sigmacorp.com.bo/pharmaceutics-products/oftalmologia/oftalmologia/neobet
[SIGMA] t= 170.3s | pag=112 | files=   0 | data=  0 | cola=  15 | prio=50 | https://www.sigmacorp.com.bo/pharmaceutics-products/oftalmologia/oftalmologia/sigmaprednol
[SIGMA] t= 171.7s | pag=112 | files=   0 | data=  0 | cola=  14 | prio=50 | https://www.sigmacorp.com.bo/pharmaceutics-products/oftalmologia/oftalmologia/tobracol
[SIGMA] t= 173.3s | pag=112 | files=   0 | data=  0 | cola=  13 | prio=50 | https://www.sigmacorp.com.bo/pharmaceutics-products/oftalmologia/oftalmologia/tobracol-compuesto
[SIGMA] t= 174.9s | pag=112 | files=   0 | data=  0 | cola=  12 | prio=50 | https://www.sigmacorp.com.bo/pharmaceutics-products/oftalmologia/oftalmologia/vorizol-vist
[SIGMA] t= 176.3s | pag=112 | files=   0 | data=  0 | cola=  11 | prio=50 | https://www.sigmacorp.com.bo/pharmaceutics-products/urologia/urologia/flow-0-4
[SIGMA] t= 177.7s | pag=112 | files=   0 | data=  0 | cola=  10 | prio=50 | https://www.sigmacorp.com.bo/pharmaceutics-products/urologia/urologia
[SIGMA] t= 179.1s | pag=112 | files=   0 | data=  0 | cola=   9 | prio=50 | https://www.sigmacorp.com.bo/pharmaceutics-products/urologia/urologia/ribacil
[SIGMA] t= 180.3s | pag=112 | files=   0 | data=  0 | cola=   8 | prio=50 | https://www.sigmacorp.com.bo/pharmaceutics-products/urologia/urologia/uvamin-retard
[SIGMA] t= 181.8s | pag=112 | files=   0 | data=  0 | cola=   7 | prio=70 | https://www.sigmacorp.com.bo/about
[SIGMA] t= 183.8s | pag=113 | files=   0 | data=  0 | cola=   6 | prio=70 | https://www.sigmacorp.com.bo/recursos/contacto
[SIGMA] t= 184.3s | pag=114 | files=   0 | data=  0 | cola=   5 | prio=70 | https://www.sigmacorp.com.bo/eventos
[SIGMA] t= 184.9s | pag=115 | files=   0 | data=  0 | cola=   6 | prio=10 | https://www.sigmacorp.com.bo/eventos/donacion-de-alimentos-a-manzana-roja
[SIGMA] t= 185.3s | pag=116 | files=   0 | data=  0 | cola=   6 | prio=70 | https://www.sigmacorp.com.bo/noticias
[SIGMA] t= 186.2s | pag=117 | files=   0 | data=  0 | cola=   5 | prio=70 | https://www.sigmacorp.com.bo/noticias/sigmacorp-y-unicef-juntos-por-los-ninos-en-el-teleton-2025
[SIGMA] t= 186.6s | pag=118 | files=   0 | data=  0 | cola=   4 | prio=70 | https://www.sigmacorp.com.bo/noticias/sigmacorp-y-unicef-juntos-por-los-ninos
[SIGMA] t= 187.5s | pag=119 | files=   0 | data=  0 | cola=   3 | prio=70 | https://www.sigmacorp.com.bo/noticias/revolucionando-la-salud-sigmacorp-une-fuerzas-con-krtl-international
[SIGMA] t= 188.1s | pag=120 | files=   0 | data=  0 | cola=   2 | prio=70 | https://www.sigmacorp.com.bo/noticias/
[SIGMA] t= 188.9s | pag=120 | files=   0 | data=  0 | cola=   1 | prio=70 | https://www.sigmacorp.com.bo/eventos/donacion-a-ff-aa
[SIGMA] t= 191.1s | pag=121 | files=   0 | data=  0 | cola=   0 | prio=70 | https://www.sigmacorp.com.bo/eventos/

================================================================================
RESULTADO
================================================================================
Fuente:              sigma
Páginas visitadas:   121
Archivos encontrados:    0
Datasets web:         0
Errores:              67
Motivo de parada:     frontier_exhausted
Duración:             191.63 s

JSON: C:\Ultimo Semestre 7\trabajo\DATAX\team crawler\crawler_asfi\Crawler_BCB\crawler_v2\output\sigma.json

Trazabilidad:
  Ejecución: 78
  Estado:    PROCESSED
  Base:      C:\Ultimo Semestre 7\trabajo\DATAX\team crawler\crawler_asfi\Crawler_BCB\crawler_v2\trace\crawler_trace.sqlite
