================================================================================
CRAWLER V2
================================================================================
Fuente: Bureau of Transportation Statistics - TranStats
URL configurada: https://www.transtats.bts.gov/
Timeout HTTP: 15 s
Pausa HTTP:   aleatoria 0.15s - 0.35s


Resolución de fuente:
  Original: https://www.transtats.bts.gov/
  Utilizada: https://www.transtats.bts.gov/
  Fallback: no
  Intentos: 1
    - usable         | HTTP=200 | https://www.transtats.bts.gov/

URL de trabajo: https://www.transtats.bts.gov/
Seeds: 3
Máx páginas: 200
Máx archivos: 20000
Máx profundidad: 6

[TRANSTATS] t=   0.0s | pag=  0 | files=   0 | data=  0 | cola=   2 | prio= 0 | https://www.transtats.bts.gov/
[TRANSTATS] t=   2.6s | pag=  1 | files=   0 | data=  0 | cola=  54 | prio= 0 | https://www.transtats.bts.gov/DataIndex.asp
[TRANSTATS] t=   3.4s | pag=  2 | files=   0 | data=  0 | cola= 110 | prio= 0 | https://www.transtats.bts.gov/Employment/
[TRANSTATS] DATASETS=1 | data_html_table | https://www.transtats.bts.gov/Employment/
[TRANSTATS] t=   5.6s | pag=  3 | files=   0 | data=  1 | cola= 164 | prio= 1 | https://www.transtats.bts.gov/databases.asp?Z1qr_Qr5p=N8vn6v10&Z1qr_VQ=E&f7owrp6_VQF=D
[TRANSTATS] t=   6.1s | pag=  4 | files=   0 | data=  1 | cola= 182 | prio= 1 | https://www.transtats.bts.gov/databases.asp?Z1qr_Qr5p=Zn4v6vzr&Z1qr_VQ=F&f7owrp6_VQF=D
[TRANSTATS] t=   6.8s | pag=  5 | files=   0 | data=  1 | cola= 194 | prio= 1 | https://www.transtats.bts.gov/databases.asp?Z1qr_Qr5p=Uvtu9nB&Z1qr_VQ=G&f7owrp6_VQF=D
[TRANSTATS] t=   7.5s | pag=  6 | files=   0 | data=  1 | cola= 209 | prio= 1 | https://www.transtats.bts.gov/databases.asp?Z1qr_Qr5p=g4n05v6&Z1qr_VQ=H&f7owrp6_VQF=D
[TRANSTATS] t=   8.1s | pag=  7 | files=   0 | data=  1 | cola= 212 | prio= 1 | https://www.transtats.bts.gov/databases.asp?Z1qr_Qr5p=envy&Z1qr_VQ=I&f7owrp6_VQF=D
[TRANSTATS] t=   8.8s | pag=  8 | files=   0 | data=  1 | cola= 214 | prio= 1 | https://www.transtats.bts.gov/databases.asp?Z1qr_Qr5p=cv2ryv0r&Z1qr_VQ=J&f7owrp6_VQF=D
[TRANSTATS] t=   9.3s | pag=  9 | files=   0 | data=  1 | cola= 214 | prio= 1 | https://www.transtats.bts.gov/Databases.asp?Z1qr_Qr5p=Ovxr%2Fcrqr564vn0&Z1qr_VQ=K&f7owrp6_VQF=D
[TRANSTATS] t=  10.9s | pag= 10 | files=   0 | data=  1 | cola= 213 | prio= 1 | https://www.transtats.bts.gov/Databases.asp?Z1qr_Qr5p=b6ur4&Z1qr_VQ=MM&f7owrp6_VQF=D
[TRANSTATS] t=  11.7s | pag= 11 | files=   0 | data=  1 | cola= 227 | prio= 1 | https://www.transtats.bts.gov/databases.asp?Z1qr_VQF=D&f7owrp6_Qr5p=fnsr6B&f7owrp6_VQ=E
[TRANSTATS] t=  12.4s | pag= 12 | files=   0 | data=  1 | cola= 236 | prio= 1 | https://www.transtats.bts.gov/databases.asp?Z1qr_VQF=D&f7owrp6_Qr5p=S4rvtu6%EF%BF%BDg4n052146&f7owrp6_VQ=F
[TRANSTATS] t=  13.0s | pag= 13 | files=   0 | data=  1 | cola= 238 | prio= 1 | https://www.transtats.bts.gov/databases.asp?Z1qr_VQF=D&f7owrp6_Qr5p=cn55r0tr4%EF%BF%BDg4n8ry&f7owrp6_VQ=G
[TRANSTATS] t=  13.6s | pag= 14 | files=   0 | data=  1 | cola= 238 | prio= 1 | https://www.transtats.bts.gov/databases.asp?Z1qr_VQF=D&f7owrp6_Qr5p=V0s4n5647p674r&f7owrp6_VQ=H
[TRANSTATS] t=  14.3s | pag= 15 | files=   0 | data=  1 | cola= 243 | prio= 1 | https://www.transtats.bts.gov/databases.asp?Z1qr_VQF=D&f7owrp6_Qr5p=Rp101zvp%2FSv0n0pvny&f7owrp6_VQ=I
[TRANSTATS] t=  15.6s | pag= 15 | files=   0 | data=  1 | cola= 242 | prio= 1 | https://www.transtats.bts.gov/databases.asp?Z1qr_VQF=D&f7owrp6_Qr5p=f1pvny%2FQrz1t4n2uvp&f7owrp6_VQ=J
[TRANSTATS] t=  18.1s | pag= 15 | files=   0 | data=  1 | cola= 241 | prio= 1 | https://www.transtats.bts.gov/databases.asp?Z1qr_VQF=D&f7owrp6_Qr5p=R0r4tB&f7owrp6_VQ=K
[TRANSTATS] t=  19.7s | pag= 16 | files=   0 | data=  1 | cola= 241 | prio= 1 | https://www.transtats.bts.gov/databases.asp?Z1qr_VQF=D&f7owrp6_Qr5p=R08v410zr06&f7owrp6_VQ=L
[TRANSTATS] t=  20.2s | pag= 17 | files=   0 | data=  1 | cola= 241 | prio= 1 | https://www.transtats.bts.gov/databases.asp?Z1qr_VQF=D&f7owrp6_Qr5p=an6v10ny%EF%BF%BDfrp74v6B&f7owrp6_VQ=M
[TRANSTATS] t=  20.8s | pag= 18 | files=   0 | data=  1 | cola= 241 | prio= 1 | https://www.transtats.bts.gov/dataindex.asp?v0qrA=N&yv5614qr4=QNgNONfR
[TRANSTATS] t=  21.5s | pag= 19 | files=   0 | data=  1 | cola= 241 | prio= 1 | https://www.transtats.bts.gov/dataindex.asp?v0qrA=O&yv5614qr4=QNgNONfR
[TRANSTATS] t=  22.2s | pag= 20 | files=   0 | data=  1 | cola= 241 | prio= 1 | https://www.transtats.bts.gov/dataindex.asp?v0qrA=P&yv5614qr4=QNgNONfR
[TRANSTATS] t=  22.9s | pag= 21 | files=   0 | data=  1 | cola= 260 | prio= 1 | https://www.transtats.bts.gov/dataindex.asp?v0qrA=Q&yv5614qr4=QNgNONfR
[TRANSTATS] t=  23.5s | pag= 22 | files=   0 | data=  1 | cola= 259 | prio= 1 | https://www.transtats.bts.gov/dataindex.asp?v0qrA=R&yv5614qr4=QNgNONfR
[TRANSTATS] t=  24.1s | pag= 23 | files=   0 | data=  1 | cola= 260 | prio= 1 | https://www.transtats.bts.gov/dataindex.asp?v0qrA=S&yv5614qr4=QNgNONfR
[TRANSTATS] t=  24.6s | pag= 24 | files=   0 | data=  1 | cola= 265 | prio= 1 | https://www.transtats.bts.gov/dataindex.asp?v0qrA=T&yv5614qr4=QNgNONfR
[TRANSTATS] t=  25.3s | pag= 25 | files=   0 | data=  1 | cola= 270 | prio= 1 | https://www.transtats.bts.gov/dataindex.asp?v0qrA=U&yv5614qr4=QNgNONfR
[TRANSTATS] t=  25.9s | pag= 26 | files=   0 | data=  1 | cola= 277 | prio= 1 | https://www.transtats.bts.gov/dataindex.asp?v0qrA=V&yv5614qr4=QNgNONfR
[TRANSTATS] t=  26.5s | pag= 27 | files=   0 | data=  1 | cola= 281 | prio= 1 | https://www.transtats.bts.gov/dataindex.asp?v0qrA=W&yv5614qr4=QNgNONfR
[TRANSTATS] t=  27.1s | pag= 28 | files=   0 | data=  1 | cola= 280 | prio= 1 | https://www.transtats.bts.gov/dataindex.asp?v0qrA=X&yv5614qr4=QNgNONfR
[TRANSTATS] t=  27.7s | pag= 29 | files=   0 | data=  1 | cola= 279 | prio= 1 | https://www.transtats.bts.gov/dataindex.asp?v0qrA=Y&yv5614qr4=QNgNONfR
[TRANSTATS] t=  28.4s | pag= 30 | files=   0 | data=  1 | cola= 283 | prio= 1 | https://www.transtats.bts.gov/dataindex.asp?v0qrA=Z&yv5614qr4=QNgNONfR
[TRANSTATS] t=  29.2s | pag= 31 | files=   0 | data=  1 | cola= 299 | prio= 1 | https://www.transtats.bts.gov/dataindex.asp?v0qrA=a&yv5614qr4=QNgNONfR
[TRANSTATS] t=  29.8s | pag= 32 | files=   0 | data=  1 | cola= 312 | prio= 1 | https://www.transtats.bts.gov/dataindex.asp?v0qrA=b&yv5614qr4=QNgNONfR
[TRANSTATS] t=  30.4s | pag= 33 | files=   0 | data=  1 | cola= 316 | prio= 1 | https://www.transtats.bts.gov/dataindex.asp?v0qrA=c&yv5614qr4=QNgNONfR
[TRANSTATS] t=  31.1s | pag= 34 | files=   0 | data=  1 | cola= 319 | prio= 1 | https://www.transtats.bts.gov/dataindex.asp?v0qrA=d&yv5614qr4=QNgNONfR
[TRANSTATS] t=  31.7s | pag= 35 | files=   0 | data=  1 | cola= 319 | prio= 1 | https://www.transtats.bts.gov/dataindex.asp?v0qrA=e&yv5614qr4=QNgNONfR
[TRANSTATS] t=  32.3s | pag= 36 | files=   0 | data=  1 | cola= 322 | prio= 1 | https://www.transtats.bts.gov/dataindex.asp?v0qrA=f&yv5614qr4=QNgNONfR
[TRANSTATS] t=  33.0s | pag= 37 | files=   0 | data=  1 | cola= 332 | prio= 1 | https://www.transtats.bts.gov/dataindex.asp?v0qrA=g&yv5614qr4=QNgNONfR
[TRANSTATS] t=  34.0s | pag= 38 | files=   0 | data=  1 | cola= 338 | prio= 1 | https://www.transtats.bts.gov/dataindex.asp?v0qrA=h&yv5614qr4=QNgNONfR
[TRANSTATS] t=  34.6s | pag= 39 | files=   1 | data=  1 | cola= 346 | prio= 1 | https://www.transtats.bts.gov/dataindex.asp?v0qrA=i&yv5614qr4=QNgNONfR
[TRANSTATS] t=  35.1s | pag= 40 | files=   1 | data=  1 | cola= 350 | prio= 1 | https://www.transtats.bts.gov/dataindex.asp?v0qrA=j&yv5614qr4=QNgNONfR
[TRANSTATS] t=  35.8s | pag= 41 | files=   2 | data=  1 | cola= 350 | prio= 1 | https://www.transtats.bts.gov/dataindex.asp?v0qrA=k&yv5614qr4=QNgNONfR
[TRANSTATS] t=  36.5s | pag= 42 | files=   2 | data=  1 | cola= 349 | prio= 1 | https://www.transtats.bts.gov/dataindex.asp?v0qrA=l&yv5614qr4=QNgNONfR
[TRANSTATS] t=  37.1s | pag= 43 | files=   2 | data=  1 | cola= 348 | prio= 1 | https://www.transtats.bts.gov/dataindex.asp?v0qrA=m&yv5614qr4=QNgNONfR
[TRANSTATS] t=  37.8s | pag= 44 | files=   2 | data=  1 | cola= 347 | prio= 1 | https://www.transtats.bts.gov/DataIndex.asp?P74_e19=EI&v0qrA=N&yv5614qr4=QNgNONfR
[TRANSTATS] t=  38.6s | pag= 45 | files=   2 | data=  1 | cola= 358 | prio= 1 | https://www.transtats.bts.gov/DatabaseInfo.asp?QO_VQ=FGD&QO_anzr=Nv4%EF%BF%BDPn44vr4%EF%BF%BDRz2y1Brr5&Yv0x=u6625%25GN%2F%2F999.64n056n65.o65.t18%2FRz2y1Bzr06%2F
[TRANSTATS] DATASETS=2 | database_dataset | https://www.transtats.bts.gov/DatabaseInfo.asp?QO_VQ=FGD&QO_anzr=Nv4%EF%BF%BDPn44vr4%EF%BF%BDRz2y1Brr5&Yv0x=u6625%25GN%2F%2F999.64n056n65.o65.t18%2FRz2y1Bzr06%2F
[TRANSTATS] t=  39.4s | pag= 46 | files=   2 | data=  2 | cola= 362 | prio= 1 | https://www.transtats.bts.gov/DatabaseInfo.asp?QO_VQ=EGI&QO_anzr=Nv4%EF%BF%BDPn44vr4%EF%BF%BDSv0n0pvny%EF%BF%BDer21465%EF%BF%BD%25FLS14z%EF%BF%BDHE%EF%BF%BDSv0n0pvny%EF%BF%BDQn6n%25FM&QO_fu146_anzr=Nv4%EF%BF%BDPn44vr4%EF%BF%BDSv0n0pvny&Yv0x=D
[TRANSTATS] DATASETS=3 | database_dataset | https://www.transtats.bts.gov/DatabaseInfo.asp?QO_VQ=EGI&QO_anzr=Nv4%EF%BF%BDPn44vr4%EF%BF%BDSv0n0pvny%EF%BF%BDer21465%EF%BF%BD%25FLS14z%EF%BF%BDHE%EF%BF%BDSv0n0pvny%EF%BF%BDQn6n%25FM&QO_fu146_anzr=Nv4%EF%BF%BDPn44vr4%EF%BF%BDSv0n0pvny&Yv0x=D
[TRANSTATS] t=  40.1s | pag= 47 | files=   2 | data=  3 | cola= 367 | prio= 1 | https://www.transtats.bts.gov/DatabaseInfo.asp?QO_VQ=JII&QO_anzr=Nv4%EF%BF%BDPn44vr4%EF%BF%BDZv5un0qyrq%EF%BF%BDOnttntr%EF%BF%BD%25FLS14z%EF%BF%BDFGH.J%25FM&QO_fu146_anzr=Zv5un0qyrq%EF%BF%BDOnttntr%EF%BF%BD&Yv0x=D
[TRANSTATS] DATASETS=4 | database_dataset | https://www.transtats.bts.gov/DatabaseInfo.asp?QO_VQ=JII&QO_anzr=Nv4%EF%BF%BDPn44vr4%EF%BF%BDZv5un0qyrq%EF%BF%BDOnttntr%EF%BF%BD%25FLS14z%EF%BF%BDFGH.J%25FM&QO_fu146_anzr=Zv5un0qyrq%EF%BF%BDOnttntr%EF%BF%BD&Yv0x=D
[TRANSTATS] t=  41.0s | pag= 48 | files=   2 | data=  4 | cola= 367 | prio= 1 | https://www.transtats.bts.gov/DatabaseInfo.asp?QO_VQ=JID&QO_anzr=Nv4%EF%BF%BDPn44vr4%EF%BF%BDer2146%EF%BF%BD%25FLS14z%EF%BF%BDFMLP%25FM&QO_fu146_anzr=S14z%EF%BF%BDFMLP&Yv0x=D
[TRANSTATS] DATASETS=5 | database_dataset | https://www.transtats.bts.gov/DatabaseInfo.asp?QO_VQ=JID&QO_anzr=Nv4%EF%BF%BDPn44vr4%EF%BF%BDer2146%EF%BF%BD%25FLS14z%EF%BF%BDFMLP%25FM&QO_fu146_anzr=S14z%EF%BF%BDFMLP&Yv0x=D
[TRANSTATS] t=  41.8s | pag= 49 | files=   2 | data=  5 | cola= 367 | prio= 1 | https://www.transtats.bts.gov/Tables.asp?QO_VQ=EED&QO_anzr=Nv4%EF%BF%BDPn44vr4%EF%BF%BDf6n6v56vp5%EF%BF%BD%25FLS14z%EF%BF%BDHE%EF%BF%BDg4nssvp%25FM-%EF%BF%BD%EF%BF%BDh.f.%EF%BF%BDPn44vr45&QO_fu146_anzr=Nv4%EF%BF%BDPn44vr45
[TRANSTATS] t=  42.4s | pag= 50 | files=   2 | data=  5 | cola= 391 | prio= 1 | https://www.transtats.bts.gov/DatabaseInfo.asp?QO_VQ=EED&QO_anzr=Nv4%EF%BF%BDPn44vr4%EF%BF%BDf6n6v56vp5%EF%BF%BD%25FLS14z%EF%BF%BDHE%EF%BF%BDg4nssvp%25FM-%EF%BF%BD%EF%BF%BDh.f.%EF%BF%BDPn44vr45&QO_fu146_anzr=Nv4%EF%BF%BDPn44vr45&Yv0x=D
[TRANSTATS] DATASETS=6 | database_dataset | https://www.transtats.bts.gov/DatabaseInfo.asp?QO_VQ=EED&QO_anzr=Nv4%EF%BF%BDPn44vr4%EF%BF%BDf6n6v56vp5%EF%BF%BD%25FLS14z%EF%BF%BDHE%EF%BF%BDg4nssvp%25FM-%EF%BF%BD%EF%BF%BDh.f.%EF%BF%BDPn44vr45&QO_fu146_anzr=Nv4%EF%BF%BDPn44vr45&Yv0x=D
[TRANSTATS] t=  43.5s | pag= 51 | files=   3 | data=  6 | cola= 398 | prio= 1 | https://www.transtats.bts.gov/Tables.asp?QO_VQ=EEE&QO_anzr=Nv4%EF%BF%BDPn44vr4%EF%BF%BDf6n6v56vp5%EF%BF%BD%25FLS14z%EF%BF%BDHE%EF%BF%BDg4nssvp%25FM-%EF%BF%BDNyy%EF%BF%BDPn44vr45&QO_fu146_anzr=Nv4%EF%BF%BDPn44vr45
[TRANSTATS] t=  44.2s | pag= 52 | files=   3 | data=  6 | cola= 422 | prio= 1 | https://www.transtats.bts.gov/DatabaseInfo.asp?QO_VQ=EEE&QO_anzr=Nv4%EF%BF%BDPn44vr4%EF%BF%BDf6n6v56vp5%EF%BF%BD%25FLS14z%EF%BF%BDHE%EF%BF%BDg4nssvp%25FM-%EF%BF%BDNyy%EF%BF%BDPn44vr45&QO_fu146_anzr=Nv4%EF%BF%BDPn44vr45&Yv0x=D
[TRANSTATS] DATASETS=7 | database_dataset | https://www.transtats.bts.gov/DatabaseInfo.asp?QO_VQ=EEE&QO_anzr=Nv4%EF%BF%BDPn44vr4%EF%BF%BDf6n6v56vp5%EF%BF%BD%25FLS14z%EF%BF%BDHE%EF%BF%BDg4nssvp%25FM-%EF%BF%BDNyy%EF%BF%BDPn44vr45&QO_fu146_anzr=Nv4%EF%BF%BDPn44vr45&Yv0x=D
[TRANSTATS] t=  45.0s | pag= 53 | files=   3 | data=  7 | cola= 422 | prio= 1 | https://www.transtats.bts.gov/DatabaseInfo.asp?QO_VQ=EGD&QO_anzr=Nv4%EF%BF%BDPn44vr4%EF%BF%BDf7zzn4B%EF%BF%BDQn6n%EF%BF%BD%25FLS14z%EF%BF%BDHE%EF%BF%BDn0q%EF%BF%BDFMLP%EF%BF%BDf7zzn4B%EF%BF%BDQn6n%25FM&QO_fu146_anzr=Nv4%EF%BF%BDPn44vr4%EF%BF%BDf7zzn4B&Yv0x=D
[TRANSTATS] DATASETS=8 | database_dataset | https://www.transtats.bts.gov/DatabaseInfo.asp?QO_VQ=EGD&QO_anzr=Nv4%EF%BF%BDPn44vr4%EF%BF%BDf7zzn4B%EF%BF%BDQn6n%EF%BF%BD%25FLS14z%EF%BF%BDHE%EF%BF%BDn0q%EF%BF%BDFMLP%EF%BF%BDf7zzn4B%EF%BF%BDQn6n%25FM&QO_fu146_anzr=Nv4%EF%BF%BDPn44vr4%EF%BF%BDf7zzn4B&Yv0x=D
[TRANSTATS] t=  45.8s | pag= 54 | files=   3 | data=  8 | cola= 423 | prio= 1 | https://www.transtats.bts.gov/DatabaseInfo.asp?QO_VQ=EFD&QO_anzr=Nv4yv0r%EF%BF%BDb0-gvzr%EF%BF%BDcr4s14zn0pr%EF%BF%BDQn6n&QO_fu146_anzr=b0-gvzr&Yv0x=D
[TRANSTATS] DATASETS=9 | database_dataset | https://www.transtats.bts.gov/DatabaseInfo.asp?QO_VQ=EFD&QO_anzr=Nv4yv0r%EF%BF%BDb0-gvzr%EF%BF%BDcr4s14zn0pr%EF%BF%BDQn6n&QO_fu146_anzr=b0-gvzr&Yv0x=D
[TRANSTATS] t=  46.5s | pag= 55 | files=   3 | data=  9 | cola= 423 | prio= 1 | https://www.transtats.bts.gov/DatabaseInfo.asp?QO_VQ=EFI&QO_anzr=Nv4yv0r%EF%BF%BDb4vtv0%EF%BF%BDn0q%EF%BF%BDQr56v0n6v10%EF%BF%BDf748rB%EF%BF%BD%25FLQOEO%25FM&QO_fu146_anzr=b4vtv0%EF%BF%BDn0q%EF%BF%BDQr56v0n6v10%EF%BF%BDf748rB&Yv0x=D
[TRANSTATS] DATASETS=10 | database_dataset | https://www.transtats.bts.gov/DatabaseInfo.asp?QO_VQ=EFI&QO_anzr=Nv4yv0r%EF%BF%BDb4vtv0%EF%BF%BDn0q%EF%BF%BDQr56v0n6v10%EF%BF%BDf748rB%EF%BF%BD%25FLQOEO%25FM&QO_fu146_anzr=b4vtv0%EF%BF%BDn0q%EF%BF%BDQr56v0n6v10%EF%BF%BDf748rB&Yv0x=D
[TRANSTATS] t=  47.3s | pag= 56 | files=   3 | data= 10 | cola= 423 | prio= 1 | https://www.transtats.bts.gov/DatabaseInfo.asp?QO_VQ=KDD&QO_anzr=Nv4yv0r%EF%BF%BDb4vtv0%EF%BF%BDn0q%EF%BF%BDQr56v0n6v10%EF%BF%BDf748rB%EF%BF%BD%25FLQOEP%25FM&QO_fu146_anzr=b4vtv0%EF%BF%BDn0q%EF%BF%BDQr56v0n6v10%EF%BF%BDf748rB&Yv0x=D
[TRANSTATS] t=  48.0s | pag= 57 | files=   3 | data= 11 | cola= 423 | prio= 1 | https://www.transtats.bts.gov/DatabaseInfo.asp?QO_VQ=IKD&QO_anzr=Nzr4vpn0%EF%BF%BDU175v0t%EF%BF%BDf748rB&Yv0x=u6625%25GN%2F%2F999.u7q75r4.14t%2Fqn6n5r65%2Fnu5.u6zy
[TRANSTATS] t=  48.7s | pag= 58 | files=   3 | data= 12 | cola= 429 | prio= 1 | https://www.transtats.bts.gov/DatabaseInfo.asp?QO_VQ=IDI&QO_anzr=Nzr4vpn0%EF%BF%BDg4n8ry%EF%BF%BDf748rB%EF%BF%BD%25FLNgf%25FM%EF%BF%BDEMMI&QO_fu146_anzr=Ngf&Yv0x=D
[TRANSTATS] t=  49.5s | pag= 59 | files=   3 | data= 13 | cola= 431 | prio= 1 | https://www.transtats.bts.gov/DatabaseInfo.asp?QO_VQ=GLI&QO_anzr=N007ny%EF%BF%BDR0r4tB%EF%BF%BDer8vr9&Yv0x=u6625%25GN%2F%2F999.rvn.q1r.t18%2Frzr7%2Fnr4%2Fp106r065.u6zy
[TRANSTATS] t=  50.1s | pag= 60 | files=   4 | data= 14 | cola= 437 | prio= 1 | https://www.transtats.bts.gov/DatabaseInfo.asp?QO_VQ=FJI&QO_anzr=N007ny%EF%BF%BDf6n6r%EF%BF%BDcr4510ny%EF%BF%BDV0p1zr&Yv0x=u6625%25GN%2F%2F999.orn.t18%2Fvgnoyr%2Fvgnoyr.psz%25GS4r3vq%25GQKD%25FJ56r2%25GQE%25FJv574v%25GQE%25FJnp4q0%25GQH%25FG4r3vq%25GQKD%25FJ56r2%25GQE%25FJv574v%25GQE
[TRANSTATS] t=  50.9s | pag= 61 | files=   4 | data= 15 | cola= 442 | prio= 1 | https://www.transtats.bts.gov/DatabaseInfo.asp?QO_VQ=GJI&QO_anzr=N007ny%EF%BF%BDf748rB%EF%BF%BD1s%EF%BF%BDZn07snp674r5&Yv0x=u6625%25GN%2F%2F999.pr0575.t18%2Frp10%2F18r48vr9%2FznDGDD.u6zy
[TRANSTATS] t=  51.6s | pag= 62 | files=   4 | data= 16 | cola= 446 | prio= 1 | https://www.transtats.bts.gov/Fields.asp?gnoyr_VQ=GEF
[TRANSTATS] t=  52.2s | pag= 63 | files=   4 | data= 17 | cola= 464 | prio= 1 | https://www.transtats.bts.gov/Fields.asp?gnoyr_VQ=GDF
[TRANSTATS] t=  52.8s | pag= 64 | files=   4 | data= 18 | cola= 486 | prio= 1 | https://www.transtats.bts.gov/Employment/TimeSeries.aspx?Pn44vr4=Nf&Pn44vr4_anzr=Nyn5xn
[TRANSTATS] t=  53.7s | pag= 64 | files=   4 | data= 18 | cola= 485 | prio= 1 | https://www.transtats.bts.gov/Employment/TimeSeries.aspx?Pn44vr4=TH&Pn44vr4_anzr=Nyyrtvn06+Nv4
[TRANSTATS] t=  55.8s | pag= 64 | files=   4 | data= 18 | cola= 484 | prio= 1 | https://www.transtats.bts.gov/Employment/TimeSeries.aspx?Pn44vr4=NN&Pn44vr4_anzr=Nzr4vpn0
[TRANSTATS] t=  57.8s | pag= 64 | files=   4 | data= 18 | cola= 483 | prio= 1 | https://www.transtats.bts.gov/Employment/TimeSeries.aspx?Pn44vr4=Il&Pn44vr4_anzr=N6yn5+Nv4
[TRANSTATS] t=  59.9s | pag= 64 | files=   4 | data= 18 | cola= 482 | prio= 1 | https://www.transtats.bts.gov/Employment/TimeSeries.aspx?Pn44vr4=QY&Pn44vr4_anzr=Qry6n
[TRANSTATS] t=  61.8s | pag= 64 | files=   4 | data= 18 | cola= 481 | prio= 1 | https://www.transtats.bts.gov/Employment/TimeSeries.aspx?Pn44vr4=Zd&Pn44vr4_anzr=R081B+Nv4
[TRANSTATS] t=  63.7s | pag= 64 | files=   4 | data= 18 | cola= 480 | prio= 1 | https://www.transtats.bts.gov/Employment/TimeSeries.aspx?Pn44vr4=Sk&Pn44vr4_anzr=Srqr4ny+RA24r55
[TRANSTATS] t=  65.9s | pag= 64 | files=   4 | data= 18 | cola= 479 | prio= 1 | https://www.transtats.bts.gov/Employment/TimeSeries.aspx?Pn44vr4=SM&Pn44vr4_anzr=S4106vr4
[TRANSTATS] t=  67.9s | pag= 64 | files=   4 | data= 18 | cola= 478 | prio= 1 | https://www.transtats.bts.gov/Employment/TimeSeries.aspx?Pn44vr4=OJ&Pn44vr4_anzr=Wr6Oy7r
[TRANSTATS] t=  69.9s | pag= 64 | files=   4 | data= 18 | cola= 477 | prio= 1 | https://www.transtats.bts.gov/Employment/TimeSeries.aspx?Pn44vr4=XNd&Pn44vr4_anzr=Xnyv66n+Nv4
[TRANSTATS] t=  72.3s | pag= 64 | files=   4 | data= 18 | cola= 476 | prio= 1 | https://www.transtats.bts.gov/Employment/TimeSeries.aspx?Pn44vr4=cb&Pn44vr4_anzr=c1yn4+Nv4+Pn4t1
[TRANSTATS] t=  74.5s | pag= 64 | files=   4 | data= 18 | cola= 475 | prio= 1 | https://www.transtats.bts.gov/Employment/TimeSeries.aspx?Pn44vr4=lk&Pn44vr4_anzr=er27oyvp+Nv4yv0r
[TRANSTATS] t=  76.5s | pag= 64 | files=   4 | data= 18 | cola= 474 | prio= 1 | https://www.transtats.bts.gov/Employment/TimeSeries.aspx?Pn44vr4=bb&Pn44vr4_anzr=fxBjr56
[TRANSTATS] t=  78.6s | pag= 64 | files=   4 | data= 18 | cola= 473 | prio= 1 | https://www.transtats.bts.gov/Employment/TimeSeries.aspx?Pn44vr4=ja&Pn44vr4_anzr=f176u9r56
[TRANSTATS] t=  80.5s | pag= 64 | files=   4 | data= 18 | cola= 472 | prio= 1 | https://www.transtats.bts.gov/Employment/TimeSeries.aspx?Pn44vr4=aX&Pn44vr4_anzr=f2v4v6
[TRANSTATS] t=  82.6s | pag= 64 | files=   4 | data= 18 | cola= 471 | prio= 1 | https://www.transtats.bts.gov/Employment/TimeSeries.aspx?Pn44vr4=fl&Pn44vr4_anzr=f70+P17064B+Nv4yv0r5
[TRANSTATS] t=  84.6s | pag= 64 | files=   4 | data= 18 | cola= 470 | prio= 1 | https://www.transtats.bts.gov/Employment/TimeSeries.aspx?Pn44vr4=hN&Pn44vr4_anzr=h0v6rq
[TRANSTATS] t=  86.6s | pag= 64 | files=   4 | data= 18 | cola= 469 | prio= 1 | https://www.transtats.bts.gov/Employment/TimeSeries.aspx?Pn44vr4=Ik&Pn44vr4_anzr=h0v6rq+cn4pry+fr48vpr
[TRANSTATS] t=  88.8s | pag= 64 | files=   4 | data= 18 | cola= 468 | prio= 1 | https://www.transtats.bts.gov/Employment/TimeSeries.aspx?Pn44vr4=Fcd&Pn44vr4_anzr=FE+Nv4
[TRANSTATS] t=  90.7s | pag= 64 | files=   4 | data= 18 | cola= 467 | prio= 1 | https://www.transtats.bts.gov/Employment/TimeSeries.aspx?Pn44vr4=NOk&Pn44vr4_anzr=NOk+Nv4+V0p
[TRANSTATS] t=  93.2s | pag= 64 | files=   4 | data= 18 | cola= 466 | prio= 1 | https://www.transtats.bts.gov/Employment/TimeSeries.aspx?Pn44vr4=LP&Pn44vr4_anzr=Nv4+g4n052146+V06r40n6v10ny
[TRANSTATS] t=  95.2s | pag= 64 | files=   4 | data= 18 | cola= 465 | prio= 1 | https://www.transtats.bts.gov/Employment/TimeSeries.aspx?Pn44vr4=mj&Pn44vr4_anzr=Nv4+jv5p105v0
[TRANSTATS] t=  97.5s | pag= 64 | files=   4 | data= 18 | cola= 464 | prio= 1 | https://www.transtats.bts.gov/Employment/TimeSeries.aspx?Pn44vr4=XU&Pn44vr4_anzr=Ny1un+Nv4+Pn4t1
[TRANSTATS] t=  99.5s | pag= 64 | files=   4 | data= 18 | cola= 463 | prio= 1 | https://www.transtats.bts.gov/Employment/TimeSeries.aspx?Pn44vr4=ZJ&Pn44vr4_anzr=Nzr4vwr6+V06r40n6v10ny
[TRANSTATS] t= 101.6s | pag= 64 | files=   4 | data= 18 | cola= 462 | prio= 1 | https://www.transtats.bts.gov/Employment/TimeSeries.aspx?Pn44vr4=Zk&Pn44vr4_anzr=O4rrCr+N8vn6v10+T4172+QON++O4rrCr
[TRANSTATS] t= 103.6s | pag= 64 | files=   4 | data= 18 | cola= 461 | prio= 1 | https://www.transtats.bts.gov/Employment/TimeSeries.aspx?Pn44vr4=PI&Pn44vr4_anzr=P1zz76rNv4+qon+P1zz76rNv4
[TRANSTATS] t= 105.5s | pag= 64 | files=   4 | data= 18 | cola= 460 | prio= 1 | https://www.transtats.bts.gov/Employment/TimeSeries.aspx?Pn44vr4=GKd&Pn44vr4_anzr=Rn56r40+Nv4+RA24r55+%28RNk%29
[TRANSTATS] t= 107.5s | pag= 64 | files=   4 | data= 18 | cola= 459 | prio= 1 | https://www.transtats.bts.gov/Employment/TimeSeries.aspx?Pn44vr4=MR&Pn44vr4_anzr=R0qrn814+Nv4
[TRANSTATS] t= 109.5s | pag= 64 | files=   4 | data= 18 | cola= 458 | prio= 1 | https://www.transtats.bts.gov/Employment/TimeSeries.aspx?Pn44vr4=TPN&Pn44vr4_anzr=Ty1ony+P4155v0t
[TRANSTATS] t= 111.6s | pag= 64 | files=   4 | data= 18 | cola= 457 | prio= 1 | https://www.transtats.bts.gov/Employment/TimeSeries.aspx?Pn44vr4=TK&Pn44vr4_anzr=T1Wr6+Nv4yv0r5
[TRANSTATS] t= 113.7s | pag= 64 | files=   4 | data= 18 | cola= 456 | prio= 1 | https://www.transtats.bts.gov/Employment/TimeSeries.aspx?Pn44vr4=dk&Pn44vr4_anzr=U14vC10+Nv4
[TRANSTATS] t= 115.8s | pag= 64 | files=   4 | data= 18 | cola= 455 | prio= 1 | https://www.transtats.bts.gov/Employment/TimeSeries.aspx?Pn44vr4=FKd&Pn44vr4_anzr=Wr6+N8vn6v10+Syvtu6+fr48vpr5
[TRANSTATS] t= 117.8s | pag= 64 | files=   4 | data= 18 | cola= 454 | prio= 1 | https://www.transtats.bts.gov/Employment/TimeSeries.aspx?Pn44vr4=YF&Pn44vr4_anzr=YB0qr0+Nv4+Pn4t1
[TRANSTATS] t= 119.9s | pag= 64 | files=   4 | data= 18 | cola= 453 | prio= 1 | https://www.transtats.bts.gov/Employment/TimeSeries.aspx?Pn44vr4=li&Pn44vr4_anzr=Zr5n
[TRANSTATS] t= 121.9s | pag= 64 | files=   4 | data= 18 | cola= 452 | prio= 1 | https://www.transtats.bts.gov/Employment/TimeSeries.aspx?Pn44vr4=aL&Pn44vr4_anzr=an6v10ny+Nv4+Pn4t1+T4172+V0p+q%2Fon+an6v10ny
[TRANSTATS] t= 124.0s | pag= 64 | files=   4 | data= 18 | cola= 451 | prio= 1 | https://www.transtats.bts.gov/Employment/TimeSeries.aspx?Pn44vr4=aP&Pn44vr4_anzr=a146ur40+Nv4+Pn4t1
[TRANSTATS] t= 126.0s | pag= 64 | files=   4 | data= 18 | cola= 450 | prio= 1 | https://www.transtats.bts.gov/Employment/TimeSeries.aspx?Pn44vr4=kM&Pn44vr4_anzr=bz0v+Nv4+V06r40n6v10ny
[TRANSTATS] t= 128.1s | pag= 64 | files=   4 | data= 18 | cola= 449 | prio= 1 | https://www.transtats.bts.gov/Employment/TimeSeries.aspx?Pn44vr4=bU&Pn44vr4_anzr=cfN
[TRANSTATS] t= 130.1s | pag= 64 | files=   4 | data= 18 | cola= 448 | prio= 1 | https://www.transtats.bts.gov/Employment/TimeSeries.aspx?Pn44vr4=cg&Pn44vr4_anzr=cvrqz106
[TRANSTATS] t= 132.0s | pag= 64 | files=   4 | data= 18 | cola= 447 | prio= 1 | https://www.transtats.bts.gov/Employment/TimeSeries.aspx?Pn44vr4=GRd&Pn44vr4_anzr=fp166+N8vn6v10
[TRANSTATS] t= 134.0s | pag= 64 | files=   4 | data= 18 | cola= 446 | prio= 1 | https://www.transtats.bts.gov/Employment/TimeSeries.aspx?Pn44vr4=jV&Pn44vr4_anzr=fxB+Yrn5r+Pn4t1
[TRANSTATS] t= 136.0s | pag= 64 | files=   4 | data= 18 | cola= 445 | prio= 1 | https://www.transtats.bts.gov/Employment/TimeSeries.aspx?Pn44vr4=kc&Pn44vr4_anzr=gRZ+R06r424v5r5+qon++N8ry1
[TRANSTATS] t= 138.2s | pag= 64 | files=   4 | data= 18 | cola= 444 | prio= 1 | https://www.transtats.bts.gov/Employment/TimeSeries.aspx?Pn44vr4=XQ&Pn44vr4_anzr=jr56r40+Ty1ony
[TRANSTATS] t= 140.5s | pag= 64 | files=   4 | data= 18 | cola= 443 | prio= 1 | https://www.transtats.bts.gov/Employment/TimeSeries.aspx?Pn44vr4=cSd&Pn44vr4_anzr=N5vn+cnpvsvp
[TRANSTATS] t= 142.5s | pag= 64 | files=   4 | data= 18 | cola= 442 | prio= 1 | https://www.transtats.bts.gov/Employment/TimeSeries.aspx?Pn44vr4=jY&Pn44vr4_anzr=Pn4voorn0+f70+Nv4yv0r5
[TRANSTATS] t= 144.5s | pag= 64 | files=   4 | data= 18 | cola= 441 | prio= 1 | https://www.transtats.bts.gov/Employment/TimeSeries.aspx?Pn44vr4=EOd&Pn44vr4_anzr=Rn56r40
[TRANSTATS] t= 146.5s | pag= 64 | files=   4 | data= 18 | cola= 440 | prio= 1 | https://www.transtats.bts.gov/Employment/TimeSeries.aspx?Pn44vr4=TSd&Pn44vr4_anzr=T7ys+N0q+Pn4voorn0+Pn4t1
[TRANSTATS] t= 148.5s | pag= 64 | files=   4 | data= 18 | cola= 439 | prio= 1 | https://www.transtats.bts.gov/Employment/TimeSeries.aspx?Pn44vr4=ERd&Pn44vr4_anzr=Xnv5r4Nv4
[TRANSTATS] t= 150.6s | pag= 64 | files=   4 | data= 18 | cola= 438 | prio= 1 | https://www.transtats.bts.gov/Employment/TimeSeries.aspx?Pn44vr4=XYd&Pn44vr4_anzr=Xnyv66n+Pun46r45+VV
[TRANSTATS] t= 152.4s | pag= 64 | files=   4 | data= 18 | cola= 437 | prio= 1 | https://www.transtats.bts.gov/Employment/TimeSeries.aspx?Pn44vr4=Ii&Pn44vr4_anzr=gn610q7x+b76sv66r45+Yvzv6rq
[TRANSTATS] t= 154.3s | pag= 64 | files=   4 | data= 18 | cola= 436 | prio= 1 | https://www.transtats.bts.gov/Employment/TimeSeries.aspx?Pn44vr4=hK&Pn44vr4_anzr=hfN+Wr6
[TRANSTATS] t= 156.3s | pag= 64 | files=   4 | data= 18 | cola= 435 | prio= 1 | https://www.transtats.bts.gov/Employment/TimeSeries.aspx?Pn44vr4=GHd&Pn44vr4_anzr=c1yn4v5+N8vn6v10+f1y76v105
[TRANSTATS] t= 158.2s | pag= 64 | files=   4 | data= 18 | cola= 434 | prio= 1 | https://www.transtats.bts.gov/Employment/TimeSeries.aspx?Pn44vr4=fV&Pn44vr4_anzr=fvr44n+cnpvsvp
[TRANSTATS] t= 160.1s | pag= 64 | files=   4 | data= 18 | cola= 433 | prio= 1 | https://www.transtats.bts.gov/databases.asp?20=F&Z1qr_Qr5p=N8vn6v10&Z1qr_VQ=E&f7owrp6_VQF=D
[TRANSTATS] t= 161.7s | pag= 65 | files=   4 | data= 18 | cola= 434 | prio= 1 | https://www.transtats.bts.gov/DatabaseInfo.asp?QO_VQ=EGI&QO_anzr=Nv4+Pn44vr4+Sv0n0pvny+er21465+%28S14z+HE+Sv0n0pvny+Qn6n%29&QO_fu146_anzr=Nv4+Pn44vr4+Sv0n0pvny&Yv0x=D
[TRANSTATS] t= 162.8s | pag= 66 | files=   4 | data= 19 | cola= 433 | prio= 1 | https://www.transtats.bts.gov/DatabaseInfo.asp?QO_VQ=JII&QO_anzr=Nv4+Pn44vr4+Zv5un0qyrq+Onttntr+%28S14z+FGH.J%29&QO_fu146_anzr=Zv5un0qyrq+Onttntr+&Yv0x=D
[TRANSTATS] t= 163.6s | pag= 67 | files=   4 | data= 20 | cola= 432 | prio= 1 | https://www.transtats.bts.gov/DatabaseInfo.asp?QO_VQ=JID&QO_anzr=Nv4+Pn44vr4+er2146+%28S14z+FMLP%29&QO_fu146_anzr=S14z+FMLP&Yv0x=D
[TRANSTATS] t= 164.6s | pag= 68 | files=   4 | data= 21 | cola= 431 | prio= 1 | https://www.transtats.bts.gov/DatabaseInfo.asp?QO_VQ=EED&QO_anzr=Nv4+Pn44vr4+f6n6v56vp5+%28S14z+HE+g4nssvp%29-++h.f.+Pn44vr45&QO_fu146_anzr=Nv4+Pn44vr45&Yv0x=D
[TRANSTATS] t= 165.5s | pag= 69 | files=   4 | data= 22 | cola= 430 | prio= 1 | https://www.transtats.bts.gov/DatabaseInfo.asp?QO_VQ=EEE&QO_anzr=Nv4+Pn44vr4+f6n6v56vp5+%28S14z+HE+g4nssvp%29-+Nyy+Pn44vr45&QO_fu146_anzr=Nv4+Pn44vr45&Yv0x=D
[TRANSTATS] t= 166.5s | pag= 70 | files=   4 | data= 23 | cola= 429 | prio= 1 | https://www.transtats.bts.gov/DatabaseInfo.asp?QO_VQ=EGD&QO_anzr=Nv4+Pn44vr4+f7zzn4B+Qn6n+%28S14z+HE+n0q+FMLP+f7zzn4B+Qn6n%29&QO_fu146_anzr=Nv4+Pn44vr4+f7zzn4B&Yv0x=D
[TRANSTATS] t= 167.6s | pag= 71 | files=   4 | data= 24 | cola= 428 | prio= 1 | https://www.transtats.bts.gov/DatabaseInfo.asp?QO_VQ=EFD&QO_anzr=Nv4yv0r+b0-gvzr+cr4s14zn0pr+Qn6n&QO_fu146_anzr=b0-gvzr&Yv0x=D
[TRANSTATS] DATASETS=25 | database_dataset | https://www.transtats.bts.gov/DatabaseInfo.asp?QO_VQ=EFD&QO_anzr=Nv4yv0r+b0-gvzr+cr4s14zn0pr+Qn6n&QO_fu146_anzr=b0-gvzr&Yv0x=D
[TRANSTATS] t= 168.5s | pag= 72 | files=   4 | data= 25 | cola= 427 | prio= 1 | https://www.transtats.bts.gov/DatabaseInfo.asp?QO_VQ=EFI&QO_anzr=Nv4yv0r+b4vtv0+n0q+Qr56v0n6v10+f748rB+%28QOEO%29&QO_fu146_anzr=b4vtv0+n0q+Qr56v0n6v10+f748rB&Yv0x=D
[TRANSTATS] t= 169.5s | pag= 73 | files=   4 | data= 26 | cola= 426 | prio= 1 | https://www.transtats.bts.gov/DatabaseInfo.asp?QO_VQ=KDD&QO_anzr=Nv4yv0r+b4vtv0+n0q+Qr56v0n6v10+f748rB+%28QOEP%29&QO_fu146_anzr=b4vtv0+n0q+Qr56v0n6v10+f748rB&Yv0x=D
[TRANSTATS] t= 170.5s | pag= 74 | files=   4 | data= 27 | cola= 425 | prio= 1 | https://www.transtats.bts.gov/DatabaseInfo.asp?QO_VQ=IDI&QO_anzr=Nzr4vpn0+g4n8ry+f748rB+%28Ngf%29+EMMI&QO_fu146_anzr=Ngf&Yv0x=D
[TRANSTATS] t= 171.6s | pag= 75 | files=   4 | data= 28 | cola= 424 | prio= 1 | https://www.transtats.bts.gov/DatabaseInfo.asp?QO_VQ=IMI&QO_anzr=N8vn6v10+f722146+gnoyr5&QO_fu146_anzr=N8vn6v10+f722146+gnoyr5&Yv0x=D
[TRANSTATS] t= 172.5s | pag= 76 | files=   4 | data= 29 | cola= 424 | prio= 1 | https://www.transtats.bts.gov/DatabaseInfo.asp?QO_VQ=IED&QO_anzr=P1zz1qv6B+Sy19+f748rB+%28PSf%29&QO_fu146_anzr=PSf&Yv0x=D
[TRANSTATS] t= 173.5s | pag= 77 | files=   4 | data= 30 | cola= 426 | prio= 1 | https://www.transtats.bts.gov/DatabaseInfo.asp?QO_VQ=JHD&QO_anzr=V06r4z1qny+cn55r0tr4+P100rp6v8v6B&QO_fu146_anzr=g4n050r6&Yv0x=u6625%3A%2F%2F999.o65.t18%2F612vp5%2Fv06r4z1qny-p100rp6v8v6B
[TRANSTATS] t= 174.4s | pag= 78 | files=   4 | data= 31 | cola= 425 | prio= 1 | https://www.transtats.bts.gov/Tables.asp?QO_VQ=EEI&QO_anzr=fznyy%EF%BF%BDNv4%EF%BF%BDPn44vr4%EF%BF%BDf6n6v56vp5%EF%BF%BD%25FLS14z%EF%BF%BDFMLP%EF%BF%BDg4nssvp%EF%BF%BDQn6n%25FM&QO_fu146_anzr=fznyy%EF%BF%BDNv4%EF%BF%BDPn44vr45
[TRANSTATS] t= 175.3s | pag= 79 | files=   4 | data= 31 | cola= 437 | prio= 1 | https://www.transtats.bts.gov/DatabaseInfo.asp?QO_VQ=EEI&QO_anzr=fznyy+Nv4+Pn44vr4+f6n6v56vp5+%28S14z+FMLP+g4nssvp+Qn6n%29&QO_fu146_anzr=fznyy+Nv4+Pn44vr45&Yv0x=D
[TRANSTATS] t= 176.3s | pag= 80 | files=   4 | data= 32 | cola= 440 | prio= 1 | https://www.transtats.bts.gov/DatabaseInfo.asp?QO_VQ=FGD&QO_anzr=Nv4+Pn44vr4+Rz2y1Brr5&Yv0x=u6625%3A%2F%2F999.64n056n65.o65.t18%2FRz2y1Bzr06%2F
[TRANSTATS] t= 177.1s | pag= 81 | files=   4 | data= 33 | cola= 439 | prio= 1 | https://www.transtats.bts.gov/databases.asp?20=F&Z1qr_Qr5p=Zn4v6vzr&Z1qr_VQ=F&f7owrp6_VQF=D
[TRANSTATS] t= 177.9s | pag= 82 | files=   4 | data= 33 | cola= 439 | prio= 1 | https://www.transtats.bts.gov/DatabaseInfo.asp?QO_VQ=HLD&QO_anzr=Pn0nqvn0+g4n8ry+61+6ur+h.f.&Yv0x=u6625%3A%2F%2F999.6v0r6.v6n.q1p.t18%2F4r5rn4pu%2F4r21465%2Fon5vp%2Fp17064B%2Fv0qrA.u6zy
[TRANSTATS] t= 179.0s | pag= 83 | files=   4 | data= 34 | cola= 441 | prio= 1 | https://www.transtats.bts.gov/DatabaseInfo.asp?QO_VQ=GFD&QO_anzr=Pr0575+1s+Sn6ny+bpp72n6v10ny+V0w74vr5+%28PSbV%29&Yv0x=u6625%3A%2F%2F999.oy5.t18%2Fvvs%2F15ups1vE.u6z
[TRANSTATS] t= 179.9s | pag= 84 | files=   4 | data= 35 | cola= 447 | prio= 1 | https://www.transtats.bts.gov/DatabaseInfo.asp?+bpp72n6v10=&QO_VQ=GDD&QO_anzr=Rz2y1Bzr06+oB+V0q7564B+&Yv0x=u6625%3A%2F%2F999.oy5.t18%2F1r5%2F
[TRANSTATS] t= 181.0s | pag= 85 | files=   4 | data= 36 | cola= 457 | prio= 1 | https://www.transtats.bts.gov/DatabaseInfo.asp?QO_VQ=EDI&QO_anzr=S14rvt0+g4nssvp+ir55ry+R064n0pr5+n0q+Pyrn4n0pr5&QO_fu146_anzr=ir55ry+R064n0pr5&Yv0x=u6625%3A%2F%2F999.zn4nq.q16.t18
[TRANSTATS] t= 182.0s | pag= 86 | files=   4 | data= 37 | cola= 459 | prio= 1 | https://www.transtats.bts.gov/DatabaseInfo.asp?QO_VQ=FKI&QO_anzr=T4155+Q1zr56vp+c41q7p6+%28TQc%29+oB+V0q7564B&Yv0x=u6625%3A%2F%2F999.orn.t18%2Fv0q7564B%2Fv0qrA.u6z
[TRANSTATS] t= 182.9s | pag= 87 | files=   5 | data= 38 | cola= 462 | prio= 1 | https://www.transtats.bts.gov/DatabaseInfo.asp?QO_VQ=EDD&QO_anzr=UnCn4q175+Zn6r4vny+V0pvqr06+er2146v0t+fB56rz+%28UZVef%29&QO_fu146_anzr=UZVef&Yv0x=u6625%3A%2F%2FunCzn6.q16.t18
[TRANSTATS] t= 183.9s | pag= 88 | files=   5 | data= 39 | cola= 465 | prio= 1 | https://www.transtats.bts.gov/DatabaseInfo.asp?QO_VQ=HLI&QO_anzr=Y1px+cr4s14zn0pr+Z10v614v0t+fB56rz&Yv0x=u6625%3A%2F%2F999.0n8vtn6v10qn6npr06r4.75%2Fy2z5%2Fy2z5.u6z
[TRANSTATS] t= 184.9s | pag= 89 | files=   5 | data= 40 | cola= 470 | prio= 1 | https://www.transtats.bts.gov/DatabaseInfo.asp?QO_VQ=JED&QO_anzr=Zn4v0r+Pn57ny6B+N0q+c1yy76v10+Qn6non5r&QO_fu146_anzr=Zn4v0r+Pn57ny6B%2Fc1yy76v10&Yv0x=u6625%3A%2F%2Fu1zr2146.75pt.zvy%2F
[TRANSTATS] t= 185.7s | pag= 90 | files=   5 | data= 41 | cola= 471 | prio= 1 | https://www.transtats.bts.gov/DatabaseInfo.asp?QO_VQ=EHD&QO_anzr=erp4rn6v10ny+O1n6v0t+Nppvqr06+er2146+Qn6non5r+%28ONeQ%29&QO_fu146_anzr=ONeQ&Yv0x=u6625%3A%2F%2F999.75pto1n6v0t.14t%2F56n6v56vp5%2Fnppvqr06_56n6v56vp5.n52A
[TRANSTATS] t= 186.7s | pag= 91 | files=   5 | data= 42 | cola= 487 | prio= 1 | https://www.transtats.bts.gov/DatabaseInfo.asp?QO_VQ=HJD&QO_anzr=fnv06+Yn94r0pr+frn9nB+Y1px+b2r4n6v105+f6n6v56vp5&Yv0x=u6625%3A%2F%2F999.5rn9nB.q16.t18%2F
[TRANSTATS] t= 187.7s | pag= 92 | files=   5 | data= 43 | cola= 489 | prio= 1 | https://www.transtats.bts.gov/DatabaseInfo.asp?QO_VQ=FID&QO_anzr=fnv06+Yn94r0pr+frn9nB+g100ntr+V0s14zn6v10&Yv0x=u6625%3A%2F%2F999.t4rn6ynxr5-5rn9nB.p1z%2Fr0%2F5rn9nB%2Fsnp65%2F6100ntr%2Fv0qrA.u6zy
[TRANSTATS] t= 188.7s | pag= 93 | files=   5 | data= 44 | cola= 491 | prio= 1 | https://www.transtats.bts.gov/DatabaseInfo.asp?QO_VQ=HMD&QO_anzr=frn4pu+n0q+er5p7r+Zn0ntrzr06+V0s14zn6v10+fB56rz+%28fNeZVf%29&Yv0x=u6625%3A%2F%2F999.75pt.zvy%2Fu3%2Ft-1%2Ft-124%2F5n4.u6z
[TRANSTATS] t= 189.8s | pag= 94 | files=   5 | data= 45 | cola= 495 | prio= 1 | https://www.transtats.bts.gov/databases.asp?20=F&Z1qr_Qr5p=Uvtu9nB&Z1qr_VQ=G&f7owrp6_VQF=D
[TRANSTATS] t= 190.8s | pag= 95 | files=   5 | data= 45 | cola= 496 | prio= 1 | https://www.transtats.bts.gov/DatabaseInfo.asp?QO_VQ=JFD&QO_anzr=Pr0575+g4n052146n6v10+cyn00v0t+cnpxntr+%28Pgcc%29+EMMD&QO_fu146_anzr=Pgcc+EMMD&Yv0x=D
[TRANSTATS] t= 191.8s | pag= 96 | files=   5 | data= 46 | cola= 501 | prio= 1 | https://www.transtats.bts.gov/DatabaseInfo.asp?QO_VQ=JGD&QO_anzr=Pr0575+g4n052146n6v10+cyn00v0t+cnpxntr+%28Pgcc%29+FDDD&QO_fu146_anzr=Pgcc+FDDD&Yv0x=D
[TRANSTATS] t= 192.9s | pag= 97 | files=   5 | data= 47 | cola= 501 | prio= 1 | https://www.transtats.bts.gov/DatabaseInfo.asp?QO_VQ=JHI&QO_anzr=Pr0575+g4n052146n6v10+cyn00v0t+cnpxntr+FDDD+PQ-ebZ+ir45v10+-+9v6u+OrB10q+FD%2FFD+Nppr55+g11y&QO_fu146_anzr=Pgcc+FDDD&Yv0x=D
[TRANSTATS] t= 193.8s | pag= 98 | files=   5 | data= 48 | cola= 501 | prio= 1 | https://www.transtats.bts.gov/DatabaseInfo.asp?+b2r4n6v0t+V0s14zn6v10=&QO_VQ=EKD&QO_anzr=Z1614+Pn44vr4+Sv0n0pvny+&QO_fu146_anzr=Z1614+Pn44vr4+b2r4n6145&Yv0x=D
[TRANSTATS] t= 194.9s | pag= 99 | files=   5 | data= 49 | cola= 504 | prio= 1 | https://www.transtats.bts.gov/DatabaseInfo.asp?QO_VQ=IHI&QO_anzr=an6v109vqr+cr4510ny+g4n052146n6v10+f748rB+%28acgf%29&QO_fu146_anzr=acgf&Yv0x=D
[TRANSTATS] DATASETS=50 | database_dataset | https://www.transtats.bts.gov/DatabaseInfo.asp?QO_VQ=IHI&QO_anzr=an6v109vqr+cr4510ny+g4n052146n6v10+f748rB+%28acgf%29&QO_fu146_anzr=acgf&Yv0x=D
[TRANSTATS] t= 196.0s | pag=100 | files=   5 | data= 50 | cola= 514 | prio= 1 | https://www.transtats.bts.gov/DatabaseInfo.asp?QO_VQ=FJD&QO_anzr=N761z1ovyr+Q4v8v0t+P156+85.+c7oyvp+g4n05v6+P156&Yv0x=u6625%3A%2F%2F999.n26n.p1z%2F4r5174pr5%2F56n6v56vp5%2Fcntr5%2Fqrsn7y6.n52A
[TRANSTATS] t= 196.8s | pag=101 | files=   5 | data= 51 | cola= 518 | prio= 1 | https://www.transtats.bts.gov/DatabaseInfo.asp?QO_VQ=FDD&QO_anzr=N761z1ovyr+Q4v8v0t+P1565&Yv0x=u6625%3A%2F%2FrApun0tr.nnn.p1z%2Fn761z1ovyr5-64n8ry%2Fn761z1ovyr5%2Ftn5-24vpv0t%2F
[TRANSTATS] t= 198.3s | pag=102 | files=   5 | data= 52 | cola= 519 | prio= 1 | https://www.transtats.bts.gov/DatabaseInfo.asp?QO_VQ=IKI&QO_anzr=Ogf+bz0vo75+f748rB&Yv0x=u6625%3A%2F%2F999.o65.t18%2Fo4195r-56n6v56vpny-241q7p65-n0q-qn6n%2F56n6v56vpny-241q7p65%2F5748rB5%2Fu175ru1yq-5748rB
[TRANSTATS] t= 199.3s | pag=103 | files=   5 | data= 53 | cola= 518 | prio= 1 | https://www.transtats.bts.gov/DatabaseInfo.asp?+PbQRf=&QO_VQ=HGD&QO_anzr=P4n5u+b76p1zr+Qn6n+R8ny7n6v10+fB56rz+%28PbQRf%29&Yv0x=u6625%3A%2F%2F999.0u65n.t18%2FQn6n%2Ff6n6r+Qn6n+c41t4nz+
[TRANSTATS] t= 200.2s | pag=104 | files=   5 | data= 54 | cola= 530 | prio= 1 | https://www.transtats.bts.gov/DatabaseInfo.asp?QO_VQ=ELI&QO_anzr=Sn6nyv6B+N0nyB5v5+er2146v0t+fB56rz+%28SNef%29&QO_fu146_anzr=SNef&Yv0x=u6625%3A%2F%2F999.0u65n.t18%2FSNef
[TRANSTATS] t= 201.2s | pag=105 | files=   5 | data= 55 | cola= 532 | prio= 1 | https://www.transtats.bts.gov/databases.asp?20=F&Z1qr_Qr5p=g4n05v6&Z1qr_VQ=H&f7owrp6_VQF=D
[TRANSTATS] t= 202.1s | pag=106 | files=   5 | data= 55 | cola= 532 | prio= 1 | https://www.transtats.bts.gov/DatabaseInfo.asp?QO_VQ=FHD&QO_anzr=Srqr4ny+g4n05v6+Nqzv0v564n6v10+T4n06+N55v56n0pr+c41t4nz5&Yv0x=u6625%3A%2F%2F999.s6n.q16.t18%2Fs70qv0t%2Fqn6n%2Ft4n065_sv0n0pv0t_EDMD.u6zy
[TRANSTATS] t= 203.1s | pag=107 | files=   5 | data= 56 | cola= 533 | prio= 1 | https://www.transtats.bts.gov/DatabaseInfo.asp?QO_VQ=EKI&QO_anzr=an6v10ny+g4n05v6+Qn6non5r+%28agQ%29&QO_fu146_anzr=agQ&Yv0x=u6625%3A%2F%2F999.06q241t4nz.t18%2F06q241t4nz
[TRANSTATS] t= 204.0s | pag=108 | files=   5 | data= 57 | cola= 532 | prio= 1 | https://www.transtats.bts.gov/DatabaseInfo.asp?QO_VQ=HFD&QO_anzr=fnsr6B+Zn0ntrzr06+V0s14zn6v10+fB56rz+%28fNZVf%29&Yv0x=u6625%3A%2F%2F64n05v6-5nsr6B.81y2r.q16.t18%2Fc7oyvpn6v105%2FQrsn7y6.n52
[TRANSTATS] t= 205.0s | pag=109 | files=   5 | data= 58 | cola= 536 | prio= 1 | https://www.transtats.bts.gov/DatabaseInfo.asp?QO_VQ=ILD&QO_anzr=a146u+Nzr4vpn0+g4n05o14qr4+S4rvtu6+Qn6n&Yv0x=u6625%3A%2F%2F999.o65.t18%2F64n05o14qr4%2F
[TRANSTATS] t= 206.2s | pag=110 | files=   5 | data= 59 | cola= 535 | prio= 1 | https://www.transtats.bts.gov/DatabaseInfo.asp?QO_VQ=EMI&QO_anzr=envy41nq+Nppvqr06%2FV0pvqr06+er2146v0t+fB56rz&QO_fu146_anzr=envy41nq+Nppvqr065&Yv0x=u6625%3A%2F%2F5nsr6Bqn6n.s4n.q16.t18%2F1ssvpr1s5nsr6B%2F
[TRANSTATS] t= 207.1s | pag=111 | files=   5 | data= 60 | cola= 537 | prio= 1 | https://www.transtats.bts.gov/DatabaseInfo.asp?QO_VQ=GMD&QO_anzr=h.f.+T4rr0u175r+Tn5+Rzv55v105+n0q+fv0x5&Yv0x=u6625%3A%2F%2Fr2n.t18%2Fpyvzn6rpun0tr%2Ftutrzv55v105%2F75v08r0614B4r2146.u6zy
[TRANSTATS] t= 208.1s | pag=112 | files=   5 | data= 61 | cola= 542 | prio= 1 | https://www.transtats.bts.gov/DatabaseInfo.asp?QO_VQ=EJD&QO_anzr=cv2ryv0r+fnsr6B+f6n6v56vp5&QO_fu146_anzr=cv2ryv0r+fnsr6B&Yv0x=u6625%3A%2F%2F2uz5n.q16.t18
[TRANSTATS] t= 209.0s | pag=113 | files=   5 | data= 62 | cola= 543 | prio= 1 | https://www.transtats.bts.gov/Databases.asp?20=F&Z1qr_Qr5p=b6ur4&Z1qr_VQ=MM&f7owrp6_VQF=D
[TRANSTATS] t= 209.9s | pag=114 | files=   5 | data= 62 | cola= 552 | prio= 1 | https://www.transtats.bts.gov/DatabaseInfo.asp?QO_VQ=IKD&QO_anzr=Nzr4vpn0+U175v0t+f748rB&Yv0x=u6625%3A%2F%2F999.u7q75r4.14t%2Fqn6n5r65%2Fnu5.u6zy
[TRANSTATS] t= 210.8s | pag=115 | files=   5 | data= 63 | cola= 551 | prio= 1 | https://www.transtats.bts.gov/DatabaseInfo.asp?QO_VQ=GLI&QO_anzr=N007ny+R0r4tB+er8vr9&Yv0x=u6625%3A%2F%2F999.rvn.q1r.t18%2Frzr7%2Fnr4%2Fp106r065.u6zy
[TRANSTATS] t= 211.7s | pag=116 | files=   5 | data= 64 | cola= 550 | prio= 1 | https://www.transtats.bts.gov/DatabaseInfo.asp?56r2=E&QO_VQ=FJI&QO_anzr=N007ny+f6n6r+cr4510ny+V0p1zr&Yv0x=u6625%3A%2F%2F999.orn.t18%2Fvgnoyr%2Fvgnoyr.psz%3F4r3vq%3DKD&np4q0=H&v574v=E
[TRANSTATS] t= 212.6s | pag=117 | files=   5 | data= 65 | cola= 549 | prio= 1 | https://www.transtats.bts.gov/DatabaseInfo.asp?QO_VQ=GJI&QO_anzr=N007ny+f748rB+1s+Zn07snp674r5&Yv0x=u6625%3A%2F%2F999.pr0575.t18%2Frp10%2F18r48vr9%2FznDGDD.u6zy
[TRANSTATS] t= 213.4s | pag=118 | files=   5 | data= 66 | cola= 548 | prio= 1 | https://www.transtats.bts.gov/DatabaseInfo.asp?QO_VQ=EID&QO_anzr=Pr0575+c127yn6v10+R56vzn6r5&QO_fu146_anzr=Pr0575+c127yn6v10&Yv0x=u6625%3A%2F%2F999.pr0575.t18%2F212r56%2F
[TRANSTATS] t= 214.4s | pag=119 | files=   5 | data= 67 | cola= 551 | prio= 1 | https://www.transtats.bts.gov/DatabaseInfo.asp?QO_VQ=GGI&QO_anzr=P1z2r05n6v10+P156+g4r0q5&Yv0x=u6625%3A%2F%2F999.oy5.t18%2F0p5%2Frp6%2Fu1zr.u6z
[TRANSTATS] t= 215.4s | pag=120 | files=   5 | data= 68 | cola= 552 | prio= 1 | https://www.transtats.bts.gov/DatabaseInfo.asp?QO_VQ=GFI&QO_anzr=P1057zr4+RA2r0qv674r+f748rB+%28PRk%29&Yv0x=u6625%3A%2F%2F999.oy5.t18%2FprA%2F
[TRANSTATS] t= 216.4s | pag=121 | files=   5 | data= 69 | cola= 553 | prio= 1 | https://www.transtats.bts.gov/DatabaseInfo.asp?QO_VQ=GGD&QO_anzr=P1057zr4+c4vpr+V0qrA+%28PcV%29&Yv0x=u6625%3A%2F%2F999.oy5.t18%2Fp2v%2F
[TRANSTATS] t= 217.5s | pag=122 | files=   5 | data= 70 | cola= 554 | prio= 1 | https://www.transtats.bts.gov/DatabaseInfo.asp?QO_VQ=EJI&QO_anzr=T4155+f6n6r+c41q7p6+%28Tfc%29+&QO_fu146_anzr=T4155+f6n6r+c41q7p6&Yv0x=u6625%3A%2F%2F999.orn.t18%2F4rtv10ny%2F
[TRANSTATS] t= 218.5s | pag=123 | files=   5 | data= 71 | cola= 556 | prio= 1 | https://www.transtats.bts.gov/DatabaseInfo.asp?QO_VQ=FED&QO_anzr=V0q7564B+c41q7p6v8v6B+Qn6n&Yv0x=u6625%3A%2F%2F999.oy5.t18%2Fy2p%2F
[TRANSTATS] t= 219.4s | pag=124 | files=   5 | data= 72 | cola= 558 | prio= 1 | https://www.transtats.bts.gov/DatabaseInfo.asp?56r2=E&QO_VQ=FLD&QO_anzr=Y1pny+N4rn+cr4510ny+V0p1zr&Yv0x=u6625%3A%2F%2F999.orn.t18%2Fvgnoyr%2Fvgnoyr.psz%3F4r3vq%3DKD&np4q0=H&v574v=E
[TRANSTATS] t= 220.3s | pag=125 | files=   5 | data= 73 | cola= 559 | prio= 1 | https://www.transtats.bts.gov/DatabaseInfo.asp?QO_VQ=IGI&QO_anzr=an6v10ny+Nv4+d7nyv6B+Qn6n+-+NVef+Qn6non5r&QO_fu146_anzr=NVef&Yv0x=u6625%3A%2F%2F999.r2n.t18%2Fr08v410zr06ny-612vp5%2Fnv4-612vp5
[TRANSTATS] t= 221.3s | pag=126 | files=   5 | data= 74 | cola= 559 | prio= 1 | https://www.transtats.bts.gov/DatabaseInfo.asp?QO_VQ=GHD&QO_anzr=an6v10ny+P1z2r05n6v10+f748rB+%28aPf%29&Yv0x=u6625%3A%2F%2F999.oy5.t18%2F0p5%2F
[TRANSTATS] DATASETS=75 | database_dataset | https://www.transtats.bts.gov/DatabaseInfo.asp?QO_VQ=GHD&QO_anzr=an6v10ny+P1z2r05n6v10+f748rB+%28aPf%29&Yv0x=u6625%3A%2F%2F999.oy5.t18%2F0p5%2F
[TRANSTATS] t= 222.3s | pag=127 | files=   5 | data= 75 | cola= 559 | prio= 1 | https://www.transtats.bts.gov/DatabaseInfo.asp?QO_VQ=IFD&QO_anzr=an6v10ny+Rzv55v10+g4r0q5+%28aRg%29&QO_fu146_anzr=Rzv55v105&Yv0x=u6625%3A%2F%2F999.r2n.t18
[TRANSTATS] t= 223.2s | pag=128 | files=   5 | data= 76 | cola= 561 | prio= 1 | https://www.transtats.bts.gov/databases.asp?20=F&Z1qr_VQF=D&f7owrp6_Qr5p=fnsr6B&f7owrp6_VQ=E
[TRANSTATS] t= 224.1s | pag=129 | files=   5 | data= 76 | cola= 562 | prio= 1 | https://www.transtats.bts.gov/DatabaseInfo.asp?QO_VQ=HII&QO_anzr=N8vn6v10+Nppvqr06+Qn6non5r+n0q+fB0125r5&QO_fu146_anzr=N8vn6v10+Nppvqr065&Yv0x=u6625%3A%2F%2F999.065o.t18
[TRANSTATS] t= 225.2s | pag=130 | files=   5 | data= 77 | cola= 567 | prio= 1 | https://www.transtats.bts.gov/DatabaseInfo.asp?QO_VQ=HID&QO_anzr=N8vn6v10+Nppvqr06+f6n6v56vp5&Yv0x=u6625%3A%2F%2F999.065o.t18%2Fqn6n%2Fn8vn6v10_56n65.u6zy
[TRANSTATS] t= 226.3s | pag=131 | files=   5 | data= 78 | cola= 568 | prio= 1 | https://www.transtats.bts.gov/DatabaseInfo.asp?QO_VQ=GMI&QO_anzr=N8vn6v10+fnsr6B+er2146v0t+fB56rz+%28Nfef%29&Yv0x=u6625%3A%2F%2Fn545.n4p.0n5n.t18%2F
[TRANSTATS] t= 227.1s | pag=132 | files=   5 | data= 79 | cola= 571 | prio= 1 | https://www.transtats.bts.gov/DatabaseInfo.asp?QO_VQ=JDD&QO_anzr=Tr0r4ny+R56vzn6r+fB56rz+%28TRf%29&QO_fu146_anzr=aNff%2FTRf&Yv0x=u6625%3A%2F%2F999.0u65n.t18
[TRANSTATS] t= 228.1s | pag=133 | files=   5 | data= 80 | cola= 571 | prio= 1 | https://www.transtats.bts.gov/DatabaseInfo.asp?QO_VQ=HDI&QO_anzr=Uvtu9nB+fnsr6B+V0s14zn6v10+fB56rz+%28UfVf%29&Yv0x=u6625%3A%2F%2F999.u54p.70p.rq7%2Fu5v5%2F
[TRANSTATS] t= 229.1s | pag=134 | files=   5 | data= 81 | cola= 574 | prio= 1 | https://www.transtats.bts.gov/DatabaseInfo.asp?Q1p7zr06n6v10%2Fq1p7zr06n6v10%2Fp4n5ur5%2Fp4n5uE.n52=&QO_VQ=JDI&QO_anzr=Z1614+Pn44vr4+Zn0ntrzr06+V0s14zn6v10+fB56rz+%28ZPZVf%29+-+P4n5u+Svyr&QO_fu146_anzr=ZPZVf+P4n5u&Yv0x=u6625%3A%2F%2Fzpzv5pn6ny1t.szp5n.q16.t18%2For6n%2FPn6ny1t5
[TRANSTATS] t= 230.0s | pag=135 | files=   5 | data= 82 | cola= 583 | prio= 1 | https://www.transtats.bts.gov/DatabaseInfo.asp?QO_VQ=FHI&QO_anzr=Z1614+iruvpyr+P1057zr4+Qn6non5r&Yv0x=u6625%3A%2F%2F999-1qv.0u65n.q16.t18%2F190r45%2Ffrn4puP1z2ynv065
[TRANSTATS] t= 231.1s | pag=136 | files=   5 | data= 83 | cola= 589 | prio= 1 | https://www.transtats.bts.gov/DatabaseInfo.asp?QO_VQ=HGI&QO_anzr=Z1614+iruvpyr+Qrsrp65+V08r56vtn6v10+Qn6non5r&Yv0x=u6625%3A%2F%2F999-1qv.0u65n.q16.t18%2Fpn45%2F241oyrz5%2Fqrsrp6%2F
[TRANSTATS] t= 232.2s | pag=137 | files=   5 | data= 84 | cola= 590 | prio= 1 | https://www.transtats.bts.gov/DatabaseInfo.asp?QO_VQ=HHI&QO_anzr=Z1614+iruvpyr+Qrsrp65+a10-P1z2yvn0pr+Qn6non5r&Yv0x=u6625%3A%2F%2F999.0u65n.q16.t18%2Fpn45%2F241oyrz5%2Fp1z2yB%2F
[TRANSTATS] t= 233.2s | pag=138 | files=   5 | data= 85 | cola= 589 | prio= 1 | https://www.transtats.bts.gov/databases.asp?20=F&Z1qr_VQF=D&f7owrp6_Qr5p=S4rvtu6%EF%BF%BDg4n052146&f7owrp6_VQ=F
[TRANSTATS] t= 234.0s | pag=139 | files=   5 | data= 85 | cola= 589 | prio= 1 | https://www.transtats.bts.gov/DatabaseInfo.asp?Q1p7zr06n6v10%2Fq1p7zr06n6v10%2Fpr0575%2Fzpzv5_q1p.n52=&QO_VQ=EMD&QO_anzr=Z1614+Pn44vr4+Zn0ntrzr06+V0s14zn6v10+fB56rz+%28ZPZVf%29+-+Pr0575+Svyr&QO_fu146_anzr=SZPfN+Pr0575&Yv0x=u6625%3A%2F%2Fzpzv5pn6ny1t.szp5n.q16.t18%2For6n%2FPn6ny1t5
[TRANSTATS] t= 235.0s | pag=140 | files=   5 | data= 86 | cola= 589 | prio= 1 | https://www.transtats.bts.gov/DatabaseInfo.asp?QO_VQ=HFI&QO_anzr=h.f.+S14rvt0+jn6r4o140r+g4n052146n6v10+f6n6v56vp5&Yv0x=u6625%3A%2F%2F999.zn4nq.q16.t18%2Fq1p7zr065%2Fh.f._jn6r4o140r_S14rvt0_g4nqr_oB_g4nqv0t_cn460r45.Ay5
[TRANSTATS] t= 236.7s | pag=140 | files=   5 | data= 86 | cola= 588 | prio= 1 | https://www.transtats.bts.gov/databases.asp?20=F&Z1qr_VQF=D&f7owrp6_Qr5p=cn55r0tr4%EF%BF%BDg4n8ry&f7owrp6_VQ=G
[TRANSTATS] t= 238.3s | pag=141 | files=   5 | data= 86 | cola= 588 | prio= 1 | https://www.transtats.bts.gov/databases.asp?20=F&Z1qr_VQF=D&f7owrp6_Qr5p=V0s4n5647p674r&f7owrp6_VQ=H
[TRANSTATS] t= 239.0s | pag=142 | files=   5 | data= 86 | cola= 588 | prio= 1 | https://www.transtats.bts.gov/DatabaseInfo.asp?QO_VQ=HDD&QO_anzr=P1zzr4pvny+f2npr+Yvpr05v0t+n0q+Yn70pur5&Yv0x=u6625%3A%2F%2F999.snn.t18%2Fqn6n_4r5rn4pu%2Fp1zzr4pvny_52npr_qn6n%2F
[TRANSTATS] t= 239.7s | pag=143 | files=   5 | data= 87 | cola= 589 | prio= 1 | https://www.transtats.bts.gov/DatabaseInfo.asp?QO_VQ=HJI&QO_anzr=Uvtu9nB+P10tr56v10+%28h4on0+Z1ovyv6B+f67qB%29&Yv0x=u6625%3A%2F%2Fz1ovyv6B.6nz7.rq7%2F7z5%2F
[TRANSTATS] t= 240.4s | pag=144 | files=   5 | data= 88 | cola= 592 | prio= 1 | https://www.transtats.bts.gov/DatabaseInfo.asp?QO_VQ=IJI&QO_anzr=Uvtu9nB+cr4s14zn0pr+Z10v614v0t+fB56rz+%28UcZf%29+-+P14r+Qn6n&QO_fu146_anzr=UcZf&Yv0x=u6625%3A%2F%2F999.su9n.q16.t18%2F21yvpBv0s14zn6v10%2Fu2z5.psz
[TRANSTATS] t= 241.2s | pag=145 | files=   5 | data= 89 | cola= 594 | prio= 1 | https://www.transtats.bts.gov/DatabaseInfo.asp?QO_VQ=IJD&QO_anzr=Yvpr05rq+Q4v8r45+&QO_fu146_anzr=Yvpr05rq+Q4v8r45&Yv0x=u6625%3A%2F%2F999.su9n.q16.t18%2F21yvpB%2F1u2v%2Fu55%2Fu5527o5.psz
[TRANSTATS] t= 241.8s | pag=146 | files=   5 | data= 90 | cola= 595 | prio= 1 | https://www.transtats.bts.gov/DatabaseInfo.asp?56r2=E&QO_VQ=FDI&QO_anzr=Z1614+iruvpyr+b76276&Yv0x=u6625%3A%2F%2F999.orn.t18%2Fvgnoyr%2Fvgnoyr.psz%3Fer3VQ%3DEF&np4q0=E
[TRANSTATS] t= 242.5s | pag=147 | files=   5 | data= 91 | cola= 598 | prio= 1 | https://www.transtats.bts.gov/DatabaseInfo.asp?QO_VQ=IHD&QO_anzr=h.f.+er6nvy+Tn51yv0r+c4vpr5&QO_fu146_anzr=Tn51yv0r+c4vpr5&Yv0x=u6625%3A%2F%2F999.rvn.q1r.t18%2F1vy_tn5%2F2r641yr7z%2Fqn6n_27oyvpn6v105%2F94t2%2Fz1tn5_u1zr_2ntr.u6zy
[TRANSTATS] t= 243.2s | pag=148 | files=   5 | data= 92 | cola= 598 | prio= 1 | https://www.transtats.bts.gov/DatabaseInfo.asp?QO_VQ=FFD&QO_anzr=an6v10ny+g1Avp5+V08r0614B+%28agV%29&Yv0x=u6625%3A%2F%2F999.r2n.t18%2Fnv4%2Fqn6n%2Fv0qrA.u6zy
[TRANSTATS] t= 243.9s | pag=149 | files=   7 | data= 93 | cola= 601 | prio= 1 | https://www.transtats.bts.gov/DatabaseInfo.asp?QO_VQ=HKD&QO_anzr=V06r40n6v10ny+iv5v614+N44v8ny5+c41t4nz+%28V-MH%29&Yv0x=u6625%3A%2F%2F6v0r6.v6n.q1p.t18%2F4r5rn4pu%2Fv0qrA.u6zy
[TRANSTATS] t= 244.6s | pag=150 | files=   7 | data= 94 | cola= 602 | prio= 1 | https://www.transtats.bts.gov/dataindex.asp?P74_e19=EI&v0qrA=N&yv5614qr4=QNgNONfR
[TRANSTATS] t= 245.2s | pag=151 | files=   7 | data= 94 | cola= 602 | prio= 1 | https://www.transtats.bts.gov/DatabaseInfo.asp?QO_VQ=IKI&QO_anzr=Ogf%EF%BF%BDbz0vo75%EF%BF%BDf748rB&Yv0x=u6625%25GN%2F%2F999.o65.t18%2Fo4195r-56n6v56vpny-241q7p65-n0q-qn6n%2F56n6v56vpny-241q7p65%2F5748rB5%2Fu175ru1yq-5748rB
[TRANSTATS] t= 245.8s | pag=152 | files=   7 | data= 95 | cola= 601 | prio= 1 | https://www.transtats.bts.gov/DatabaseInfo.asp?QO_VQ=HLD&QO_anzr=Pn0nqvn0%EF%BF%BDg4n8ry%EF%BF%BD61%EF%BF%BD6ur%EF%BF%BDh.f.&Yv0x=u6625%25GN%2F%2F999.6v0r6.v6n.q1p.t18%2F4r5rn4pu%2F4r21465%2Fon5vp%2Fp17064B%2Fv0qrA.u6zy
[TRANSTATS] t= 246.6s | pag=153 | files=   7 | data= 96 | cola= 600 | prio= 1 | https://www.transtats.bts.gov/DatabaseInfo.asp?QO_VQ=EID&QO_anzr=Pr0575%EF%BF%BDc127yn6v10%EF%BF%BDR56vzn6r5&QO_fu146_anzr=Pr0575%EF%BF%BDc127yn6v10&Yv0x=u6625%25GN%2F%2F999.pr0575.t18%2F212r56%2F
[TRANSTATS] t= 247.3s | pag=154 | files=   7 | data= 97 | cola= 599 | prio= 1 | https://www.transtats.bts.gov/DatabaseInfo.asp?QO_VQ=JFD&QO_anzr=Pr0575%EF%BF%BDg4n052146n6v10%EF%BF%BDcyn00v0t%EF%BF%BDcnpxntr%EF%BF%BD%25FLPgcc%25FM%EF%BF%BDEMMD&QO_fu146_anzr=Pgcc%EF%BF%BDEMMD&Yv0x=D
[TRANSTATS] t= 249.5s | pag=155 | files=   7 | data= 98 | cola= 598 | prio= 1 | https://www.transtats.bts.gov/DatabaseInfo.asp?QO_VQ=JGD&QO_anzr=Pr0575%EF%BF%BDg4n052146n6v10%EF%BF%BDcyn00v0t%EF%BF%BDcnpxntr%EF%BF%BD%25FLPgcc%25FM%EF%BF%BDFDDD&QO_fu146_anzr=Pgcc%EF%BF%BDFDDD&Yv0x=D
[TRANSTATS] t= 250.3s | pag=156 | files=   7 | data= 99 | cola= 597 | prio= 1 | https://www.transtats.bts.gov/DatabaseInfo.asp?QO_VQ=JHI&QO_anzr=Pr0575%EF%BF%BDg4n052146n6v10%EF%BF%BDcyn00v0t%EF%BF%BDcnpxntr%EF%BF%BDFDDD%EF%BF%BDPQ-ebZ%EF%BF%BDir45v10%EF%BF%BD-%EF%BF%BD9v6u%EF%BF%BDOrB10q%EF%BF%BDFD%2FFD%EF%BF%BDNppr55%EF%BF%BDg11y&QO_fu146_anzr=Pgcc%EF%BF%BDFDDD&Yv0x=D
[TRANSTATS] DATASETS=100 | database_dataset | https://www.transtats.bts.gov/DatabaseInfo.asp?QO_VQ=JHI&QO_anzr=Pr0575%EF%BF%BDg4n052146n6v10%EF%BF%BDcyn00v0t%EF%BF%BDcnpxntr%EF%BF%BDFDDD%EF%BF%BDPQ-ebZ%EF%BF%BDir45v10%EF%BF%BD-%EF%BF%BD9v6u%EF%BF%BDOrB10q%EF%BF%BDFD%2FFD%EF%BF%BDNppr55%EF%BF%BDg11y&QO_fu146_anzr=Pgcc%EF%BF%BDFDDD&Yv0x=D
[TRANSTATS] t= 251.4s | pag=157 | files=   7 | data=100 | cola= 596 | prio= 1 | https://www.transtats.bts.gov/DatabaseInfo.asp?QO_VQ=GFD&QO_anzr=Pr0575%EF%BF%BD1s%EF%BF%BDSn6ny%EF%BF%BDbpp72n6v10ny%EF%BF%BDV0w74vr5%EF%BF%BD%25FLPSbV%25FM&Yv0x=u6625%25GN%2F%2F999.oy5.t18%2Fvvs%2F15ups1vE.u6z
[TRANSTATS] t= 252.2s | pag=158 | files=   7 | data=101 | cola= 595 | prio= 1 | https://www.transtats.bts.gov/DatabaseInfo.asp?QO_VQ=HDD&QO_anzr=P1zzr4pvny%EF%BF%BDf2npr%EF%BF%BDYvpr05v0t%EF%BF%BDn0q%EF%BF%BDYn70pur5&Yv0x=u6625%25GN%2F%2F999.snn.t18%2Fqn6n_4r5rn4pu%2Fp1zzr4pvny_52npr_qn6n%2F
[TRANSTATS] t= 253.2s | pag=159 | files=   7 | data=102 | cola= 594 | prio= 1 | https://www.transtats.bts.gov/DatabaseInfo.asp?QO_VQ=IED&QO_anzr=P1zz1qv6B%EF%BF%BDSy19%EF%BF%BDf748rB%EF%BF%BD%25FLPSf%25FM&QO_fu146_anzr=PSf&Yv0x=D
[TRANSTATS] t= 254.3s | pag=160 | files=   7 | data=103 | cola= 593 | prio= 1 | https://www.transtats.bts.gov/DatabaseInfo.asp?QO_VQ=GGI&QO_anzr=P1z2r05n6v10%EF%BF%BDP156%EF%BF%BDg4r0q5&Yv0x=u6625%25GN%2F%2F999.oy5.t18%2F0p5%2Frp6%2Fu1zr.u6z
[TRANSTATS] t= 255.1s | pag=161 | files=   7 | data=104 | cola= 592 | prio= 1 | https://www.transtats.bts.gov/DatabaseInfo.asp?QO_VQ=GFI&QO_anzr=P1057zr4%EF%BF%BDRA2r0qv674r%EF%BF%BDf748rB%EF%BF%BD%25FLPRk%25FM&Yv0x=u6625%25GN%2F%2F999.oy5.t18%2FprA%2F
[TRANSTATS] t= 256.1s | pag=162 | files=   7 | data=105 | cola= 591 | prio= 1 | https://www.transtats.bts.gov/DatabaseInfo.asp?QO_VQ=GGD&QO_anzr=P1057zr4%EF%BF%BDc4vpr%EF%BF%BDV0qrA%EF%BF%BD%25FLPcV%25FM&Yv0x=u6625%25GN%2F%2F999.oy5.t18%2Fp2v%2F
[TRANSTATS] t= 257.1s | pag=163 | files=   7 | data=106 | cola= 590 | prio= 1 | https://www.transtats.bts.gov/DatabaseInfo.asp?QO_VQ=HGD&QO_anzr=P4n5u%EF%BF%BDb76p1zr%EF%BF%BDQn6n%EF%BF%BDR8ny7n6v10%EF%BF%BDfB56rz%EF%BF%BD%25FLPbQRf%25FM&Yv0x=u6625%25GN%2F%2F999.0u65n.t18%2FQn6n%2Ff6n6r+Qn6n+c41t4nz+%25FJ+PbQRf
[TRANSTATS] t= 258.0s | pag=164 | files=   7 | data=107 | cola= 589 | prio= 1 | https://www.transtats.bts.gov/DatabaseInfo.asp?QO_VQ=GDD&QO_anzr=Rz2y1Bzr06%EF%BF%BDoB%EF%BF%BDV0q7564B%EF%BF%BD%25FJ%EF%BF%BDbpp72n6v10&Yv0x=u6625%25GN%2F%2F999.oy5.t18%2F1r5%2F
[TRANSTATS] t= 259.0s | pag=165 | files=   7 | data=108 | cola= 588 | prio= 1 | https://www.transtats.bts.gov/DatabaseInfo.asp?QO_VQ=ELI&QO_anzr=Sn6nyv6B%EF%BF%BDN0nyB5v5%EF%BF%BDer2146v0t%EF%BF%BDfB56rz%EF%BF%BD%25FLSNef%25FM&QO_fu146_anzr=SNef&Yv0x=u6625%25GN%2F%2F999.0u65n.t18%2FSNef
[TRANSTATS] t= 259.9s | pag=166 | files=   7 | data=109 | cola= 587 | prio= 1 | https://www.transtats.bts.gov/DatabaseInfo.asp?QO_VQ=FHD&QO_anzr=Srqr4ny%EF%BF%BDg4n05v6%EF%BF%BDNqzv0v564n6v10%EF%BF%BDT4n06%EF%BF%BDN55v56n0pr%EF%BF%BDc41t4nz5&Yv0x=u6625%25GN%2F%2F999.s6n.q16.t18%2Fs70qv0t%2Fqn6n%2Ft4n065_sv0n0pv0t_EDMD.u6zy
[TRANSTATS] t= 260.8s | pag=167 | files=   7 | data=110 | cola= 586 | prio= 1 | https://www.transtats.bts.gov/DatabaseInfo.asp?QO_VQ=EDI&QO_anzr=S14rvt0%EF%BF%BDg4nssvp%EF%BF%BDir55ry%EF%BF%BDR064n0pr5%EF%BF%BDn0q%EF%BF%BDPyrn4n0pr5&QO_fu146_anzr=ir55ry%EF%BF%BDR064n0pr5&Yv0x=u6625%25GN%2F%2F999.zn4nq.q16.t18
[TRANSTATS] t= 261.7s | pag=168 | files=   7 | data=111 | cola= 585 | prio= 1 | https://www.transtats.bts.gov/DatabaseInfo.asp?QO_VQ=JDD&QO_anzr=Tr0r4ny%EF%BF%BDR56vzn6r%EF%BF%BDfB56rz%EF%BF%BD%25FLTRf%25FM&QO_fu146_anzr=aNff%2FTRf&Yv0x=u6625%25GN%2F%2F999.0u65n.t18
[TRANSTATS] t= 262.7s | pag=169 | files=   7 | data=112 | cola= 584 | prio= 1 | https://www.transtats.bts.gov/DatabaseInfo.asp?QO_VQ=FKI&QO_anzr=T4155%EF%BF%BDQ1zr56vp%EF%BF%BDc41q7p6%EF%BF%BD%25FLTQc%25FM%EF%BF%BDoB%EF%BF%BDV0q7564B&Yv0x=u6625%25GN%2F%2F999.orn.t18%2Fv0q7564B%2Fv0qrA.u6z
[TRANSTATS] t= 263.6s | pag=170 | files=   7 | data=113 | cola= 583 | prio= 1 | https://www.transtats.bts.gov/DatabaseInfo.asp?QO_VQ=EJI&QO_anzr=T4155%EF%BF%BDf6n6r%EF%BF%BDc41q7p6%EF%BF%BD%25FLTfc%25FM%EF%BF%BD&QO_fu146_anzr=T4155%EF%BF%BDf6n6r%EF%BF%BDc41q7p6&Yv0x=u6625%25GN%2F%2F999.orn.t18%2F4rtv10ny%2F
[TRANSTATS] t= 264.5s | pag=171 | files=   7 | data=114 | cola= 582 | prio= 1 | https://www.transtats.bts.gov/DatabaseInfo.asp?QO_VQ=EDD&QO_anzr=UnCn4q175%EF%BF%BDZn6r4vny%EF%BF%BDV0pvqr06%EF%BF%BDer2146v0t%EF%BF%BDfB56rz%EF%BF%BD%25FLUZVef%25FM&QO_fu146_anzr=UZVef&Yv0x=u6625%25GN%2F%2FunCzn6.q16.t18
[TRANSTATS] t= 265.3s | pag=172 | files=   7 | data=115 | cola= 581 | prio= 1 | https://www.transtats.bts.gov/DatabaseInfo.asp?QO_VQ=HJI&QO_anzr=Uvtu9nB%EF%BF%BDP10tr56v10%EF%BF%BD%25FLh4on0%EF%BF%BDZ1ovyv6B%EF%BF%BDf67qB%25FM&Yv0x=u6625%25GN%2F%2Fz1ovyv6B.6nz7.rq7%2F7z5%2F
[TRANSTATS] t= 266.2s | pag=173 | files=   7 | data=116 | cola= 580 | prio= 1 | https://www.transtats.bts.gov/DatabaseInfo.asp?QO_VQ=IJI&QO_anzr=Uvtu9nB%EF%BF%BDcr4s14zn0pr%EF%BF%BDZ10v614v0t%EF%BF%BDfB56rz%EF%BF%BD%25FLUcZf%25FM%EF%BF%BD-%EF%BF%BDP14r%EF%BF%BDQn6n&QO_fu146_anzr=UcZf&Yv0x=u6625%25GN%2F%2F999.su9n.q16.t18%2F21yvpBv0s14zn6v10%2Fu2z5.psz
[TRANSTATS] t= 267.1s | pag=174 | files=   7 | data=117 | cola= 579 | prio= 1 | https://www.transtats.bts.gov/DatabaseInfo.asp?QO_VQ=HDI&QO_anzr=Uvtu9nB%EF%BF%BDfnsr6B%EF%BF%BDV0s14zn6v10%EF%BF%BDfB56rz%EF%BF%BD%25FLUfVf%25FM&Yv0x=u6625%25GN%2F%2F999.u54p.70p.rq7%2Fu5v5%2F
[TRANSTATS] t= 268.0s | pag=175 | files=   7 | data=118 | cola= 578 | prio= 1 | https://www.transtats.bts.gov/DatabaseInfo.asp?QO_VQ=FED&QO_anzr=V0q7564B%EF%BF%BDc41q7p6v8v6B%EF%BF%BDQn6n&Yv0x=u6625%25GN%2F%2F999.oy5.t18%2Fy2p%2F
[TRANSTATS] t= 268.9s | pag=176 | files=   7 | data=119 | cola= 577 | prio= 1 | https://www.transtats.bts.gov/DatabaseInfo.asp?QO_VQ=JHD&QO_anzr=V06r4z1qny%EF%BF%BDcn55r0tr4%EF%BF%BDP100rp6v8v6B&QO_fu146_anzr=g4n050r6&Yv0x=u6625%25GN%2F%2F999.o65.t18%2F612vp5%2Fv06r4z1qny-p100rp6v8v6B
[TRANSTATS] t= 269.8s | pag=177 | files=   7 | data=120 | cola= 576 | prio= 1 | https://www.transtats.bts.gov/DatabaseInfo.asp?QO_VQ=HKD&QO_anzr=V06r40n6v10ny%EF%BF%BDiv5v614%EF%BF%BDN44v8ny5%EF%BF%BDc41t4nz%EF%BF%BD%25FLV-MH%25FM&Yv0x=u6625%25GN%2F%2F6v0r6.v6n.q1p.t18%2F4r5rn4pu%2Fv0qrA.u6zy
[TRANSTATS] t= 270.8s | pag=178 | files=   7 | data=121 | cola= 575 | prio= 1 | https://www.transtats.bts.gov/DatabaseInfo.asp?QO_VQ=IJD&QO_anzr=Yvpr05rq%EF%BF%BDQ4v8r45%EF%BF%BD&QO_fu146_anzr=Yvpr05rq%EF%BF%BDQ4v8r45&Yv0x=u6625%25GN%2F%2F999.su9n.q16.t18%2F21yvpB%2F1u2v%2Fu55%2Fu5527o5.psz
[TRANSTATS] t= 271.8s | pag=179 | files=   7 | data=122 | cola= 574 | prio= 1 | https://www.transtats.bts.gov/DatabaseInfo.asp?QO_VQ=FLD&QO_anzr=Y1pny%EF%BF%BDN4rn%EF%BF%BDcr4510ny%EF%BF%BDV0p1zr&Yv0x=u6625%25GN%2F%2F999.orn.t18%2Fvgnoyr%2Fvgnoyr.psz%25GS4r3vq%25GQKD%25FJ56r2%25GQE%25FJv574v%25GQE%25FJnp4q0%25GQH%25FG4r3vq%25GQKD%25FJ56r2%25GQE%25FJv574v%25GQE
[TRANSTATS] t= 272.6s | pag=180 | files=   7 | data=123 | cola= 573 | prio= 1 | https://www.transtats.bts.gov/DatabaseInfo.asp?QO_VQ=HLI&QO_anzr=Y1px%EF%BF%BDcr4s14zn0pr%EF%BF%BDZ10v614v0t%EF%BF%BDfB56rz&Yv0x=u6625%25GN%2F%2F999.0n8vtn6v10qn6npr06r4.75%2Fy2z5%2Fy2z5.u6z
[TRANSTATS] t= 273.4s | pag=181 | files=   7 | data=124 | cola= 572 | prio= 1 | https://www.transtats.bts.gov/exit.asp?URL=https%3A%2F%2Fhomeport.uscg.mil%2F
[TRANSTATS] t= 274.0s | pag=181 | files=   7 | data=124 | cola= 571 | prio= 1 | https://www.transtats.bts.gov/DatabaseInfo.asp?QO_VQ=JED&QO_anzr=Zn4v0r%EF%BF%BDPn57ny6B%EF%BF%BDN0q%EF%BF%BDc1yy76v10%EF%BF%BDQn6non5r&QO_fu146_anzr=Zn4v0r%EF%BF%BDPn57ny6B%2Fc1yy76v10&Yv0x=u6625%25GN%2F%2Fu1zr2146.75pt.zvy%2F
[TRANSTATS] DATASETS=125 | database_dataset | https://www.transtats.bts.gov/DatabaseInfo.asp?QO_VQ=JED&QO_anzr=Zn4v0r%EF%BF%BDPn57ny6B%EF%BF%BDN0q%EF%BF%BDc1yy76v10%EF%BF%BDQn6non5r&QO_fu146_anzr=Zn4v0r%EF%BF%BDPn57ny6B%2Fc1yy76v10&Yv0x=u6625%25GN%2F%2Fu1zr2146.75pt.zvy%2F
[TRANSTATS] t= 275.7s | pag=182 | files=   7 | data=125 | cola= 570 | prio= 1 | https://www.transtats.bts.gov/DatabaseInfo.asp?QO_VQ=EKD&QO_anzr=Z1614%EF%BF%BDPn44vr4%EF%BF%BDSv0n0pvny%EF%BF%BD%25FJ%EF%BF%BDb2r4n6v0t%EF%BF%BDV0s14zn6v10&QO_fu146_anzr=Z1614%EF%BF%BDPn44vr4%EF%BF%BDb2r4n6145&Yv0x=D
[TRANSTATS] t= 276.4s | pag=183 | files=   7 | data=126 | cola= 569 | prio= 1 | https://www.transtats.bts.gov/DatabaseInfo.asp?QO_VQ=EMD&QO_anzr=Z1614%EF%BF%BDPn44vr4%EF%BF%BDZn0ntrzr06%EF%BF%BDV0s14zn6v10%EF%BF%BDfB56rz%EF%BF%BD%25FLZPZVf%25FM%EF%BF%BD-%EF%BF%BDPr0575%EF%BF%BDSvyr&QO_fu146_anzr=SZPfN%EF%BF%BDPr0575&Yv0x=u6625%25GN%2F%2Fzpzv5pn6ny1t.szp5n.q16.t18%2For6n%2FPn6ny1t5%25FJQ1p7zr06n6v10%2Fq1p7zr06n6v10%2Fpr0575%2Fzpzv5_q1p.n52
[TRANSTATS] t= 277.7s | pag=183 | files=   7 | data=126 | cola= 568 | prio= 1 | https://www.transtats.bts.gov/DatabaseInfo.asp?QO_VQ=JDI&QO_anzr=Z1614%EF%BF%BDPn44vr4%EF%BF%BDZn0ntrzr06%EF%BF%BDV0s14zn6v10%EF%BF%BDfB56rz%EF%BF%BD%25FLZPZVf%25FM%EF%BF%BD-%EF%BF%BDP4n5u%EF%BF%BDSvyr&QO_fu146_anzr=ZPZVf%EF%BF%BDP4n5u&Yv0x=u6625%25GN%2F%2Fzpzv5pn6ny1t.szp5n.q16.t18%2For6n%2FPn6ny1t5%25FJQ1p7zr06n6v10%2Fq1p7zr06n6v10%2Fp4n5ur5%2Fp4n5uE.n52
[TRANSTATS] t= 280.1s | pag=183 | files=   7 | data=126 | cola= 567 | prio= 1 | https://www.transtats.bts.gov/exit.asp?URL=https%3A%2F%2Fwww-odi.nhtsa.dot.gov%2Fowners%2FSearchComplaints
[TRANSTATS] t= 281.9s | pag=183 | files=   7 | data=126 | cola= 566 | prio= 1 | https://www.transtats.bts.gov/DatabaseInfo.asp?QO_VQ=FHI&QO_anzr=Z1614%EF%BF%BDiruvpyr%EF%BF%BDP1057zr4%EF%BF%BDQn6non5r&Yv0x=u6625%25GN%2F%2F999-1qv.0u65n.q16.t18%2F190r45%2Ffrn4puP1z2ynv065
[TRANSTATS] t= 283.6s | pag=184 | files=   7 | data=127 | cola= 565 | prio= 1 | https://www.transtats.bts.gov/exit.asp?URL=https%3A%2F%2Fwww-odi.nhtsa.dot.gov%2Fcars%2Fproblems%2Fdefect%2F
[TRANSTATS] t= 284.1s | pag=184 | files=   7 | data=127 | cola= 564 | prio= 1 | https://www.transtats.bts.gov/DatabaseInfo.asp?QO_VQ=HGI&QO_anzr=Z1614%EF%BF%BDiruvpyr%EF%BF%BDQrsrp65%EF%BF%BDV08r56vtn6v10%EF%BF%BDQn6non5r&Yv0x=u6625%25GN%2F%2F999-1qv.0u65n.q16.t18%2Fpn45%2F241oyrz5%2Fqrsrp6%2F
[TRANSTATS] t= 286.1s | pag=185 | files=   7 | data=128 | cola= 563 | prio= 1 | https://www.transtats.bts.gov/exit.asp?URL=https%3A%2F%2Fwww.nhtsa.dot.gov%2Fcars%2Fproblems%2Fcomply%2F
[TRANSTATS] t= 286.6s | pag=186 | files=   7 | data=128 | cola= 562 | prio= 1 | https://www.transtats.bts.gov/DatabaseInfo.asp?QO_VQ=HHI&QO_anzr=Z1614%EF%BF%BDiruvpyr%EF%BF%BDQrsrp65%EF%BF%BDa10-P1z2yvn0pr%EF%BF%BDQn6non5r&Yv0x=u6625%25GN%2F%2F999.0u65n.q16.t18%2Fpn45%2F241oyrz5%2Fp1z2yB%2F
[TRANSTATS] t= 287.3s | pag=187 | files=   7 | data=129 | cola= 561 | prio= 1 | https://www.transtats.bts.gov/exit.asp?URL=https%3A%2F%2Fwww.nhtsa.gov%2FVehicle+Safety%2FRecalls+%26+Defects%2FMotor+Vehicle+Safety+Defects+and+Recalls+Campaigns
[TRANSTATS] t= 287.7s | pag=187 | files=   7 | data=129 | cola= 560 | prio= 1 | https://www.transtats.bts.gov/DatabaseInfo.asp?QO_VQ=HHD&QO_anzr=Z1614%EF%BF%BDiruvpyr%EF%BF%BDQrsrp65%EF%BF%BDerpnyy%EF%BF%BDPnz2nvt05%EF%BF%BDQn6non5r&Yv0x=u6625%25GN%2F%2F999.0u65n.t18%2Firuvpyr+fnsr6B%2Ferpnyy5+%25FJ+Qrsrp65%2FZ1614+iruvpyr+fnsr6B+Qrsrp65+n0q+erpnyy5+Pnz2nvt05
[TRANSTATS] t= 289.9s | pag=188 | files=   7 | data=130 | cola= 564 | prio= 1 | https://www.transtats.bts.gov/DatabaseInfo.asp?QO_VQ=FDI&QO_anzr=Z1614%EF%BF%BDiruvpyr%EF%BF%BDb76276&Yv0x=u6625%25GN%2F%2F999.orn.t18%2Fvgnoyr%2Fvgnoyr.psz%25GSer3VQ%25GQEF%25FJ56r2%25GQE%25FJnp4q0%25GQE%25FG4r3vq%25GQEF%25FJ56r2%25GQE%25FJv574v%25GQE
[TRANSTATS] t= 290.6s | pag=189 | files=   7 | data=131 | cola= 563 | prio= 1 | https://www.transtats.bts.gov/exit.asp?URL=https%3A%2F%2Fwww.epa.gov%2Fenvironmental-topics%2Fair-topics
[TRANSTATS] t= 291.0s | pag=189 | files=   7 | data=131 | cola= 562 | prio= 1 | https://www.transtats.bts.gov/DatabaseInfo.asp?QO_VQ=IGI&QO_anzr=an6v10ny%EF%BF%BDNv4%EF%BF%BDd7nyv6B%EF%BF%BDQn6n%EF%BF%BD-%EF%BF%BDNVef%EF%BF%BDQn6non5r&QO_fu146_anzr=NVef&Yv0x=u6625%25GN%2F%2F999.r2n.t18%2Fr08v410zr06ny-612vp5%2Fnv4-612vp5
[TRANSTATS] t= 292.9s | pag=190 | files=   7 | data=132 | cola= 561 | prio= 1 | https://www.transtats.bts.gov/DatabaseInfo.asp?QO_VQ=GHD&QO_anzr=an6v10ny%EF%BF%BDP1z2r05n6v10%EF%BF%BDf748rB%EF%BF%BD%25FLaPf%25FM&Yv0x=u6625%25GN%2F%2F999.oy5.t18%2F0p5%2F
[TRANSTATS] t= 293.6s | pag=191 | files=   7 | data=133 | cola= 560 | prio= 1 | https://www.transtats.bts.gov/DatabaseInfo.asp?QO_VQ=IFD&QO_anzr=an6v10ny%EF%BF%BDRzv55v10%EF%BF%BDg4r0q5%EF%BF%BD%25FLaRg%25FM&QO_fu146_anzr=Rzv55v105&Yv0x=u6625%25GN%2F%2F999.r2n.t18
[TRANSTATS] t= 294.2s | pag=192 | files=   7 | data=134 | cola= 559 | prio= 1 | https://www.transtats.bts.gov/DatabaseInfo.asp?QO_VQ=GED&QO_anzr=an6v10ny%EF%BF%BDRz2y1Bzr06%25FP%EF%BF%BDU1745%25FP%EF%BF%BDn0q%EF%BF%BDRn40v0t5&Yv0x=u6625%25GN%2F%2F999.oy5.t18%2Fpr5%2Fu1zr.u6z
[TRANSTATS] t= 295.0s | pag=193 | files=   7 | data=135 | cola= 560 | prio= 1 | https://www.transtats.bts.gov/DatabaseInfo.asp?QO_VQ=FFD&QO_anzr=an6v10ny%EF%BF%BDg1Avp5%EF%BF%BDV08r0614B%EF%BF%BD%25FLagV%25FM&Yv0x=u6625%25GN%2F%2F999.r2n.t18%2Fnv4%2Fqn6n%2Fv0qrA.u6zy
[TRANSTATS] t= 295.8s | pag=194 | files=   7 | data=136 | cola= 559 | prio= 1 | https://www.transtats.bts.gov/exit.asp?URL=https%3A%2F%2Fwww.ntdprogram.gov%2Fntdprogram
[TRANSTATS] t= 296.2s | pag=194 | files=   7 | data=136 | cola= 558 | prio= 1 | https://www.transtats.bts.gov/DatabaseInfo.asp?QO_VQ=EKI&QO_anzr=an6v10ny%EF%BF%BDg4n05v6%EF%BF%BDQn6non5r%EF%BF%BD%25FLagQ%25FM&QO_fu146_anzr=agQ&Yv0x=u6625%25GN%2F%2F999.06q241t4nz.t18%2F06q241t4nz

[BATCH] TIMEOUT DE FUENTE
