================================================================================
CRAWLER V2
================================================================================
Fuente: United Nations Data
URL configurada: https://data.un.org
Timeout HTTP: 10 s
Pausa HTTP:   aleatoria 0.15s - 0.35s


Resolución de fuente:
  Original: https://data.un.org
  Utilizada: https://data.un.org/
  Fallback: sí
  Intentos: 1
    - usable         | HTTP=200 | https://data.un.org/

URL de trabajo: https://data.un.org/
Seeds: 1
Máx páginas: 200
Máx archivos: 20000
Máx profundidad: 6

[FULL_53_UNDATA] t=   0.0s | pag=  0 | files=   0 | data=  0 | cola=   0 | prio= 0 | https://data.un.org/
[FULL_53_UNDATA] DATASETS=1 | exportable_data_page | https://data.un.org/
[FULL_53_UNDATA] t=   1.7s | pag=  1 | files=  66 | data=  1 | cola= 275 | prio=10 | https://data.un.org/Feedback.aspx
[FULL_53_UNDATA] DATASETS=2 | data_html_table | https://data.un.org/Feedback.aspx
[FULL_53_UNDATA] t=   3.8s | pag=  2 | files=  66 | data=  2 | cola= 274 | prio=10 | https://data.un.org/Explorer.aspx
[FULL_53_UNDATA] t=   4.7s | pag=  3 | files=  66 | data=  2 | cola= 285 | prio=10 | https://data.un.org/UpdateCalendar.aspx
[FULL_53_UNDATA] t=   6.9s | pag=  4 | files=  66 | data=  2 | cola= 290 | prio=10 | https://data.un.org/Host.aspx?Content=About
[FULL_53_UNDATA] t=   8.6s | pag=  5 | files=  66 | data=  2 | cola= 295 | prio=10 | https://data.un.org/AdvancedSearch.aspx
[FULL_53_UNDATA] t=   9.3s | pag=  6 | files=  66 | data=  2 | cola= 294 | prio=10 | https://data.un.org/Host.aspx?Content=API
[FULL_53_UNDATA] t=   9.8s | pag=  7 | files=  66 | data=  2 | cola= 310 | prio=10 | https://data.un.org/SdmxBrowser
[FULL_53_UNDATA] t=  10.6s | pag=  8 | files=  66 | data=  2 | cola= 309 | prio=10 | https://data.un.org/ws
[FULL_53_UNDATA] DATASETS=3 | data_html_table | https://data.un.org/ws
[FULL_53_UNDATA] t=  11.0s | pag=  9 | files=  66 | data=  3 | cola= 319 | prio=10 | https://data.un.org/en/iso/af.html
[FULL_53_UNDATA] DATASETS=4 | data_html_table | https://data.un.org/en/iso/af.html
[FULL_53_UNDATA] t=  11.7s | pag= 10 | files=  66 | data=  4 | cola= 321 | prio=10 | https://data.un.org/en/iso/al.html
[FULL_53_UNDATA] DATASETS=5 | data_html_table | https://data.un.org/en/iso/al.html
[FULL_53_UNDATA] t=  12.3s | pag= 11 | files=  66 | data=  5 | cola= 320 | prio=10 | https://data.un.org/en/iso/dz.html
[FULL_53_UNDATA] DATASETS=6 | data_html_table | https://data.un.org/en/iso/dz.html
[FULL_53_UNDATA] t=  12.8s | pag= 12 | files=  66 | data=  6 | cola= 319 | prio=10 | https://data.un.org/en/iso/as.html
[FULL_53_UNDATA] DATASETS=7 | data_html_table | https://data.un.org/en/iso/as.html
[FULL_53_UNDATA] t=  13.3s | pag= 13 | files=  66 | data=  7 | cola= 318 | prio=10 | https://data.un.org/en/iso/ad.html
[FULL_53_UNDATA] DATASETS=8 | data_html_table | https://data.un.org/en/iso/ad.html
[FULL_53_UNDATA] t=  13.8s | pag= 14 | files=  66 | data=  8 | cola= 317 | prio=10 | https://data.un.org/en/iso/ao.html
[FULL_53_UNDATA] DATASETS=9 | data_html_table | https://data.un.org/en/iso/ao.html
[FULL_53_UNDATA] t=  14.3s | pag= 15 | files=  66 | data=  9 | cola= 316 | prio=10 | https://data.un.org/en/iso/ai.html
[FULL_53_UNDATA] DATASETS=10 | data_html_table | https://data.un.org/en/iso/ai.html
[FULL_53_UNDATA] t=  14.7s | pag= 16 | files=  66 | data= 10 | cola= 315 | prio=10 | https://data.un.org/en/iso/ag.html
[FULL_53_UNDATA] t=  15.2s | pag= 17 | files=  66 | data= 11 | cola= 314 | prio=10 | https://data.un.org/en/iso/ar.html
[FULL_53_UNDATA] t=  15.8s | pag= 18 | files=  66 | data= 12 | cola= 313 | prio=10 | https://data.un.org/en/iso/am.html
[FULL_53_UNDATA] t=  16.3s | pag= 19 | files=  66 | data= 13 | cola= 312 | prio=10 | https://data.un.org/en/iso/aw.html
[FULL_53_UNDATA] t=  16.8s | pag= 20 | files=  66 | data= 14 | cola= 311 | prio=10 | https://data.un.org/en/iso/au.html
[FULL_53_UNDATA] t=  17.4s | pag= 21 | files=  66 | data= 15 | cola= 310 | prio=10 | https://data.un.org/en/iso/at.html
[FULL_53_UNDATA] t=  17.9s | pag= 22 | files=  66 | data= 16 | cola= 309 | prio=10 | https://data.un.org/en/iso/az.html
[FULL_53_UNDATA] t=  18.6s | pag= 23 | files=  66 | data= 17 | cola= 308 | prio=10 | https://data.un.org/en/iso/bs.html
[FULL_53_UNDATA] t=  19.0s | pag= 24 | files=  66 | data= 18 | cola= 307 | prio=10 | https://data.un.org/en/iso/bh.html
[FULL_53_UNDATA] t=  19.5s | pag= 25 | files=  66 | data= 19 | cola= 306 | prio=10 | https://data.un.org/en/iso/bd.html
[FULL_53_UNDATA] t=  20.0s | pag= 26 | files=  66 | data= 20 | cola= 305 | prio=10 | https://data.un.org/en/iso/bb.html
[FULL_53_UNDATA] t=  20.6s | pag= 27 | files=  66 | data= 21 | cola= 304 | prio=10 | https://data.un.org/en/iso/by.html
[FULL_53_UNDATA] t=  21.0s | pag= 28 | files=  66 | data= 22 | cola= 303 | prio=10 | https://data.un.org/en/iso/be.html
[FULL_53_UNDATA] t=  21.6s | pag= 29 | files=  66 | data= 23 | cola= 302 | prio=10 | https://data.un.org/en/iso/bz.html
[FULL_53_UNDATA] t=  22.1s | pag= 30 | files=  66 | data= 24 | cola= 301 | prio=10 | https://data.un.org/en/iso/bj.html
[FULL_53_UNDATA] DATASETS=25 | data_html_table | https://data.un.org/en/iso/bj.html
[FULL_53_UNDATA] t=  22.7s | pag= 31 | files=  66 | data= 25 | cola= 300 | prio=10 | https://data.un.org/en/iso/bm.html
[FULL_53_UNDATA] t=  23.1s | pag= 32 | files=  66 | data= 26 | cola= 299 | prio=10 | https://data.un.org/en/iso/bt.html
[FULL_53_UNDATA] t=  23.7s | pag= 33 | files=  66 | data= 27 | cola= 298 | prio=10 | https://data.un.org/en/iso/bo.html
[FULL_53_UNDATA] t=  24.1s | pag= 34 | files=  66 | data= 28 | cola= 297 | prio=10 | https://data.un.org/en/iso/bq.html
[FULL_53_UNDATA] t=  24.6s | pag= 35 | files=  66 | data= 29 | cola= 296 | prio=10 | https://data.un.org/en/iso/ba.html
[FULL_53_UNDATA] t=  25.2s | pag= 36 | files=  66 | data= 30 | cola= 295 | prio=10 | https://data.un.org/en/iso/bw.html
[FULL_53_UNDATA] t=  25.7s | pag= 37 | files=  66 | data= 31 | cola= 294 | prio=10 | https://data.un.org/en/iso/br.html
[FULL_53_UNDATA] t=  26.1s | pag= 38 | files=  66 | data= 32 | cola= 293 | prio=10 | https://data.un.org/en/iso/vg.html
[FULL_53_UNDATA] t=  26.6s | pag= 39 | files=  66 | data= 33 | cola= 292 | prio=10 | https://data.un.org/en/iso/bn.html
[FULL_53_UNDATA] t=  27.1s | pag= 40 | files=  66 | data= 34 | cola= 291 | prio=10 | https://data.un.org/en/iso/bg.html
[FULL_53_UNDATA] t=  27.6s | pag= 41 | files=  66 | data= 35 | cola= 290 | prio=10 | https://data.un.org/en/iso/bf.html
[FULL_53_UNDATA] t=  28.1s | pag= 42 | files=  66 | data= 36 | cola= 289 | prio=10 | https://data.un.org/en/iso/bi.html
[FULL_53_UNDATA] t=  28.7s | pag= 43 | files=  66 | data= 37 | cola= 288 | prio=10 | https://data.un.org/en/iso/cv.html
[FULL_53_UNDATA] t=  29.2s | pag= 44 | files=  66 | data= 38 | cola= 287 | prio=10 | https://data.un.org/en/iso/kh.html
[FULL_53_UNDATA] t=  29.6s | pag= 45 | files=  66 | data= 39 | cola= 286 | prio=10 | https://data.un.org/en/iso/cm.html
[FULL_53_UNDATA] t=  30.1s | pag= 46 | files=  66 | data= 40 | cola= 285 | prio=10 | https://data.un.org/en/iso/ca.html
[FULL_53_UNDATA] t=  30.7s | pag= 47 | files=  66 | data= 41 | cola= 284 | prio=10 | https://data.un.org/en/iso/ky.html
[FULL_53_UNDATA] t=  31.1s | pag= 48 | files=  66 | data= 42 | cola= 283 | prio=10 | https://data.un.org/en/iso/cf.html
[FULL_53_UNDATA] t=  31.6s | pag= 49 | files=  66 | data= 43 | cola= 282 | prio=10 | https://data.un.org/en/iso/td.html
[FULL_53_UNDATA] t=  32.2s | pag= 50 | files=  66 | data= 44 | cola= 281 | prio=10 | https://data.un.org/en/iso/jg.html
[FULL_53_UNDATA] t=  32.6s | pag= 51 | files=  66 | data= 45 | cola= 280 | prio=10 | https://data.un.org/en/iso/cl.html
[FULL_53_UNDATA] t=  33.3s | pag= 52 | files=  66 | data= 46 | cola= 279 | prio=10 | https://data.un.org/en/iso/cn.html
[FULL_53_UNDATA] t=  33.9s | pag= 53 | files=  66 | data= 47 | cola= 278 | prio=10 | https://data.un.org/en/iso/hk.html
[FULL_53_UNDATA] t=  34.5s | pag= 54 | files=  66 | data= 48 | cola= 277 | prio=10 | https://data.un.org/en/iso/mo.html
[FULL_53_UNDATA] t=  35.0s | pag= 55 | files=  66 | data= 49 | cola= 276 | prio=10 | https://data.un.org/en/iso/co.html
[FULL_53_UNDATA] DATASETS=50 | data_html_table | https://data.un.org/en/iso/co.html
[FULL_53_UNDATA] t=  35.6s | pag= 56 | files=  66 | data= 50 | cola= 275 | prio=10 | https://data.un.org/en/iso/km.html
[FULL_53_UNDATA] t=  36.1s | pag= 57 | files=  66 | data= 51 | cola= 274 | prio=10 | https://data.un.org/en/iso/cg.html
[FULL_53_UNDATA] t=  36.6s | pag= 58 | files=  66 | data= 52 | cola= 273 | prio=10 | https://data.un.org/en/iso/ck.html
[FULL_53_UNDATA] t=  37.2s | pag= 59 | files=  66 | data= 53 | cola= 272 | prio=10 | https://data.un.org/en/iso/cr.html
[FULL_53_UNDATA] t=  37.7s | pag= 60 | files=  66 | data= 54 | cola= 271 | prio=10 | https://data.un.org/en/iso/hr.html
[FULL_53_UNDATA] t=  38.1s | pag= 61 | files=  66 | data= 55 | cola= 270 | prio=10 | https://data.un.org/en/iso/cu.html
[FULL_53_UNDATA] t=  38.6s | pag= 62 | files=  66 | data= 56 | cola= 269 | prio=10 | https://data.un.org/en/iso/cw.html
[FULL_53_UNDATA] t=  39.0s | pag= 63 | files=  66 | data= 57 | cola= 268 | prio=10 | https://data.un.org/en/iso/cy.html
[FULL_53_UNDATA] t=  39.5s | pag= 64 | files=  66 | data= 58 | cola= 267 | prio=10 | https://data.un.org/en/iso/cz.html
[FULL_53_UNDATA] t=  40.1s | pag= 65 | files=  66 | data= 59 | cola= 266 | prio=10 | https://data.un.org/en/iso/ci.html
[FULL_53_UNDATA] t=  40.8s | pag= 66 | files=  66 | data= 60 | cola= 265 | prio=10 | https://data.un.org/en/iso/kp.html
[FULL_53_UNDATA] t=  41.5s | pag= 67 | files=  66 | data= 61 | cola= 264 | prio=10 | https://data.un.org/en/iso/cd.html
[FULL_53_UNDATA] t=  41.9s | pag= 68 | files=  66 | data= 62 | cola= 263 | prio=10 | https://data.un.org/en/iso/dk.html
[FULL_53_UNDATA] t=  42.4s | pag= 69 | files=  66 | data= 63 | cola= 262 | prio=10 | https://data.un.org/en/iso/dj.html
[FULL_53_UNDATA] t=  43.0s | pag= 70 | files=  66 | data= 64 | cola= 261 | prio=10 | https://data.un.org/en/iso/dm.html
[FULL_53_UNDATA] t=  43.5s | pag= 71 | files=  66 | data= 65 | cola= 260 | prio=10 | https://data.un.org/en/iso/do.html
[FULL_53_UNDATA] t=  44.2s | pag= 72 | files=  66 | data= 66 | cola= 259 | prio=10 | https://data.un.org/en/iso/ec.html
[FULL_53_UNDATA] t=  44.7s | pag= 73 | files=  66 | data= 67 | cola= 258 | prio=10 | https://data.un.org/en/iso/eg.html
[FULL_53_UNDATA] t=  45.1s | pag= 74 | files=  66 | data= 68 | cola= 257 | prio=10 | https://data.un.org/en/iso/sv.html
[FULL_53_UNDATA] t=  45.7s | pag= 75 | files=  66 | data= 69 | cola= 256 | prio=10 | https://data.un.org/en/iso/gq.html
[FULL_53_UNDATA] t=  46.3s | pag= 76 | files=  66 | data= 70 | cola= 255 | prio=10 | https://data.un.org/en/iso/er.html
[FULL_53_UNDATA] t=  47.0s | pag= 77 | files=  66 | data= 71 | cola= 254 | prio=10 | https://data.un.org/en/iso/ee.html
[FULL_53_UNDATA] t=  47.6s | pag= 78 | files=  66 | data= 72 | cola= 253 | prio=10 | https://data.un.org/en/iso/sz.html
[FULL_53_UNDATA] t=  48.1s | pag= 79 | files=  66 | data= 73 | cola= 252 | prio=10 | https://data.un.org/en/iso/et.html
[FULL_53_UNDATA] t=  48.7s | pag= 80 | files=  66 | data= 74 | cola= 251 | prio=10 | https://data.un.org/en/iso/fk.html
[FULL_53_UNDATA] DATASETS=75 | data_html_table | https://data.un.org/en/iso/fk.html
[FULL_53_UNDATA] t=  49.3s | pag= 81 | files=  66 | data= 75 | cola= 250 | prio=10 | https://data.un.org/en/iso/fo.html
[FULL_53_UNDATA] t=  49.9s | pag= 82 | files=  66 | data= 76 | cola= 249 | prio=10 | https://data.un.org/en/iso/fj.html
[FULL_53_UNDATA] t=  50.5s | pag= 83 | files=  66 | data= 77 | cola= 248 | prio=10 | https://data.un.org/en/iso/fi.html
[FULL_53_UNDATA] t=  51.1s | pag= 84 | files=  66 | data= 78 | cola= 247 | prio=10 | https://data.un.org/en/iso/fr.html
[FULL_53_UNDATA] t=  51.6s | pag= 85 | files=  66 | data= 79 | cola= 246 | prio=10 | https://data.un.org/en/iso/gf.html
[FULL_53_UNDATA] t=  52.2s | pag= 86 | files=  66 | data= 80 | cola= 245 | prio=10 | https://data.un.org/en/iso/pf.html
[FULL_53_UNDATA] t=  52.7s | pag= 87 | files=  66 | data= 81 | cola= 244 | prio=10 | https://data.un.org/en/iso/ga.html
[FULL_53_UNDATA] t=  53.2s | pag= 88 | files=  66 | data= 82 | cola= 243 | prio=10 | https://data.un.org/en/iso/gm.html
[FULL_53_UNDATA] t=  53.7s | pag= 89 | files=  66 | data= 83 | cola= 242 | prio=10 | https://data.un.org/en/iso/ge.html
[FULL_53_UNDATA] t=  54.4s | pag= 90 | files=  66 | data= 84 | cola= 241 | prio=10 | https://data.un.org/en/iso/de.html
[FULL_53_UNDATA] t=  55.0s | pag= 91 | files=  66 | data= 85 | cola= 240 | prio=10 | https://data.un.org/en/iso/gh.html
[FULL_53_UNDATA] t=  55.4s | pag= 92 | files=  66 | data= 86 | cola= 239 | prio=10 | https://data.un.org/en/iso/gi.html
[FULL_53_UNDATA] t=  56.1s | pag= 93 | files=  66 | data= 87 | cola= 238 | prio=10 | https://data.un.org/en/iso/gr.html
[FULL_53_UNDATA] t=  56.8s | pag= 94 | files=  66 | data= 88 | cola= 237 | prio=10 | https://data.un.org/en/iso/gl.html
[FULL_53_UNDATA] t=  57.4s | pag= 95 | files=  66 | data= 89 | cola= 236 | prio=10 | https://data.un.org/en/iso/gd.html
[FULL_53_UNDATA] t=  57.9s | pag= 96 | files=  66 | data= 90 | cola= 235 | prio=10 | https://data.un.org/en/iso/gp.html
[FULL_53_UNDATA] t=  58.5s | pag= 97 | files=  66 | data= 91 | cola= 234 | prio=10 | https://data.un.org/en/iso/gu.html
[FULL_53_UNDATA] t=  59.1s | pag= 98 | files=  66 | data= 92 | cola= 233 | prio=10 | https://data.un.org/en/iso/gt.html
[FULL_53_UNDATA] t=  59.7s | pag= 99 | files=  66 | data= 93 | cola= 232 | prio=10 | https://data.un.org/en/iso/gn.html
[FULL_53_UNDATA] t=  60.3s | pag=100 | files=  66 | data= 94 | cola= 231 | prio=10 | https://data.un.org/en/iso/gw.html
[FULL_53_UNDATA] t=  60.8s | pag=101 | files=  66 | data= 95 | cola= 230 | prio=10 | https://data.un.org/en/iso/gy.html
[FULL_53_UNDATA] t=  61.4s | pag=102 | files=  66 | data= 96 | cola= 229 | prio=10 | https://data.un.org/en/iso/ht.html
[FULL_53_UNDATA] t=  61.9s | pag=103 | files=  66 | data= 97 | cola= 228 | prio=10 | https://data.un.org/en/iso/va.html
[FULL_53_UNDATA] t=  62.5s | pag=104 | files=  66 | data= 98 | cola= 227 | prio=10 | https://data.un.org/en/iso/hn.html
[FULL_53_UNDATA] t=  63.1s | pag=105 | files=  66 | data= 99 | cola= 226 | prio=10 | https://data.un.org/en/iso/hu.html
[FULL_53_UNDATA] DATASETS=100 | data_html_table | https://data.un.org/en/iso/hu.html
[FULL_53_UNDATA] t=  63.7s | pag=106 | files=  66 | data=100 | cola= 225 | prio=10 | https://data.un.org/en/iso/is.html
[FULL_53_UNDATA] t=  64.3s | pag=107 | files=  66 | data=101 | cola= 224 | prio=10 | https://data.un.org/en/iso/in.html
[FULL_53_UNDATA] t=  64.9s | pag=108 | files=  66 | data=102 | cola= 223 | prio=10 | https://data.un.org/en/iso/id.html
[FULL_53_UNDATA] t=  65.5s | pag=109 | files=  66 | data=103 | cola= 222 | prio=10 | https://data.un.org/en/iso/ir.html
[FULL_53_UNDATA] t=  66.0s | pag=110 | files=  66 | data=104 | cola= 221 | prio=10 | https://data.un.org/en/iso/iq.html
[FULL_53_UNDATA] t=  66.6s | pag=111 | files=  66 | data=105 | cola= 220 | prio=10 | https://data.un.org/en/iso/ie.html
[FULL_53_UNDATA] t=  67.2s | pag=112 | files=  66 | data=106 | cola= 219 | prio=10 | https://data.un.org/en/iso/im.html
[FULL_53_UNDATA] t=  67.7s | pag=113 | files=  66 | data=107 | cola= 218 | prio=10 | https://data.un.org/en/iso/il.html
[FULL_53_UNDATA] t=  68.4s | pag=114 | files=  66 | data=108 | cola= 217 | prio=10 | https://data.un.org/en/iso/it.html
[FULL_53_UNDATA] t=  69.0s | pag=115 | files=  66 | data=109 | cola= 216 | prio=10 | https://data.un.org/en/iso/jm.html
[FULL_53_UNDATA] t=  69.6s | pag=116 | files=  66 | data=110 | cola= 215 | prio=10 | https://data.un.org/en/iso/jp.html
[FULL_53_UNDATA] t=  70.2s | pag=117 | files=  66 | data=111 | cola= 214 | prio=10 | https://data.un.org/en/iso/jo.html
[FULL_53_UNDATA] t=  70.8s | pag=118 | files=  66 | data=112 | cola= 213 | prio=10 | https://data.un.org/en/iso/kz.html
[FULL_53_UNDATA] t=  71.4s | pag=119 | files=  66 | data=113 | cola= 212 | prio=10 | https://data.un.org/en/iso/ke.html
[FULL_53_UNDATA] t=  72.0s | pag=120 | files=  66 | data=114 | cola= 211 | prio=10 | https://data.un.org/en/iso/ki.html
[FULL_53_UNDATA] t=  72.4s | pag=121 | files=  66 | data=115 | cola= 210 | prio=10 | https://data.un.org/en/iso/kw.html
[FULL_53_UNDATA] t=  73.0s | pag=122 | files=  66 | data=116 | cola= 209 | prio=10 | https://data.un.org/en/iso/kg.html
[FULL_53_UNDATA] t=  73.5s | pag=123 | files=  66 | data=117 | cola= 208 | prio=10 | https://data.un.org/en/iso/la.html
[FULL_53_UNDATA] t=  74.1s | pag=124 | files=  66 | data=118 | cola= 207 | prio=10 | https://data.un.org/en/iso/lv.html
[FULL_53_UNDATA] t=  74.7s | pag=125 | files=  66 | data=119 | cola= 206 | prio=10 | https://data.un.org/en/iso/lb.html
[FULL_53_UNDATA] t=  75.1s | pag=126 | files=  66 | data=120 | cola= 205 | prio=10 | https://data.un.org/en/iso/ls.html
[FULL_53_UNDATA] t=  75.8s | pag=127 | files=  66 | data=121 | cola= 204 | prio=10 | https://data.un.org/en/iso/lr.html
[FULL_53_UNDATA] t=  76.4s | pag=128 | files=  66 | data=122 | cola= 203 | prio=10 | https://data.un.org/en/iso/ly.html
[FULL_53_UNDATA] t=  76.9s | pag=129 | files=  66 | data=123 | cola= 202 | prio=10 | https://data.un.org/en/iso/li.html
[FULL_53_UNDATA] t=  77.5s | pag=130 | files=  66 | data=124 | cola= 201 | prio=10 | https://data.un.org/en/iso/lt.html
[FULL_53_UNDATA] DATASETS=125 | data_html_table | https://data.un.org/en/iso/lt.html
[FULL_53_UNDATA] t=  78.1s | pag=131 | files=  66 | data=125 | cola= 200 | prio=10 | https://data.un.org/en/iso/lu.html
[FULL_53_UNDATA] t=  78.7s | pag=132 | files=  66 | data=126 | cola= 199 | prio=10 | https://data.un.org/en/iso/mg.html
[FULL_53_UNDATA] t=  79.3s | pag=133 | files=  66 | data=127 | cola= 198 | prio=10 | https://data.un.org/en/iso/mw.html
[FULL_53_UNDATA] t=  80.0s | pag=134 | files=  66 | data=128 | cola= 197 | prio=10 | https://data.un.org/en/iso/my.html
[FULL_53_UNDATA] t=  80.5s | pag=135 | files=  66 | data=129 | cola= 196 | prio=10 | https://data.un.org/en/iso/mv.html
[FULL_53_UNDATA] t=  81.1s | pag=136 | files=  66 | data=130 | cola= 195 | prio=10 | https://data.un.org/en/iso/ml.html
[FULL_53_UNDATA] t=  81.7s | pag=137 | files=  66 | data=131 | cola= 194 | prio=10 | https://data.un.org/en/iso/mt.html
[FULL_53_UNDATA] t=  82.3s | pag=138 | files=  66 | data=132 | cola= 193 | prio=10 | https://data.un.org/en/iso/mh.html
[FULL_53_UNDATA] t=  82.9s | pag=139 | files=  66 | data=133 | cola= 192 | prio=10 | https://data.un.org/en/iso/mq.html
[FULL_53_UNDATA] t=  83.5s | pag=140 | files=  66 | data=134 | cola= 191 | prio=10 | https://data.un.org/en/iso/mr.html
[FULL_53_UNDATA] t=  84.0s | pag=141 | files=  66 | data=135 | cola= 190 | prio=10 | https://data.un.org/en/iso/mu.html
[FULL_53_UNDATA] t=  84.5s | pag=142 | files=  66 | data=136 | cola= 189 | prio=10 | https://data.un.org/en/iso/yt.html
[FULL_53_UNDATA] t=  85.1s | pag=143 | files=  66 | data=137 | cola= 188 | prio=10 | https://data.un.org/en/iso/mx.html
[FULL_53_UNDATA] t=  85.7s | pag=144 | files=  66 | data=138 | cola= 187 | prio=10 | https://data.un.org/en/iso/fm.html
[FULL_53_UNDATA] t=  86.4s | pag=145 | files=  66 | data=139 | cola= 186 | prio=10 | https://data.un.org/en/iso/mc.html
[FULL_53_UNDATA] t=  86.9s | pag=146 | files=  66 | data=140 | cola= 185 | prio=10 | https://data.un.org/en/iso/mn.html
[FULL_53_UNDATA] t=  87.5s | pag=147 | files=  66 | data=141 | cola= 184 | prio=10 | https://data.un.org/en/iso/me.html
[FULL_53_UNDATA] t=  88.0s | pag=148 | files=  66 | data=142 | cola= 183 | prio=10 | https://data.un.org/en/iso/ms.html
[FULL_53_UNDATA] t=  88.5s | pag=149 | files=  66 | data=143 | cola= 182 | prio=10 | https://data.un.org/en/iso/ma.html
[FULL_53_UNDATA] t=  89.1s | pag=150 | files=  66 | data=144 | cola= 181 | prio=10 | https://data.un.org/en/iso/mz.html
[FULL_53_UNDATA] t=  89.6s | pag=151 | files=  66 | data=145 | cola= 180 | prio=10 | https://data.un.org/en/iso/mm.html
[FULL_53_UNDATA] t=  90.2s | pag=152 | files=  66 | data=146 | cola= 179 | prio=10 | https://data.un.org/en/iso/na.html
[FULL_53_UNDATA] t=  90.7s | pag=153 | files=  66 | data=147 | cola= 178 | prio=10 | https://data.un.org/en/iso/nr.html
[FULL_53_UNDATA] t=  91.1s | pag=154 | files=  66 | data=148 | cola= 177 | prio=10 | https://data.un.org/en/iso/np.html
[FULL_53_UNDATA] t=  91.7s | pag=155 | files=  66 | data=149 | cola= 176 | prio=10 | https://data.un.org/en/iso/nl.html
[FULL_53_UNDATA] DATASETS=150 | data_html_table | https://data.un.org/en/iso/nl.html
[FULL_53_UNDATA] t=  92.2s | pag=156 | files=  66 | data=150 | cola= 175 | prio=10 | https://data.un.org/en/iso/nc.html
[FULL_53_UNDATA] t=  92.8s | pag=157 | files=  66 | data=151 | cola= 174 | prio=10 | https://data.un.org/en/iso/nz.html
[FULL_53_UNDATA] t=  93.3s | pag=158 | files=  66 | data=152 | cola= 173 | prio=10 | https://data.un.org/en/iso/ni.html
[FULL_53_UNDATA] t=  93.9s | pag=159 | files=  66 | data=153 | cola= 172 | prio=10 | https://data.un.org/en/iso/ne.html
[FULL_53_UNDATA] t=  94.5s | pag=160 | files=  66 | data=154 | cola= 171 | prio=10 | https://data.un.org/en/iso/ng.html
[FULL_53_UNDATA] t=  95.0s | pag=161 | files=  66 | data=155 | cola= 170 | prio=10 | https://data.un.org/en/iso/nu.html
[FULL_53_UNDATA] t=  95.6s | pag=162 | files=  66 | data=156 | cola= 169 | prio=10 | https://data.un.org/en/iso/mp.html
[FULL_53_UNDATA] t=  96.1s | pag=163 | files=  66 | data=157 | cola= 168 | prio=10 | https://data.un.org/en/iso/no.html
[FULL_53_UNDATA] t=  96.7s | pag=164 | files=  66 | data=158 | cola= 167 | prio=10 | https://data.un.org/en/iso/om.html
[FULL_53_UNDATA] t=  97.3s | pag=165 | files=  66 | data=159 | cola= 166 | prio=10 | https://data.un.org/en/iso/pk.html
[FULL_53_UNDATA] t=  97.9s | pag=166 | files=  66 | data=160 | cola= 165 | prio=10 | https://data.un.org/en/iso/pw.html
[FULL_53_UNDATA] t=  98.5s | pag=167 | files=  66 | data=161 | cola= 164 | prio=10 | https://data.un.org/en/iso/pa.html
[FULL_53_UNDATA] t=  99.1s | pag=168 | files=  66 | data=162 | cola= 163 | prio=10 | https://data.un.org/en/iso/pg.html
[FULL_53_UNDATA] t=  99.7s | pag=169 | files=  66 | data=163 | cola= 162 | prio=10 | https://data.un.org/en/iso/py.html
[FULL_53_UNDATA] t= 100.3s | pag=170 | files=  66 | data=164 | cola= 161 | prio=10 | https://data.un.org/en/iso/pe.html
[FULL_53_UNDATA] t= 100.9s | pag=171 | files=  66 | data=165 | cola= 160 | prio=10 | https://data.un.org/en/iso/ph.html
[FULL_53_UNDATA] t= 101.4s | pag=172 | files=  66 | data=166 | cola= 159 | prio=10 | https://data.un.org/en/iso/pl.html
[FULL_53_UNDATA] t= 102.1s | pag=173 | files=  66 | data=167 | cola= 158 | prio=10 | https://data.un.org/en/iso/pt.html
[FULL_53_UNDATA] t= 102.6s | pag=174 | files=  66 | data=168 | cola= 157 | prio=10 | https://data.un.org/en/iso/pr.html
[FULL_53_UNDATA] t= 103.1s | pag=175 | files=  66 | data=169 | cola= 156 | prio=10 | https://data.un.org/en/iso/qa.html
[FULL_53_UNDATA] t= 103.8s | pag=176 | files=  66 | data=170 | cola= 155 | prio=10 | https://data.un.org/en/iso/kr.html
[FULL_53_UNDATA] t= 104.4s | pag=177 | files=  66 | data=171 | cola= 154 | prio=10 | https://data.un.org/en/iso/md.html
[FULL_53_UNDATA] t= 105.1s | pag=178 | files=  66 | data=172 | cola= 153 | prio=10 | https://data.un.org/en/iso/ro.html
[FULL_53_UNDATA] t= 105.7s | pag=179 | files=  66 | data=173 | cola= 152 | prio=10 | https://data.un.org/en/iso/ru.html
[FULL_53_UNDATA] t= 106.3s | pag=180 | files=  66 | data=174 | cola= 151 | prio=10 | https://data.un.org/en/iso/rw.html
[FULL_53_UNDATA] DATASETS=175 | data_html_table | https://data.un.org/en/iso/rw.html
[FULL_53_UNDATA] t= 106.8s | pag=181 | files=  66 | data=175 | cola= 150 | prio=10 | https://data.un.org/en/iso/re.html
[FULL_53_UNDATA] t= 107.3s | pag=182 | files=  66 | data=176 | cola= 149 | prio=10 | https://data.un.org/en/iso/sh.html
[FULL_53_UNDATA] t= 107.9s | pag=183 | files=  66 | data=177 | cola= 148 | prio=10 | https://data.un.org/en/iso/kn.html
[FULL_53_UNDATA] t= 108.5s | pag=184 | files=  66 | data=178 | cola= 147 | prio=10 | https://data.un.org/en/iso/lc.html
[FULL_53_UNDATA] t= 109.1s | pag=185 | files=  66 | data=179 | cola= 146 | prio=10 | https://data.un.org/en/iso/pm.html
[FULL_53_UNDATA] t= 109.7s | pag=186 | files=  66 | data=180 | cola= 145 | prio=10 | https://data.un.org/en/iso/vc.html
[FULL_53_UNDATA] t= 110.3s | pag=187 | files=  66 | data=181 | cola= 144 | prio=10 | https://data.un.org/en/iso/ws.html
[FULL_53_UNDATA] t= 110.8s | pag=188 | files=  66 | data=182 | cola= 143 | prio=10 | https://data.un.org/en/iso/sm.html
[FULL_53_UNDATA] t= 111.5s | pag=189 | files=  66 | data=183 | cola= 142 | prio=10 | https://data.un.org/en/iso/st.html
[FULL_53_UNDATA] t= 112.0s | pag=190 | files=  66 | data=184 | cola= 141 | prio=10 | https://data.un.org/en/iso/sa.html
[FULL_53_UNDATA] t= 112.5s | pag=191 | files=  66 | data=185 | cola= 140 | prio=10 | https://data.un.org/en/iso/sn.html
[FULL_53_UNDATA] t= 113.1s | pag=192 | files=  66 | data=186 | cola= 139 | prio=10 | https://data.un.org/en/iso/rs.html
[FULL_53_UNDATA] t= 113.7s | pag=193 | files=  66 | data=187 | cola= 138 | prio=10 | https://data.un.org/en/iso/sc.html
[FULL_53_UNDATA] t= 114.4s | pag=194 | files=  66 | data=188 | cola= 137 | prio=10 | https://data.un.org/en/iso/sl.html
[FULL_53_UNDATA] t= 115.1s | pag=195 | files=  66 | data=189 | cola= 136 | prio=10 | https://data.un.org/en/iso/sg.html
[FULL_53_UNDATA] t= 115.5s | pag=196 | files=  66 | data=190 | cola= 135 | prio=10 | https://data.un.org/en/iso/sx.html
[FULL_53_UNDATA] t= 116.0s | pag=197 | files=  66 | data=191 | cola= 134 | prio=10 | https://data.un.org/en/iso/sk.html
[FULL_53_UNDATA] t= 116.6s | pag=198 | files=  66 | data=192 | cola= 133 | prio=10 | https://data.un.org/en/iso/si.html
[FULL_53_UNDATA] t= 117.1s | pag=199 | files=  66 | data=193 | cola= 132 | prio=10 | https://data.un.org/en/iso/sb.html

================================================================================
RESULTADO
================================================================================
Fuente:              full_53_undata
Páginas visitadas:   200
Archivos encontrados:   66
Datasets web:         194
Errores:              0
Motivo de parada:     max_pages
Duración:             117.78 s

Formatos:
  - CSV    : 33
  - PDF    : 33

JSON: C:\Ultimo Semestre 7\trabajo\DATAX\team crawler\crawler_asfi\Crawler_BCB\crawler_v2\output\full_53_undata.json

Trazabilidad:
  Ejecución: 82
  Estado:    PROCESSED
  Base:      C:\Ultimo Semestre 7\trabajo\DATAX\team crawler\crawler_asfi\Crawler_BCB\crawler_v2\trace\crawler_trace.sqlite
