================================================================================
CRAWLER V2
================================================================================
Fuente: Viceministerio de Inversión Pública y Financiamiento Externo
URL configurada: https://www.vipfe.gob.bo
Timeout HTTP: 10 s
Pausa HTTP:   aleatoria 0.15s - 0.35s


Resolución de fuente:
  Estado: no se encontró URL alternativa utilizable
  Intentos: 4
    - request_error  | HTTP=- | https://www.vipfe.gob.bo/
    - request_error  | HTTP=- | https://vipfe.gob.bo/
    - request_error  | HTTP=- | http://www.vipfe.gob.bo/
    - request_error  | HTTP=- | http://vipfe.gob.bo/

URL de trabajo: https://www.vipfe.gob.bo
Seeds: 1
Máx páginas: 200
Máx archivos: 20000
Máx profundidad: 6

[FULL_54_VIPFE] t=   0.0s | pag=  0 | files=   0 | data=  0 | cola=   0 | prio= 0 | https://www.vipfe.gob.bo/

================================================================================
RESULTADO
================================================================================
Fuente:              full_54_vipfe
Páginas visitadas:   0
Archivos encontrados:    0
Datasets web:         0
Errores:              1
Motivo de parada:     frontier_exhausted
Duración:             0.36 s

JSON: C:\Ultimo Semestre 7\trabajo\DATAX\team crawler\crawler_asfi\Crawler_BCB\crawler_v2\output\full_54_vipfe.json

Trazabilidad:
  Ejecución: 83
  Estado:    PROCESSED
  Base:      C:\Ultimo Semestre 7\trabajo\DATAX\team crawler\crawler_asfi\Crawler_BCB\crawler_v2\trace\crawler_trace.sqlite
