================================================================================
CRAWLER V2
================================================================================
Fuente: Autoridad de Fiscalización de Electricidad y Tecnología Nuclear
URL configurada: https://www.aetn.gob.bo/
Timeout HTTP: 15 s
Pausa HTTP:   aleatoria 0.30s - 0.90s


Resolución de fuente:
  Original: https://www.aetn.gob.bo/
  Utilizada: https://aetn.gob.bo/
  Fallback: sí
  Intentos: 1
    - usable         | HTTP=200 | https://www.aetn.gob.bo/

URL de trabajo: https://aetn.gob.bo/
Seeds: 6
Máx páginas: 10000
Máx archivos: 100000
Máx profundidad: 20

[AETN] t=   0.0s | pag=  0 | files=   0 | data=  0 | cola=   5 | prio= 0 | https://aetn.gob.bo/
[AETN] t=   1.7s | pag=  1 | files=   0 | data=  0 | cola=  74 | prio= 0 | https://anuariodig.aetn.gob.bo/informacion-estadistica/
[AETN] DATASETS=1 | exportable_data_page | https://anuariodig.aetn.gob.bo/informacion-estadistica/
[AETN] t=   3.1s | pag=  2 | files=   0 | data=  1 | cola= 195 | prio= 0 | https://aetn.gob.bo/datos-y-estadisticas/
[AETN] DATASETS=2 | statistical_html_table | https://aetn.gob.bo/datos-y-estadisticas/
[AETN] t=   3.8s | pag=  3 | files=   5 | data=  2 | cola= 194 | prio= 0 | https://aetn.gob.bo/boletines/
[AETN] t=   4.3s | pag=  4 | files=   9 | data=  2 | cola= 193 | prio= 0 | https://aetn.gob.bo/tarifas-vigentes/
[AETN] DATASETS=3 | data_html_table | https://aetn.gob.bo/tarifas-vigentes/
[AETN] t=   5.0s | pag=  5 | files=  19 | data=  3 | cola= 194 | prio= 0 | https://aetn.gob.bo/tarifa-dignidad/
[AETN] DATASETS=4 | data_html_table | https://aetn.gob.bo/tarifa-dignidad/
[AETN] t=   5.9s | pag=  6 | files=  24 | data=  4 | cola= 193 | prio=10 | https://aetn.gob.bo/resena-historica/
[AETN] t=   6.7s | pag=  7 | files=  24 | data=  4 | cola= 192 | prio=10 | https://anuariodig.aetn.gob.bo/
[AETN] DATASETS=5 | data_chart | https://anuariodig.aetn.gob.bo/
[AETN] t=   7.6s | pag=  8 | files=  24 | data=  5 | cola= 197 | prio=10 | https://aetn.gob.bo/informes-de-viaje-al-exterior/
[AETN] t=   8.1s | pag=  9 | files=  24 | data=  5 | cola= 196 | prio=10 | https://anuariodig.aetn.gob.bo/informacion-estadistica/tarifa-dignidad/
[AETN] DATASETS=6 | exportable_data_page | https://anuariodig.aetn.gob.bo/informacion-estadistica/tarifa-dignidad/
[AETN] t=   9.4s | pag= 10 | files=  24 | data=  6 | cola= 195 | prio=10 | https://anuariodig.aetn.gob.bo/informacion-estadistica/resumen-de-oferta-y-demanda-de-bolivia/
[AETN] DATASETS=7 | exportable_data_page | https://anuariodig.aetn.gob.bo/informacion-estadistica/resumen-de-oferta-y-demanda-de-bolivia/
[AETN] t=  10.2s | pag= 11 | files=  24 | data=  7 | cola= 194 | prio=10 | https://anuariodig.aetn.gob.bo/informacion-estadistica/resumen-de-oferta-y-demanda-de-bolivia/potencia-instalada-y-efectiva-al-31-de-diciembre-del-2024/
[AETN] DATASETS=8 | exportable_data_page | https://anuariodig.aetn.gob.bo/informacion-estadistica/resumen-de-oferta-y-demanda-de-bolivia/potencia-instalada-y-efectiva-al-31-de-diciembre-del-2024/
[AETN] t=  11.3s | pag= 12 | files=  24 | data=  8 | cola= 193 | prio=10 | https://anuariodig.aetn.gob.bo/informacion-estadistica/resumen-de-oferta-y-demanda-de-bolivia/evolucion-de-la-potencia-instalada-de-centrales-hidroelectricas-mw-periodo-1997-2024/
[AETN] DATASETS=9 | exportable_data_page | https://anuariodig.aetn.gob.bo/informacion-estadistica/resumen-de-oferta-y-demanda-de-bolivia/evolucion-de-la-potencia-instalada-de-centrales-hidroelectricas-mw-periodo-1997-2024/
[AETN] t=  12.0s | pag= 13 | files=  24 | data=  9 | cola= 192 | prio=10 | https://anuariodig.aetn.gob.bo/informacion-estadistica/resumen-de-oferta-y-demanda-de-bolivia/evolucion-de-la-potencia-instalada-de-las-centrales-termoelectricas-mw-periodo-1997-2024/
[AETN] DATASETS=10 | exportable_data_page | https://anuariodig.aetn.gob.bo/informacion-estadistica/resumen-de-oferta-y-demanda-de-bolivia/evolucion-de-la-potencia-instalada-de-las-centrales-termoelectricas-mw-periodo-1997-2024/
[AETN] t=  13.2s | pag= 14 | files=  24 | data= 10 | cola= 191 | prio=10 | https://anuariodig.aetn.gob.bo/informacion-estadistica/resumen-de-oferta-y-demanda-de-bolivia/generacion-bruta-gwh-gestion-2024/
[AETN] t=  14.0s | pag= 15 | files=  24 | data= 11 | cola= 190 | prio=10 | https://anuariodig.aetn.gob.bo/informacion-estadistica/resumen-de-oferta-y-demanda-de-bolivia/evolucion-mensual-de-la-generacion-bruta-gwh-gestion-2024/
[AETN] t=  14.8s | pag= 16 | files=  24 | data= 12 | cola= 189 | prio=10 | https://anuariodig.aetn.gob.bo/informacion-estadistica/resumen-de-oferta-y-demanda-de-bolivia/evolucion-anual-de-la-generacion-bruta-gwh-periodo-1992-2024/
[AETN] t=  16.0s | pag= 17 | files=  24 | data= 13 | cola= 188 | prio=10 | https://anuariodig.aetn.gob.bo/informacion-estadistica/resumen-de-oferta-y-demanda-de-bolivia/ventas-de-electricidad-a-consumidor-final-en-bolivia-mwh-gestion-2024/
[AETN] t=  16.9s | pag= 18 | files=  24 | data= 14 | cola= 187 | prio=10 | https://anuariodig.aetn.gob.bo/informacion-estadistica/resumen-de-oferta-y-demanda-de-bolivia/evolucion-de-las-ventas-de-electricidad-a-consumidor-final-en-bolivia-sin-y-sa-gwh-periodo-1970-2024/
[AETN] t=  17.7s | pag= 19 | files=  24 | data= 15 | cola= 186 | prio=10 | https://anuariodig.aetn.gob.bo/informacion-estadistica/caracteristicas-tecnicas-y-datos-de-produccion-del-sistema-interconectado-nacional-s-i-n/
[AETN] t=  18.9s | pag= 20 | files=  24 | data= 16 | cola= 185 | prio=10 | https://anuariodig.aetn.gob.bo/informacion-estadistica/caracteristicas-tecnicas-y-datos-de-produccion-del-sistema-interconectado-nacional-s-i-n/potencia-instalada-y-efectiva-al-31-de-diciembre-de-2024/
[AETN] t=  19.8s | pag= 21 | files=  24 | data= 17 | cola= 184 | prio=10 | https://anuariodig.aetn.gob.bo/informacion-estadistica/caracteristicas-tecnicas-y-datos-de-produccion-del-sistema-interconectado-nacional-s-i-n/potencia-instalada-garantizada-firme-en-empresas-hidroelectricas/
[AETN] t=  20.6s | pag= 22 | files=  24 | data= 18 | cola= 183 | prio=10 | https://anuariodig.aetn.gob.bo/informacion-estadistica/caracteristicas-tecnicas-y-datos-de-produccion-del-sistema-interconectado-nacional-s-i-n/potencia-instalada-garantizada-firme-en-empresas-termoelectricas/
[AETN] t=  21.8s | pag= 23 | files=  24 | data= 19 | cola= 182 | prio=10 | https://anuariodig.aetn.gob.bo/informacion-estadistica/caracteristicas-tecnicas-y-datos-de-produccion-del-sistema-interconectado-nacional-s-i-n/potencia-instalada-garantizada-firme-en-empresas-de-energias-alternativas/
[AETN] t=  22.5s | pag= 24 | files=  24 | data= 20 | cola= 181 | prio=10 | https://anuariodig.aetn.gob.bo/informacion-estadistica/caracteristicas-tecnicas-y-datos-de-produccion-del-sistema-interconectado-nacional-s-i-n/caracteristicas-de-las-unidades-hidroelectricas-de-generacion-al-31-de-diciembre-2024/
[AETN] t=  23.8s | pag= 25 | files=  24 | data= 21 | cola= 180 | prio=10 | https://anuariodig.aetn.gob.bo/informacion-estadistica/caracteristicas-tecnicas-y-datos-de-produccion-del-sistema-interconectado-nacional-s-i-n/caracteristicas-de-las-unidades-termoelectricas-de-generacion-al-31-de-diciembre-2024/
[AETN] t=  24.7s | pag= 26 | files=  24 | data= 22 | cola= 179 | prio=10 | https://anuariodig.aetn.gob.bo/informacion-estadistica/caracteristicas-tecnicas-y-datos-de-produccion-del-sistema-interconectado-nacional-s-i-n/lineas-de-transmision-reconocidas-como-parte-del-s-t-i-al-31-de-diciembre-de-2024/
[AETN] t=  25.7s | pag= 27 | files=  24 | data= 23 | cola= 178 | prio=10 | https://anuariodig.aetn.gob.bo/informacion-estadistica/caracteristicas-tecnicas-y-datos-de-produccion-del-sistema-interconectado-nacional-s-i-n/longitud-de-lineas-de-transmision-km-al-31-de-diciembre-de-2024/
[AETN] t=  26.3s | pag= 28 | files=  24 | data= 24 | cola= 177 | prio=10 | https://anuariodig.aetn.gob.bo/informacion-estadistica/caracteristicas-tecnicas-y-datos-de-produccion-del-sistema-interconectado-nacional-s-i-n/caracteristicas-de-los-transformadores-de-potencia-al-31-de-diciembre-de-2024/
[AETN] DATASETS=25 | exportable_data_page | https://anuariodig.aetn.gob.bo/informacion-estadistica/caracteristicas-tecnicas-y-datos-de-produccion-del-sistema-interconectado-nacional-s-i-n/caracteristicas-de-los-transformadores-de-potencia-al-31-de-diciembre-de-2024/
[AETN] t=  27.5s | pag= 29 | files=  24 | data= 25 | cola= 176 | prio=10 | https://anuariodig.aetn.gob.bo/informacion-estadistica/caracteristicas-tecnicas-y-datos-de-produccion-del-sistema-interconectado-nacional-s-i-n/generacion-bruta-de-energia-por-tipo-de-combustible-gwh-al-31-de-diciembre-de-2024/
[AETN] t=  28.4s | pag= 30 | files=  24 | data= 26 | cola= 175 | prio=10 | https://anuariodig.aetn.gob.bo/informacion-estadistica/caracteristicas-tecnicas-y-datos-de-produccion-del-sistema-interconectado-nacional-s-i-n/generacion-bruta-mensual-de-las-centrales-gwh-gestion-2024/
[AETN] t=  29.1s | pag= 31 | files=  24 | data= 27 | cola= 174 | prio=10 | https://anuariodig.aetn.gob.bo/informacion-estadistica/caracteristicas-tecnicas-y-datos-de-produccion-del-sistema-interconectado-nacional-s-i-n/generacion-bruta-en-centrales-hidroelectricas-eolica-solar-y-termoelectricas-gwh/
[AETN] t=  29.9s | pag= 32 | files=  24 | data= 28 | cola= 173 | prio=10 | https://anuariodig.aetn.gob.bo/informacion-estadistica/caracteristicas-tecnicas-y-datos-de-produccion-del-sistema-interconectado-nacional-s-i-n/generacion-bruta-gwh-periodo-1992-2024/
[AETN] t=  31.2s | pag= 33 | files=  24 | data= 29 | cola= 172 | prio=10 | https://anuariodig.aetn.gob.bo/informacion-estadistica/caracteristicas-tecnicas-y-datos-de-produccion-del-sistema-interconectado-nacional-s-i-n/evolucion-anual-de-la-generacion-bruta-de-las-centrales-gwh-periodo-1992-2024/
[AETN] t=  31.8s | pag= 34 | files=  24 | data= 30 | cola= 171 | prio=10 | https://anuariodig.aetn.gob.bo/informacion-estadistica/caracteristicas-tecnicas-y-datos-de-produccion-del-sistema-interconectado-nacional-s-i-n/maxima-inyeccion-y-retiros-de-potencia-registradas-mw-gestion-2024/
[AETN] t=  32.7s | pag= 35 | files=  24 | data= 31 | cola= 170 | prio=10 | https://anuariodig.aetn.gob.bo/informacion-estadistica/mercado-electrico-mayorista-sistema-interconectado-nacional/
[AETN] t=  33.6s | pag= 36 | files=  24 | data= 32 | cola= 169 | prio=10 | https://anuariodig.aetn.gob.bo/informacion-estadistica/mercado-electrico-mayorista-sistema-interconectado-nacional/inyecciones-y-retiros-de-energia-gwh-por-empresa-electrica/
[AETN] t=  34.5s | pag= 37 | files=  24 | data= 33 | cola= 168 | prio=10 | https://anuariodig.aetn.gob.bo/informacion-estadistica/mercado-electrico-mayorista-sistema-interconectado-nacional/inyecciones-mercado-electrico-mayorista/
[AETN] t=  35.6s | pag= 38 | files=  24 | data= 34 | cola= 167 | prio=10 | https://anuariodig.aetn.gob.bo/informacion-estadistica/mercado-electrico-mayorista-sistema-interconectado-nacional/retiros-mercado-electrico-mayorista/
[AETN] t=  36.2s | pag= 39 | files=  24 | data= 35 | cola= 166 | prio=10 | https://anuariodig.aetn.gob.bo/informacion-estadistica/mercado-electrico-mayorista-sistema-interconectado-nacional/evolucion-de-inyecciones-energia-y-potencia-maxima-coincidental/
[AETN] t=  36.9s | pag= 40 | files=  24 | data= 36 | cola= 165 | prio=10 | https://anuariodig.aetn.gob.bo/informacion-estadistica/mercado-electrico-mayorista-sistema-interconectado-nacional/evolucion-de-retiros-energia-y-potencia-maxima-coincidental/
[AETN] t=  37.9s | pag= 41 | files=  24 | data= 37 | cola= 164 | prio=10 | https://anuariodig.aetn.gob.bo/informacion-estadistica/mercado-electrico-mayorista-sistema-interconectado-nacional/precios-spot-de-las-transacciones-de-energia-sin-iva-bs-mwh/
[AETN] t=  38.8s | pag= 42 | files=  24 | data= 38 | cola= 163 | prio=10 | https://anuariodig.aetn.gob.bo/informacion-estadistica/mercado-electrico-mayorista-sistema-interconectado-nacional/retiros-precios-de-nodo-base-e-indexado-de-energia-sin-iva-bs-mwh/
[AETN] t=  39.6s | pag= 43 | files=  24 | data= 39 | cola= 162 | prio=10 | https://anuariodig.aetn.gob.bo/informacion-estadistica/mercado-electrico-mayorista-sistema-interconectado-nacional/precios-de-potencia-firme-sin-iva-bs-kw-mes/
[AETN] t=  40.9s | pag= 44 | files=  24 | data= 40 | cola= 161 | prio=10 | https://anuariodig.aetn.gob.bo/informacion-estadistica/mercado-electrico-mayorista-sistema-interconectado-nacional/precios-de-potencia-de-punta-sin-iva-bs-kw-mes/
[AETN] t=  41.8s | pag= 45 | files=  24 | data= 41 | cola= 160 | prio=10 | https://anuariodig.aetn.gob.bo/informacion-estadistica/mercado-electrico-mayorista-sistema-interconectado-nacional/reserva-fria-bs-kw-mes-gestion-2024/
[AETN] t=  42.6s | pag= 46 | files=  24 | data= 42 | cola= 159 | prio=10 | https://anuariodig.aetn.gob.bo/informacion-estadistica/mercado-electrico-mayorista-sistema-interconectado-nacional/precio-monomico-bs-mwh-sin-iva/
[AETN] t=  43.6s | pag= 47 | files=  24 | data= 43 | cola= 158 | prio=10 | https://anuariodig.aetn.gob.bo/informacion-estadistica/mercado-electrico-mayorista-sistema-interconectado-nacional/precio-monomico-usd-mwh-sin-iva-gestion-2024/
[AETN] t=  44.6s | pag= 48 | files=  24 | data= 44 | cola= 157 | prio=10 | https://anuariodig.aetn.gob.bo/informacion-estadistica/mercado-electrico-mayorista-sistema-interconectado-nacional/fondo-de-estabilizacion-mayorista-acumulado-a-diciembre-de-2024-mbs/
[AETN] t=  45.5s | pag= 49 | files=  24 | data= 45 | cola= 156 | prio=10 | https://anuariodig.aetn.gob.bo/informacion-estadistica/mercado-electrico-mayorista-sistema-interconectado-nacional/evolucion-del-fondo-de-estabilizacion-de-distribucion-fed-acumulado-sistema-interconectado-nacional/
[AETN] t=  46.7s | pag= 50 | files=  24 | data= 46 | cola= 155 | prio=10 | https://anuariodig.aetn.gob.bo/informacion-estadistica/mercado-electrico-mayorista-sistema-interconectado-nacional/evolucion-del-fondo-de-estabilizacion-del-mercado-mayorista-fem-sistema-interconectado-nacional/
[AETN] t=  47.8s | pag= 51 | files=  24 | data= 47 | cola= 154 | prio=10 | https://anuariodig.aetn.gob.bo/informacion-estadistica/mercado-electrico-mayorista-sistema-interconectado-nacional/ventas-totales-en-el-mem-por-generacion-y-transporte-de-energia-electrica-gestion-2024/
[AETN] t=  49.0s | pag= 52 | files=  24 | data= 48 | cola= 153 | prio=10 | https://anuariodig.aetn.gob.bo/informacion-estadistica/aprovechamiento-de-energias-primarias-por-empresas-del-sistema-interconectado-nacional-s-i-n/
[AETN] t=  49.7s | pag= 53 | files=  24 | data= 49 | cola= 152 | prio=10 | https://anuariodig.aetn.gob.bo/informacion-estadistica/aprovechamiento-de-energias-primarias-por-empresas-del-sistema-interconectado-nacional-s-i-n/consumo-de-combustibles/
[AETN] DATASETS=50 | exportable_data_page | https://anuariodig.aetn.gob.bo/informacion-estadistica/aprovechamiento-de-energias-primarias-por-empresas-del-sistema-interconectado-nacional-s-i-n/consumo-de-combustibles/
[AETN] t=  50.6s | pag= 54 | files=  24 | data= 50 | cola= 151 | prio=10 | https://anuariodig.aetn.gob.bo/informacion-estadistica/aprovechamiento-de-energias-primarias-por-empresas-del-sistema-interconectado-nacional-s-i-n/evolucion-de-consumo-anual-de-gas-natural-mmmpc/
[AETN] t=  51.6s | pag= 55 | files=  24 | data= 51 | cola= 150 | prio=10 | https://anuariodig.aetn.gob.bo/informacion-estadistica/aprovechamiento-de-energias-primarias-por-empresas-del-sistema-interconectado-nacional-s-i-n/evolucion-de-consumo-anual-de-diesel-oil-m3/
[AETN] t=  52.2s | pag= 56 | files=  24 | data= 52 | cola= 149 | prio=10 | https://anuariodig.aetn.gob.bo/informacion-estadistica/aprovechamiento-de-energias-primarias-por-empresas-del-sistema-interconectado-nacional-s-i-n/evolucion-de-consumo-anual-de-biomasa-t/
[AETN] t=  53.3s | pag= 57 | files=  24 | data= 53 | cola= 148 | prio=10 | https://anuariodig.aetn.gob.bo/informacion-estadistica/aprovechamiento-de-energias-primarias-por-empresas-del-sistema-interconectado-nacional-s-i-n/aportes-a-los-embalses-hm3/
[AETN] t=  54.0s | pag= 58 | files=  24 | data= 54 | cola= 147 | prio=10 | https://anuariodig.aetn.gob.bo/informacion-estadistica/aprovechamiento-de-energias-primarias-por-empresas-del-sistema-interconectado-nacional-s-i-n/aportes-a-los-embalses-hm3-historico/
[AETN] t=  54.8s | pag= 59 | files=  24 | data= 55 | cola= 146 | prio=10 | https://anuariodig.aetn.gob.bo/informacion-estadistica/aprovechamiento-de-energias-primarias-por-empresas-del-sistema-interconectado-nacional-s-i-n/volumen-almacenado-hm3/
[AETN] t=  55.8s | pag= 60 | files=  24 | data= 56 | cola= 145 | prio=10 | https://anuariodig.aetn.gob.bo/informacion-estadistica/aprovechamiento-de-energias-primarias-por-empresas-del-sistema-interconectado-nacional-s-i-n/evolucion-de-volumen-almacenado-hm3/
[AETN] t=  56.5s | pag= 61 | files=  24 | data= 57 | cola= 144 | prio=10 | https://anuariodig.aetn.gob.bo/informacion-estadistica/aprovechamiento-de-energias-primarias-por-empresas-del-sistema-interconectado-nacional-s-i-n/volumen-utilizado-de-los-embalses-hm3/
[AETN] t=  57.2s | pag= 62 | files=  24 | data= 58 | cola= 143 | prio=10 | https://anuariodig.aetn.gob.bo/informacion-estadistica/aprovechamiento-de-energias-primarias-por-empresas-del-sistema-interconectado-nacional-s-i-n/volumen-utilizado-de-los-embalses-hm3-historico/
[AETN] t=  58.1s | pag= 63 | files=  24 | data= 59 | cola= 142 | prio=10 | https://anuariodig.aetn.gob.bo/informacion-estadistica/distribucion-de-electricidad-en-el-sistema-interconectado-nacional-s-i-n/
[AETN] t=  59.2s | pag= 64 | files=  24 | data= 60 | cola= 141 | prio=10 | https://anuariodig.aetn.gob.bo/informacion-estadistica/distribucion-de-electricidad-en-el-sistema-interconectado-nacional-s-i-n/evolucion-de-las-ventas-de-electricidad-a-consumidor-final-por-categoria-en-el-sin-mwh-periodo-2008-2024/
[AETN] t=  60.0s | pag= 65 | files=  24 | data= 61 | cola= 140 | prio=10 | https://anuariodig.aetn.gob.bo/informacion-estadistica/distribucion-de-electricidad-en-el-sistema-interconectado-nacional-s-i-n/ventas-de-electricidad-a-consumidor-final-por-categoria-mwh-en-la-gestion-2024/
[AETN] t=  60.9s | pag= 66 | files=  24 | data= 62 | cola= 139 | prio=10 | https://anuariodig.aetn.gob.bo/informacion-estadistica/distribucion-de-electricidad-en-el-sistema-interconectado-nacional-s-i-n/evolucion-de-la-tarifa-promedio-a-consumidor-final-por-categoria-en-el-sin-%c2%a2usd-kwh-sin-iva/
[AETN] t=  61.7s | pag= 67 | files=  24 | data= 63 | cola= 138 | prio=10 | https://anuariodig.aetn.gob.bo/informacion-estadistica/distribucion-de-electricidad-en-el-sistema-interconectado-nacional-s-i-n/tarifa-promedio-a-consumidor-final-por-categoria-en-la-gestion-2024-%c2%a2usd-kwh-sin-iva/
[AETN] t=  62.6s | pag= 68 | files=  24 | data= 64 | cola= 137 | prio=10 | https://anuariodig.aetn.gob.bo/informacion-estadistica/distribucion-de-electricidad-en-el-sistema-interconectado-nacional-s-i-n/evolucion-del-numero-de-consumidores-por-categoria/
[AETN] t=  63.4s | pag= 69 | files=  24 | data= 65 | cola= 136 | prio=10 | https://anuariodig.aetn.gob.bo/informacion-estadistica/distribucion-de-electricidad-en-el-sistema-interconectado-nacional-s-i-n/numero-de-consumidores-por-categoria-a-diciembre-de-2024/
[AETN] t=  64.6s | pag= 70 | files=  24 | data= 66 | cola= 135 | prio=10 | https://anuariodig.aetn.gob.bo/informacion-estadistica/distribucion-de-electricidad-en-el-sistema-interconectado-nacional-s-i-n/ventas-de-electricidad-a-consumidor-final-por-empresa/
[AETN] t=  65.6s | pag= 71 | files=  24 | data= 67 | cola= 134 | prio=10 | https://anuariodig.aetn.gob.bo/informacion-estadistica/distribucion-de-electricidad-en-el-sistema-interconectado-nacional-s-i-n/tarifa-promedio-a-consumidor-final-por-empresa-sin-iva/
[AETN] t=  66.6s | pag= 72 | files=  24 | data= 68 | cola= 133 | prio=10 | https://anuariodig.aetn.gob.bo/informacion-estadistica/distribucion-de-electricidad-en-el-sistema-interconectado-nacional-s-i-n/numero-de-consumidores-por-empresa/
[AETN] t=  68.1s | pag= 73 | files=  24 | data= 69 | cola= 132 | prio=10 | https://anuariodig.aetn.gob.bo/informacion-estadistica/distribucion-de-electricidad-en-sistemas-aislados-s-a/
[AETN] t=  68.8s | pag= 74 | files=  24 | data= 70 | cola= 131 | prio=10 | https://anuariodig.aetn.gob.bo/informacion-estadistica/distribucion-de-electricidad-en-sistemas-aislados-s-a/evolucion-de-las-ventas-de-electricidad-a-consumidor-final-por-categoria-en-sa-mwh-periodo-2010-2024/
[AETN] t=  69.6s | pag= 75 | files=  24 | data= 71 | cola= 130 | prio=10 | https://anuariodig.aetn.gob.bo/informacion-estadistica/distribucion-de-electricidad-en-sistemas-aislados-s-a/ventas-de-electricidad-a-consumidor-final-por-categoria-mwh-en-la-gestion-2024/
[AETN] t=  70.9s | pag= 76 | files=  24 | data= 72 | cola= 129 | prio=10 | https://anuariodig.aetn.gob.bo/informacion-estadistica/distribucion-de-electricidad-en-sistemas-aislados-s-a/tarifa-promedio-a-consumidor-final-por-categoria-en-la-gestion-2024-%c2%a2usd-kwh-sin-iva/
[AETN] t=  71.9s | pag= 77 | files=  24 | data= 73 | cola= 128 | prio=10 | https://anuariodig.aetn.gob.bo/informacion-estadistica/distribucion-de-electricidad-en-sistemas-aislados-s-a/evolucion-del-numero-de-consumidores-por-categoria/
[AETN] t=  72.7s | pag= 78 | files=  24 | data= 74 | cola= 127 | prio=10 | https://anuariodig.aetn.gob.bo/informacion-estadistica/distribucion-de-electricidad-en-sistemas-aislados-s-a/numero-de-consumidores-por-categoria-a-diciembre-de-2024/
[AETN] DATASETS=75 | exportable_data_page | https://anuariodig.aetn.gob.bo/informacion-estadistica/distribucion-de-electricidad-en-sistemas-aislados-s-a/numero-de-consumidores-por-categoria-a-diciembre-de-2024/
[AETN] t=  73.3s | pag= 79 | files=  24 | data= 75 | cola= 126 | prio=10 | https://anuariodig.aetn.gob.bo/informacion-estadistica/distribucion-de-electricidad-en-sistemas-aislados-s-a/ventas-de-electricidad-a-consumidor-final-por-empresa/
[AETN] t=  74.5s | pag= 80 | files=  24 | data= 76 | cola= 125 | prio=10 | https://anuariodig.aetn.gob.bo/informacion-estadistica/distribucion-de-electricidad-en-sistemas-aislados-s-a/tarifa-promedio-a-consumidor-final-por-empresa-sin-iva/
[AETN] t=  75.5s | pag= 81 | files=  24 | data= 77 | cola= 124 | prio=10 | https://anuariodig.aetn.gob.bo/informacion-estadistica/distribucion-de-electricidad-en-sistemas-aislados-s-a/numero-de-consumidores-por-empresa/
[AETN] t=  76.6s | pag= 82 | files=  24 | data= 78 | cola= 123 | prio=10 | https://anuariodig.aetn.gob.bo/informacion-estadistica/ventas-de-energia-electrica-en-el-sistema-interconectado-nacional-sin-y-los-sistemas-aislados-verticalmente-integrados-savi/
[AETN] t=  77.2s | pag= 83 | files=  24 | data= 79 | cola= 122 | prio=10 | https://anuariodig.aetn.gob.bo/informacion-estadistica/ventas-de-energia-electrica-en-el-sistema-interconectado-nacional-sin-y-los-sistemas-aislados-verticalmente-integrados-savi/ventas-de-electricidad-a-consumidor-final-por-categoria-mwh-en-la-gestion-2024/
[AETN] t=  78.6s | pag= 84 | files=  24 | data= 80 | cola= 121 | prio=10 | https://anuariodig.aetn.gob.bo/informacion-estadistica/ventas-de-energia-electrica-en-el-sistema-interconectado-nacional-sin-y-los-sistemas-aislados-verticalmente-integrados-savi/tarifa-promedio-a-consumidor-final-por-categoria-en-la-gestion-2024-%c2%a2usd-kwh-sin-iva/
[AETN] t=  79.7s | pag= 85 | files=  24 | data= 81 | cola= 120 | prio=10 | https://anuariodig.aetn.gob.bo/informacion-estadistica/ventas-de-energia-electrica-en-el-sistema-interconectado-nacional-sin-y-los-sistemas-aislados-verticalmente-integrados-savi/numero-de-consumidores-por-categoria-a-diciembre-de-2024/
[AETN] t=  80.9s | pag= 86 | files=  24 | data= 82 | cola= 119 | prio=10 | https://anuariodig.aetn.gob.bo/informacion-estadistica/ventas-de-energia-electrica-en-el-sistema-interconectado-nacional-sin-y-los-sistemas-aislados-verticalmente-integrados-savi/ventas-de-electricidad-a-consumidor-final-por-empresa/
[AETN] t=  82.2s | pag= 87 | files=  24 | data= 83 | cola= 118 | prio=10 | https://anuariodig.aetn.gob.bo/informacion-estadistica/ventas-de-energia-electrica-en-el-sistema-interconectado-nacional-sin-y-los-sistemas-aislados-verticalmente-integrados-savi/tarifa-promedio-a-consumidor-final-por-empresa-sin-iva/
[AETN] t=  83.1s | pag= 88 | files=  24 | data= 84 | cola= 117 | prio=10 | https://anuariodig.aetn.gob.bo/informacion-estadistica/ventas-de-energia-electrica-en-el-sistema-interconectado-nacional-sin-y-los-sistemas-aislados-verticalmente-integrados-savi/numero-de-consumidores-por-empresa/
[AETN] t=  84.5s | pag= 89 | files=  24 | data= 85 | cola= 116 | prio=10 | https://anuariodig.aetn.gob.bo/informacion-estadistica/caracteristicas-tecnicas-y-datos-de-produccion-de-sistemas-aislados-s-a/
[AETN] t=  85.3s | pag= 90 | files=  24 | data= 86 | cola= 115 | prio=10 | https://anuariodig.aetn.gob.bo/informacion-estadistica/caracteristicas-tecnicas-y-datos-de-produccion-de-sistemas-aislados-s-a/potencia-instalada-y-efectiva/
[AETN] t=  86.1s | pag= 91 | files=  24 | data= 87 | cola= 114 | prio=10 | https://anuariodig.aetn.gob.bo/informacion-estadistica/caracteristicas-tecnicas-y-datos-de-produccion-de-sistemas-aislados-s-a/generacion-bruta-gwh/
[AETN] t=  87.0s | pag= 92 | files=  24 | data= 88 | cola= 113 | prio=10 | https://anuariodig.aetn.gob.bo/informacion-estadistica/caracteristicas-tecnicas-y-datos-de-produccion-de-sistemas-aislados-s-a/generacion-bruta-de-centrales-gwh/
[AETN] t=  88.1s | pag= 93 | files=  24 | data= 89 | cola= 112 | prio=10 | https://anuariodig.aetn.gob.bo/informacion-estadistica/caracteristicas-tecnicas-y-datos-de-produccion-de-sistemas-aislados-s-a/evolucion-de-la-generacion-bruta-gwh/
[AETN] t=  88.9s | pag= 94 | files=  24 | data= 90 | cola= 111 | prio=10 | https://anuariodig.aetn.gob.bo/informacion-estadistica/caracteristicas-tecnicas-y-datos-de-produccion-de-sistemas-aislados-s-a/evolucion-consumo-anual-de-combustibles-por-empresa/
[AETN] t=  90.1s | pag= 95 | files=  24 | data= 91 | cola= 110 | prio=10 | https://anuariodig.aetn.gob.bo/informacion-estadistica/calidad-de-los-servicios-de-transmision-y-distribucion/
[AETN] t=  91.3s | pag= 96 | files=  24 | data= 92 | cola= 109 | prio=10 | https://anuariodig.aetn.gob.bo/informacion-estadistica/calidad-de-los-servicios-de-transmision-y-distribucion/numero-y-duracion-media-de-desconexiones/
[AETN] t=  92.6s | pag= 97 | files=  24 | data= 93 | cola= 108 | prio=10 | https://anuariodig.aetn.gob.bo/informacion-estadistica/calidad-de-los-servicios-de-transmision-y-distribucion/evolucion-anual-del-numero-de-desconexiones-asignadas-a-las-empresas-transmisoras-de-electricidad/
[AETN] t=  93.7s | pag= 98 | files=  24 | data= 94 | cola= 107 | prio=10 | https://anuariodig.aetn.gob.bo/informacion-estadistica/calidad-de-los-servicios-de-transmision-y-distribucion/evolucion-anual-de-la-duracion-de-desconexiones-asignadas-a-las-empresas-transmisoras-de-electricidad/
[AETN] t=  94.8s | pag= 99 | files=  24 | data= 95 | cola= 106 | prio=10 | https://anuariodig.aetn.gob.bo/informacion-estadistica/calidad-de-los-servicios-de-transmision-y-distribucion/control-de-calidad-del-producto-tecnico-sistemas-aislados-integrados-verticalmente/
[AETN] t=  95.5s | pag=100 | files=  24 | data= 96 | cola= 105 | prio=10 | https://anuariodig.aetn.gob.bo/informacion-estadistica/calidad-de-los-servicios-de-transmision-y-distribucion/control-de-calidad-del-servicio-tecnico-sistemas-aislados-integrados-verticalmente/
[AETN] t=  96.5s | pag=101 | files=  24 | data= 97 | cola= 104 | prio=10 | https://anuariodig.aetn.gob.bo/informacion-estadistica/calidad-de-los-servicios-de-transmision-y-distribucion/control-de-calidad-del-servicio-comercial-sistemas-aislados-integrados-verticalmente/
[AETN] t=  97.8s | pag=102 | files=  24 | data= 98 | cola= 103 | prio=10 | https://anuariodig.aetn.gob.bo/informacion-estadistica/calidad-de-los-servicios-de-transmision-y-distribucion/control-de-calidad-del-producto-tecnico-sistemas-menores-con-titulo-habilitante/
[AETN] t=  98.4s | pag=103 | files=  24 | data= 99 | cola= 102 | prio=10 | https://anuariodig.aetn.gob.bo/informacion-estadistica/calidad-de-los-servicios-de-transmision-y-distribucion/control-de-calidad-del-servicio-tecnico-sistemas-menores-con-titulo-habilitante/
[AETN] DATASETS=100 | exportable_data_page | https://anuariodig.aetn.gob.bo/informacion-estadistica/calidad-de-los-servicios-de-transmision-y-distribucion/control-de-calidad-del-servicio-tecnico-sistemas-menores-con-titulo-habilitante/
[AETN] t=  99.7s | pag=104 | files=  24 | data=100 | cola= 101 | prio=10 | https://anuariodig.aetn.gob.bo/informacion-estadistica/calidad-de-los-servicios-de-transmision-y-distribucion/control-de-calidad-del-servicio-comercial-sistemas-menores-con-titulo-habilitante/
[AETN] t= 100.6s | pag=105 | files=  24 | data=101 | cola= 100 | prio=10 | https://anuariodig.aetn.gob.bo/informacion-estadistica/calidad-de-los-servicios-de-transmision-y-distribucion/control-de-calidad-del-producto-tecnico-sistema-interconectado-nacional/
[AETN] t= 101.5s | pag=106 | files=  24 | data=102 | cola=  99 | prio=10 | https://anuariodig.aetn.gob.bo/informacion-estadistica/calidad-de-los-servicios-de-transmision-y-distribucion/control-de-calidad-del-servicio-tecnico-sistema-interconectado-nacional/
[AETN] t= 102.3s | pag=107 | files=  24 | data=103 | cola=  98 | prio=10 | https://anuariodig.aetn.gob.bo/informacion-estadistica/calidad-de-los-servicios-de-transmision-y-distribucion/control-de-calidad-del-servicio-comercial-sistema-interconectado-nacional/
[AETN] t= 104.0s | pag=108 | files=  24 | data=104 | cola=  97 | prio=10 | https://anuariodig.aetn.gob.bo/informacion-estadistica/calidad-de-los-servicios-de-transmision-y-distribucion/reclamaciones-atendidas-en-empresas-distribuidoras-reclamaciones-directas-gestion-2024/
[AETN] t= 104.7s | pag=109 | files=  24 | data=105 | cola=  96 | prio=10 | https://anuariodig.aetn.gob.bo/informacion-estadistica/calidad-de-los-servicios-de-transmision-y-distribucion/reclamaciones-atendidas-en-la-autoridad-de-fiscalizacion-de-electricidad-y-tecnologia-nuclear-aetn-reclamos-tecnicos-gestion-2024/
[AETN] t= 105.5s | pag=110 | files=  24 | data=106 | cola=  95 | prio=10 | https://anuariodig.aetn.gob.bo/informacion-estadistica/calidad-de-los-servicios-de-transmision-y-distribucion/reclamaciones-atendidas-en-la-autoridad-de-fiscalizacion-de-electricidad-y-tecnologia-nuclear-aetn-reclamos-comerciales-gestion-2024/
[AETN] t= 106.5s | pag=111 | files=  24 | data=107 | cola=  94 | prio=10 | https://anuariodig.aetn.gob.bo/informacion-estadistica/calidad-de-los-servicios-de-transmision-y-distribucion/reclamaciones-atendidas-en-la-autoridad-de-fiscalizacion-de-electricidad-y-tecnologia-nuclear-aetn-tipo-de-conclusion-gestion-2024/
[AETN] t= 107.7s | pag=112 | files=  24 | data=108 | cola=  93 | prio=10 | https://anuariodig.aetn.gob.bo/informacion-estadistica/calidad-de-los-servicios-de-transmision-y-distribucion/consultas-atendidas-en-la-autoridad-de-fiscalizacion-de-electricidad-y-tecnologia-nuclear-aetn-consultas-gestion-2024/
[AETN] t= 108.4s | pag=113 | files=  24 | data=109 | cola=  92 | prio=10 | https://anuariodig.aetn.gob.bo/informacion-estadistica/tarifa-dignidad/evolucion-de-consumidores-domiciliarios-beneficiados-2006-2024/
[AETN] t= 109.7s | pag=114 | files=  24 | data=110 | cola=  91 | prio=10 | https://anuariodig.aetn.gob.bo/informacion-estadistica/tarifa-dignidad/evolucion-porcentual-de-consumidores-domiciliarios-beneficiados-2006-2024/
[AETN] t= 110.5s | pag=115 | files=  24 | data=111 | cola=  90 | prio=10 | https://anuariodig.aetn.gob.bo/informacion-estadistica/tarifa-dignidad/evolucion-importes-descontados-anualmente-por-la-aplicacion-de-la-tarifa-dignidad-en-bs-2006-2024/
[AETN] t= 111.9s | pag=116 | files=  24 | data=112 | cola=  89 | prio=10 | https://anuariodig.aetn.gob.bo/informacion-estadistica/tarifa-dignidad/aporte-monetario-de-las-empresas-para-la-tarifa-dignidad-en-bs/
[AETN] t= 112.8s | pag=117 | files=  24 | data=113 | cola=  88 | prio=10 | https://anuariodig.aetn.gob.bo/informacion-estadistica/evolucion-de-la-oferta-y-demanda-del-sin/
[AETN] t= 113.6s | pag=118 | files=  24 | data=114 | cola=  87 | prio=10 | https://anuariodig.aetn.gob.bo/informacion-estadistica/evolucion-de-la-oferta-y-demanda-del-sin/oferta-y-demanda-mw-periodo-2024/
[AETN] t= 114.3s | pag=119 | files=  24 | data=115 | cola=  86 | prio=10 | https://anuariodig.aetn.gob.bo/informacion-estadistica/evolucion-de-la-oferta-y-demanda-del-sin/evolucion-de-la-oferta-y-demanda-periodo-2013-2024/
[AETN] t= 115.4s | pag=120 | files=  24 | data=116 | cola=  85 | prio=10 | https://anuariodig.aetn.gob.bo/informacion-estadistica/evolucion-de-la-oferta-y-demanda-del-sin/consumo-de-gas-mmpcd-en-el-sin-gestion-2024/
[AETN] t= 116.3s | pag=121 | files=  24 | data=117 | cola=  84 | prio=10 | https://anuariodig.aetn.gob.bo/informacion-estadistica/evolucion-de-la-oferta-y-demanda-del-sin/consumo-de-diesel-l-en-el-sin-gestion-2024/
[AETN] t= 117.3s | pag=122 | files=  24 | data=118 | cola=  83 | prio=10 | https://anuariodig.aetn.gob.bo/informacion-estadistica/direccion-de-tecnologia-nuclear/
[AETN] t= 118.0s | pag=123 | files=  24 | data=119 | cola=  82 | prio=10 | https://anuariodig.aetn.gob.bo/informacion-estadistica/direccion-de-tecnologia-nuclear/normas-especificas-regulatorias-ner-aprobadas-para-instalaciones-radiologicas/
[AETN] t= 118.9s | pag=124 | files=  24 | data=120 | cola=  81 | prio=10 | https://anuariodig.aetn.gob.bo/informacion-estadistica/direccion-de-tecnologia-nuclear/autorizaciones-licencias-certificaciones-y-registros-emitidas-por-la-aetn-dtn-gestion-2024/
[AETN] t= 120.1s | pag=125 | files=  24 | data=121 | cola=  80 | prio=10 | https://anuariodig.aetn.gob.bo/informacion-estadistica/direccion-de-tecnologia-nuclear/inspecciones-realizadas-por-la-aetn-en-la-gestion-2024/
[AETN] t= 121.1s | pag=126 | files=  24 | data=122 | cola=  79 | prio=10 | https://anuariodig.aetn.gob.bo/informacion-estadistica/direccion-de-tecnologia-nuclear/licencias-institucionales-emitidas-por-la-aetn-dtn-gestion-2024/
[AETN] t= 122.2s | pag=127 | files=  24 | data=123 | cola=  78 | prio=10 | https://anuariodig.aetn.gob.bo/informacion-estadistica/direccion-de-tecnologia-nuclear/licencias-individuales-especificas-emitidas-por-la-aetn-dtn-gestion-2024/
[AETN] t= 123.0s | pag=128 | files=  24 | data=124 | cola=  77 | prio=10 | https://anuariodig.aetn.gob.bo/informacion-estadistica/direccion-de-tecnologia-nuclear/certificados-emitidos-por-la-aetn-gestion-2024/
[AETN] DATASETS=125 | exportable_data_page | https://anuariodig.aetn.gob.bo/informacion-estadistica/direccion-de-tecnologia-nuclear/certificados-emitidos-por-la-aetn-gestion-2024/
[AETN] t= 123.8s | pag=129 | files=  24 | data=125 | cola=  76 | prio=10 | https://anuariodig.aetn.gob.bo/mapas-interactivos/
[AETN] t= 124.7s | pag=130 | files=  24 | data=125 | cola=  75 | prio=10 | https://anuariodig.aetn.gob.bo/contacto/
[AETN] t= 125.9s | pag=131 | files=  24 | data=125 | cola=  74 | prio=10 | https://anuariodig.aetn.gob.bo/preguntas-frecuentes/
[AETN] t= 126.9s | pag=132 | files=  24 | data=125 | cola=  73 | prio=10 | https://anuariodig.aetn.gob.bo/nomenclatura/
[AETN] t= 127.8s | pag=133 | files=  24 | data=126 | cola=  73 | prio=10 | https://anuariodig.aetn.gob.bo/unidades-de-medida/
[AETN] t= 129.0s | pag=134 | files=  24 | data=126 | cola=  72 | prio=10 | https://anuariodig.aetn.gob.bo/glosario-de-terminos/
[AETN] t= 130.0s | pag=135 | files=  24 | data=126 | cola=  71 | prio=10 | https://anuariodig.aetn.gob.bo/personal-de-las-empresas-electricas-gestion-2024/
[AETN] t= 131.3s | pag=136 | files=  24 | data=126 | cola=  70 | prio=10 | https://anuariodig.aetn.gob.bo/empresas-electricas-con-derechos-vigentes-otorgados-por-el-ente-regulador-gestion-2024/
[AETN] t= 132.2s | pag=137 | files=  24 | data=126 | cola=  69 | prio=10 | https://anuariodig.aetn.gob.bo/noticias/
[AETN] t= 133.1s | pag=137 | files=  24 | data=126 | cola=  68 | prio=50 | https://aetn.gob.bo/principios-y-valores/
[AETN] t= 134.5s | pag=138 | files=  24 | data=126 | cola=  67 | prio=50 | https://aetn.gob.bo/objetivos-institucionales/
[AETN] t= 135.5s | pag=139 | files=  24 | data=126 | cola=  66 | prio=50 | https://aetn.gob.bo/memoria-intitucional/
[AETN] t= 136.4s | pag=140 | files=  33 | data=126 | cola=  67 | prio=50 | https://aetn.gob.bo/plan-estrategico-institucional-pei/
[AETN] t= 137.4s | pag=141 | files=  35 | data=126 | cola=  66 | prio=50 | https://aetn.gob.bo/programacion-operativa-anual-poa/
[AETN] t= 138.1s | pag=142 | files=  46 | data=126 | cola=  66 | prio=50 | https://aetn.gob.bo/presupuesto-institucional/
[AETN] t= 138.7s | pag=143 | files=  50 | data=126 | cola=  65 | prio=50 | https://aetn.gob.bo/ejecucion-presupuestaria/
[AETN] t= 139.7s | pag=144 | files=  51 | data=126 | cola=  64 | prio=50 | https://aetn.gob.bo/programas-y-proyectos-de-inversion/
[AETN] t= 140.7s | pag=145 | files=  52 | data=126 | cola=  63 | prio=50 | https://aetn.gob.bo/auditoria/
[AETN] t= 141.7s | pag=146 | files=  58 | data=126 | cola=  62 | prio=50 | https://aetn.gob.bo/empresas-electricas/
[AETN] t= 142.4s | pag=147 | files=  58 | data=126 | cola=  61 | prio=50 | https://aetn.gob.bo/generacion-distribuida/
[AETN] t= 142.9s | pag=148 | files=  64 | data=127 | cola=  60 | prio=50 | https://aetn.gob.bo/empresas-consultoras-habilitadas/
[AETN] t= 143.7s | pag=149 | files=  66 | data=127 | cola=  59 | prio=50 | https://aetn.gob.bo/licenciamiento-de-trabajadores-ocupacionalmente-expuestos/
[AETN] t= 144.7s | pag=150 | files=  70 | data=127 | cola=  58 | prio=50 | https://aetn.gob.bo/licenciamiento-de-actividades-e-instalaciones/
[AETN] t= 145.6s | pag=151 | files=  89 | data=127 | cola=  57 | prio=50 | https://aetn.gob.bo/prestadores-de-servicio/
[AETN] t= 146.6s | pag=152 | files=  96 | data=127 | cola=  56 | prio=50 | https://aetn.gob.bo/autorizaciones-de-importacion-y-exportacion-de-fuentes/
[AETN] t= 147.6s | pag=153 | files= 102 | data=127 | cola=  55 | prio=50 | https://aetn.gob.bo/registros-de-fuentes-de-radiacion/
[AETN] t= 148.8s | pag=154 | files= 105 | data=127 | cola=  54 | prio=50 | https://aetn.gob.bo/movimiento-de-material-radiactivo/
[AETN] t= 150.1s | pag=155 | files= 107 | data=127 | cola=  53 | prio=50 | https://aetn.gob.bo/tecnologia-nuclear/
[AETN] t= 150.7s | pag=156 | files= 107 | data=127 | cola=  52 | prio=50 | https://aetn.gob.bo/clasificacion-de-actividades/
[AETN] t= 151.2s | pag=157 | files= 107 | data=127 | cola=  51 | prio=50 | https://aetn.gob.bo/herramientas-y-servicios-digitales/
[AETN] t= 151.8s | pag=158 | files= 107 | data=127 | cola=  50 | prio=50 | https://aetn.gob.bo/cursos-de-capacitacion/
[AETN] t= 152.3s | pag=159 | files= 107 | data=127 | cola=  49 | prio=50 | https://aetn.gob.bo/comunicados/
[AETN] t= 153.0s | pag=160 | files= 117 | data=127 | cola=  50 | prio=50 | https://aetn.gob.bo/notas-de-prensa/
[AETN] t= 154.0s | pag=161 | files= 117 | data=127 | cola=  51 | prio=50 | https://aetn.gob.bo/revistas/
[AETN] t= 154.9s | pag=162 | files= 117 | data=127 | cola=  50 | prio=50 | https://aetn.gob.bo/articulos/
[AETN] t= 155.7s | pag=163 | files= 117 | data=127 | cola=  49 | prio=50 | https://aetn.gob.bo/banco-de-trabajo-de-investigacion/
[AETN] t= 156.2s | pag=164 | files= 117 | data=127 | cola=  48 | prio=50 | https://aetn.gob.bo/campanas-y-actividades/
[AETN] t= 157.2s | pag=165 | files= 117 | data=127 | cola=  47 | prio=50 | https://aetn.gob.bo/normativa-externa/
[AETN] t= 158.0s | pag=166 | files= 119 | data=127 | cola=  46 | prio=50 | https://aetn.gob.bo/normativa-interna/
[AETN] t= 158.7s | pag=167 | files= 119 | data=127 | cola=  46 | prio=50 | https://aetn.gob.bo/normativa-tecnologia-nuclear/
[AETN] t= 159.5s | pag=168 | files= 134 | data=127 | cola=  45 | prio=50 | https://aetn.gob.bo/organigrama/
[AETN] t= 160.5s | pag=169 | files= 134 | data=127 | cola=  44 | prio=50 | https://aetn.gob.bo/nomina-de-servidores-publicos/
[AETN] t= 161.6s | pag=170 | files= 135 | data=127 | cola=  43 | prio=50 | https://aetn.gob.bo/escala-salarial/
[AETN] t= 162.5s | pag=171 | files= 136 | data=127 | cola=  42 | prio=50 | https://aetn.gob.bo/manual-de-organizacion-funcional-mof/
[AETN] t= 163.6s | pag=172 | files= 141 | data=127 | cola=  41 | prio=50 | https://aetn.gob.bo/plan-operativo-anual-individual-poai-perfil-de-cargo/
[AETN] t= 164.5s | pag=173 | files= 142 | data=127 | cola=  40 | prio=50 | https://aetn.gob.bo/terminos-de-referencia/
[AETN] t= 165.0s | pag=174 | files= 152 | data=127 | cola=  42 | prio=50 | https://aetn.gob.bo/manuales-de-procedimiento/
[AETN] t= 166.0s | pag=175 | files= 162 | data=127 | cola=  41 | prio=50 | https://aetn.gob.bo/oportunidades-de-empleo/
[AETN] t= 166.9s | pag=176 | files= 162 | data=127 | cola=  40 | prio=50 | https://aetn.gob.bo/convocatorias/
[AETN] t= 167.8s | pag=177 | files= 166 | data=127 | cola=  39 | prio=50 | https://aetn.gob.bo/contratos/
[AETN] t= 168.6s | pag=178 | files= 166 | data=127 | cola=  38 | prio=50 | https://aetn.gob.bo/proveedores/
[AETN] t= 169.2s | pag=179 | files= 167 | data=127 | cola=  37 | prio=50 | https://aetn.gob.bo/rendicion-publica-de-cuentas/
[AETN] t= 170.0s | pag=180 | files= 169 | data=127 | cola=  36 | prio=50 | https://aetn.gob.bo/denuncias-por-hechos-de-corrupcion/
[AETN] t= 170.9s | pag=181 | files= 170 | data=127 | cola=  35 | prio=50 | https://aetn.gob.bo/formulario-de-solicitud-de-informacion/
[AETN] t= 172.1s | pag=182 | files= 171 | data=127 | cola=  34 | prio=50 | https://aetn.gob.bo/direcciones/
[AETN] t= 172.9s | pag=183 | files= 171 | data=127 | cola=  33 | prio=50 | https://aetn.gob.bo/enlaces-de-interes/
[AETN] t= 173.9s | pag=184 | files= 171 | data=127 | cola=  32 | prio=50 | https://rpc.aetn.gob.bo/
[AETN] t= 174.9s | pag=185 | files= 171 | data=127 | cola=  31 | prio=50 | https://www.aetn.gob.bo/wf-web/gendis/
[AETN] t= 175.6s | pag=186 | files= 171 | data=127 | cola=  30 | prio=50 | https://gendis2.aetn.gob.bo/gd
[AETN] t= 176.9s | pag=187 | files= 173 | data=127 | cola=  38 | prio=50 | https://sawi.aetn.gob.bo/saturno/users/
[AETN] t= 178.2s | pag=188 | files= 173 | data=127 | cola=  37 | prio=50 | https://www.aetn.gob.bo/acoe/seguimientos
[AETN] t= 178.7s | pag=189 | files= 173 | data=127 | cola=  39 | prio=50 | https://www.aetn.gob.bo/acoe/departamentos
[AETN] t= 179.2s | pag=190 | files= 173 | data=127 | cola=  47 | prio=50 | https://sawi.aetn.gob.bo/wf-web/form/
[AETN] t= 179.9s | pag=191 | files= 173 | data=127 | cola=  46 | prio=50 | https://aetn.gob.bo/nota_prensa/difusion-de-nuevas-reformas-para-impulsar-las-energias-renovables-en-las-redes-de-distribucion/
[AETN] t= 180.9s | pag=192 | files= 173 | data=127 | cola=  45 | prio=50 | https://aetn.gob.bo/nota_prensa/1227/
[AETN] t= 181.6s | pag=193 | files= 173 | data=127 | cola=  44 | prio=50 | https://aetn.gob.bo/nota_prensa/aetn-presenta-los-desafios-de-la-modernizacion-regulatoria-en-el-taller-nacional-relac-bolivia/
[AETN] t= 182.3s | pag=194 | files= 173 | data=127 | cola=  43 | prio=50 | https://aetn.gob.bo/nota_prensa/taller-para-fortalecer-el-seguimiento-a-los-programas-de-inversion-de-las-empresas-distribuidoras-de-electricidad/
[AETN] t= 183.4s | pag=195 | files= 173 | data=127 | cola=  42 | prio=50 | https://aetn.gob.bo/nota_prensa/aetn-y-la-aaps-suscriben-convenio-para-fortalecer-capacidades-tecnicas-y-regulatorias/
[AETN] t= 184.3s | pag=196 | files= 173 | data=127 | cola=  41 | prio=50 | https://aetn.gob.bo/nota_prensa/codespra-presento-el-libro-proteccion-radiologica/
[AETN] t= 185.1s | pag=197 | files= 173 | data=127 | cola=  40 | prio=50 | https://aetn.gob.bo/nota_prensa/aetn-y-ministerio-de-salud-coordinan-acciones-en-actividades-de-radiodiagnostico/
[AETN] t= 186.0s | pag=198 | files= 173 | data=127 | cola=  39 | prio=50 | https://aetn.gob.bo/nota_prensa/fortalecimiento-del-marco-regulatorio-del-sector-energetico/
[AETN] t= 187.0s | pag=199 | files= 173 | data=127 | cola=  38 | prio=50 | https://aetn.gob.bo/mapa-del-sitio/
[AETN] t= 187.8s | pag=200 | files= 173 | data=127 | cola=  37 | prio=50 | https://aetn.gob.bo/tarifas-vigentes/page/2/
[AETN] t= 188.8s | pag=201 | files= 183 | data=128 | cola=  37 | prio=50 | https://aetn.gob.bo/tarifas-vigentes/page/3/
[AETN] t= 189.6s | pag=202 | files= 189 | data=129 | cola=  36 | prio=50 | https://aetn.gob.bo/memoria-intitucional/page/2/
[AETN] t= 190.9s | pag=203 | files= 199 | data=129 | cola=  36 | prio=50 | https://aetn.gob.bo/memoria-intitucional/page/3/
[AETN] t= 191.7s | pag=204 | files= 204 | data=129 | cola=  35 | prio=50 | https://aetn.gob.bo/programacion-operativa-anual-poa/page/2/
[AETN] t= 192.3s | pag=205 | files= 209 | data=129 | cola=  35 | prio=50 | https://aetn.gob.bo/comunicados/page/2/
[AETN] t= 192.7s | pag=205 | files= 209 | data=129 | cola=  34 | prio=50 | https://aetn.gob.bo/comunicados/page/3/
[AETN] t= 193.6s | pag=205 | files= 209 | data=129 | cola=  33 | prio=50 | https://aetn.gob.bo/nota_prensa/aetn-realizo-capacitacion-sobre-cumplimiento-de-obligaciones-contractuales-y-temas-regulatorios/
[AETN] t= 194.7s | pag=206 | files= 209 | data=129 | cola=  32 | prio=50 | https://aetn.gob.bo/nota_prensa/audiencia-de-rendicion-publicas-de-cuentas-final-gestion-2025/
[AETN] t= 195.7s | pag=207 | files= 209 | data=129 | cola=  31 | prio=50 | https://sawi.aetn.gob.bo/consv2/cons_web/web.html
[AETN] t= 196.9s | pag=208 | files= 209 | data=129 | cola=  30 | prio=50 | https://aetn.gob.bo/terminos-de-referencia/page/2/
[AETN] t= 197.4s | pag=209 | files= 219 | data=129 | cola=  31 | prio=50 | https://aetn.gob.bo/terminos-de-referencia/page/3/
[AETN] t= 198.4s | pag=210 | files= 229 | data=129 | cola=  31 | prio=50 | https://aetn.gob.bo/terminos-de-referencia/page/7/
[AETN] t= 199.1s | pag=211 | files= 239 | data=129 | cola=  31 | prio=50 | https://gendis2.aetn.gob.bo/
[AETN] t= 200.1s | pag=211 | files= 239 | data=129 | cola=  30 | prio=50 | https://gendis2.aetn.gob.bo/gd/instaladora
[AETN] t= 201.1s | pag=212 | files= 239 | data=129 | cola=  29 | prio=50 | https://gendis2.aetn.gob.bo/gd/dimensionamiento
[AETN] t= 201.8s | pag=213 | files= 239 | data=129 | cola=  29 | prio=50 | https://gendis2.aetn.gob.bo/gd/geovisor
[AETN] t= 202.7s | pag=214 | files= 239 | data=130 | cola=  28 | prio=50 | https://gendis2.aetn.gob.bo/gd/geolinera
[AETN] t= 203.6s | pag=215 | files= 239 | data=130 | cola=  27 | prio=50 | https://www.aetn.gob.bo/
[AETN] t= 205.1s | pag=215 | files= 239 | data=130 | cola=  26 | prio=50 | https://www.aetn.gob.bo/web/main?cid=218&mid=1
[AETN] t= 206.7s | pag=215 | files= 239 | data=130 | cola=  25 | prio=50 | https://www.aetn.gob.bo/web/main?cid=216&mid=1
[AETN] t= 208.2s | pag=215 | files= 239 | data=130 | cola=  24 | prio=50 | https://gendis2.aetn.gob.bo/gd/index
[AETN] t= 209.2s | pag=216 | files= 239 | data=130 | cola=  23 | prio=50 | https://www.aetn.gob.bo/acoe/principals
[AETN] t= 209.9s | pag=217 | files= 239 | data=130 | cola=  31 | prio=50 | https://www.aetn.gob.bo/corporate/terms.html
[AETN] t= 211.2s | pag=217 | files= 239 | data=130 | cola=  30 | prio=50 | https://www.aetn.gob.bo/corporate/pp.html
[AETN] t= 212.2s | pag=217 | files= 239 | data=130 | cola=  29 | prio=50 | https://www.aetn.gob.bo/acoe/Empresas/showEmpresas/?depto=beni
[AETN] t= 212.7s | pag=218 | files= 239 | data=130 | cola=  30 | prio=50 | https://www.aetn.gob.bo/acoe/Empresas/showEmpresas/?depto=chuquisaca
[AETN] t= 213.4s | pag=219 | files= 239 | data=130 | cola=  32 | prio=50 | https://www.aetn.gob.bo/acoe/Empresas/showEmpresas/?depto=cochabamba
[AETN] t= 214.1s | pag=220 | files= 239 | data=130 | cola=  32 | prio=50 | https://www.aetn.gob.bo/acoe/Empresas/showEmpresas/?depto=la_paz
[AETN] t= 214.6s | pag=221 | files= 239 | data=130 | cola=  33 | prio=50 | https://www.aetn.gob.bo/acoe/Empresas/showEmpresas/?depto=oruro
[AETN] t= 215.5s | pag=222 | files= 239 | data=130 | cola=  40 | prio=50 | https://www.aetn.gob.bo/acoe/Empresas/showEmpresas/?depto=pando
[AETN] t= 216.3s | pag=223 | files= 239 | data=130 | cola=  40 | prio=50 | https://www.aetn.gob.bo/acoe/Empresas/showEmpresas/?depto=potosi
[AETN] t= 216.8s | pag=224 | files= 239 | data=130 | cola=  45 | prio=50 | https://www.aetn.gob.bo/acoe/Empresas/showEmpresas/?depto=santa_cruz
[AETN] t= 217.6s | pag=225 | files= 239 | data=130 | cola=  47 | prio=50 | https://www.aetn.gob.bo/acoe/Empresas/showEmpresas/?depto=tarija
[AETN] t= 218.1s | pag=226 | files= 239 | data=130 | cola=  47 | prio=50 | https://aetn.gob.bo/tarifas-vigentes/page/1/
[AETN] t= 219.6s | pag=226 | files= 239 | data=130 | cola=  46 | prio=50 | https://aetn.gob.bo/memoria-intitucional/page/1/
[AETN] t= 220.9s | pag=226 | files= 239 | data=130 | cola=  45 | prio=50 | https://aetn.gob.bo/programacion-operativa-anual-poa/page/1/
[AETN] t= 222.0s | pag=226 | files= 239 | data=130 | cola=  44 | prio=50 | https://aetn.gob.bo/terminos-de-referencia/page/1/
[AETN] t= 223.4s | pag=226 | files= 239 | data=130 | cola=  43 | prio=50 | https://aetn.gob.bo/terminos-de-referencia/page/4/
[AETN] t= 224.6s | pag=227 | files= 249 | data=130 | cola=  42 | prio=50 | https://aetn.gob.bo/terminos-de-referencia/page/5/
[AETN] t= 225.4s | pag=228 | files= 258 | data=130 | cola=  41 | prio=50 | https://aetn.gob.bo/terminos-de-referencia/page/6/
[AETN] t= 226.3s | pag=229 | files= 268 | data=130 | cola=  40 | prio=50 | https://gendis2.aetn.gob.bo/gd/dimensionamiento/dimensionamiento_/
[AETN] t= 227.3s | pag=230 | files= 268 | data=130 | cola=  39 | prio=50 | https://www.aetn.gob.bo/web/main?cid=2&mid=1
[AETN] t= 228.4s | pag=230 | files= 268 | data=130 | cola=  38 | prio=50 | https://www.aetn.gob.bo/acoe/consumers/marcoLegal
[AETN] t= 229.2s | pag=231 | files= 269 | data=130 | cola=  38 | prio=50 | https://www.aetn.gob.bo/acoe/consumers/derechosObligaciones
[AETN] t= 229.7s | pag=232 | files= 269 | data=130 | cola=  37 | prio=50 | https://www.aetn.gob.bo/acoe/consumers/ahorrandoEnergia
[AETN] t= 230.4s | pag=233 | files= 269 | data=130 | cola=  36 | prio=50 | https://www.aetn.gob.bo/acoe/consumers/leerMedidor
[AETN] t= 230.9s | pag=234 | files= 269 | data=130 | cola=  35 | prio=50 | https://www.aetn.gob.bo/acoe/consumers/efectuarReclamo
[AETN] t= 231.2s | pag=235 | files= 269 | data=130 | cola=  34 | prio=50 | https://www.aetn.gob.bo/acoe/consumers/evitemosAccidentes
[AETN] t= 232.2s | pag=236 | files= 269 | data=130 | cola=  33 | prio=50 | https://www.aetn.gob.bo/acoe/consumers/preguntasFrecuentes
[AETN] t= 232.8s | pag=237 | files= 269 | data=130 | cola=  32 | prio=50 | https://www.aetn.gob.bo/acoe/maps/puntosAe
[AETN] t= 233.6s | pag=238 | files= 269 | data=130 | cola=  31 | prio=50 | https://www.aetn.gob.bo/acoe/Categorias/index/?logo_dir=img--empresas--LOGO_ENDEDELBENI.png&razon_social=ENDE+DELBENI+S.A.M.&sigla=DELBENI+S.A.M.&sistema=SIN
[AETN] t= 234.3s | pag=239 | files= 269 | data=130 | cola=  31 | prio=50 | https://www.aetn.gob.bo/acoe/Categorias/index/?logo_dir=img--empresas--cer.png&razon_social=ENDE+SISTEMA+RIBERALTA&sigla=ENDE+SISTEMA+RIBERALTA&sistema=AISLADO
[AETN] t= 234.9s | pag=240 | files= 269 | data=130 | cola=  30 | prio=50 | https://www.aetn.gob.bo/acoe/Categorias/index/?logo_dir=img--empresas--cessa.png&razon_social=Compa%C3%B1%C3%ADa+El%C3%A9ctrica+Sucre+S.A.&sigla=CESSA&sistema=SIN
[AETN] t= 235.5s | pag=241 | files= 269 | data=130 | cola=  29 | prio=50 | https://www.aetn.gob.bo/acoe/Categorias/index/?logo_dir=img--empresas--cosermo.png&razon_social=Cooperativa+de+Servicios+P%C3%BAblicos+Monteagudo+R.L.&sigla=COSERMO+R.L.&sistema=AISLADO
[AETN] t= 236.5s | pag=242 | files= 269 | data=130 | cola=  28 | prio=50 | https://www.aetn.gob.bo/acoe/Categorias/index/?logo_dir=img--empresas--ende_cintis.png&razon_social=ENDE+Sistema+Los+Cintis&sigla=ENDE+Sistema+Los+Cintis&sistema=AISLADO
[AETN] t= 237.2s | pag=243 | files= 269 | data=130 | cola=  27 | prio=50 | https://www.aetn.gob.bo/acoe/Categorias/index/?logo_dir=img--empresas--elfec.png&razon_social=Empresa+de+Luz+y+Fuerza+Electrica+Cochabamba+S.A.&sigla=ELFEC+S.A.&sistema=SIN
[AETN] t= 237.9s | pag=244 | files= 269 | data=130 | cola=  26 | prio=50 | https://www.aetn.gob.bo/acoe/Categorias/index/?logo_dir=img--empresas--delapaz.png&razon_social=Distribuidora+de+Electricidad+La+Paz+S.A.&sigla=DELAPAZ&sistema=SIN
[AETN] t= 238.3s | pag=245 | files= 269 | data=130 | cola=  25 | prio=50 | https://www.aetn.gob.bo/acoe/Categorias/index/?logo_dir=img--empresas--serelco.png&razon_social=EMPRESA+MULTIDISCIPLINARIA+SERELCO+S.R.L.&sigla=SERELCO&sistema=AISLADO
[AETN] t= 238.8s | pag=246 | files= 269 | data=130 | cola=  24 | prio=50 | https://www.aetn.gob.bo/acoe/Categorias/index/?logo_dir=img--empresas--cervi.png&razon_social=Cooperativa+de+Servicios+P%C3%BAblicos+de+Electricidad&sigla=CERVI+R.L.&sistema=AISLADO
[AETN] t= 239.6s | pag=247 | files= 269 | data=130 | cola=  23 | prio=50 | https://www.aetn.gob.bo/acoe/Categorias/index/?logo_dir=img--empresas--coop15novimbre.png&razon_social=Cooperativa+de+Servicios+El%C3%A9ctricos+15+de+Noviembre+Ltda.&sigla=COOP.+15+DE+NOVIEMBRE&sistema=AISLADO
[AETN] t= 240.1s | pag=248 | files= 269 | data=130 | cola=  22 | prio=50 | https://www.aetn.gob.bo/acoe/Categorias/index/?logo_dir=img--empresas--coopsel.png&razon_social=Cooperativa+de+Servicios+Electricos+5+de+Agosto+Ltda.&sigla=COOPSEL&sistema=AISLADO
[AETN] t= 241.1s | pag=249 | files= 269 | data=130 | cola=  21 | prio=50 | https://www.aetn.gob.bo/acoe/Categorias/index/?logo_dir=img--empresas--cosepaz.png&razon_social=Cooperativa+de+Servicios+P%C3%BAblicos+de+Electricidad+Paz%C3%B1a+R.L.&sigla=COSEPAZ+R.L.&sistema=AISLADO
[AETN] t= 242.0s | pag=250 | files= 269 | data=130 | cola=  20 | prio=50 | https://www.aetn.gob.bo/acoe/Categorias/index/?logo_dir=img--empresas--cosep.png&razon_social=Cooperativa+de+Electrificaci%C3%B3n+Rural+Paria+R.L.&sigla=COSEP+R.L.&sistema=AISLADO
[AETN] t= 242.9s | pag=251 | files= 269 | data=130 | cola=  19 | prio=50 | https://www.aetn.gob.bo/acoe/Categorias/index/?logo_dir=img--empresas--elfedech.png&razon_social=Empresa+de+Luz+y+Fuerza+El%C3%A9ctrica+de+Challapata+S.A.&sigla=ELFEDECH+S.A.&sistema=AISLADO
[AETN] t= 243.5s | pag=252 | files= 269 | data=130 | cola=  18 | prio=50 | https://www.aetn.gob.bo/acoe/Categorias/index/?logo_dir=img--empresas--emdeca.png&razon_social=Empresa+de+Distribuci%C3%B3n+de+Energ%C3%ADa+El%C3%A9ctrica+Caracollo+S.A.&sigla=EMDECA+S.A.&sistema=AISLADO
[AETN] t= 244.4s | pag=253 | files= 269 | data=130 | cola=  17 | prio=50 | https://www.aetn.gob.bo/acoe/Categorias/index/?logo_dir=img--empresas--deoruro.png&razon_social=ENDE+DEORURO+S.A.&sigla=ENDE+DEORURO+S.A.&sistema=SIN
[AETN] t= 245.0s | pag=254 | files= 269 | data=130 | cola=  16 | prio=50 | https://www.aetn.gob.bo/acoe/Categorias/index/?logo_dir=img--empresas--ende_cobija.png&razon_social=Empresa+Nacional+de+Electricidad&sigla=ENDE+COBIJA&sistema=AISLADO
[AETN] t= 245.9s | pag=255 | files= 269 | data=130 | cola=  15 | prio=50 | https://www.aetn.gob.bo/acoe/Categorias/index/?logo_dir=img--empresas--coopelect.png&razon_social=Cooperativa+de+Servicios+El%C3%A9ctricos+Tupiza+R.L.&sigla=COOPELECT+R.L.&sistema=AISLADO
[AETN] t= 246.5s | pag=256 | files= 269 | data=130 | cola=  14 | prio=50 | https://www.aetn.gob.bo/acoe/Categorias/index/?logo_dir=img--empresas--coseal.png&razon_social=Cooperativa+Electrica+Atocha+R.L.&sigla=COSEAL+R.L.&sistema=AISLADO
[AETN] t= 247.0s | pag=257 | files= 269 | data=130 | cola=  13 | prio=50 | https://www.aetn.gob.bo/acoe/Categorias/index/?logo_dir=img--empresas--emdell.png&razon_social=Empresa+Municipal+de+Distribuci%C3%B3n+de+Energ%C3%ADa+El%C3%A9ctrica+Llallagua&sigla=EMDELL&sistema=AISLADO
[AETN] t= 247.4s | pag=258 | files= 269 | data=130 | cola=  12 | prio=50 | https://www.aetn.gob.bo/acoe/Categorias/index/?logo_dir=img--empresas--empseu.png&razon_social=Empresa+P%C3%BAblica+Municipal+de+Servicios+El%C3%A9ctricos+de+Unc%C3%ADa+%28EM.P.S.E.U.%29&sigla=EMPSEU&sistema=AISLADO
[AETN] t= 248.3s | pag=259 | files= 269 | data=130 | cola=  11 | prio=50 | https://www.aetn.gob.bo/acoe/Categorias/index/?logo_dir=img--empresas--ende_uyuni.png&razon_social=ENDE+Sistema+Uyuni&sigla=ENDE+Sistema+Uyuni&sistema=AISLADO
[AETN] t= 248.8s | pag=260 | files= 269 | data=130 | cola=  10 | prio=50 | https://www.aetn.gob.bo/acoe/Categorias/index/?logo_dir=img--empresas--sepsa.png&razon_social=Servicios+El%C3%A9ctricos+Potosi+S.A.&sigla=SEPSA&sistema=SIN
[AETN] t= 249.3s | pag=261 | files= 269 | data=130 | cola=   9 | prio=50 | https://www.aetn.gob.bo/acoe/Categorias/index/?logo_dir=img--empresas--cre.png&razon_social=Cooperativa+Rural+de+Electrificaci%C3%B3n+R.L.&sigla=CRE+R.L.&sistema=SIN
[AETN] t= 249.9s | pag=262 | files= 269 | data=130 | cola=   8 | prio=50 | https://www.aetn.gob.bo/acoe/Categorias/index/?logo_dir=img--empresas--ende_chiquitania.png&razon_social=ENDE+Chiquitania+S.A.&sigla=ENDE+Chiquitania+S.A.&sistema=AISLADO
[AETN] t= 250.7s | pag=263 | files= 269 | data=130 | cola=   7 | prio=50 | https://www.aetn.gob.bo/acoe/Categorias/index/?logo_dir=img--empresas--ende_guaracachi.png&razon_social=ENDE+Guaracachi+S.A.&sigla=ENDE+Guaracachi+S.A.&sistema=AISLADO
[AETN] t= 251.5s | pag=264 | files= 269 | data=130 | cola=   6 | prio=50 | https://www.aetn.gob.bo/acoe/Categorias/index/?logo_dir=img--empresas--setar.png&razon_social=Servicios+El%C3%A9ctricos+de+Tarija&sigla=SETAR&sistema=SIN
[AETN] t= 252.1s | pag=265 | files= 269 | data=130 | cola=   5 | prio=50 | https://www.aetn.gob.bo/acoe/consumers/109
[AETN] t= 252.6s | pag=265 | files= 269 | data=130 | cola=   4 | prio=50 | https://www.aetn.gob.bo/acoe/maps/puntosAtencion
[AETN] t= 254.0s | pag=266 | files= 269 | data=130 | cola=   4 | prio=50 | https://www.aetn.gob.bo/acoe/maps/comoLlegar
[AETN] t= 254.8s | pag=267 | files= 269 | data=130 | cola=   3 | prio=70 | https://aetn.gob.bo/mision-vision-valores-y-principios-de-la-entidad/
[AETN] t= 255.9s | pag=268 | files= 269 | data=130 | cola=   2 | prio=70 | https://aetn.gob.bo/galeria-multimedia/
[AETN] t= 257.0s | pag=269 | files= 269 | data=130 | cola=   6 | prio=70 | https://aetn.gob.bo/nomina-de-autoridades/
[AETN] t= 257.8s | pag=270 | files= 270 | data=130 | cola=   5 | prio=70 | https://aetn.gob.bo/formulario-de-contacto/
[AETN] t= 258.7s | pag=271 | files= 270 | data=130 | cola=   4 | prio=70 | https://aetn.gob.bo/galeria/codespra-presento-el-libro-proteccion-radiologica/
[AETN] t= 259.2s | pag=272 | files= 270 | data=130 | cola=   3 | prio=70 | https://aetn.gob.bo/galeria/aetn-y-ministerio-de-salud-coordinan-acciones-en-actividades-de-radiodiagnostico/
[AETN] t= 260.0s | pag=273 | files= 270 | data=130 | cola=   2 | prio=70 | https://aetn.gob.bo/galeria/fortalecimiento-del-marco-regulatorio-del-sector-energetico/
[AETN] t= 260.6s | pag=274 | files= 270 | data=130 | cola=   1 | prio=70 | https://aetn.gob.bo/galeria/capacitacion-sobre-cumplimiento-de-obligaciones-contractuales/
[AETN] t= 261.8s | pag=275 | files= 270 | data=130 | cola=   0 | prio=70 | https://aetn.gob.bo/galeria/audiencia-de-rendicion-publicas-de-cuentas-final-gestion-2025/

================================================================================
RESULTADO
================================================================================
Fuente:              aetn
Páginas visitadas:   276
Archivos encontrados:  270
Datasets web:         130
Errores:              4
Motivo de parada:     frontier_exhausted
Duración:             262.38 s

Formatos:
  - DOC    : 1
  - DOCX   : 5
  - PDF    : 261
  - RAR    : 1
  - XLSX   : 2

JSON: C:\Ultimo Semestre 7\trabajo\DATAX\team crawler\crawler_asfi\Crawler_BCB\crawler_v2\output\aetn.json

Trazabilidad:
  Ejecución: 27
  Estado:    PROCESSED
  Base:      C:\Ultimo Semestre 7\trabajo\DATAX\team crawler\crawler_asfi\Crawler_BCB\crawler_v2\trace\crawler_trace.sqlite
