================================================================================
CRAWLER V2
================================================================================
Fuente: Autoridad de Fiscalización y Control de Pensiones y Seguros
URL configurada: https://www.aps.gob.bo
Timeout HTTP: 15 s
Pausa HTTP:   aleatoria 0.30s - 0.90s


Resolución de fuente:
  Original: https://www.aps.gob.bo
  Utilizada: https://www.aps.gob.bo/
  Fallback: sí
  Intentos: 1
    - usable         | HTTP=200 | https://www.aps.gob.bo/

URL de trabajo: https://www.aps.gob.bo/
Seeds: 1
Máx páginas: 10000
Máx archivos: 100000
Máx profundidad: 20

[FULL_6_APS] t=   0.0s | pag=  0 | files=   0 | data=  0 | cola=   0 | prio= 0 | https://www.aps.gob.bo/
[FULL_6_APS] t=   1.7s | pag=  1 | files=  11 | data=  0 | cola=  49 | prio=10 | https://www.aps.gob.bo/index.php/institucional/acerca-de-aps/resena-historica
[FULL_6_APS] t=   2.3s | pag=  2 | files=  11 | data=  0 | cola=  48 | prio=10 | https://www.aps.gob.bo/index.php/institucional/informes-de-resultados-de-viajes-al-exterior
[FULL_6_APS] t=   3.2s | pag=  3 | files=  11 | data=  0 | cola=  47 | prio=50 | https://www.aps.gob.bo/index.php
[FULL_6_APS] t=   3.9s | pag=  4 | files=  11 | data=  0 | cola=  46 | prio=50 | https://www.aps.gob.bo/index.php/institucional/acerca-de-aps/informacion-de-la-mae
[FULL_6_APS] t=   4.7s | pag=  5 | files=  11 | data=  0 | cola=  45 | prio=50 | https://www.aps.gob.bo/index.php/institucional/acerca-de-aps/valores-y-principios
[FULL_6_APS] t=   5.8s | pag=  6 | files=  11 | data=  0 | cola=  44 | prio=50 | https://www.aps.gob.bo/index.php/institucional/acerca-de-aps/objetivos-institucionales
[FULL_6_APS] t=   6.8s | pag=  7 | files=  11 | data=  0 | cola=  43 | prio=50 | https://www.aps.gob.bo/index.php/institucional/planificacion/informacion-planificacion
[FULL_6_APS] t=   7.3s | pag=  8 | files=  12 | data=  0 | cola=  45 | prio=50 | https://www.aps.gob.bo/index.php/institucional/planificacion/programas-y-proyectos-de-inversion
[FULL_6_APS] t=   8.2s | pag=  9 | files=  12 | data=  0 | cola=  44 | prio=50 | https://www.aps.gob.bo/index.php/institucional/recursos-humanos/convocatorias-publicas
[FULL_6_APS] t=   8.9s | pag= 10 | files=  16 | data=  0 | cola=  43 | prio=50 | https://www.aps.gob.bo/index.php/institucional/administracion-y-finanzas
[FULL_6_APS] t=   9.5s | pag= 11 | files=  16 | data=  0 | cola=  42 | prio=50 | https://www.aps.gob.bo/index.php/institucional/enlaces-externos
[FULL_6_APS] t=  10.3s | pag= 12 | files=  16 | data=  0 | cola=  41 | prio=50 | https://www.aps.gob.bo/index.php/institucional/politica-de-calidad
[FULL_6_APS] t=  11.0s | pag= 13 | files=  16 | data=  0 | cola=  40 | prio=50 | https://www.aps.gob.bo/index.php/institucional/correspondencia-digital
[FULL_6_APS] t=  11.5s | pag= 14 | files=  16 | data=  0 | cola=  39 | prio=50 | https://www.aps.gob.bo/index.php/institucional/auditoria-interna
[FULL_6_APS] t=  12.2s | pag= 15 | files=  16 | data=  0 | cola=  38 | prio=50 | https://www.aps.gob.bo/index.php/institucional/certificaciones
[FULL_6_APS] t=  12.8s | pag= 16 | files=  19 | data=  0 | cola=  37 | prio=50 | https://www.aps.gob.bo/index.php/institucional/mapa-del-sitio
[FULL_6_APS] t=  13.4s | pag= 17 | files=  19 | data=  0 | cola=  36 | prio=50 | https://www.aps.gob.bo/index.php/proteccion-al-ciudadano/consultas-y-reclamos
[FULL_6_APS] t=  14.1s | pag= 18 | files=  19 | data=  0 | cola=  35 | prio=50 | https://www.aps.gob.bo/index.php/proteccion-al-ciudadano/guia-de-tramites/aportes-en-el-exterior
[FULL_6_APS] t=  14.6s | pag= 19 | files=  19 | data=  0 | cola=  35 | prio=50 | https://www.aps.gob.bo/index.php/proteccion-al-ciudadano/registro-para-consultores
[FULL_6_APS] t=  15.6s | pag= 20 | files=  20 | data=  0 | cola=  34 | prio=50 | https://www.aps.gob.bo/index.php/proteccion-al-ciudadano/medicos-habilitados-sip
[FULL_6_APS] t=  16.4s | pag= 21 | files=  20 | data=  0 | cola=  33 | prio=50 | https://www.aps.gob.bo/index.php/proteccion-al-ciudadano/preguntas-frecuentes
[FULL_6_APS] t=  17.1s | pag= 22 | files=  20 | data=  0 | cola=  32 | prio=50 | https://www.aps.gob.bo/index.php/pensiones/entidades-fiscalizadas
[FULL_6_APS] t=  17.9s | pag= 23 | files=  20 | data=  0 | cola=  31 | prio=50 | https://www.aps.gob.bo/index.php/pensiones/normativa
[FULL_6_APS] t=  18.7s | pag= 24 | files=  84 | data=  0 | cola=  30 | prio=50 | https://www.aps.gob.bo/index.php/pensiones/normativa-internacional
[FULL_6_APS] t=  19.3s | pag= 25 | files=  86 | data=  0 | cola=  29 | prio=50 | https://www.aps.gob.bo/index.php/pensiones/consulta-a-tramites-de-dictamenes
[FULL_6_APS] t=  19.8s | pag= 26 | files=  86 | data=  0 | cola=  28 | prio=50 | https://www.aps.gob.bo/index.php/seguros/entidades-fiscalizadas
[FULL_6_APS] t=  20.8s | pag= 27 | files=  86 | data=  0 | cola=  28 | prio=10 | https://aplicaciones.aps.gob.bo/reportes_asp/index.html
[FULL_6_APS] DATASETS=1 | data_html_table | https://aplicaciones.aps.gob.bo/reportes_asp/index.html
[FULL_6_APS] t=  22.1s | pag= 28 | files=  86 | data=  1 | cola=  27 | prio=50 | https://www.aps.gob.bo/index.php/seguros/normativa
[FULL_6_APS] t=  23.1s | pag= 29 | files= 127 | data=  1 | cola=  26 | prio=50 | https://www.aps.gob.bo/index.php/seguros/sistemas-de-informacion
[FULL_6_APS] t=  27.0s | pag= 30 | files= 146 | data=  1 | cola=  27 | prio=50 | https://www.aps.gob.bo/index.php/seguros/monitoreo-de-reaseguradores-y-corredores-de-seguros
[FULL_6_APS] t=  27.9s | pag= 31 | files= 146 | data=  1 | cola=  26 | prio=50 | https://www.aps.gob.bo/index.php?id=20&option=com_sppagebuilder&view=page
[FULL_6_APS] t=  28.7s | pag= 32 | files= 146 | data=  1 | cola=  30 | prio=50 | https://www.aps.gob.bo/index.php?id=124&option=com_sppagebuilder&view=page
[FULL_6_APS] t=  29.3s | pag= 33 | files= 146 | data=  1 | cola=  30 | prio=50 | https://www.aps.gob.bo/index.php?id=24&option=com_sppagebuilder&view=page
[FULL_6_APS] t=  29.9s | pag= 34 | files= 146 | data=  1 | cola=  32 | prio=50 | https://www.aps.gob.bo/index.php?id=73&option=com_sppagebuilder&view=page
[FULL_6_APS] t=  30.4s | pag= 35 | files= 146 | data=  1 | cola=  34 | prio=50 | https://moodle.aps.gob.bo/
[FULL_6_APS] t=  31.3s | pag= 36 | files= 146 | data=  1 | cola=  56 | prio=10 | https://moodle.aps.gob.bo/admin/tool/dataprivacy/summary.php
[FULL_6_APS] t=  32.1s | pag= 37 | files= 146 | data=  1 | cola=  57 | prio=10 | https://moodle.aps.gob.bo/admin/tool/dataprivacy/summary.php?lang=en
[FULL_6_APS] t=  33.0s | pag= 38 | files= 146 | data=  1 | cola=  56 | prio=10 | https://moodle.aps.gob.bo/admin/tool/dataprivacy/summary.php?lang=es
[FULL_6_APS] t=  33.8s | pag= 39 | files= 146 | data=  1 | cola=  55 | prio=50 | https://www.aps.gob.bo/index.php?id=26&option=com_sppagebuilder&view=page
[FULL_6_APS] t=  34.6s | pag= 40 | files= 146 | data=  1 | cola=  58 | prio=50 | https://www.aps.gob.bo/index.php?id=69&option=com_sppagebuilder&view=page
[FULL_6_APS] t=  35.5s | pag= 41 | files= 146 | data=  1 | cola=  61 | prio=50 | https://www.aps.gob.bo/index.php/component/spsimpleportfolio/item/24-bicentenario-ministerio-de-economia-y-finanzas-publicas?Itemid=0
[FULL_6_APS] t=  36.3s | pag= 42 | files= 146 | data=  1 | cola=  60 | prio=50 | https://www.aps.gob.bo/index.php/component/spsimpleportfolio/item/31-fortaleciendo-la-seguridad?Itemid=0
[FULL_6_APS] t=  36.9s | pag= 43 | files= 146 | data=  1 | cola=  59 | prio=50 | https://www.aps.gob.bo/index.php/component/spsimpleportfolio/item/30-mayor-inclusion?Itemid=0
[FULL_6_APS] t=  37.4s | pag= 44 | files= 146 | data=  1 | cola=  58 | prio=50 | https://www.aps.gob.bo/index.php/component/spsimpleportfolio/item/29-trabajamos-por-la-proteccion?Itemid=0
[FULL_6_APS] t=  38.1s | pag= 45 | files= 146 | data=  1 | cola=  57 | prio=50 | https://www.aps.gob.bo/index.php?id=75&option=com_sppagebuilder&view=page
[FULL_6_APS] t=  39.1s | pag= 46 | files= 146 | data=  1 | cola=  56 | prio=50 | https://www.aps.gob.bo/index.php?id=59&option=com_sppagebuilder&view=page
[FULL_6_APS] t=  39.9s | pag= 47 | files= 146 | data=  1 | cola=  56 | prio=50 | https://www.aps.gob.bo/index.php?id=60&option=com_sppagebuilder&view=page
[FULL_6_APS] t=  40.5s | pag= 48 | files= 146 | data=  1 | cola=  55 | prio=50 | https://www.aps.gob.bo/index.php?id=115&option=com_sppagebuilder&view=page
[FULL_6_APS] t=  41.3s | pag= 49 | files= 146 | data=  1 | cola=  54 | prio=50 | https://www.aps.gob.bo/atencion-al-ciudadano/guia-de-tramites/aportes-en-el-exterior
[FULL_6_APS] t=  41.7s | pag= 49 | files= 146 | data=  1 | cola=  53 | prio=50 | https://aplicaciones.aps.gob.bo/CRS
[FULL_6_APS] t=  42.9s | pag= 50 | files= 151 | data=  1 | cola=  53 | prio=50 | https://www.aps.gob.bo/index.php?id=77&option=com_sppagebuilder&view=page
[FULL_6_APS] t=  43.9s | pag= 51 | files= 151 | data=  1 | cola=  52 | prio=50 | https://www.aps.gob.bo/index.php?id=63&option=com_sppagebuilder&view=page
[FULL_6_APS] t=  44.6s | pag= 52 | files= 151 | data=  1 | cola=  51 | prio=50 | https://www.aps.gob.bo/index.php?id=64&option=com_sppagebuilder&view=page
[FULL_6_APS] t=  45.5s | pag= 53 | files= 151 | data=  1 | cola=  50 | prio=50 | https://www.aps.gob.bo/index.php?id=126&option=com_sppagebuilder&view=page
[FULL_6_APS] t=  46.0s | pag= 54 | files= 151 | data=  1 | cola=  49 | prio=50 | https://www.aps.gob.bo/index.php?id=129&option=com_sppagebuilder&view=page
[FULL_6_APS] t=  46.7s | pag= 55 | files= 151 | data=  1 | cola=  50 | prio=50 | https://www.aps.gob.bo/index.php?id=109&option=com_sppagebuilder&view=page
[FULL_6_APS] t=  47.5s | pag= 56 | files= 151 | data=  1 | cola=  49 | prio=50 | https://www.aps.gob.bo/index.php?id=127&option=com_sppagebuilder&view=page
[FULL_6_APS] t=  48.4s | pag= 57 | files= 151 | data=  1 | cola=  48 | prio=50 | https://www.aps.gob.bo/index.php?id=101&option=com_sppagebuilder&view=page
[FULL_6_APS] t=  49.1s | pag= 58 | files= 151 | data=  1 | cola=  47 | prio=50 | https://www.aps.gob.bo/index.php?id=107&option=com_sppagebuilder&view=page
[FULL_6_APS] t=  49.7s | pag= 59 | files= 152 | data=  1 | cola=  46 | prio=50 | https://www.aps.gob.bo/index.php?id=108&option=com_sppagebuilder&view=page
[FULL_6_APS] t=  50.2s | pag= 60 | files= 153 | data=  1 | cola=  45 | prio=50 | https://www.aps.gob.bo/index.php?id=130&option=com_sppagebuilder&view=page
[FULL_6_APS] t=  50.7s | pag= 61 | files= 153 | data=  1 | cola=  46 | prio=50 | https://www.aps.gob.bo/index.php?id=41&option=com_sppagebuilder&view=page
[FULL_6_APS] t=  51.2s | pag= 62 | files= 153 | data=  1 | cola=  45 | prio=50 | https://www.aps.gob.bo/index.php?id=72&option=com_sppagebuilder&view=page
[FULL_6_APS] t=  52.2s | pag= 63 | files= 153 | data=  1 | cola=  45 | prio=50 | http://moodle.aps.gob.bo/course/index.php?categoryid=6
[FULL_6_APS] t=  52.9s | pag= 64 | files= 153 | data=  1 | cola=  46 | prio=50 | https://moodle.aps.gob.bo/?lang=en
[FULL_6_APS] t=  53.6s | pag= 65 | files= 153 | data=  1 | cola=  45 | prio=50 | https://moodle.aps.gob.bo/?lang=es
[FULL_6_APS] t=  54.3s | pag= 66 | files= 153 | data=  1 | cola=  44 | prio=50 | https://moodle.aps.gob.bo/mod/quiz/view.php?id=2004
[FULL_6_APS] t=  55.0s | pag= 67 | files= 153 | data=  1 | cola=  43 | prio=50 | https://moodle.aps.gob.bo/course/index.php
[FULL_6_APS] t=  55.5s | pag= 68 | files= 153 | data=  1 | cola=  44 | prio=50 | https://moodle.aps.gob.bo/course/index.php?categoryid=7
[FULL_6_APS] t=  55.9s | pag= 69 | files= 153 | data=  1 | cola=  44 | prio=50 | https://moodle.aps.gob.bo/course/index.php?categoryid=3
[FULL_6_APS] t=  56.7s | pag= 70 | files= 153 | data=  1 | cola=  45 | prio=50 | https://moodle.aps.gob.bo/course/index.php?categoryid=8
[FULL_6_APS] t=  57.2s | pag= 71 | files= 153 | data=  1 | cola=  46 | prio=50 | https://moodle.aps.gob.bo/course/index.php?categoryid=9
[FULL_6_APS] t=  58.1s | pag= 72 | files= 153 | data=  1 | cola=  47 | prio=50 | https://moodle.aps.gob.bo/course/view.php?id=228
[FULL_6_APS] t=  58.7s | pag= 72 | files= 153 | data=  1 | cola=  46 | prio=50 | https://moodle.aps.gob.bo/course/view.php?id=229
[FULL_6_APS] t=  60.0s | pag= 72 | files= 153 | data=  1 | cola=  45 | prio=50 | https://moodle.aps.gob.bo/course/view.php?id=230
[FULL_6_APS] t=  61.0s | pag= 72 | files= 153 | data=  1 | cola=  44 | prio=50 | https://moodle.aps.gob.bo/course/view.php?id=231
[FULL_6_APS] t=  61.7s | pag= 72 | files= 153 | data=  1 | cola=  43 | prio=50 | https://moodle.aps.gob.bo/course/view.php?id=233
[FULL_6_APS] t=  62.6s | pag= 72 | files= 153 | data=  1 | cola=  42 | prio=50 | https://moodle.aps.gob.bo/course/view.php?id=199
[FULL_6_APS] t=  63.4s | pag= 72 | files= 153 | data=  1 | cola=  41 | prio=50 | https://moodle.aps.gob.bo/course/view.php?id=222
[FULL_6_APS] t=  64.7s | pag= 72 | files= 153 | data=  1 | cola=  40 | prio=50 | https://moodle.aps.gob.bo/course/view.php?id=210
[FULL_6_APS] t=  66.0s | pag= 72 | files= 153 | data=  1 | cola=  39 | prio=50 | https://moodle.aps.gob.bo/user/view.php?course=1&id=942
[FULL_6_APS] t=  67.1s | pag= 72 | files= 153 | data=  1 | cola=  38 | prio=50 | https://moodle.aps.gob.bo/user/view.php?course=1&id=451
[FULL_6_APS] t=  68.0s | pag= 72 | files= 153 | data=  1 | cola=  37 | prio=50 | https://moodle.aps.gob.bo/course/view.php?id=209
[FULL_6_APS] t=  69.2s | pag= 72 | files= 153 | data=  1 | cola=  36 | prio=50 | https://www.aps.gob.bo/index.php?id=135&option=com_sppagebuilder&view=page
[FULL_6_APS] t=  70.6s | pag= 73 | files= 155 | data=  1 | cola=  35 | prio=50 | https://www.aps.gob.bo/index.php?id=136&option=com_sppagebuilder&view=page
[FULL_6_APS] t=  71.1s | pag= 74 | files= 157 | data=  1 | cola=  34 | prio=50 | https://www.aps.gob.bo/index.php?id=56&option=com_sppagebuilder&view=page
[FULL_6_APS] t=  72.0s | pag= 75 | files= 157 | data=  1 | cola=  35 | prio=50 | https://www.aps.gob.bo/index.php?id=55&option=com_sppagebuilder&view=page
[FULL_6_APS] t=  72.8s | pag= 76 | files= 157 | data=  1 | cola=  35 | prio=50 | https://www.aps.gob.bo/index.php?id=70&option=com_sppagebuilder&view=page
[FULL_6_APS] t=  73.6s | pag= 77 | files= 157 | data=  1 | cola=  35 | prio=50 | https://www.aps.gob.bo/index.php?id=120&option=com_sppagebuilder&view=page
[FULL_6_APS] t=  74.4s | pag= 78 | files= 157 | data=  1 | cola=  34 | prio=50 | https://www.aps.gob.bo/index.php?id=121&option=com_sppagebuilder&view=page
[FULL_6_APS] t=  75.5s | pag= 79 | files= 157 | data=  1 | cola=  33 | prio=50 | https://www.aps.gob.bo/index.php?id=122&option=com_sppagebuilder&view=page
[FULL_6_APS] t=  76.3s | pag= 80 | files= 157 | data=  1 | cola=  32 | prio=50 | https://www.aps.gob.bo/index.php?id=58&option=com_sppagebuilder&view=page
[FULL_6_APS] t=  77.0s | pag= 81 | files= 157 | data=  1 | cola=  31 | prio=50 | https://aplicaciones.aps.gob.bo/CRS/Actualizaciones.aspx
[FULL_6_APS] t=  81.3s | pag= 82 | files= 160 | data=  1 | cola=  30 | prio=50 | https://www.aps.gob.bo/images/dossier/index.html
[FULL_6_APS] t=  82.7s | pag= 83 | files= 160 | data=  1 | cola=  31 | prio=50 | https://www.aps.gob.bo/pages/dossierv2/index.html
[FULL_6_APS] t=  83.1s | pag= 84 | files= 160 | data=  1 | cola=  31 | prio=50 | https://www.aps.gob.bo/pages/compendios/pensiones/
[FULL_6_APS] t=  83.9s | pag= 85 | files= 686 | data=  1 | cola=  30 | prio=50 | https://www.aps.gob.bo/pages/compendios/seguros/
[FULL_6_APS] t=  84.5s | pag= 86 | files= 871 | data=  1 | cola=  29 | prio=50 | https://www.aps.gob.bo/index.php?id=34&option=com_sppagebuilder&view=page
[FULL_6_APS] t=  85.0s | pag= 87 | files= 871 | data=  1 | cola=  28 | prio=50 | https://moodle.aps.gob.bo/course/index.php?categoryid=6&lang=en
[FULL_6_APS] t=  86.0s | pag= 88 | files= 871 | data=  1 | cola=  27 | prio=50 | https://moodle.aps.gob.bo/course/index.php?categoryid=6&lang=es
[FULL_6_APS] t=  86.5s | pag= 89 | files= 871 | data=  1 | cola=  26 | prio=50 | https://moodle.aps.gob.bo/course/index.php?lang=en
[FULL_6_APS] t=  87.4s | pag= 90 | files= 871 | data=  1 | cola=  25 | prio=50 | https://moodle.aps.gob.bo/course/index.php?lang=es
[FULL_6_APS] t=  88.3s | pag= 91 | files= 871 | data=  1 | cola=  24 | prio=50 | https://moodle.aps.gob.bo/course/index.php?categoryid=7&lang=en
[FULL_6_APS] t=  89.1s | pag= 92 | files= 871 | data=  1 | cola=  23 | prio=50 | https://moodle.aps.gob.bo/course/index.php?categoryid=7&lang=es
[FULL_6_APS] t=  89.9s | pag= 93 | files= 871 | data=  1 | cola=  22 | prio=50 | https://moodle.aps.gob.bo/course/index.php?categoryid=3&lang=en
[FULL_6_APS] t=  90.6s | pag= 94 | files= 871 | data=  1 | cola=  21 | prio=50 | https://moodle.aps.gob.bo/course/index.php?categoryid=3&lang=es
[FULL_6_APS] t=  91.2s | pag= 95 | files= 871 | data=  1 | cola=  20 | prio=50 | https://moodle.aps.gob.bo/course/index.php?categoryid=8&lang=en
[FULL_6_APS] t=  92.0s | pag= 96 | files= 871 | data=  1 | cola=  19 | prio=50 | https://moodle.aps.gob.bo/course/index.php?categoryid=8&lang=es
[FULL_6_APS] t=  92.7s | pag= 97 | files= 871 | data=  1 | cola=  18 | prio=50 | https://moodle.aps.gob.bo/course/index.php?categoryid=9&lang=en
[FULL_6_APS] t=  93.6s | pag= 98 | files= 871 | data=  1 | cola=  17 | prio=50 | https://moodle.aps.gob.bo/course/index.php?categoryid=9&lang=es
[FULL_6_APS] t=  94.3s | pag= 99 | files= 871 | data=  1 | cola=  16 | prio=50 | https://www.aps.gob.bo/index.php?id=97&option=com_sppagebuilder&view=page
[FULL_6_APS] t=  95.2s | pag=100 | files= 876 | data=  1 | cola=  15 | prio=50 | https://www.aps.gob.bo/index.php?id=93&option=com_sppagebuilder&view=page
[FULL_6_APS] t=  96.0s | pag=101 | files= 878 | data=  1 | cola=  14 | prio=50 | https://www.aps.gob.bo/index.php/atencion-al-ciudadano/renta-dignidad/requisitos
[FULL_6_APS] t=  96.5s | pag=101 | files= 878 | data=  1 | cola=  13 | prio=50 | https://www.aps.gob.bo/index.php?id=74&option=com_sppagebuilder&view=page
[FULL_6_APS] t=  97.5s | pag=102 | files= 878 | data=  1 | cola=  12 | prio=50 | https://www.aps.gob.bo/images/dossier/dossier.html
[FULL_6_APS] t=  98.1s | pag=103 | files= 878 | data=  1 | cola=  19 | prio=50 | http://www.aps.gob.bo/
[FULL_6_APS] t=  98.9s | pag=103 | files= 878 | data=  1 | cola=  18 | prio=50 | https://www.aps.gob.bo/pages/dossierv2/dossier.html
[FULL_6_APS] t= 100.0s | pag=104 | files= 878 | data=  1 | cola=  22 | prio=50 | https://www.aps.gob.bo/images/dossier/01-prestaciones.html
[FULL_6_APS] t= 100.9s | pag=105 | files= 894 | data=  1 | cola=  22 | prio=50 | https://www.aps.gob.bo/images/dossier/02-riesgos.html
[FULL_6_APS] t= 101.3s | pag=106 | files= 899 | data=  1 | cola=  22 | prio=50 | https://www.aps.gob.bo/images/dossier/03-afiliaciones.html
[FULL_6_APS] t= 101.9s | pag=107 | files= 917 | data=  1 | cola=  21 | prio=50 | https://www.aps.gob.bo/images/dossier/04-recaudaciones.html
[FULL_6_APS] t= 102.5s | pag=108 | files= 919 | data=  1 | cola=  20 | prio=50 | https://www.aps.gob.bo/images/dossier/05-mora.html
[FULL_6_APS] t= 103.3s | pag=109 | files= 923 | data=  1 | cola=  19 | prio=50 | https://www.aps.gob.bo/images/dossier/06-inversiones.html
[FULL_6_APS] t= 104.3s | pag=110 | files= 933 | data=  1 | cola=  19 | prio=50 | https://www.aps.gob.bo/images/dossier/07-contable.html
[FULL_6_APS] t= 104.9s | pag=111 | files= 935 | data=  1 | cola=  18 | prio=50 | https://www.aps.gob.bo/images/dossier/08-solidario.html
[FULL_6_APS] t= 105.3s | pag=112 | files= 937 | data=  1 | cola=  17 | prio=50 | https://www.aps.gob.bo/pages/dossierv2/01-prestaciones.html
[FULL_6_APS] t= 106.1s | pag=113 | files= 947 | data=  1 | cola=  17 | prio=50 | https://www.aps.gob.bo/pages/dossierv2/02-renta-dignidad.html
[FULL_6_APS] t= 106.7s | pag=114 | files= 955 | data=  1 | cola=  17 | prio=50 | https://www.aps.gob.bo/pages/dossierv2/03-riegos.html
[FULL_6_APS] t= 107.4s | pag=115 | files= 963 | data=  1 | cola=  17 | prio=50 | https://www.aps.gob.bo/pages/dossierv2/04-aseguramiento.html
[FULL_6_APS] t= 108.3s | pag=116 | files= 975 | data=  1 | cola=  17 | prio=50 | https://www.aps.gob.bo/pages/dossierv2/dossier2.html
[FULL_6_APS] t= 109.2s | pag=117 | files= 975 | data=  1 | cola=  20 | prio=50 | https://www.aps.gob.bo/images/dossier/01-prestaciones2.html
[FULL_6_APS] t= 110.1s | pag=118 | files= 983 | data=  1 | cola=  19 | prio=50 | https://www.aps.gob.bo/images/webdocs/UNE/DOSSIER/02.%20RIESGOS/PDF/2.1.3%20RIESGOS%20LA%20VITALICIA%20SEGUROS%20Y%20REASEGUROS%20DE%20VIDA%20S.Apdf
[FULL_6_APS] t= 111.0s | pag=118 | files= 983 | data=  1 | cola=  18 | prio=50 | https://www.aps.gob.bo/images/dossier/06-inversiones2.html
[FULL_6_APS] t= 112.2s | pag=119 | files= 989 | data=  1 | cola=  17 | prio=50 | https://www.aps.gob.bo/pages/dossierv2/01-prestaciones2.html
[FULL_6_APS] t= 113.0s | pag=120 | files= 992 | data=  1 | cola=  16 | prio=50 | https://www.aps.gob.bo/pages/dossierv2/02-renta-dignidad2.html
[FULL_6_APS] t= 113.9s | pag=121 | files= 996 | data=  1 | cola=  16 | prio=50 | https://www.aps.gob.bo/pages/dossierv2/03-riegos2.html
[FULL_6_APS] t= 114.6s | pag=122 | files= 998 | data=  1 | cola=  15 | prio=50 | https://www.aps.gob.bo/pages/dossierv2/04-aseguramiento2.html
[FULL_6_APS] t= 115.6s | pag=123 | files=1004 | data=  1 | cola=  14 | prio=50 | https://www.aps.gob.bo/pages/dossierv2/05-cotizaciones.html
[FULL_6_APS] t= 116.0s | pag=124 | files=1015 | data=  1 | cola=  13 | prio=50 | https://www.aps.gob.bo/pages/dossierv2/06-recaudaciones.html
[FULL_6_APS] t= 116.5s | pag=125 | files=1017 | data=  1 | cola=  12 | prio=50 | https://www.aps.gob.bo/pages/dossierv2/07-mora.html
[FULL_6_APS] t= 117.2s | pag=126 | files=1020 | data=  1 | cola=  11 | prio=50 | https://www.aps.gob.bo/pages/dossierv2/08-inversiones.html
[FULL_6_APS] t= 117.6s | pag=127 | files=1036 | data=  1 | cola=  11 | prio=50 | https://www.aps.gob.bo/pages/dossierv2/02-renta-dignidad3.html
[FULL_6_APS] t= 118.1s | pag=128 | files=1042 | data=  1 | cola=  11 | prio=50 | https://www.aps.gob.bo/pages/dossierv2/09-informacion.html
[FULL_6_APS] t= 118.7s | pag=129 | files=1046 | data=  1 | cola=  10 | prio=50 | https://www.aps.gob.bo/pages/dossierv2/02-renta-dignidad4.html
[FULL_6_APS] t= 119.6s | pag=130 | files=1052 | data=  1 | cola=  10 | prio=50 | https://www.aps.gob.bo/pages/dossierv2/02-renta-dignidad5.html
[FULL_6_APS] t= 120.0s | pag=131 | files=1058 | data=  1 | cola=   9 | prio=70 | https://www.aps.gob.bo/index.php/institucional/acerca-de-aps/mision-vision
[FULL_6_APS] t= 120.6s | pag=132 | files=1058 | data=  1 | cola=   8 | prio=70 | https://www.aps.gob.bo/index.php/transparencia/unidad-de-transparencia-y-lucha-contra-la-corrupcion
[FULL_6_APS] t= 121.4s | pag=133 | files=1058 | data=  1 | cola=   7 | prio=70 | https://www.aps.gob.bo/index.php/transparencia/normativa
[FULL_6_APS] t= 122.1s | pag=134 | files=1067 | data=  1 | cola=   6 | prio=70 | https://www.aps.gob.bo/index.php/transparencia/etica-publica
[FULL_6_APS] t= 122.9s | pag=135 | files=1067 | data=  1 | cola=   5 | prio=70 | https://www.aps.gob.bo/index.php/transparencia/rendicion-de-cuentas
[FULL_6_APS] t= 123.8s | pag=136 | files=1067 | data=  1 | cola=   4 | prio=70 | https://www.aps.gob.bo/index.php/transparencia/acceso-a-la-informacion
[FULL_6_APS] t= 124.8s | pag=137 | files=1067 | data=  1 | cola=   3 | prio=70 | https://www.aps.gob.bo/index.php/transparencia/formulario-de-denuncias
[FULL_6_APS] t= 125.4s | pag=138 | files=1067 | data=  1 | cola=   2 | prio=70 | https://www.aps.gob.bo/index.php/transparencia/material-informativo
[FULL_6_APS] t= 126.2s | pag=139 | files=1067 | data=  1 | cola=   1 | prio=70 | https://www.aps.gob.bo/index.php/transparencia/solicitud-de-informacion
[FULL_6_APS] t= 126.6s | pag=140 | files=1067 | data=  1 | cola=   0 | prio=70 | https://moodle.aps.gob.bo/course/view.php?id=201

================================================================================
RESULTADO
================================================================================
Fuente:              full_6_aps
Páginas visitadas:   140
Archivos encontrados: 1067
Datasets web:         1
Errores:              2
Motivo de parada:     frontier_exhausted
Duración:             127.27 s

Formatos:
  - DOCX   : 1
  - PDF    : 984
  - XLSX   : 76
  - ZIP    : 6

JSON: C:\Ultimo Semestre 7\trabajo\DATAX\team crawler\crawler_asfi\Crawler_BCB\crawler_v2\output\full_6_aps.json

Trazabilidad:
  Ejecución: 25
  Estado:    PROCESSED
  Base:      C:\Ultimo Semestre 7\trabajo\DATAX\team crawler\crawler_asfi\Crawler_BCB\crawler_v2\trace\crawler_trace.sqlite
