================================================================================
CRAWLER V2
================================================================================
Fuente: Asociación de Entidades Financieras Especializadas en Micro Finanzas
URL configurada: https://asofinbolivia.com/
Timeout HTTP: 15 s
Pausa HTTP:   aleatoria 0.30s - 0.90s


Resolución de fuente:
  Original: https://asofinbolivia.com/
  Utilizada: https://asofinbolivia.com/
  Fallback: no
  Intentos: 1
    - usable         | HTTP=200 | https://asofinbolivia.com/

URL de trabajo: https://asofinbolivia.com/
Seeds: 8
Máx páginas: 10000
Máx archivos: 100000
Máx profundidad: 20

[ASOFIN] t=   0.0s | pag=  0 | files=   0 | data=  0 | cola=   7 | prio= 0 | https://asofinbolivia.com/
[ASOFIN] t=   3.2s | pag=  1 | files=   0 | data=  0 | cola=  40 | prio= 0 | https://asofinbolivia.com/index.php/indicadores-financieros-2/
[ASOFIN] t=   4.8s | pag=  2 | files=   0 | data=  0 | cola=  39 | prio= 0 | https://asofinbolivia.com/index.php/indicadores-sociales/
[ASOFIN] t=   6.3s | pag=  3 | files=   0 | data=  0 | cola=  38 | prio= 0 | https://www.asofinbolivia.com/graficos/indicadores_financieros/Reporte-Financiero.html
[ASOFIN] DATASETS=1 | data_chart | https://www.asofinbolivia.com/graficos/indicadores_financieros/Reporte-Financiero.html
[ASOFIN] t=  11.2s | pag=  4 | files=   0 | data=  1 | cola=  37 | prio= 0 | https://www.asofinbolivia.com/graficos/indicadores_sociales/Reporte-Social.html
[ASOFIN] DATASETS=2 | data_chart | https://www.asofinbolivia.com/graficos/indicadores_sociales/Reporte-Social.html
[ASOFIN] t=  12.7s | pag=  5 | files=   0 | data=  2 | cola=  36 | prio= 0 | https://asofinbolivia.com/index.php/category/boletin_financiero/
[ASOFIN] t=  15.0s | pag=  6 | files=   0 | data=  2 | cola=  45 | prio= 0 | https://asofinbolivia.com/index.php/category/boletin_social/
[ASOFIN] t=  18.1s | pag=  7 | files=   0 | data=  2 | cola=  51 | prio= 0 | https://asofinbolivia.com/index.php/category/documentos/
[ASOFIN] t=  19.7s | pag=  8 | files=   0 | data=  2 | cola=  61 | prio= 1 | https://www.asofinbolivia.com/index.php/indicadores-financieros-2
[ASOFIN] t=  22.3s | pag=  8 | files=   0 | data=  2 | cola=  60 | prio= 1 | https://www.asofinbolivia.com/index.php/indicadores-sociales
[ASOFIN] t=  25.2s | pag=  8 | files=   0 | data=  2 | cola=  59 | prio= 2 | https://www.asofinbolivia.com/index.php/boletines/
[ASOFIN] t=  30.1s | pag=  9 | files=   0 | data=  2 | cola= 260 | prio= 2 | https://asofinbolivia.com/index.php/category/boletin_financiero/page/2/
[ASOFIN] t=  31.7s | pag= 10 | files=   0 | data=  2 | cola= 260 | prio= 2 | https://asofinbolivia.com/index.php/boletines/page/2/
[ASOFIN] t=  34.3s | pag= 11 | files=   0 | data=  2 | cola= 260 | prio= 2 | https://asofinbolivia.com/index.php/boletines/page/3/
[ASOFIN] t=  36.4s | pag= 12 | files=   0 | data=  2 | cola= 260 | prio= 2 | https://asofinbolivia.com/index.php/boletines/page/49/
[ASOFIN] t=  38.3s | pag= 13 | files=   0 | data=  2 | cola= 261 | prio= 2 | https://asofinbolivia.com/index.php/category/boletin_financiero/page/3/
[ASOFIN] t=  39.7s | pag= 14 | files=   0 | data=  2 | cola= 261 | prio= 2 | https://asofinbolivia.com/index.php/boletines/page/4/
[ASOFIN] t=  41.8s | pag= 15 | files=   0 | data=  2 | cola= 261 | prio= 2 | https://asofinbolivia.com/index.php/boletines/page/5/
[ASOFIN] t=  43.8s | pag= 16 | files=   0 | data=  2 | cola= 261 | prio= 2 | https://asofinbolivia.com/index.php/boletines/page/48/
[ASOFIN] t=  45.8s | pag= 17 | files=   0 | data=  2 | cola= 261 | prio= 2 | https://asofinbolivia.com/index.php/boletines/page/47/
[ASOFIN] t=  47.8s | pag= 18 | files=   0 | data=  2 | cola= 261 | prio= 2 | https://asofinbolivia.com/index.php/category/boletin_financiero/page/4/
[ASOFIN] t=  49.2s | pag= 19 | files=   0 | data=  2 | cola= 261 | prio= 2 | https://asofinbolivia.com/index.php/boletines/page/6/
[ASOFIN] t=  52.0s | pag= 20 | files=   0 | data=  2 | cola= 261 | prio= 2 | https://asofinbolivia.com/index.php/boletines/page/7/
[ASOFIN] t=  54.2s | pag= 21 | files=   0 | data=  2 | cola= 261 | prio= 2 | https://asofinbolivia.com/index.php/boletines/page/46/
[ASOFIN] t=  56.2s | pag= 22 | files=   0 | data=  2 | cola= 261 | prio= 2 | https://asofinbolivia.com/index.php/boletines/page/45/
[ASOFIN] t=  58.1s | pag= 23 | files=   0 | data=  2 | cola= 261 | prio= 2 | https://asofinbolivia.com/index.php/category/boletin_financiero/page/5/
[ASOFIN] t=  59.5s | pag= 24 | files=   0 | data=  2 | cola= 261 | prio= 2 | https://asofinbolivia.com/index.php/boletines/page/8/
[ASOFIN] t=  61.6s | pag= 25 | files=   0 | data=  2 | cola= 261 | prio= 2 | https://asofinbolivia.com/index.php/boletines/page/9/
[ASOFIN] t=  63.6s | pag= 26 | files=   0 | data=  2 | cola= 261 | prio= 2 | https://asofinbolivia.com/index.php/boletines/page/44/
[ASOFIN] t=  65.5s | pag= 27 | files=   0 | data=  2 | cola= 261 | prio= 2 | https://asofinbolivia.com/index.php/boletines/page/43/
[ASOFIN] t=  67.5s | pag= 28 | files=   0 | data=  2 | cola= 261 | prio= 2 | https://asofinbolivia.com/index.php/category/boletin_financiero/page/6/
[ASOFIN] t=  69.0s | pag= 29 | files=   0 | data=  2 | cola= 261 | prio= 2 | https://asofinbolivia.com/index.php/boletines/page/10/
[ASOFIN] t=  71.5s | pag= 30 | files=   0 | data=  2 | cola= 261 | prio= 2 | https://asofinbolivia.com/index.php/boletines/page/11/
[ASOFIN] t=  73.7s | pag= 31 | files=   0 | data=  2 | cola= 261 | prio= 2 | https://asofinbolivia.com/index.php/boletines/page/42/
[ASOFIN] t=  75.8s | pag= 32 | files=   0 | data=  2 | cola= 261 | prio= 2 | https://asofinbolivia.com/index.php/boletines/page/41/
[ASOFIN] t=  77.8s | pag= 33 | files=   0 | data=  2 | cola= 261 | prio= 2 | https://asofinbolivia.com/index.php/category/boletin_financiero/page/7/
[ASOFIN] t=  79.2s | pag= 34 | files=   0 | data=  2 | cola= 261 | prio= 2 | https://asofinbolivia.com/index.php/boletines/page/12/
[ASOFIN] t=  81.2s | pag= 35 | files=   0 | data=  2 | cola= 261 | prio= 2 | https://asofinbolivia.com/index.php/boletines/page/13/
[ASOFIN] t=  83.1s | pag= 36 | files=   0 | data=  2 | cola= 261 | prio= 2 | https://asofinbolivia.com/index.php/boletines/page/40/
[ASOFIN] t=  85.1s | pag= 37 | files=   0 | data=  2 | cola= 261 | prio= 2 | https://asofinbolivia.com/index.php/boletines/page/39/
[ASOFIN] t=  87.0s | pag= 38 | files=   0 | data=  2 | cola= 261 | prio= 2 | https://asofinbolivia.com/index.php/category/boletin_financiero/page/8/
[ASOFIN] t=  88.4s | pag= 39 | files=   0 | data=  2 | cola= 261 | prio= 2 | https://asofinbolivia.com/index.php/boletines/page/14/
[ASOFIN] t=  90.7s | pag= 40 | files=   0 | data=  2 | cola= 261 | prio= 2 | https://asofinbolivia.com/index.php/boletines/page/15/
[ASOFIN] t=  92.8s | pag= 41 | files=   0 | data=  2 | cola= 261 | prio= 2 | https://asofinbolivia.com/index.php/boletines/page/38/
[ASOFIN] t=  94.7s | pag= 42 | files=   0 | data=  2 | cola= 261 | prio= 2 | https://asofinbolivia.com/index.php/boletines/page/37/
[ASOFIN] t=  96.6s | pag= 43 | files=   0 | data=  2 | cola= 261 | prio= 2 | https://asofinbolivia.com/index.php/category/boletin_financiero/page/9/
[ASOFIN] t=  97.9s | pag= 44 | files=   0 | data=  2 | cola= 261 | prio= 2 | https://asofinbolivia.com/index.php/boletines/page/16/
[ASOFIN] t= 100.5s | pag= 45 | files=   0 | data=  2 | cola= 261 | prio= 2 | https://asofinbolivia.com/index.php/boletines/page/17/
[ASOFIN] t= 102.3s | pag= 46 | files=   0 | data=  2 | cola= 261 | prio= 2 | https://asofinbolivia.com/index.php/boletines/page/36/
[ASOFIN] t= 104.3s | pag= 47 | files=   0 | data=  2 | cola= 261 | prio= 2 | https://asofinbolivia.com/index.php/boletines/page/35/
[ASOFIN] t= 106.1s | pag= 48 | files=   0 | data=  2 | cola= 261 | prio= 2 | https://asofinbolivia.com/index.php/category/boletin_financiero/page/10/
[ASOFIN] t= 107.3s | pag= 49 | files=   0 | data=  2 | cola= 261 | prio= 2 | https://asofinbolivia.com/index.php/boletines/page/18/
[ASOFIN] t= 109.7s | pag= 50 | files=   0 | data=  2 | cola= 261 | prio= 2 | https://asofinbolivia.com/index.php/boletines/page/19/
[ASOFIN] t= 112.3s | pag= 51 | files=   0 | data=  2 | cola= 261 | prio= 2 | https://asofinbolivia.com/index.php/boletines/page/34/
[ASOFIN] t= 114.3s | pag= 52 | files=   0 | data=  2 | cola= 261 | prio= 2 | https://asofinbolivia.com/index.php/boletines/page/33/
[ASOFIN] t= 116.1s | pag= 53 | files=   0 | data=  2 | cola= 261 | prio= 2 | https://asofinbolivia.com/index.php/category/boletin_financiero/page/11/
[ASOFIN] t= 118.8s | pag= 54 | files=   0 | data=  2 | cola= 261 | prio= 2 | https://asofinbolivia.com/index.php/boletines/page/20/
[ASOFIN] t= 120.9s | pag= 55 | files=   0 | data=  2 | cola= 261 | prio= 2 | https://asofinbolivia.com/index.php/boletines/page/21/
[ASOFIN] t= 123.0s | pag= 56 | files=   0 | data=  2 | cola= 261 | prio= 2 | https://asofinbolivia.com/index.php/boletines/page/32/
[ASOFIN] t= 124.8s | pag= 57 | files=   0 | data=  2 | cola= 261 | prio= 2 | https://asofinbolivia.com/index.php/boletines/page/31/
[ASOFIN] t= 126.9s | pag= 58 | files=   0 | data=  2 | cola= 261 | prio= 2 | https://asofinbolivia.com/index.php/category/boletin_financiero/page/12/
[ASOFIN] t= 128.0s | pag= 59 | files=   0 | data=  2 | cola= 261 | prio= 2 | https://asofinbolivia.com/index.php/boletines/page/22/
[ASOFIN] t= 130.5s | pag= 60 | files=   0 | data=  2 | cola= 261 | prio= 2 | https://asofinbolivia.com/index.php/boletines/page/23/
[ASOFIN] t= 132.4s | pag= 61 | files=   0 | data=  2 | cola= 261 | prio= 2 | https://asofinbolivia.com/index.php/boletines/page/30/
[ASOFIN] t= 134.2s | pag= 62 | files=   0 | data=  2 | cola= 261 | prio= 2 | https://asofinbolivia.com/index.php/boletines/page/29/
[ASOFIN] t= 136.1s | pag= 63 | files=   0 | data=  2 | cola= 261 | prio= 2 | https://asofinbolivia.com/index.php/category/boletin_financiero/page/13/
[ASOFIN] t= 137.7s | pag= 64 | files=   0 | data=  2 | cola= 261 | prio= 2 | https://asofinbolivia.com/index.php/boletines/page/24/
[ASOFIN] t= 140.1s | pag= 65 | files=   0 | data=  2 | cola= 261 | prio= 2 | https://asofinbolivia.com/index.php/boletines/page/25/
[ASOFIN] t= 142.0s | pag= 66 | files=   0 | data=  2 | cola= 260 | prio= 2 | https://asofinbolivia.com/index.php/boletines/page/28/
[ASOFIN] t= 143.9s | pag= 67 | files=   0 | data=  2 | cola= 259 | prio= 2 | https://asofinbolivia.com/index.php/boletines/page/27/
[ASOFIN] t= 145.8s | pag= 68 | files=   0 | data=  2 | cola= 258 | prio= 2 | https://asofinbolivia.com/index.php/category/boletin_financiero/page/14/
[ASOFIN] t= 147.1s | pag= 69 | files=   0 | data=  2 | cola= 258 | prio= 2 | https://asofinbolivia.com/index.php/boletines/page/26/
[ASOFIN] t= 149.9s | pag= 70 | files=   0 | data=  2 | cola= 257 | prio= 2 | https://asofinbolivia.com/index.php/category/boletin_financiero/page/15/
[ASOFIN] t= 151.2s | pag= 71 | files=   0 | data=  2 | cola= 257 | prio= 2 | https://asofinbolivia.com/index.php/category/boletin_financiero/page/16/
[ASOFIN] t= 153.0s | pag= 72 | files=   0 | data=  2 | cola= 257 | prio= 2 | https://asofinbolivia.com/index.php/category/boletin_financiero/page/17/
[ASOFIN] t= 155.1s | pag= 73 | files=   0 | data=  2 | cola= 257 | prio= 2 | https://asofinbolivia.com/index.php/category/boletin_financiero/page/18/
[ASOFIN] t= 156.6s | pag= 74 | files=   0 | data=  2 | cola= 257 | prio= 2 | https://asofinbolivia.com/index.php/category/boletin_financiero/page/19/
[ASOFIN] t= 158.1s | pag= 75 | files=   0 | data=  2 | cola= 257 | prio= 2 | https://asofinbolivia.com/index.php/category/boletin_financiero/page/20/
[ASOFIN] t= 159.9s | pag= 76 | files=   0 | data=  2 | cola= 256 | prio= 3 | https://asofinbolivia.com/index.php/2026/08/13/no-251/
[ASOFIN] t= 161.5s | pag= 77 | files=   1 | data=  2 | cola= 255 | prio= 3 | https://asofinbolivia.com/index.php/2026/08/13/no-250/
[ASOFIN] t= 163.2s | pag= 78 | files=   2 | data=  2 | cola= 254 | prio= 3 | https://asofinbolivia.com/index.php/2026/06/08/no-249/
[ASOFIN] t= 165.1s | pag= 79 | files=   3 | data=  2 | cola= 253 | prio= 3 | https://asofinbolivia.com/index.php/2026/05/13/no-248/
[ASOFIN] t= 166.6s | pag= 80 | files=   4 | data=  2 | cola= 252 | prio= 3 | https://asofinbolivia.com/index.php/2026/03/31/no-247/
[ASOFIN] t= 168.2s | pag= 81 | files=   5 | data=  2 | cola= 251 | prio= 3 | https://asofinbolivia.com/index.php/2026/03/11/no-246/
[ASOFIN] t= 170.7s | pag= 82 | files=   6 | data=  2 | cola= 250 | prio= 3 | https://asofinbolivia.com/index.php/2026/02/11/no-245/
[ASOFIN] t= 172.3s | pag= 83 | files=   7 | data=  2 | cola= 249 | prio= 3 | https://asofinbolivia.com/index.php/2026/01/08/no-244/
[ASOFIN] t= 174.2s | pag= 84 | files=   8 | data=  2 | cola= 248 | prio= 3 | https://asofinbolivia.com/index.php/2025/12/05/no-243/
[ASOFIN] t= 176.0s | pag= 85 | files=   9 | data=  2 | cola= 247 | prio= 3 | https://asofinbolivia.com/index.php/2025/10/23/no-242/
[ASOFIN] t= 177.5s | pag= 86 | files=  10 | data=  2 | cola= 246 | prio= 3 | https://asofinbolivia.com/index.php/2026/08/13/no-07/
[ASOFIN] t= 179.0s | pag= 87 | files=  10 | data=  2 | cola= 245 | prio= 3 | https://asofinbolivia.com/index.php/2026/02/11/no-06/
[ASOFIN] t= 180.6s | pag= 88 | files=  11 | data=  2 | cola= 244 | prio= 3 | https://asofinbolivia.com/index.php/2025/08/01/no-05/
[ASOFIN] t= 182.3s | pag= 89 | files=  12 | data=  2 | cola= 243 | prio= 3 | https://asofinbolivia.com/index.php/2025/03/06/no-04/
[ASOFIN] t= 184.0s | pag= 90 | files=  13 | data=  2 | cola= 242 | prio= 3 | https://asofinbolivia.com/index.php/2025/03/06/no-03/
[ASOFIN] t= 185.7s | pag= 91 | files=  14 | data=  2 | cola= 241 | prio= 3 | https://asofinbolivia.com/index.php/2024/08/28/no-02/
[ASOFIN] t= 187.7s | pag= 92 | files=  15 | data=  2 | cola= 240 | prio= 3 | https://asofinbolivia.com/index.php/2024/05/03/no-01/
[ASOFIN] t= 189.6s | pag= 93 | files=  16 | data=  2 | cola= 239 | prio= 3 | https://asofinbolivia.com/index.php/2025/09/26/no-241/
[ASOFIN] t= 190.9s | pag= 94 | files=  17 | data=  2 | cola= 238 | prio= 3 | https://asofinbolivia.com/index.php/2025/08/25/no-240/
[ASOFIN] t= 192.8s | pag= 95 | files=  18 | data=  2 | cola= 237 | prio= 3 | https://asofinbolivia.com/index.php/2025/08/01/no-239/
[ASOFIN] t= 194.7s | pag= 96 | files=  19 | data=  2 | cola= 236 | prio= 3 | https://asofinbolivia.com/index.php/2025/06/30/no-238/
[ASOFIN] t= 196.3s | pag= 97 | files=  20 | data=  2 | cola= 235 | prio= 3 | https://asofinbolivia.com/index.php/2025/05/28/no-237/
[ASOFIN] t= 197.9s | pag= 98 | files=  21 | data=  2 | cola= 234 | prio= 3 | https://asofinbolivia.com/index.php/2025/04/29/no-236/
[ASOFIN] t= 199.3s | pag= 99 | files=  22 | data=  2 | cola= 233 | prio= 3 | https://asofinbolivia.com/index.php/2025/04/09/no-235/
[ASOFIN] t= 200.7s | pag=100 | files=  23 | data=  2 | cola= 232 | prio= 3 | https://asofinbolivia.com/index.php/2025/03/26/no-234/
[ASOFIN] t= 202.6s | pag=101 | files=  24 | data=  2 | cola= 231 | prio= 3 | https://asofinbolivia.com/index.php/2025/02/13/no-233/
[ASOFIN] t= 204.2s | pag=102 | files=  25 | data=  2 | cola= 230 | prio= 3 | https://asofinbolivia.com/index.php/2025/01/16/no-232/
[ASOFIN] t= 206.6s | pag=103 | files=  26 | data=  2 | cola= 229 | prio= 3 | https://asofinbolivia.com/index.php/2025/01/09/no-231/
[ASOFIN] t= 208.1s | pag=104 | files=  27 | data=  2 | cola= 228 | prio= 3 | https://asofinbolivia.com/index.php/2024/11/13/no-230/
[ASOFIN] t= 210.1s | pag=105 | files=  28 | data=  2 | cola= 227 | prio= 3 | https://asofinbolivia.com/index.php/2024/09/30/no-229/
[ASOFIN] t= 211.5s | pag=106 | files=  29 | data=  2 | cola= 226 | prio= 3 | https://asofinbolivia.com/index.php/2024/08/26/no-228/
[ASOFIN] t= 213.0s | pag=107 | files=  30 | data=  2 | cola= 225 | prio= 3 | https://asofinbolivia.com/index.php/2024/08/08/no-227/
[ASOFIN] t= 214.6s | pag=108 | files=  31 | data=  2 | cola= 224 | prio= 3 | https://asofinbolivia.com/index.php/2024/07/09/no-226/
[ASOFIN] t= 216.0s | pag=109 | files=  32 | data=  2 | cola= 223 | prio= 3 | https://asofinbolivia.com/index.php/2024/05/28/no-225/
[ASOFIN] t= 218.4s | pag=110 | files=  33 | data=  2 | cola= 222 | prio= 3 | https://asofinbolivia.com/index.php/2024/05/08/no-224/
[ASOFIN] t= 219.8s | pag=110 | files=  33 | data=  2 | cola= 221 | prio= 3 | https://asofinbolivia.com/index.php/2024/04/03/no-223/
[ASOFIN] t= 224.5s | pag=111 | files=  34 | data=  2 | cola= 220 | prio= 3 | https://asofinbolivia.com/index.php/2024/02/29/no-222/
[ASOFIN] t= 226.4s | pag=112 | files=  35 | data=  2 | cola= 219 | prio= 3 | https://asofinbolivia.com/index.php/2024/02/01/no-221/
[ASOFIN] t= 227.7s | pag=113 | files=  36 | data=  2 | cola= 218 | prio= 3 | https://asofinbolivia.com/index.php/2024/01/17/no-220/
[ASOFIN] t= 230.2s | pag=114 | files=  37 | data=  2 | cola= 217 | prio= 3 | https://asofinbolivia.com/index.php/2023/11/21/no-219/
[ASOFIN] t= 231.7s | pag=115 | files=  38 | data=  2 | cola= 216 | prio= 3 | https://asofinbolivia.com/index.php/2023/10/18/no-218/
[ASOFIN] t= 233.4s | pag=116 | files=  39 | data=  2 | cola= 215 | prio= 3 | https://asofinbolivia.com/index.php/2023/09/20/no-217/
[ASOFIN] t= 234.9s | pag=117 | files=  40 | data=  2 | cola= 214 | prio= 3 | https://asofinbolivia.com/index.php/2023/08/18/no-216/
[ASOFIN] t= 236.8s | pag=118 | files=  41 | data=  2 | cola= 213 | prio= 3 | https://asofinbolivia.com/index.php/2023/07/20/no-215/
[ASOFIN] t= 238.2s | pag=119 | files=  42 | data=  2 | cola= 212 | prio= 3 | https://asofinbolivia.com/index.php/2023/07/08/no-214/
[ASOFIN] t= 240.0s | pag=120 | files=  43 | data=  2 | cola= 211 | prio= 3 | https://asofinbolivia.com/index.php/2023/05/19/no-213/
[ASOFIN] t= 241.9s | pag=121 | files=  44 | data=  2 | cola= 210 | prio= 3 | https://asofinbolivia.com/index.php/2023/04/18/no-212/
[ASOFIN] t= 243.8s | pag=122 | files=  45 | data=  2 | cola= 209 | prio= 3 | https://asofinbolivia.com/index.php/2023/03/27/no-211/
[ASOFIN] t= 245.6s | pag=123 | files=  46 | data=  2 | cola= 208 | prio= 3 | https://asofinbolivia.com/index.php/2023/03/16/no-210/
[ASOFIN] t= 247.8s | pag=124 | files=  47 | data=  2 | cola= 207 | prio= 3 | https://asofinbolivia.com/index.php/2023/02/22/no-209/
[ASOFIN] t= 249.3s | pag=125 | files=  48 | data=  2 | cola= 206 | prio= 3 | https://asofinbolivia.com/index.php/2023/01/20/no-208/
[ASOFIN] t= 250.9s | pag=126 | files=  49 | data=  2 | cola= 205 | prio= 3 | https://asofinbolivia.com/index.php/2022/12/06/no-207/
[ASOFIN] t= 252.5s | pag=127 | files=  50 | data=  2 | cola= 204 | prio= 3 | https://asofinbolivia.com/index.php/2022/10/31/no-206/
[ASOFIN] t= 254.1s | pag=128 | files=  51 | data=  2 | cola= 203 | prio= 3 | https://asofinbolivia.com/index.php/2022/10/31/no-205/
[ASOFIN] t= 255.5s | pag=129 | files=  52 | data=  2 | cola= 202 | prio= 3 | https://asofinbolivia.com/index.php/2022/10/31/no-204/
[ASOFIN] t= 256.8s | pag=130 | files=  53 | data=  2 | cola= 201 | prio= 3 | https://asofinbolivia.com/index.php/2022/08/19/no-203/
[ASOFIN] t= 258.3s | pag=131 | files=  54 | data=  2 | cola= 200 | prio= 3 | https://asofinbolivia.com/index.php/2022/07/22/no-202/
[ASOFIN] t= 260.1s | pag=132 | files=  55 | data=  2 | cola= 199 | prio= 3 | https://asofinbolivia.com/index.php/2022/05/30/no-201/
[ASOFIN] t= 261.7s | pag=133 | files=  56 | data=  2 | cola= 198 | prio= 3 | https://asofinbolivia.com/index.php/2022/05/16/no-200/
[ASOFIN] t= 263.3s | pag=134 | files=  57 | data=  2 | cola= 197 | prio= 3 | https://asofinbolivia.com/index.php/2022/04/01/no-199/
[ASOFIN] t= 265.1s | pag=135 | files=  58 | data=  2 | cola= 196 | prio= 3 | https://asofinbolivia.com/index.php/2022/03/17/no-198/
[ASOFIN] t= 268.6s | pag=136 | files=  59 | data=  2 | cola= 195 | prio= 3 | https://asofinbolivia.com/index.php/2022/03/17/no-197/
[ASOFIN] t= 269.9s | pag=137 | files=  60 | data=  2 | cola= 194 | prio= 3 | https://asofinbolivia.com/index.php/2022/03/11/no-190/
[ASOFIN] t= 271.8s | pag=138 | files=  61 | data=  2 | cola= 193 | prio= 3 | https://asofinbolivia.com/index.php/2022/03/11/no-189/
[ASOFIN] t= 273.7s | pag=139 | files=  62 | data=  2 | cola= 192 | prio= 3 | https://asofinbolivia.com/index.php/2022/03/11/no-188/
[ASOFIN] t= 275.8s | pag=140 | files=  63 | data=  2 | cola= 191 | prio= 3 | https://asofinbolivia.com/index.php/2022/03/11/no-187/
[ASOFIN] t= 277.2s | pag=141 | files=  64 | data=  2 | cola= 190 | prio= 3 | https://asofinbolivia.com/index.php/2022/03/11/no-186/
[ASOFIN] t= 279.0s | pag=142 | files=  65 | data=  2 | cola= 189 | prio= 3 | https://asofinbolivia.com/index.php/2022/03/11/no-185/
[ASOFIN] t= 281.0s | pag=143 | files=  66 | data=  2 | cola= 188 | prio= 3 | https://asofinbolivia.com/index.php/2022/03/11/no-184/
[ASOFIN] t= 282.7s | pag=144 | files=  67 | data=  2 | cola= 187 | prio= 3 | https://asofinbolivia.com/index.php/2022/03/11/no-183/
[ASOFIN] t= 284.1s | pag=145 | files=  68 | data=  2 | cola= 186 | prio= 3 | https://asofinbolivia.com/index.php/2022/03/11/no-182/
[ASOFIN] t= 285.8s | pag=146 | files=  69 | data=  2 | cola= 185 | prio= 3 | https://asofinbolivia.com/index.php/2022/03/11/no-181/
[ASOFIN] t= 287.1s | pag=147 | files=  70 | data=  2 | cola= 184 | prio= 3 | https://asofinbolivia.com/index.php/2022/03/11/no-180/
[ASOFIN] t= 288.5s | pag=148 | files=  71 | data=  2 | cola= 183 | prio= 3 | https://asofinbolivia.com/index.php/2022/03/11/no-179/
[ASOFIN] t= 290.9s | pag=149 | files=  72 | data=  2 | cola= 182 | prio= 3 | https://asofinbolivia.com/index.php/2022/03/11/no-178/
[ASOFIN] t= 292.7s | pag=150 | files=  73 | data=  2 | cola= 181 | prio= 3 | https://asofinbolivia.com/index.php/2022/03/11/no-177/
[ASOFIN] t= 294.4s | pag=151 | files=  74 | data=  2 | cola= 180 | prio= 3 | https://asofinbolivia.com/index.php/2022/03/11/no-176/
[ASOFIN] t= 296.1s | pag=152 | files=  75 | data=  2 | cola= 179 | prio= 3 | https://asofinbolivia.com/index.php/2022/03/11/no-175/
[ASOFIN] t= 297.9s | pag=153 | files=  76 | data=  2 | cola= 178 | prio= 3 | https://asofinbolivia.com/index.php/2022/03/11/no-174/
[ASOFIN] t= 299.4s | pag=154 | files=  77 | data=  2 | cola= 177 | prio= 3 | https://asofinbolivia.com/index.php/2022/03/11/no-173/
[ASOFIN] t= 301.3s | pag=155 | files=  78 | data=  2 | cola= 176 | prio= 3 | https://asofinbolivia.com/index.php/2022/03/11/no-172/
[ASOFIN] t= 302.6s | pag=156 | files=  79 | data=  2 | cola= 175 | prio= 3 | https://asofinbolivia.com/index.php/2022/03/11/no-171/
[ASOFIN] t= 304.4s | pag=157 | files=  80 | data=  2 | cola= 174 | prio= 3 | https://asofinbolivia.com/index.php/2022/03/11/no-170/
[ASOFIN] t= 306.3s | pag=158 | files=  81 | data=  2 | cola= 173 | prio= 3 | https://asofinbolivia.com/index.php/2022/03/11/no-169/
[ASOFIN] t= 307.7s | pag=159 | files=  82 | data=  2 | cola= 172 | prio= 3 | https://asofinbolivia.com/index.php/2022/03/11/no-168/
[ASOFIN] t= 309.3s | pag=160 | files=  83 | data=  2 | cola= 171 | prio= 3 | https://asofinbolivia.com/index.php/2022/03/11/no-167/
[ASOFIN] t= 310.8s | pag=161 | files=  84 | data=  2 | cola= 170 | prio= 3 | https://asofinbolivia.com/index.php/2022/03/11/no-166/
[ASOFIN] t= 312.3s | pag=162 | files=  85 | data=  2 | cola= 169 | prio= 3 | https://asofinbolivia.com/index.php/2022/03/11/no-165/
[ASOFIN] t= 313.8s | pag=163 | files=  86 | data=  2 | cola= 168 | prio= 3 | https://asofinbolivia.com/index.php/2022/03/11/no-164/
[ASOFIN] t= 315.5s | pag=164 | files=  87 | data=  2 | cola= 167 | prio= 3 | https://asofinbolivia.com/index.php/2022/03/11/no-163/
[ASOFIN] t= 317.2s | pag=165 | files=  88 | data=  2 | cola= 166 | prio= 3 | https://asofinbolivia.com/index.php/2022/03/11/no-162/
[ASOFIN] t= 318.5s | pag=166 | files=  89 | data=  2 | cola= 165 | prio= 3 | https://asofinbolivia.com/index.php/2022/03/11/no-161/
[ASOFIN] t= 320.2s | pag=167 | files=  90 | data=  2 | cola= 164 | prio= 3 | https://asofinbolivia.com/index.php/2022/03/11/no-160/
[ASOFIN] t= 321.6s | pag=168 | files=  91 | data=  2 | cola= 163 | prio= 3 | https://asofinbolivia.com/index.php/2022/03/11/no-159/
[ASOFIN] t= 323.5s | pag=169 | files=  92 | data=  2 | cola= 162 | prio= 3 | https://asofinbolivia.com/index.php/2022/03/11/no-158/
[ASOFIN] t= 324.9s | pag=170 | files=  93 | data=  2 | cola= 161 | prio= 3 | https://asofinbolivia.com/index.php/2022/03/11/no-157/
[ASOFIN] t= 326.6s | pag=171 | files=  94 | data=  2 | cola= 160 | prio= 3 | https://asofinbolivia.com/index.php/2022/03/11/no-156/
[ASOFIN] t= 328.2s | pag=172 | files=  95 | data=  2 | cola= 159 | prio= 3 | https://asofinbolivia.com/index.php/2022/03/11/no-155/
[ASOFIN] t= 330.0s | pag=173 | files=  96 | data=  2 | cola= 158 | prio= 3 | https://asofinbolivia.com/index.php/2022/03/11/no-154/
[ASOFIN] t= 331.8s | pag=174 | files=  97 | data=  2 | cola= 157 | prio= 3 | https://asofinbolivia.com/index.php/2022/03/11/no-153/
[ASOFIN] t= 333.7s | pag=175 | files=  98 | data=  2 | cola= 156 | prio= 3 | https://asofinbolivia.com/index.php/2022/03/11/no-152/
[ASOFIN] t= 335.5s | pag=176 | files=  99 | data=  2 | cola= 155 | prio= 3 | https://asofinbolivia.com/index.php/2022/03/11/no-151/
[ASOFIN] t= 337.1s | pag=177 | files= 100 | data=  2 | cola= 154 | prio= 3 | https://asofinbolivia.com/index.php/2022/03/11/no-150/
[ASOFIN] t= 338.4s | pag=178 | files= 101 | data=  2 | cola= 153 | prio= 3 | https://asofinbolivia.com/index.php/2022/03/11/no-149/
[ASOFIN] t= 339.7s | pag=179 | files= 102 | data=  2 | cola= 152 | prio= 3 | https://asofinbolivia.com/index.php/2022/03/11/no-148/
[ASOFIN] t= 341.5s | pag=180 | files= 103 | data=  2 | cola= 151 | prio= 3 | https://asofinbolivia.com/index.php/2022/03/11/no-147/
[ASOFIN] t= 343.3s | pag=181 | files= 104 | data=  2 | cola= 150 | prio= 3 | https://asofinbolivia.com/index.php/2022/03/11/no-146/
[ASOFIN] t= 344.7s | pag=182 | files= 105 | data=  2 | cola= 149 | prio= 3 | https://asofinbolivia.com/index.php/2022/03/11/no-145/
[ASOFIN] t= 346.7s | pag=183 | files= 106 | data=  2 | cola= 148 | prio= 3 | https://asofinbolivia.com/index.php/2022/03/11/no-144/
[ASOFIN] t= 348.1s | pag=184 | files= 107 | data=  2 | cola= 147 | prio= 3 | https://asofinbolivia.com/index.php/2022/03/11/no-143/
[ASOFIN] t= 350.3s | pag=185 | files= 108 | data=  2 | cola= 146 | prio= 3 | https://asofinbolivia.com/index.php/2022/03/11/no-142/
[ASOFIN] t= 352.1s | pag=186 | files= 109 | data=  2 | cola= 145 | prio= 3 | https://asofinbolivia.com/index.php/2022/03/11/no-141/
[ASOFIN] t= 353.7s | pag=187 | files= 110 | data=  2 | cola= 144 | prio= 3 | https://asofinbolivia.com/index.php/2022/03/11/no-140/
[ASOFIN] t= 355.3s | pag=188 | files= 111 | data=  2 | cola= 143 | prio= 3 | https://asofinbolivia.com/index.php/2022/03/11/no-139/
[ASOFIN] t= 357.1s | pag=189 | files= 112 | data=  2 | cola= 142 | prio= 3 | https://asofinbolivia.com/index.php/2022/03/11/no-138/
[ASOFIN] t= 358.9s | pag=190 | files= 113 | data=  2 | cola= 141 | prio= 3 | https://asofinbolivia.com/index.php/2022/03/11/no-137/
[ASOFIN] t= 360.8s | pag=191 | files= 114 | data=  2 | cola= 140 | prio= 3 | https://asofinbolivia.com/index.php/2022/03/11/no-136/
[ASOFIN] t= 362.8s | pag=192 | files= 115 | data=  2 | cola= 139 | prio= 3 | https://asofinbolivia.com/index.php/2022/03/11/no-135/
[ASOFIN] t= 364.5s | pag=193 | files= 116 | data=  2 | cola= 138 | prio= 3 | https://asofinbolivia.com/index.php/2022/03/11/no-134/
[ASOFIN] t= 366.1s | pag=194 | files= 117 | data=  2 | cola= 137 | prio= 3 | https://asofinbolivia.com/index.php/2022/03/11/no-133/
[ASOFIN] t= 367.8s | pag=195 | files= 118 | data=  2 | cola= 136 | prio= 3 | https://asofinbolivia.com/index.php/2022/03/11/no-132/
[ASOFIN] t= 369.9s | pag=196 | files= 119 | data=  2 | cola= 135 | prio= 3 | https://asofinbolivia.com/index.php/2022/03/11/no-131/
[ASOFIN] t= 371.5s | pag=197 | files= 120 | data=  2 | cola= 134 | prio= 3 | https://asofinbolivia.com/index.php/2022/03/11/no-130/
[ASOFIN] t= 373.3s | pag=198 | files= 121 | data=  2 | cola= 133 | prio= 3 | https://asofinbolivia.com/index.php/2022/03/11/no-129/
[ASOFIN] t= 375.0s | pag=199 | files= 122 | data=  2 | cola= 132 | prio= 3 | https://asofinbolivia.com/index.php/2022/03/11/no-128/
[ASOFIN] t= 376.8s | pag=200 | files= 123 | data=  2 | cola= 131 | prio= 3 | https://asofinbolivia.com/index.php/2022/03/11/no-127/
[ASOFIN] t= 378.4s | pag=201 | files= 124 | data=  2 | cola= 130 | prio= 3 | https://asofinbolivia.com/index.php/2022/03/11/no-126/
[ASOFIN] t= 379.9s | pag=202 | files= 125 | data=  2 | cola= 129 | prio= 3 | https://asofinbolivia.com/index.php/2022/03/11/no-125/
[ASOFIN] t= 381.3s | pag=203 | files= 126 | data=  2 | cola= 128 | prio= 3 | https://asofinbolivia.com/index.php/2022/03/11/no-124/
[ASOFIN] t= 383.2s | pag=204 | files= 127 | data=  2 | cola= 127 | prio= 3 | https://asofinbolivia.com/index.php/2022/03/11/no-123/
[ASOFIN] t= 384.8s | pag=205 | files= 128 | data=  2 | cola= 126 | prio= 3 | https://asofinbolivia.com/index.php/2022/03/11/no-122/
[ASOFIN] t= 386.3s | pag=206 | files= 129 | data=  2 | cola= 125 | prio= 3 | https://asofinbolivia.com/index.php/2022/03/11/no-121/
[ASOFIN] t= 388.1s | pag=207 | files= 130 | data=  2 | cola= 124 | prio= 3 | https://asofinbolivia.com/index.php/2022/03/11/no-120/
[ASOFIN] t= 389.8s | pag=208 | files= 131 | data=  2 | cola= 123 | prio= 3 | https://asofinbolivia.com/index.php/2022/03/11/no-119/
[ASOFIN] t= 391.6s | pag=209 | files= 132 | data=  2 | cola= 122 | prio= 3 | https://asofinbolivia.com/index.php/2022/03/11/no-118/
[ASOFIN] t= 393.2s | pag=210 | files= 133 | data=  2 | cola= 121 | prio= 3 | https://asofinbolivia.com/index.php/2022/03/11/no-117/
[ASOFIN] t= 394.9s | pag=211 | files= 134 | data=  2 | cola= 120 | prio= 3 | https://asofinbolivia.com/index.php/2022/03/11/no-116/
[ASOFIN] t= 397.6s | pag=212 | files= 135 | data=  2 | cola= 119 | prio= 3 | https://asofinbolivia.com/index.php/2022/03/11/no-115/
[ASOFIN] t= 399.0s | pag=213 | files= 136 | data=  2 | cola= 118 | prio= 3 | https://asofinbolivia.com/index.php/2022/03/11/no-114/
[ASOFIN] t= 400.4s | pag=214 | files= 137 | data=  2 | cola= 117 | prio= 3 | https://asofinbolivia.com/index.php/2022/03/11/no-113/
[ASOFIN] t= 402.1s | pag=215 | files= 138 | data=  2 | cola= 116 | prio= 3 | https://asofinbolivia.com/index.php/2022/03/11/no-112/
[ASOFIN] t= 403.7s | pag=216 | files= 139 | data=  2 | cola= 115 | prio= 3 | https://asofinbolivia.com/index.php/2022/03/11/no-111/
[ASOFIN] t= 405.4s | pag=217 | files= 140 | data=  2 | cola= 114 | prio= 3 | https://asofinbolivia.com/index.php/2022/03/11/no-110/
[ASOFIN] t= 407.1s | pag=218 | files= 141 | data=  2 | cola= 113 | prio= 3 | https://asofinbolivia.com/index.php/2022/03/11/no-109/
[ASOFIN] t= 408.4s | pag=219 | files= 142 | data=  2 | cola= 112 | prio= 3 | https://asofinbolivia.com/index.php/2022/03/11/no-108/
[ASOFIN] t= 410.6s | pag=220 | files= 143 | data=  2 | cola= 111 | prio= 3 | https://asofinbolivia.com/index.php/2022/03/11/no-107/
[ASOFIN] t= 412.5s | pag=221 | files= 144 | data=  2 | cola= 110 | prio= 3 | https://asofinbolivia.com/index.php/2022/03/11/no-106/
[ASOFIN] t= 413.9s | pag=222 | files= 145 | data=  2 | cola= 109 | prio= 3 | https://asofinbolivia.com/index.php/2022/03/11/no-105/
[ASOFIN] t= 415.9s | pag=223 | files= 146 | data=  2 | cola= 108 | prio= 3 | https://asofinbolivia.com/index.php/2022/03/11/no-104/
[ASOFIN] t= 417.4s | pag=224 | files= 147 | data=  2 | cola= 107 | prio= 3 | https://asofinbolivia.com/index.php/2022/03/11/no-103/
[ASOFIN] t= 419.1s | pag=225 | files= 148 | data=  2 | cola= 106 | prio= 3 | https://asofinbolivia.com/index.php/2022/03/11/no-102/
[ASOFIN] t= 420.7s | pag=226 | files= 149 | data=  2 | cola= 105 | prio= 3 | https://asofinbolivia.com/index.php/2022/03/11/no-101/
[ASOFIN] t= 422.4s | pag=227 | files= 150 | data=  2 | cola= 104 | prio= 3 | https://asofinbolivia.com/index.php/2022/03/11/no-100/
[ASOFIN] t= 423.8s | pag=228 | files= 151 | data=  2 | cola= 103 | prio= 3 | https://asofinbolivia.com/index.php/2022/03/11/no-99/
[ASOFIN] t= 425.2s | pag=229 | files= 152 | data=  2 | cola= 102 | prio= 3 | https://asofinbolivia.com/index.php/2022/03/11/no-98/
[ASOFIN] t= 426.9s | pag=230 | files= 153 | data=  2 | cola= 101 | prio= 3 | https://asofinbolivia.com/index.php/2022/03/11/no-97/
[ASOFIN] t= 428.4s | pag=231 | files= 154 | data=  2 | cola= 100 | prio= 3 | https://asofinbolivia.com/index.php/2022/03/11/no-96/
[ASOFIN] t= 430.1s | pag=232 | files= 155 | data=  2 | cola=  99 | prio= 3 | https://asofinbolivia.com/index.php/2022/03/11/no-95/
[ASOFIN] t= 432.0s | pag=233 | files= 156 | data=  2 | cola=  98 | prio= 3 | https://asofinbolivia.com/index.php/2022/03/11/no-94/
[ASOFIN] t= 433.6s | pag=234 | files= 157 | data=  2 | cola=  97 | prio= 3 | https://asofinbolivia.com/index.php/2022/03/11/no-93/
[ASOFIN] t= 435.3s | pag=235 | files= 158 | data=  2 | cola=  96 | prio= 3 | https://asofinbolivia.com/index.php/2022/03/11/no-92/
[ASOFIN] t= 436.7s | pag=236 | files= 159 | data=  2 | cola=  95 | prio= 3 | https://asofinbolivia.com/index.php/2022/03/11/no-91/
[ASOFIN] t= 438.2s | pag=237 | files= 160 | data=  2 | cola=  94 | prio= 3 | https://asofinbolivia.com/index.php/2022/03/11/no-90/
[ASOFIN] t= 439.8s | pag=238 | files= 161 | data=  2 | cola=  93 | prio= 3 | https://asofinbolivia.com/index.php/2022/03/11/no-89/
[ASOFIN] t= 441.3s | pag=239 | files= 162 | data=  2 | cola=  92 | prio= 3 | https://asofinbolivia.com/index.php/2022/03/11/no-88/
[ASOFIN] t= 443.2s | pag=240 | files= 163 | data=  2 | cola=  91 | prio= 3 | https://asofinbolivia.com/index.php/2022/03/11/no-87/
[ASOFIN] t= 445.0s | pag=241 | files= 164 | data=  2 | cola=  90 | prio= 3 | https://asofinbolivia.com/index.php/2022/03/11/no-86/
[ASOFIN] t= 446.5s | pag=242 | files= 165 | data=  2 | cola=  89 | prio= 3 | https://asofinbolivia.com/index.php/2022/03/11/no-85/
[ASOFIN] t= 448.3s | pag=243 | files= 166 | data=  2 | cola=  88 | prio= 3 | https://asofinbolivia.com/index.php/2022/03/11/no-84/
[ASOFIN] t= 450.2s | pag=244 | files= 167 | data=  2 | cola=  87 | prio= 3 | https://asofinbolivia.com/index.php/2022/03/11/no-83/
[ASOFIN] t= 451.8s | pag=245 | files= 168 | data=  2 | cola=  86 | prio= 3 | https://asofinbolivia.com/index.php/2022/03/11/no-82/
[ASOFIN] t= 453.3s | pag=246 | files= 169 | data=  2 | cola=  85 | prio= 3 | https://asofinbolivia.com/index.php/2022/03/11/no-81/
[ASOFIN] t= 454.9s | pag=247 | files= 170 | data=  2 | cola=  84 | prio= 3 | https://asofinbolivia.com/index.php/2022/03/11/no-80/
[ASOFIN] t= 456.7s | pag=248 | files= 171 | data=  2 | cola=  83 | prio= 3 | https://asofinbolivia.com/index.php/2022/03/11/no-79/
[ASOFIN] t= 458.1s | pag=249 | files= 172 | data=  2 | cola=  82 | prio= 3 | https://asofinbolivia.com/index.php/2022/03/11/no-78/
[ASOFIN] t= 460.2s | pag=250 | files= 173 | data=  2 | cola=  81 | prio= 3 | https://asofinbolivia.com/index.php/2022/03/11/no-77/
[ASOFIN] t= 461.8s | pag=251 | files= 174 | data=  2 | cola=  80 | prio= 3 | https://asofinbolivia.com/index.php/2022/03/11/no-76/
[ASOFIN] t= 463.7s | pag=252 | files= 175 | data=  2 | cola=  79 | prio= 3 | https://asofinbolivia.com/index.php/2022/03/11/no-75/
[ASOFIN] t= 465.5s | pag=253 | files= 176 | data=  2 | cola=  78 | prio= 3 | https://asofinbolivia.com/index.php/2022/03/11/no-74/
[ASOFIN] t= 467.1s | pag=254 | files= 177 | data=  2 | cola=  77 | prio= 3 | https://asofinbolivia.com/index.php/2022/03/11/no-73/
[ASOFIN] t= 468.6s | pag=255 | files= 178 | data=  2 | cola=  76 | prio= 3 | https://asofinbolivia.com/index.php/2022/03/11/no-72/
[ASOFIN] t= 471.0s | pag=256 | files= 179 | data=  2 | cola=  75 | prio= 3 | https://asofinbolivia.com/index.php/2022/03/11/no-71/
[ASOFIN] t= 472.8s | pag=257 | files= 180 | data=  2 | cola=  74 | prio= 3 | https://asofinbolivia.com/index.php/2022/03/11/no-70/
[ASOFIN] t= 474.7s | pag=258 | files= 181 | data=  2 | cola=  73 | prio= 3 | https://asofinbolivia.com/index.php/2022/03/11/no-69/
[ASOFIN] t= 476.0s | pag=259 | files= 182 | data=  2 | cola=  72 | prio= 3 | https://asofinbolivia.com/index.php/2022/03/11/no-67/
[ASOFIN] t= 477.6s | pag=260 | files= 183 | data=  2 | cola=  71 | prio= 3 | https://asofinbolivia.com/index.php/2022/03/11/no-66/
[ASOFIN] t= 479.2s | pag=261 | files= 184 | data=  2 | cola=  70 | prio= 3 | https://asofinbolivia.com/index.php/2022/03/11/no-65/
[ASOFIN] t= 481.0s | pag=262 | files= 185 | data=  2 | cola=  69 | prio= 3 | https://asofinbolivia.com/index.php/2022/03/11/no-64/
[ASOFIN] t= 482.4s | pag=263 | files= 186 | data=  2 | cola=  68 | prio= 3 | https://asofinbolivia.com/index.php/2022/03/11/no-63/
[ASOFIN] t= 484.2s | pag=264 | files= 187 | data=  2 | cola=  67 | prio= 3 | https://asofinbolivia.com/index.php/2022/03/11/no-62/
[ASOFIN] t= 485.9s | pag=265 | files= 188 | data=  2 | cola=  66 | prio= 3 | https://asofinbolivia.com/index.php/2022/03/11/no-61/
[ASOFIN] t= 487.5s | pag=266 | files= 189 | data=  2 | cola=  65 | prio= 3 | https://asofinbolivia.com/index.php/2022/03/11/no-60/
[ASOFIN] t= 489.0s | pag=267 | files= 190 | data=  2 | cola=  64 | prio= 3 | https://asofinbolivia.com/index.php/2022/03/11/no-59/
[ASOFIN] t= 490.4s | pag=268 | files= 191 | data=  2 | cola=  63 | prio= 3 | https://asofinbolivia.com/index.php/2022/03/11/no-57/
[ASOFIN] t= 492.3s | pag=269 | files= 192 | data=  2 | cola=  62 | prio= 3 | https://asofinbolivia.com/index.php/2022/03/11/no-56/
[ASOFIN] t= 494.0s | pag=270 | files= 193 | data=  2 | cola=  61 | prio= 3 | https://asofinbolivia.com/index.php/2022/03/11/no-55/
[ASOFIN] t= 495.4s | pag=271 | files= 194 | data=  2 | cola=  60 | prio= 8 | https://asofinbolivia.com/index.php/category/documentos/page/2/
[ASOFIN] t= 496.9s | pag=272 | files= 194 | data=  2 | cola=  70 | prio= 8 | https://asofinbolivia.com/index.php/2025/08/11/memoria-2024/
[ASOFIN] t= 498.6s | pag=273 | files= 195 | data=  2 | cola=  69 | prio= 8 | https://asofinbolivia.com/index.php/2024/09/17/memoria-2023/
[ASOFIN] t= 500.4s | pag=274 | files= 196 | data=  2 | cola=  68 | prio= 8 | https://asofinbolivia.com/index.php/2023/10/30/memoria-2022/
[ASOFIN] t= 502.2s | pag=275 | files= 197 | data=  2 | cola=  67 | prio= 8 | https://asofinbolivia.com/index.php/2023/04/21/memoria-2021/
[ASOFIN] t= 503.9s | pag=276 | files= 198 | data=  2 | cola=  66 | prio= 8 | https://asofinbolivia.com/index.php/2022/08/09/memoria-2020/
[ASOFIN] t= 505.5s | pag=277 | files= 199 | data=  2 | cola=  65 | prio= 8 | https://asofinbolivia.com/index.php/2022/03/11/memoria-2019/
[ASOFIN] t= 507.1s | pag=278 | files= 200 | data=  2 | cola=  64 | prio= 8 | https://asofinbolivia.com/index.php/2022/03/11/memoria-2018/
[ASOFIN] t= 508.4s | pag=279 | files= 201 | data=  2 | cola=  63 | prio= 8 | https://asofinbolivia.com/index.php/2022/03/11/memoria-2017/
[ASOFIN] t= 509.8s | pag=280 | files= 202 | data=  2 | cola=  62 | prio= 8 | https://asofinbolivia.com/index.php/2022/03/11/memoria-2015/
[ASOFIN] t= 511.3s | pag=281 | files= 203 | data=  2 | cola=  61 | prio= 8 | https://asofinbolivia.com/index.php/2022/03/11/memoria-2014/
[ASOFIN] t= 513.0s | pag=282 | files= 204 | data=  2 | cola=  60 | prio= 8 | https://asofinbolivia.com/index.php/2022/03/10/memoria-2013/
[ASOFIN] t= 514.5s | pag=283 | files= 205 | data=  2 | cola=  59 | prio= 8 | https://asofinbolivia.com/index.php/2022/03/10/memoria-2012/
[ASOFIN] t= 515.8s | pag=284 | files= 206 | data=  2 | cola=  58 | prio= 8 | https://asofinbolivia.com/index.php/2022/03/09/memoria-2011/
[ASOFIN] t= 517.5s | pag=285 | files= 207 | data=  2 | cola=  57 | prio= 8 | https://asofinbolivia.com/index.php/2022/03/09/memoria-2010/
[ASOFIN] t= 519.3s | pag=286 | files= 208 | data=  2 | cola=  56 | prio= 8 | https://asofinbolivia.com/index.php/category/documentos/page/3/
[ASOFIN] t= 521.0s | pag=287 | files= 208 | data=  2 | cola=  66 | prio= 8 | https://asofinbolivia.com/index.php/category/documentos/page/4/
[ASOFIN] t= 522.4s | pag=288 | files= 208 | data=  2 | cola=  75 | prio=10 | https://www.asofinbolivia.com/index.php/publicaciones
[ASOFIN] t= 525.3s | pag=289 | files= 208 | data=  2 | cola=  74 | prio=10 | https://www.asofinbolivia.com/index.php/educacion_financiera/
[ASOFIN] t= 527.9s | pag=290 | files= 208 | data=  2 | cola=  75 | prio=10 | https://asofinbolivia.com/index.php/2026/08/10/jornadas-de-educacion-financiera-sobre-criptoactivos-y-activos-virtuales/
[ASOFIN] t= 529.4s | pag=291 | files= 208 | data=  2 | cola=  74 | prio=10 | https://asofinbolivia.com/index.php/2026/07/31/banco-pyme-ecofuturo-s-a-ecofuturo-acompana-en-la-recuperacion-economica-de-emprendedores-y-productores-del-pais/
[ASOFIN] t= 531.5s | pag=292 | files= 208 | data=  2 | cola=  73 | prio=10 | https://asofinbolivia.com/index.php/2022/03/23/libro-capacidades-financieras-de-las-mujeres/
[ASOFIN] t= 533.1s | pag=293 | files= 209 | data=  2 | cola=  73 | prio= 8 | https://asofinbolivia.com/index.php/documentos/
[ASOFIN] t= 534.4s | pag=294 | files= 209 | data=  2 | cola=  72 | prio=10 | https://asofinbolivia.com/index.php/2022/03/13/microscopio-global-2020-el-papel-de-la-inclusion-financiera-en-la-respuesta-frente-a-la-covid-19/
[ASOFIN] t= 536.1s | pag=295 | files= 210 | data=  2 | cola=  71 | prio=10 | https://asofinbolivia.com/index.php/2022/03/13/microscopio-global-2016-analisis-del-entorno-para-la-inclusion-financiera/
[ASOFIN] t= 537.6s | pag=296 | files= 211 | data=  2 | cola=  70 | prio=10 | https://asofinbolivia.com/index.php/2022/03/13/microscopio-global-2015-analisis-del-entorno-para-la-inclusion-financiera/
[ASOFIN] t= 539.2s | pag=297 | files= 212 | data=  2 | cola=  69 | prio=10 | https://asofinbolivia.com/index.php/2022/03/13/microscopio-global-2014-analisis-del-entorno-para-la-inclusion-financiera/
[ASOFIN] t= 541.2s | pag=298 | files= 213 | data=  2 | cola=  68 | prio=10 | https://asofinbolivia.com/index.php/2022/03/13/democracia-financiera-acceso-a-servicios-financieros-para-los-mas-pobres/
[ASOFIN] t= 542.7s | pag=299 | files= 214 | data=  2 | cola=  67 | prio=10 | https://asofinbolivia.com/index.php/2022/03/13/boletin-137/
[ASOFIN] t= 544.3s | pag=300 | files= 215 | data=  2 | cola=  66 | prio=10 | https://asofinbolivia.com/index.php/2022/03/01/empresas-privadas-y-creacion-de-oportunidades-economicas-para-micro-y-pequenas-empresas/
[ASOFIN] t= 545.8s | pag=301 | files= 216 | data=  2 | cola=  65 | prio=10 | https://asofinbolivia.com/index.php/2022/03/01/microfinancieras-afianzandose-en-los-mercados-globales-de-capital/
[ASOFIN] t= 547.2s | pag=302 | files= 217 | data=  2 | cola=  64 | prio=10 | https://asofinbolivia.com/index.php/2022/03/01/lecciones-aprendidas-sobre-regulacion-microfinanciera-en-bolivia/
[ASOFIN] t= 548.7s | pag=303 | files= 218 | data=  2 | cola=  63 | prio=10 | https://asofinbolivia.com/index.php/2022/03/01/informe-asofin-gestion-2006/
[ASOFIN] t= 550.4s | pag=304 | files= 219 | data=  2 | cola=  62 | prio=10 | https://asofinbolivia.com/index.php/2022/03/01/demanda-potencial-del-mercado-de-micro-finanzas/
[ASOFIN] t= 552.0s | pag=305 | files= 219 | data=  2 | cola=  61 | prio=50 | https://asofinbolivia.com/index.php/inicio
[ASOFIN] t= 554.2s | pag=305 | files= 219 | data=  2 | cola=  60 | prio=50 | https://www.asofinbolivia.com/index.php/actualidad
[ASOFIN] t= 557.8s | pag=306 | files= 219 | data=  2 | cola=  65 | prio=10 | https://asofinbolivia.com/index.php/2023/10/16/1ra-jornada-departamental-de-educacion-financiera-organizado-por-la-facultad-de-ciencias-contables-y-asofin/
[ASOFIN] t= 559.6s | pag=307 | files= 219 | data=  2 | cola=  64 | prio=10 | https://asofinbolivia.com/index.php/2023/08/24/banco-fortaleza-s-a-participo-en-la-jornada-de-educacion-financiera-en-uac-de-la-ucb/
[ASOFIN] t= 560.9s | pag=308 | files= 219 | data=  2 | cola=  64 | prio=10 | https://asofinbolivia.com/index.php/2023/07/10/asofin-realizo-una-jornada-de-educacion-financiera-en-el-municipio-de-viacha/
[ASOFIN] t= 562.3s | pag=309 | files= 219 | data=  2 | cola=  63 | prio=50 | https://www.asofinbolivia.com/index.php/cursos
[ASOFIN] t= 565.1s | pag=310 | files= 219 | data=  2 | cola=  66 | prio=10 | https://asofinbolivia.com/index.php/2023/05/16/asofin-junto-a-sus-asociados-realizaron-una-jornada-de-capacitacion-en-educacion-financiera-en-la-provincia-de-punata-en-el-departamento-de-cochabamba/
[ASOFIN] t= 566.5s | pag=311 | files= 219 | data=  2 | cola=  65 | prio=10 | https://asofinbolivia.com/index.php/2023/04/19/ii-jornada-de-educacion-financiera-especializada-en-micro-finanzas-2023/
[ASOFIN] t= 568.3s | pag=312 | files= 219 | data=  2 | cola=  64 | prio=50 | https://www.asofinbolivia.com/index.php/links-de-interes
[ASOFIN] t= 570.8s | pag=313 | files= 219 | data=  2 | cola=  63 | prio=50 | https://www.asofinbolivia.com/index.php/documentos
[ASOFIN] t= 572.7s | pag=313 | files= 219 | data=  2 | cola=  62 | prio=50 | https://www.asofinbolivia.com/index.php/cobertura-paf
[ASOFIN] t= 575.9s | pag=314 | files= 219 | data=  2 | cola=  62 | prio=50 | https://www.asofinbolivia.com/index.php/benchmarking
[ASOFIN] t= 578.5s | pag=315 | files= 219 | data=  2 | cola=  62 | prio=50 | https://www.asofinbolivia.com/index.php/finanzas-sostenibles/
[ASOFIN] t= 581.3s | pag=316 | files= 219 | data=  2 | cola=  61 | prio=50 | https://www.asofinbolivia.com/index.php/proyectos/
[ASOFIN] t= 583.4s | pag=317 | files= 219 | data=  2 | cola=  61 | prio=50 | https://www.asofinbolivia.com/index.php/no-financiero
[ASOFIN] t= 585.5s | pag=318 | files= 219 | data=  2 | cola=  60 | prio=50 | https://www.asofinbolivia.com/index.php/aniversario-asofin
[ASOFIN] t= 588.3s | pag=319 | files= 219 | data=  2 | cola=  61 | prio=50 | https://asofinbolivia.com/index.php/bolsadetrabajoasofin/
[ASOFIN] t= 590.6s | pag=320 | files= 219 | data=  2 | cola=  60 | prio=50 | https://asofinbolivia.com/index.php/2026/08/12/iii-cumbre-empresarial-por-los-ods/
[ASOFIN] t= 592.4s | pag=321 | files= 219 | data=  2 | cola=  59 | prio=50 | https://asofinbolivia.com/index.php/2026/08/11/foro-de-activos-digitales-bolivia-2026/
[ASOFIN] t= 594.1s | pag=322 | files= 219 | data=  2 | cola=  58 | prio=50 | https://asofinbolivia.com/index.php/2026/08/11/santa-cruz-lidera-el-futuro-sostenible-de-bolivia-con-su-primera-taxonomia-en-finanzas/
[ASOFIN] t= 595.7s | pag=323 | files= 219 | data=  2 | cola=  57 | prio=50 | https://asofinbolivia.com/index.php/2026/08/10/dialogo-conocimiento-y-accion-conjunta-tres-claves-para-transformar-el-sistema-financiero-en-bolivia/
[ASOFIN] t= 597.4s | pag=324 | files= 219 | data=  2 | cola=  55 | prio=50 | https://www.asofinbolivia.com/index.php/no-financiero/
[ASOFIN] t= 599.8s | pag=324 | files= 219 | data=  2 | cola=  54 | prio=50 | https://asofinbolivia.com/graficos/inicio/Cartera.html
[ASOFIN] t= 602.5s | pag=325 | files= 219 | data=  2 | cola=  53 | prio=50 | https://asofinbolivia.com/graficos/inicio/Clientes.html
[ASOFIN] t= 602.9s | pag=326 | files= 219 | data=  2 | cola=  52 | prio=50 | https://asofinbolivia.com/graficos/inicio/CalidadCart.html
[ASOFIN] t= 603.5s | pag=327 | files= 219 | data=  2 | cola=  51 | prio=50 | https://asofinbolivia.com/graficos/inicio/CarteraGen.html
[ASOFIN] t= 604.3s | pag=328 | files= 219 | data=  2 | cola=  50 | prio=50 | https://asofinbolivia.com/graficos/inicio/ClienteGen.html
[ASOFIN] t= 605.2s | pag=329 | files= 219 | data=  2 | cola=  49 | prio=50 | https://asofinbolivia.com/index.php/2022/09/30/como-los-bancos-incorporan-el-cambio-climatico-en-su-gestion-de-riesgos-primera-encuesta-en-america-latina-y-el-caribe/
[ASOFIN] t= 606.8s | pag=330 | files= 220 | data=  2 | cola=  48 | prio=50 | https://asofinbolivia.com/index.php/2022/08/05/la-dimension-de-genero-en-la-transformacion-digital-empresarial-de-america-latina-y-el-carib/
[ASOFIN] t= 608.8s | pag=331 | files= 221 | data=  2 | cola=  47 | prio=50 | https://asofinbolivia.com/index.php/2022/03/13/ods-1/
[ASOFIN] t= 610.7s | pag=332 | files= 222 | data=  2 | cola=  46 | prio=50 | https://asofinbolivia.com/index.php/2022/03/13/microscopio-global-sobre-el-entorno-de-negocios-para-las-microfinanzas-2013/
[ASOFIN] t= 612.6s | pag=333 | files= 223 | data=  2 | cola=  45 | prio=50 | https://asofinbolivia.com/index.php/2022/03/13/microscopio-global-sobre-el-entorno-de-negocios-para-las-microfinanzas-2012/
[ASOFIN] t= 614.0s | pag=334 | files= 224 | data=  2 | cola=  44 | prio=50 | https://asofinbolivia.com/index.php/2022/03/11/no-196-2/
[ASOFIN] t= 615.5s | pag=335 | files= 225 | data=  2 | cola=  43 | prio=50 | https://asofinbolivia.com/index.php/2022/03/11/no-195-2/
[ASOFIN] t= 616.9s | pag=336 | files= 226 | data=  2 | cola=  42 | prio=50 | https://asofinbolivia.com/index.php/2022/03/11/no-194-2/
[ASOFIN] t= 618.8s | pag=337 | files= 227 | data=  2 | cola=  41 | prio=50 | https://asofinbolivia.com/index.php/2022/03/11/no-193-2/
[ASOFIN] t= 620.3s | pag=338 | files= 228 | data=  2 | cola=  40 | prio=50 | https://asofinbolivia.com/index.php/2022/03/11/no-192-2/
[ASOFIN] t= 622.1s | pag=339 | files= 229 | data=  2 | cola=  39 | prio=50 | https://asofinbolivia.com/index.php/2022/03/11/no-191-2/
[ASOFIN] t= 623.7s | pag=340 | files= 230 | data=  2 | cola=  38 | prio=50 | https://asofinbolivia.com/index.php/2022/03/13/microscopio-global-sobre-el-entorno-de-negocios-para-las-microfinanzas-2011/
[ASOFIN] t= 625.4s | pag=341 | files= 231 | data=  2 | cola=  37 | prio=50 | https://asofinbolivia.com/index.php/2022/03/13/benchmarking-de-las-microfinanzas-america-latina-y-el-caribe-2009/
[ASOFIN] t= 627.0s | pag=342 | files= 232 | data=  2 | cola=  36 | prio=50 | https://asofinbolivia.com/index.php/2022/03/13/el-nuevo-papel-de-gestion-del-riesgo-reconstruyendo-el-modelo/
[ASOFIN] t= 628.4s | pag=343 | files= 233 | data=  2 | cola=  35 | prio=50 | https://asofinbolivia.com/index.php/2022/03/13/governments-in-microfinance-threat-or-opportunity/
[ASOFIN] t= 630.2s | pag=344 | files= 234 | data=  2 | cola=  34 | prio=50 | https://asofinbolivia.com/index.php/2022/03/01/el-estado-como-proveedor-de-servicios-microfinancieros-amenaza-u-oportunidad/
[ASOFIN] t= 632.0s | pag=345 | files= 235 | data=  2 | cola=  33 | prio=50 | https://asofinbolivia.com/index.php/2022/03/01/imf-autosuficientes/
[ASOFIN] t= 633.4s | pag=346 | files= 236 | data=  2 | cola=  32 | prio=50 | https://asofinbolivia.com/index.php/2022/03/01/benchmarking-de-las-microfinanzas-bolivia-2006/
[ASOFIN] t= 635.1s | pag=347 | files= 237 | data=  2 | cola=  31 | prio=50 | https://asofinbolivia.com/index.php/2022/03/01/asofin-institutional-presentation-oct-07/
[ASOFIN] t= 636.6s | pag=348 | files= 238 | data=  2 | cola=  30 | prio=50 | https://asofinbolivia.com/index.php/2022/03/01/la-industria-de-las-microfinanzas-en-bolivia-diagnostico-al-2004/
[ASOFIN] t= 638.4s | pag=349 | files= 239 | data=  2 | cola=  29 | prio=50 | https://asofinbolivia.com/index.php/2022/03/01/simple-poverty-scorecards/
[ASOFIN] t= 639.8s | pag=350 | files= 239 | data=  2 | cola=  28 | prio=50 | https://asofinbolivia.com/index.php/2022/03/01/ventajas-y-desventajas-del-scoring-estadistico/
[ASOFIN] t= 641.4s | pag=351 | files= 240 | data=  2 | cola=  27 | prio=50 | https://asofinbolivia.com/index.php/2022/03/01/las-microfinanzas-reguladas-en-bolivia/
[ASOFIN] t= 642.6s | pag=352 | files= 241 | data=  2 | cola=  26 | prio=50 | https://asofinbolivia.com/index.php/2022/03/01/tasas-de-interes-en-instituciones-de-microfinanzas-en-america-latina/
[ASOFIN] t= 644.5s | pag=353 | files= 242 | data=  2 | cola=  25 | prio=50 | https://asofinbolivia.com/index.php/2022/03/01/tasas-de-interes-en-microfinanzas-y-el-rol-del-gobierno/
[ASOFIN] t= 646.2s | pag=354 | files= 243 | data=  2 | cola=  24 | prio=50 | https://asofinbolivia.com/index.php/2022/03/01/de-la-ciudadania-global-al-compromiso-local/
[ASOFIN] t= 648.0s | pag=355 | files= 244 | data=  2 | cola=  23 | prio=50 | https://asofinbolivia.com/index.php/2022/03/01/caracteristicas-de-las-tasas-de-interes-en-las-microfinanzas-el-caso-de-bolivia/
[ASOFIN] t= 650.3s | pag=356 | files= 245 | data=  2 | cola=  22 | prio=50 | https://asofinbolivia.com/index.php/2022/03/01/el-modelo-latinoamericano-de-microfinanzas-una-mirada-desde-adentro/
[ASOFIN] t= 651.6s | pag=357 | files= 246 | data=  2 | cola=  21 | prio=50 | https://asofinbolivia.com/index.php/2022/03/01/perfil-de-proyecto-de-factibilidad-de-la-defensoria-del-consumidor-financiero/
[ASOFIN] t= 653.3s | pag=358 | files= 247 | data=  2 | cola=  20 | prio=50 | https://asofinbolivia.com/index.php/2022/03/01/estrategias-y-estructuras-de-microfinanzas-para-la-banca-comercial/
[ASOFIN] t= 654.9s | pag=359 | files= 248 | data=  2 | cola=  19 | prio=50 | https://asofinbolivia.com/index.php/2025/11/26/asofin-y-sparkassenstiftung-alemana-dsik-firman-un-acuerdo-estrategico-para-impulsar-la-transformacion-digital-y-fortalecer-a-las-mipyme-en-bolivia/
[ASOFIN] t= 656.8s | pag=360 | files= 248 | data=  2 | cola=  18 | prio=50 | https://asofinbolivia.com/index.php/2025/11/24/taller-de-ciberseguridad-para-la-continuidad-operativa-en-el-sector-financiero/
[ASOFIN] t= 658.3s | pag=361 | files= 248 | data=  2 | cola=  17 | prio=50 | https://asofinbolivia.com/index.php/2025/08/19/asofin-workshop-de-cocreacion-de-productos-financieros-verdes/
[ASOFIN] t= 659.7s | pag=362 | files= 248 | data=  2 | cola=  17 | prio=50 | https://asofinbolivia.com/index.php/2025/02/19/lanzamiento-red-de-desarrollo-financiero-sostenible-bolivia/
[ASOFIN] t= 661.3s | pag=363 | files= 248 | data=  2 | cola=  16 | prio=50 | https://asofinbolivia.com/index.php/2023/05/05/asofin-y-gri-firmaron-un-memorandum-de-entendimiento/
[ASOFIN] t= 662.7s | pag=364 | files= 248 | data=  2 | cola=  14 | prio=50 | https://asofinbolivia.com/index.php/2024/03/21/webinar-conceptualizacion-y-hoja-de-ruta-de-sostenibilidad-para-las-entidades-especializadas-en-microfinanzas-asociadas-a-asofin/
[ASOFIN] t= 664.1s | pag=365 | files= 248 | data=  2 | cola=  13 | prio=50 | https://asofinbolivia.com/index.php/2023/05/19/asofin-junto-a-onu-mujeres-llevaron-a-cabo-el-taller-denominado-la-importancia-de-incorporar-la-igualdad-de-genero-en-el-sistema-financiero-para-alcanzar-los-objetivos-de-sostenibilidad/
[ASOFIN] t= 665.8s | pag=366 | files= 248 | data=  2 | cola=  12 | prio=50 | https://www.asofinbolivia.com/graficos/cobertura_paf/bolivia.html
[ASOFIN] t= 668.9s | pag=367 | files= 248 | data=  2 | cola=  11 | prio=50 | https://asofinbolivia.com/graficos/benchmarking/benchmar.html
[ASOFIN] t= 670.0s | pag=368 | files= 248 | data=  2 | cola=  10 | prio=50 | https://asofinbolivia.com/index.php/2022/10/14/comunicacion-sobre-involucramiento-coe/
[ASOFIN] t= 671.5s | pag=369 | files= 248 | data=  2 | cola=   9 | prio=50 | https://asofinbolivia.com/index.php/2024/01/30/exposicion-de-fotografias/
[ASOFIN] t= 672.8s | pag=370 | files= 248 | data=  2 | cola=   8 | prio=50 | https://asofinbolivia.com/index.php/2024/01/30/exposicion-de-arte/
[ASOFIN] t= 674.3s | pag=371 | files= 248 | data=  2 | cola=   7 | prio=50 | https://www.asofinbolivia.com/index.php/finanzas-sostenibles/embed/
[ASOFIN] t= 677.5s | pag=372 | files= 248 | data=  2 | cola=   6 | prio=70 | https://asofinbolivia.com/index.php/nosotros-1/
[ASOFIN] DATASETS=3 | data_chart | https://asofinbolivia.com/index.php/nosotros-1/
[ASOFIN] t= 679.1s | pag=373 | files= 250 | data=  3 | cola=   5 | prio=70 | https://www.asofinbolivia.com/index.php/nosotros-1/
[ASOFIN] t= 680.9s | pag=373 | files= 250 | data=  3 | cola=   4 | prio=70 | https://www.asofinbolivia.com/index.php/nosotros/
[ASOFIN] t= 684.0s | pag=373 | files= 250 | data=  3 | cola=   3 | prio=70 | https://asofinbolivia.com/index.php/2022/03/13/la-necesidad-de-una-transparencia-en-los-precios-en-las-microfinanzas/
[ASOFIN] t= 687.0s | pag=374 | files= 251 | data=  3 | cola=   2 | prio=70 | https://asofinbolivia.com/index.php/2022/03/01/microfinance-financial-systems-and-economic-growth-a-theoretical-framework-and-findings-from-bolivia/
[ASOFIN] t= 688.5s | pag=375 | files= 252 | data=  3 | cola=   1 | prio=70 | https://asofinbolivia.com/index.php/2022/03/01/microfinanzas-una-historia-de-exito/
[ASOFIN] t= 690.2s | pag=376 | files= 253 | data=  3 | cola=   0 | prio=70 | https://asofinbolivia.com/index.php/2022/03/01/las-microfinanzas-en-boliviahistoria-y-situacion-actual/

================================================================================
RESULTADO
================================================================================
Fuente:              asofin
Páginas visitadas:   377
Archivos encontrados:  254
Datasets web:         3
Errores:              1
Motivo de parada:     frontier_exhausted
Duración:             692.01 s

Formatos:
  - DOC    : 1
  - DOCX   : 1
  - PDF    : 252

JSON: C:\Ultimo Semestre 7\trabajo\DATAX\team crawler\crawler_asfi\Crawler_BCB\crawler_v2\output\asofin.json

Trazabilidad:
  Ejecución: 33
  Estado:    PROCESSED
  Base:      C:\Ultimo Semestre 7\trabajo\DATAX\team crawler\crawler_asfi\Crawler_BCB\crawler_v2\trace\crawler_trace.sqlite
