================================================================================
CRAWLER V2
================================================================================
Fuente: Administradora de Tarjetas de Crédito
URL configurada: https://www.redenlace.com.bo
Timeout HTTP: 15 s
Pausa HTTP:   aleatoria 0.30s - 0.90s


Resolución de fuente:
  Original: https://www.redenlace.com.bo
  Utilizada: https://www.redenlace.com.bo/
  Fallback: sí
  Intentos: 1
    - usable         | HTTP=200 | https://www.redenlace.com.bo/

URL de trabajo: https://www.redenlace.com.bo/
Seeds: 1
Máx páginas: 10000
Máx archivos: 100000
Máx profundidad: 20

[FULL_13_ATC] t=   0.0s | pag=  0 | files=   0 | data=  0 | cola=   0 | prio= 0 | https://www.redenlace.com.bo/
[FULL_13_ATC] t=   1.3s | pag=  1 | files=   0 | data=  0 | cola=  42 | prio=10 | https://www.redenlace.com.bo/secciones-de-interes/educacion-financiera
[FULL_13_ATC] t=   2.3s | pag=  2 | files=   0 | data=  0 | cola=  43 | prio=10 | https://www.redenlace.com.bo/secciones-de-interes/educacion-financiera/aprendiendo-con-red-enlace
[FULL_13_ATC] t=   2.7s | pag=  3 | files=   0 | data=  0 | cola=  42 | prio=10 | https://www.redenlace.com.bo/secciones-de-interes/educacion-financiera/programa-de-educacion-financiera
[FULL_13_ATC] t=   3.5s | pag=  4 | files=   8 | data=  0 | cola=  41 | prio=50 | https://www.redenlace.com.bo/secciones-de-interes/solicitud-de-reembolso-activos-virtuales
[FULL_13_ATC] t=   4.1s | pag=  5 | files=   8 | data=  0 | cola=  40 | prio=50 | https://www.redenlace.com.bo/secciones-de-interes/punto-de-reclamo
[FULL_13_ATC] t=   4.8s | pag=  6 | files=   8 | data=  0 | cola=  39 | prio=50 | https://www.redenlace.com.bo/productos-y-servicios
[FULL_13_ATC] t=   5.9s | pag=  7 | files=   8 | data=  0 | cola=  45 | prio=50 | https://www.redenlace.com.bo/soporte
[FULL_13_ATC] t=   6.8s | pag=  8 | files=   8 | data=  0 | cola=  47 | prio=50 | https://www.redenlace.com.bo/sobre-red-enlace
[FULL_13_ATC] t=   7.6s | pag=  9 | files=   8 | data=  0 | cola=  46 | prio=50 | https://www.redenlace.com.bo/secciones-de-interes
[FULL_13_ATC] t=   8.1s | pag= 10 | files=   8 | data=  0 | cola=  45 | prio=50 | https://www.redenlace.com.bo/afiliate-en-linea
[FULL_13_ATC] t=   8.9s | pag= 11 | files=   8 | data=  0 | cola=  44 | prio=50 | https://portal.redenlace.com.bo/
[FULL_13_ATC] t=  10.0s | pag= 12 | files=   8 | data=  0 | cola=  43 | prio=50 | https://afiliaciones.redenlace.com.bo/Solicitud/Externo/Mantenimiento
[FULL_13_ATC] t=  10.8s | pag= 13 | files=   8 | data=  0 | cola=  42 | prio=50 | https://www.redenlace.com.bo/productos-y-servicios/quiero-cobrar-con-tarjeta-en-mi-negocio
[FULL_13_ATC] t=  11.4s | pag= 14 | files=   8 | data=  0 | cola=  43 | prio=50 | https://www.redenlace.com.bo/productos-y-servicios/quiero-cobrar-por-internet-en-mi-tienda-virtual
[FULL_13_ATC] t=  12.4s | pag= 15 | files=   8 | data=  0 | cola=  42 | prio=50 | https://www.redenlace.com.bo/secciones-de-interes/blog/activos-virtuales
[FULL_13_ATC] t=  13.3s | pag= 16 | files=   8 | data=  0 | cola=  41 | prio=50 | https://www.redenlace.com.bo/secciones-de-interes/blog/varias-formas-de-cobrar-con-red-enlace
[FULL_13_ATC] t=  14.0s | pag= 17 | files=   8 | data=  0 | cola=  40 | prio=50 | https://www.redenlace.com.bo/pix
[FULL_13_ATC] t=  14.8s | pag= 17 | files=   8 | data=  0 | cola=  39 | prio=50 | https://www.redenlace.com.bo/sobre-red-enlace/la-red-mas-segura-de-bolivia
[FULL_13_ATC] t=  16.0s | pag= 18 | files=   8 | data=  0 | cola=  38 | prio=50 | https://www.redenlace.com.bo/productos-y-servicios/enlazate-online
[FULL_13_ATC] t=  16.7s | pag= 19 | files=   8 | data=  0 | cola=  38 | prio=50 | https://www.redenlace.com.bo/secciones-de-interes/blog/red-enlace-acepta-las-exclusivas-tarjetas-american-express
[FULL_13_ATC] t=  17.2s | pag= 20 | files=   8 | data=  0 | cola=  37 | prio=50 | https://www.redenlace.com.bo/secciones-de-interes/blog
[FULL_13_ATC] t=  17.9s | pag= 21 | files=   8 | data=  0 | cola=  36 | prio=50 | https://www.redenlace.com.bo/secciones-de-interes/blog/declaracion-de-privacidad-y-confidencialidad-de-la-informacion-de-la-app-de-portal-de-comercios
[FULL_13_ATC] t=  18.4s | pag= 22 | files=   8 | data=  0 | cola=  35 | prio=50 | https://www.redenlace.com.bo/soporte/tutoriales
[FULL_13_ATC] t=  19.1s | pag= 23 | files=   8 | data=  0 | cola=  41 | prio=50 | https://www.redenlace.com.bo/soporte/tutoriales/tutoriales-pos/medidas-de-seguridad-con-tu-pos
[FULL_13_ATC] t=  19.9s | pag= 24 | files=   8 | data=  0 | cola=  43 | prio=50 | https://www.redenlace.com.bo/soporte/tutoriales/tutoriales-enlazate-online-eon/que-es-eon-enlazate-online-de-red-enlace
[FULL_13_ATC] t=  20.5s | pag= 25 | files=   8 | data=  0 | cola=  45 | prio=50 | https://www.redenlace.com.bo/soporte/tutoriales/tutoriales-multicobro-en-los-newpos/tutorial-transaccion-qr-simple-con-red-enlace
[FULL_13_ATC] t=  21.0s | pag= 26 | files=   8 | data=  0 | cola=  47 | prio=50 | https://www.redenlace.com.bo/sobre-red-enlace/memorias
[FULL_13_ATC] t=  21.9s | pag= 27 | files=  20 | data=  0 | cola=  46 | prio=50 | https://www.redenlace.com.bo/sobre-red-enlace/oficinas
[FULL_13_ATC] t=  22.7s | pag= 28 | files=  20 | data=  0 | cola=  45 | prio=50 | https://www.redenlace.com.bo/sobre-red-enlace/documentos-relacionados-al-contrato-de-adquirencia
[FULL_13_ATC] t=  23.2s | pag= 29 | files=  39 | data=  0 | cola=  44 | prio=50 | https://www.redenlace.com.bo/sobre-red-enlace/estados-financieros
[FULL_13_ATC] t=  23.9s | pag= 30 | files=  47 | data=  0 | cola=  43 | prio=50 | https://www.redenlace.com.bo/secciones-de-interes/promociones-red-enlace
[FULL_13_ATC] t=  24.6s | pag= 31 | files=  47 | data=  0 | cola=  45 | prio=50 | https://www.redenlace.com.bo/secciones-de-interes/procedimiento-pr
[FULL_13_ATC] t=  25.3s | pag= 32 | files=  47 | data=  0 | cola=  47 | prio=50 | https://www.redenlace.com.bo/secciones-de-interes/promociones
[FULL_13_ATC] t=  26.2s | pag= 33 | files=  47 | data=  0 | cola=  46 | prio=50 | https://www.redenlace.com.bo/secciones-de-interes/comunicados-importantes
[FULL_13_ATC] t=  26.8s | pag= 34 | files=  47 | data=  0 | cola=  45 | prio=50 | https://www.redenlace.com.bo/sobre-red-enlace/oficina-central
[FULL_13_ATC] t=  27.3s | pag= 34 | files=  47 | data=  0 | cola=  44 | prio=50 | https://www.redenlace.com.bo/sobre-red-enlace/cochabamba
[FULL_13_ATC] t=  28.4s | pag= 34 | files=  47 | data=  0 | cola=  43 | prio=50 | https://www.redenlace.com.bo/sobre-red-enlace/santa-cruz
[FULL_13_ATC] t=  29.9s | pag= 34 | files=  47 | data=  0 | cola=  42 | prio=50 | https://www.redenlace.com.bo/terminos-y-condiciones-de-uso-del-sitio-web
[FULL_13_ATC] t=  30.8s | pag= 35 | files=  47 | data=  0 | cola=  41 | prio=50 | https://www.redenlace.com.bo/politicas-de-privacidad
[FULL_13_ATC] t=  31.4s | pag= 36 | files=  47 | data=  0 | cola=  40 | prio=50 | https://www.redenlace.com.bo/m.me/RedEnlace.ATC
[FULL_13_ATC] t=  32.4s | pag= 36 | files=  47 | data=  0 | cola=  39 | prio=50 | https://www.redenlace.com.bo/productos-y-servicios/otros-servicios/cash-back
[FULL_13_ATC] t=  33.8s | pag= 37 | files=  47 | data=  0 | cola=  48 | prio=10 | https://www.redenlace.com.bo/productos-y-servicios/otros-servicios/cash-back/supermercado-america
[FULL_13_ATC] t=  34.7s | pag= 38 | files=  47 | data=  0 | cola=  47 | prio=50 | https://www.redenlace.com.bo/productos-y-servicios/otros-servicios/tigo-money
[FULL_13_ATC] t=  35.2s | pag= 39 | files=  47 | data=  0 | cola=  47 | prio=50 | https://www.redenlace.com.bo/productos-y-servicios/otros-servicios/simple-qr
[FULL_13_ATC] t=  35.8s | pag= 40 | files=  47 | data=  0 | cola=  46 | prio=50 | https://www.redenlace.com.bo/productos-y-servicios/otros-servicios/t-c-billetera
[FULL_13_ATC] t=  36.5s | pag= 41 | files=  47 | data=  0 | cola=  45 | prio=50 | https://www.redenlace.com.bo/productos-y-servicios/otros-servicios/instructivos-enlazate-online
[FULL_13_ATC] t=  37.1s | pag= 42 | files=  49 | data=  0 | cola=  44 | prio=50 | https://www.redenlace.com.bo/productos-y-servicios/otros-servicios/app-portal-de-comercios
[FULL_13_ATC] t=  37.8s | pag= 43 | files=  50 | data=  0 | cola=  43 | prio=50 | https://www.redenlace.com.bo/soporte/portal-de-comercios
[FULL_13_ATC] t=  38.6s | pag= 44 | files=  50 | data=  0 | cola=  42 | prio=50 | https://www.redenlace.com.bo/soporte/call-center-canales-digitales-y-redes-sociales
[FULL_13_ATC] t=  39.8s | pag= 45 | files=  50 | data=  0 | cola=  41 | prio=50 | https://www.redenlace.com.bo/soporte/preguntas-frecuentes
[FULL_13_ATC] t=  40.7s | pag= 46 | files=  50 | data=  0 | cola=  46 | prio=50 | https://www.redenlace.com.bo/productos-y-servicios/
[FULL_13_ATC] t=  41.8s | pag= 47 | files=  50 | data=  0 | cola=  46 | prio=50 | https://www.redenlace.com.bo/solicita-un-ejecutivo
[FULL_13_ATC] t=  42.7s | pag= 48 | files=  50 | data=  0 | cola=  46 | prio=50 | https://www.redenlace.com.bo/soporte/tutoriales/tutoriales-enlazate-online-eon
[FULL_13_ATC] t=  43.2s | pag= 49 | files=  50 | data=  0 | cola=  55 | prio=50 | https://www.redenlace.com.bo/soporte/tutoriales/tutoriales-newpos-la-nueva-terminal-de-cobro-con-tarjeta-de-red-enlace
[FULL_13_ATC] t=  43.8s | pag= 50 | files=  50 | data=  0 | cola=  64 | prio=10 | https://www.redenlace.com.bo/soporte/tutoriales/tutoriales-newpos-la-nueva-terminal-de-cobro-con-tarjeta-de-red-enlace/impresion-de-reporte-en-el-newpos
[FULL_13_ATC] t=  44.4s | pag= 51 | files=  50 | data=  0 | cola=  63 | prio=50 | https://www.redenlace.com.bo/soporte/tutoriales/tutoriales-multicobro-en-los-newpos
[FULL_13_ATC] t=  44.9s | pag= 52 | files=  50 | data=  0 | cola=  63 | prio=50 | https://www.redenlace.com.bo/soporte/tutoriales/tutoriales-portal-de-comercios
[FULL_13_ATC] t=  45.6s | pag= 53 | files=  50 | data=  0 | cola=  75 | prio=10 | https://www.redenlace.com.bo/soporte/tutoriales/tutoriales-portal-de-comercios/como-gestionar-reportes-en-el-portal-de-comercios-de-red-enlace
[FULL_13_ATC] t=  46.5s | pag= 54 | files=  50 | data=  0 | cola=  74 | prio=50 | https://www.redenlace.com.bo/soporte/tutoriales/tutoriales-billetera-enlace
[FULL_13_ATC] t=  47.1s | pag= 55 | files=  50 | data=  0 | cola=  79 | prio=10 | https://www.redenlace.com.bo/soporte/tutoriales/tutoriales-billetera-enlace/como-revisar-el-historico-de-mis-transacciones-en-la-billetera-enlace
[FULL_13_ATC] t=  47.7s | pag= 56 | files=  50 | data=  0 | cola=  78 | prio=50 | https://www.redenlace.com.bo/soporte/tutoriales/tutoriales-cashback
[FULL_13_ATC] t=  48.4s | pag= 57 | files=  50 | data=  0 | cola=  79 | prio=50 | https://www.redenlace.com.bo/soporte/tutoriales/tutoriales-conversion-dinamica-de-moneda-dcc
[FULL_13_ATC] t=  48.9s | pag= 58 | files=  50 | data=  0 | cola=  82 | prio=50 | https://www.redenlace.com.bo/soporte/tutoriales/tutoriales-pos
[FULL_13_ATC] t=  49.6s | pag= 59 | files=  50 | data=  0 | cola=  89 | prio=50 | https://www.redenlace.com.bo/soporte/tutoriales/tutoriales-pos/compra-pos
[FULL_13_ATC] t=  50.2s | pag= 60 | files=  50 | data=  0 | cola=  88 | prio=50 | https://www.redenlace.com.bo/soporte/tutoriales/tutoriales-pos/cuotas
[FULL_13_ATC] t=  51.0s | pag= 61 | files=  50 | data=  0 | cola=  87 | prio=50 | https://www.redenlace.com.bo/soporte/tutoriales/tutoriales-pos/pest-bisa
[FULL_13_ATC] t=  51.9s | pag= 62 | files=  50 | data=  0 | cola=  86 | prio=50 | https://www.redenlace.com.bo/soporte/tutoriales/tutoriales-enlazate-online-eon/como-afiliarme-a-eon-enlazate-online-de-red-enlace
[FULL_13_ATC] t=  52.4s | pag= 63 | files=  50 | data=  0 | cola=  85 | prio=50 | https://www.redenlace.com.bo/soporte/tutoriales/tutoriales-enlazate-online-eon/como-personalizar-la-pasarela-de-pagos-de-eon-enlazate-online-de-red-enlace
[FULL_13_ATC] t=  52.9s | pag= 64 | files=  50 | data=  0 | cola=  84 | prio=50 | https://www.redenlace.com.bo/soporte/tutoriales/tutoriales-enlazate-online-eon/como-cobrar-por-email-mediante-eon-enlazate-online-de-red-enlace
[FULL_13_ATC] t=  53.5s | pag= 65 | files=  50 | data=  0 | cola=  83 | prio=50 | https://www.redenlace.com.bo/soporte/tutoriales/tutoriales-multicobro-en-los-newpos/como-funcionan-los-cobros-con-qr-simple-en-red-enlace
[FULL_13_ATC] t=  54.1s | pag= 66 | files=  50 | data=  0 | cola=  82 | prio=50 | https://www.redenlace.com.bo/soporte/tutoriales/tutoriales-multicobro-en-los-newpos/como-funcionan-los-cobros-con-tigo-money-en-red-enlace
[FULL_13_ATC] t=  54.6s | pag= 67 | files=  50 | data=  0 | cola=  81 | prio=50 | https://www.redenlace.com.bo/soporte/tutoriales/tutoriales-multicobro-en-los-newpos/tutorial-transaccion-tigo-money-con-red-enlace
[FULL_13_ATC] t=  55.3s | pag= 68 | files=  50 | data=  0 | cola=  80 | prio=50 | https://www.redenlace.com.bo/secciones-de-interes/promociones-red-enlace/promociones-cyberweek
[FULL_13_ATC] t=  55.7s | pag= 69 | files=  50 | data=  0 | cola=  79 | prio=50 | https://www.redenlace.com.bo/secciones-de-interes/promociones-red-enlace/visa-catar-2022
[FULL_13_ATC] t=  56.3s | pag= 70 | files=  52 | data=  0 | cola=  78 | prio=50 | https://www.redenlace.com.bo/secciones-de-interes/promociones-red-enlace/pronostico-mundialista
[FULL_13_ATC] t=  57.0s | pag= 71 | files=  53 | data=  0 | cola=  78 | prio=50 | https://www.redenlace.com.bo/secciones-de-interes/procedimiento-pr/como-se-procesa-un-reclamo
[FULL_13_ATC] t=  57.7s | pag= 72 | files=  53 | data=  0 | cola=  77 | prio=50 | https://www.redenlace.com.bo/secciones-de-interes/procedimiento-pr/procedimiento-para-reclamos
[FULL_13_ATC] t=  58.4s | pag= 73 | files=  54 | data=  0 | cola=  76 | prio=50 | https://www.redenlace.com.bo/secciones-de-interes/procedimiento-pr/procedimiento-para-reclamos-en-segunda-instancia
[FULL_13_ATC] t=  59.3s | pag= 74 | files=  55 | data=  0 | cola=  75 | prio=50 | https://www.redenlace.com.bo/productos-y-servicios/otros-servicios
[FULL_13_ATC] t=  60.4s | pag= 75 | files=  55 | data=  0 | cola=  74 | prio=50 | https://www.redenlace.com.bo/productos-y-servicios/otros-servicios/cash-back/casa-ideas
[FULL_13_ATC] t=  61.2s | pag= 76 | files=  55 | data=  0 | cola=  73 | prio=50 | https://www.redenlace.com.bo/productos-y-servicios/otros-servicios/cash-back/ketal
[FULL_13_ATC] t=  61.7s | pag= 77 | files=  55 | data=  0 | cola=  72 | prio=50 | https://www.redenlace.com.bo/productos-y-servicios/otros-servicios/cash-back/biopetrol
[FULL_13_ATC] t=  62.3s | pag= 78 | files=  55 | data=  0 | cola=  71 | prio=50 | https://www.redenlace.com.bo/productos-y-servicios/otros-servicios/cash-back/tiendas-wow
[FULL_13_ATC] t=  63.1s | pag= 79 | files=  55 | data=  0 | cola=  70 | prio=50 | https://www.redenlace.com.bo/productos-y-servicios/otros-servicios/cash-back/farmacias-chavez-
[FULL_13_ATC] t=  64.0s | pag= 80 | files=  55 | data=  0 | cola=  69 | prio=50 | https://www.redenlace.com.bo/productos-y-servicios/otros-servicios/cash-back/fidalga
[FULL_13_ATC] t=  64.4s | pag= 81 | files=  55 | data=  0 | cola=  68 | prio=50 | https://www.redenlace.com.bo/productos-y-servicios/otros-servicios/cash-back/supersur
[FULL_13_ATC] t=  65.4s | pag= 82 | files=  55 | data=  0 | cola=  67 | prio=50 | https://www.redenlace.com.bo/productos-y-servicios/otros-servicios/cash-back/surtidor-orsa
[FULL_13_ATC] t=  66.1s | pag= 83 | files=  55 | data=  0 | cola=  66 | prio=50 | https://www.redenlace.com.bo/soporte/tutoriales/tutoriales-multicobro-en-los-newpos/tutorial-anulacion-de-una-transaccion-tigo-money-con-red-enlace
[FULL_13_ATC] t=  66.6s | pag= 84 | files=  55 | data=  0 | cola=  65 | prio=50 | https://www.redenlace.com.bo/soporte/preguntas-frecuentes/preguntas-sobre-nuestros-servicios
[FULL_13_ATC] t=  67.1s | pag= 85 | files=  55 | data=  0 | cola=  64 | prio=50 | https://www.redenlace.com.bo/soporte/preguntas-frecuentes/preguntas-sobre-soporte
[FULL_13_ATC] t=  67.5s | pag= 86 | files=  55 | data=  0 | cola=  63 | prio=50 | https://www.redenlace.com.bo/soporte/preguntas-frecuentes/preguntas-sobre-el-portal-de-comercios
[FULL_13_ATC] t=  68.4s | pag= 87 | files=  55 | data=  0 | cola=  62 | prio=50 | https://www.redenlace.com.bo/soporte/preguntas-frecuentes/preguntas-sobre-billetera-enlace
[FULL_13_ATC] t=  68.9s | pag= 88 | files=  55 | data=  0 | cola=  61 | prio=50 | https://www.redenlace.com.bo/productos-y-servicios/m.me/RedEnlace.ATC
[FULL_13_ATC] t=  69.4s | pag= 89 | files=  55 | data=  0 | cola=  60 | prio=50 | https://afiliaciones.redenlace.com.bo/Solicitud/Externo/Prospecto
[FULL_13_ATC] t=  70.1s | pag= 90 | files=  55 | data=  0 | cola=  59 | prio=50 | https://www.redenlace.com.bo/soporte/tutoriales/tutoriales-enlazate-online-eon/como-cobrar-a-traves-de-un-link-de-cobro-mediante-eon-enlazate-online-de-red-enlace
[FULL_13_ATC] t=  71.0s | pag= 91 | files=  55 | data=  0 | cola=  58 | prio=50 | https://www.redenlace.com.bo/soporte/tutoriales/tutoriales-enlazate-online-eon/como-cobrar-por-sms-mediante-eon-enlazate-online-de-red-enlace
[FULL_13_ATC] t=  71.5s | pag= 92 | files=  55 | data=  0 | cola=  57 | prio=50 | https://www.redenlace.com.bo/soporte/tutoriales/tutoriales-enlazate-online-eon/como-iniciar-sesion-por-primera-vez-en-eon
[FULL_13_ATC] t=  72.2s | pag= 93 | files=  55 | data=  0 | cola=  56 | prio=50 | https://www.redenlace.com.bo/soporte/tutoriales/tutoriales-enlazate-online-eon/como-cobrar-por-whatsapp-mediante-eon-enlazate-online-de-red-enlace
[FULL_13_ATC] t=  73.1s | pag= 94 | files=  55 | data=  0 | cola=  55 | prio=50 | https://www.redenlace.com.bo/soporte/tutoriales/tutoriales-enlazate-online-eon/como-cobrar-con-qr-multiple-con-eon-enlazate-online-de-red-enlace
[FULL_13_ATC] t=  73.7s | pag= 95 | files=  55 | data=  0 | cola=  54 | prio=50 | https://www.redenlace.com.bo/soporte/tutoriales/tutoriales-enlazate-online-eon/pay-safely-through-the-eon-payment-link-enlazate-online-de-red-enlace
[FULL_13_ATC] t=  74.2s | pag= 96 | files=  55 | data=  0 | cola=  53 | prio=50 | https://www.redenlace.com.bo/soporte/tutoriales/tutoriales-enlazate-online-eon/como-pagar-con-un-link-de-cobro-mediante-eon-enlazate-online-de-red-enlace
[FULL_13_ATC] t=  74.6s | pag= 97 | files=  55 | data=  0 | cola=  52 | prio=50 | https://www.redenlace.com.bo/soporte/tutoriales/tutoriales-enlazate-online-eon/cmo-pagar-facilmente-mendiante-un-qr-de-cobro-con-eon-enlzate-online-de-red-enlace
[FULL_13_ATC] t=  75.5s | pag= 98 | files=  55 | data=  0 | cola=  51 | prio=50 | https://www.redenlace.com.bo/soporte/tutoriales/tutoriales-enlazate-online-eon/p=2/
[FULL_13_ATC] t=  76.4s | pag= 99 | files=  55 | data=  0 | cola=  63 | prio=10 | https://www.redenlace.com.bo/soporte/tutoriales/tutoriales-enlazate-online-eon/como-generar-un-reporte-de-transacciones-por-estado-en-eon-enlazate-online-de-red-enlace
[FULL_13_ATC] t=  77.2s | pag=100 | files=  55 | data=  0 | cola=  62 | prio=10 | https://www.redenlace.com.bo/soporte/tutoriales/tutoriales-enlazate-online-eon/como-generar-un-reporte-por-canal-en-eon-enlazate-online-de-red-enlace
[FULL_13_ATC] t=  77.6s | pag=101 | files=  55 | data=  0 | cola=  61 | prio=10 | https://www.redenlace.com.bo/soporte/tutoriales/tutoriales-enlazate-online-eon/como-generar-un-reporte-de-peticiones-de-pago-en-eon-enlazate-online-de-red-enlace
[FULL_13_ATC] t=  78.1s | pag=102 | files=  55 | data=  0 | cola=  60 | prio=50 | https://www.redenlace.com.bo/soporte/tutoriales/tutoriales-enlazate-online-eon/p=3/
[FULL_13_ATC] t=  78.7s | pag=103 | files=  55 | data=  0 | cola=  60 | prio=50 | https://www.redenlace.com.bo/soporte/tutoriales/tutoriales-newpos-la-nueva-terminal-de-cobro-con-tarjeta-de-red-enlace/re-impresion-de-transaccion-en-el-newpos
[FULL_13_ATC] t=  79.5s | pag=104 | files=  55 | data=  0 | cola=  59 | prio=50 | https://www.redenlace.com.bo/soporte/tutoriales/tutoriales-newpos-la-nueva-terminal-de-cobro-con-tarjeta-de-red-enlace/compra-con-propina-en-el-newpos
[FULL_13_ATC] t=  79.9s | pag=105 | files=  55 | data=  0 | cola=  58 | prio=50 | https://www.redenlace.com.bo/soporte/tutoriales/tutoriales-newpos-la-nueva-terminal-de-cobro-con-tarjeta-de-red-enlace/compra-en-cuotas-en-el-newpos
[FULL_13_ATC] t=  80.4s | pag=106 | files=  55 | data=  0 | cola=  57 | prio=50 | https://www.redenlace.com.bo/soporte/tutoriales/tutoriales-newpos-la-nueva-terminal-de-cobro-con-tarjeta-de-red-enlace/cash-back-solicita-dinero-en-efectivo-al-momento-de-pagar-tus-compras-con-red-enlace
[FULL_13_ATC] t=  81.0s | pag=107 | files=  55 | data=  0 | cola=  56 | prio=50 | https://www.redenlace.com.bo/soporte/tutoriales/tutoriales-newpos-la-nueva-terminal-de-cobro-con-tarjeta-de-red-enlace/ultimo-deposito-de-lote-en-el-newpos
[FULL_13_ATC] t=  81.7s | pag=108 | files=  55 | data=  0 | cola=  55 | prio=50 | https://www.redenlace.com.bo/soporte/tutoriales/tutoriales-newpos-la-nueva-terminal-de-cobro-con-tarjeta-de-red-enlace/compra-sin-tarjeta-en-el-newpos
[FULL_13_ATC] t=  82.4s | pag=109 | files=  55 | data=  0 | cola=  54 | prio=50 | https://www.redenlace.com.bo/soporte/tutoriales/tutoriales-newpos-la-nueva-terminal-de-cobro-con-tarjeta-de-red-enlace/compra-en-el-newpos-la-nueva-terminal-de-cobro-con-tarjeta-de-red-enlace
[FULL_13_ATC] t=  83.0s | pag=110 | files=  55 | data=  0 | cola=  53 | prio=50 | https://www.redenlace.com.bo/soporte/tutoriales/tutoriales-newpos-la-nueva-terminal-de-cobro-con-tarjeta-de-red-enlace/anulacion-de-transaccion-en-el-newpos
[FULL_13_ATC] t=  83.4s | pag=111 | files=  55 | data=  0 | cola=  52 | prio=50 | https://www.redenlace.com.bo/soporte/tutoriales/tutoriales-newpos-la-nueva-terminal-de-cobro-con-tarjeta-de-red-enlace/realiza-un-deposito-de-lote-en-el-newpos
[FULL_13_ATC] t=  83.9s | pag=112 | files=  55 | data=  0 | cola=  51 | prio=50 | https://www.redenlace.com.bo/soporte/tutoriales/tutoriales-multicobro-en-los-newpos/tutorial-reimpresion-de-cobranzas-de-cobros-qr-simple-con-red-enlace
[FULL_13_ATC] t=  84.7s | pag=113 | files=  55 | data=  0 | cola=  52 | prio=50 | https://www.redenlace.com.bo/soporte/tutoriales/tutoriales-portal-de-comercios/el-portal-de-comercios
[FULL_13_ATC] t=  85.4s | pag=114 | files=  55 | data=  0 | cola=  51 | prio=50 | https://www.redenlace.com.bo/soporte/tutoriales/tutoriales-portal-de-comercios/-como-ingreso-y-reviso-mis-transacciones
[FULL_13_ATC] t=  85.9s | pag=115 | files=  55 | data=  0 | cola=  50 | prio=50 | https://www.redenlace.com.bo/soporte/tutoriales/tutoriales-portal-de-comercios/como-realizo-requerimientos
[FULL_13_ATC] t=  86.5s | pag=116 | files=  55 | data=  0 | cola=  49 | prio=50 | https://www.redenlace.com.bo/soporte/tutoriales/tutoriales-portal-de-comercios/como-gestionar-roles-y-usuarios-en-el-portal-de-comercios-de-red-enlace
[FULL_13_ATC] t=  87.3s | pag=117 | files=  55 | data=  0 | cola=  48 | prio=50 | https://www.redenlace.com.bo/soporte/tutoriales/tutoriales-portal-de-comercios/como-responder-controversias-en-el-portal-de-comercios-de-red-enlace
[FULL_13_ATC] t=  87.9s | pag=118 | files=  55 | data=  0 | cola=  47 | prio=50 | https://www.redenlace.com.bo/soporte/tutoriales/tutoriales-portal-de-comercios/que-es-una-regularizacion-y-cual-es-la-diferencia-con-un-contracargo
[FULL_13_ATC] t=  88.4s | pag=119 | files=  55 | data=  0 | cola=  46 | prio=50 | https://www.redenlace.com.bo/soporte/tutoriales/tutoriales-portal-de-comercios/parte-1-como-administrar-roles-y-usuarios-en-la-app-portal-de-comercios-de-red-enlace
[FULL_13_ATC] t=  89.2s | pag=120 | files=  55 | data=  0 | cola=  45 | prio=50 | https://www.redenlace.com.bo/soporte/tutoriales/tutoriales-portal-de-comercios/parte-2-como-invitar-usuarios-desde-la-app-portal-de-comercios-de-red-enlace
[FULL_13_ATC] t=  90.1s | pag=121 | files=  55 | data=  0 | cola=  44 | prio=50 | https://www.redenlace.com.bo/soporte/tutoriales/tutoriales-portal-de-comercios/parte-3-como-modificar-y-verificar-estados-de-usuarios-desde-la-app-portal-de-comercios
[FULL_13_ATC] t=  90.8s | pag=122 | files=  55 | data=  0 | cola=  43 | prio=50 | https://www.redenlace.com.bo/soporte/tutoriales/tutoriales-portal-de-comercios/parte-4-como-restaurar-tu-contrasena-desde-la-app-portal-de-comercios-de-red-enlace
[FULL_13_ATC] t=  91.3s | pag=123 | files=  55 | data=  0 | cola=  42 | prio=50 | https://www.redenlace.com.bo/soporte/tutoriales/tutoriales-portal-de-comercios/parte-5-como-revisar-tus-transacciones-desde-la-app-portal-de-comercios-de-red-enlace
[FULL_13_ATC] t=  92.0s | pag=124 | files=  55 | data=  0 | cola=  41 | prio=50 | https://www.redenlace.com.bo/soporte/tutoriales/tutoriales-portal-de-comercios/p=2/
[FULL_13_ATC] t=  92.4s | pag=125 | files=  55 | data=  0 | cola=  44 | prio=10 | https://www.redenlace.com.bo/soporte/tutoriales/tutoriales-portal-de-comercios/como-gestionar-mis-archivos-de-conciliacion-en-el-portal-de-comercios-de-red-enlace
[FULL_13_ATC] t=  92.9s | pag=126 | files=  55 | data=  0 | cola=  43 | prio=50 | https://www.redenlace.com.bo/soporte/tutoriales/tutoriales-billetera-enlace/registro-y-digitalizacion-de-la-billetera-enlace
[FULL_13_ATC] t=  93.4s | pag=127 | files=  55 | data=  0 | cola=  42 | prio=50 | https://www.redenlace.com.bo/soporte/tutoriales/tutoriales-billetera-enlace/como-pagar-con-la-billetera-enlace
[FULL_13_ATC] t=  93.9s | pag=128 | files=  55 | data=  0 | cola=  41 | prio=50 | https://www.redenlace.com.bo/soporte/tutoriales/tutoriales-billetera-enlace/como-cobrar-con-la-billetera-enlace
[FULL_13_ATC] t=  94.3s | pag=129 | files=  55 | data=  0 | cola=  40 | prio=50 | https://www.redenlace.com.bo/soporte/tutoriales/tutoriales-billetera-enlace/como-bloqueo-mi-tarjeta-con-la-billetera-enlace
[FULL_13_ATC] t=  95.1s | pag=130 | files=  55 | data=  0 | cola=  39 | prio=50 | https://www.redenlace.com.bo/soporte/tutoriales/tutoriales-billetera-enlace/como-realizo-el-escaneo-del-numero-de-mi-tarjeta-en-la-billetera-enlace-de-red-enlace
[FULL_13_ATC] t=  95.9s | pag=131 | files=  55 | data=  0 | cola=  38 | prio=50 | https://www.redenlace.com.bo/soporte/tutoriales/tutoriales-cashback/que-es-y-como-funciona-el-servicio-cashback-de-red-enlace
[FULL_13_ATC] t=  96.7s | pag=132 | files=  55 | data=  0 | cola=  37 | prio=50 | https://www.redenlace.com.bo/soporte/tutoriales/tutoriales-cashback/como-realizar-una-transaccion-caxhback-en-el-newpos-de-red-enlace
[FULL_13_ATC] t=  97.7s | pag=133 | files=  55 | data=  0 | cola=  36 | prio=50 | https://www.redenlace.com.bo/soporte/tutoriales/tutoriales-conversion-dinamica-de-moneda-dcc/que-es-dcc-conversion-dinamica-de-moneda
[FULL_13_ATC] t=  98.2s | pag=134 | files=  55 | data=  0 | cola=  37 | prio=50 | https://www.redenlace.com.bo/soporte/tutoriales/tutoriales-conversion-dinamica-de-moneda-dcc/cobro-dcc-con-tarjeta-insertada-red-enlace
[FULL_13_ATC] t=  98.7s | pag=135 | files=  55 | data=  0 | cola=  36 | prio=50 | https://www.redenlace.com.bo/soporte/tutoriales/tutoriales-conversion-dinamica-de-moneda-dcc/reversa-de-una-transaccion-dcc-conversion-dinamica-de-moneda-red-enlace
[FULL_13_ATC] t=  99.7s | pag=136 | files=  55 | data=  0 | cola=  35 | prio=50 | https://www.redenlace.com.bo/soporte/tutoriales/tutoriales-pos/pest-bnb
[FULL_13_ATC] t= 100.3s | pag=137 | files=  55 | data=  0 | cola=  34 | prio=50 | https://www.redenlace.com.bo/soporte/tutoriales/tutoriales-pos/club-de-fidelizacion
[FULL_13_ATC] t= 100.8s | pag=138 | files=  55 | data=  0 | cola=  33 | prio=50 | https://www.redenlace.com.bo/soporte/tutoriales/tutoriales-pos/cash-back
[FULL_13_ATC] t= 101.4s | pag=139 | files=  55 | data=  0 | cola=  32 | prio=50 | https://www.redenlace.com.bo/soporte/tutoriales/tutoriales-pos/anulacion
[FULL_13_ATC] t= 101.9s | pag=140 | files=  55 | data=  0 | cola=  31 | prio=50 | https://www.redenlace.com.bo/soporte/tutoriales/tutoriales-pos/reservas
[FULL_13_ATC] t= 102.3s | pag=141 | files=  55 | data=  0 | cola=  30 | prio=50 | https://www.redenlace.com.bo/soporte/tutoriales/tutoriales-pos/banca-joven
[FULL_13_ATC] t= 102.9s | pag=142 | files=  55 | data=  0 | cola=  29 | prio=50 | https://www.redenlace.com.bo/soporte/tutoriales/tutoriales-pos/deposito-del-lote
[FULL_13_ATC] t= 103.3s | pag=143 | files=  55 | data=  0 | cola=  28 | prio=50 | https://www.redenlace.com.bo/soporte/tutoriales/tutoriales-pos/p=2/
[FULL_13_ATC] t= 103.9s | pag=144 | files=  55 | data=  0 | cola=  29 | prio=50 | https://www.redenlace.com.bo/secciones-de-interes/promociones-red-enlace/www.paginasiete.bo/golazzos
[FULL_13_ATC] t= 105.0s | pag=144 | files=  55 | data=  0 | cola=  28 | prio=50 | https://www.redenlace.com.bo/soporte/tutoriales/tutoriales-enlazate-online-eon/como-cobrar-a-tarjetas-virutales-de-bookingcom-enlazate-online-de-red-enlace
[FULL_13_ATC] t= 106.3s | pag=145 | files=  55 | data=  0 | cola=  27 | prio=50 | https://www.redenlace.com.bo/soporte/tutoriales/tutoriales-enlazate-online-eon/como-cobrar-a-tarjetas-virtuales-expedia-enlazate-online-de-red-enlace
[FULL_13_ATC] t= 107.1s | pag=146 | files=  55 | data=  0 | cola=  26 | prio=50 | https://www.redenlace.com.bo/soporte/tutoriales/tutoriales-enlazate-online-eon/recomendaciones-para-el-cobro-de-tarjetas-de-credito-virtuales-mediante-eon-de-red-enlace
[FULL_13_ATC] t= 107.7s | pag=147 | files=  55 | data=  0 | cola=  25 | prio=50 | https://www.redenlace.com.bo/soporte/tutoriales/tutoriales-enlazate-online-eon/como-cobrar-desde-tiktok-mediante-eon-enlazate-online-de-red-enlace
[FULL_13_ATC] t= 108.6s | pag=148 | files=  55 | data=  0 | cola=  24 | prio=50 | https://www.redenlace.com.bo/soporte/tutoriales/tutoriales-enlazate-online-eon/como-revertir-una-transaccion-en-eon-enlazate-online-de-red-enlace
[FULL_13_ATC] t= 109.2s | pag=149 | files=  55 | data=  0 | cola=  23 | prio=50 | https://www.redenlace.com.bo/soporte/tutoriales/tutoriales-enlazate-online-eon/como-crear-roles-y-delegar-usuarios-en-eon-enlazate-online-de-red-enlace
[FULL_13_ATC] t= 110.0s | pag=150 | files=  55 | data=  0 | cola=  22 | prio=50 | https://www.redenlace.com.bo/soporte/tutoriales/tutoriales-enlazate-online-eon/metodo-de-autenticacion-google-authenticator-enlazate-online-de-red-enlace
[FULL_13_ATC] t= 110.8s | pag=151 | files=  55 | data=  0 | cola=  21 | prio=50 | https://www.redenlace.com.bo/soporte/tutoriales/tutoriales-enlazate-online-eon/como-pagar-facil-mediante-un-email-de-cobro-en-eon-enlazate-online-de-red-enlace
[FULL_13_ATC] t= 111.6s | pag=152 | files=  55 | data=  0 | cola=  20 | prio=50 | https://www.redenlace.com.bo/soporte/tutoriales/tutoriales-enlazate-online-eon/como-pagar-facil-mediante-un-whatsapp-de-cobro-en-eon-enlazate-online-de-red-enlace
[FULL_13_ATC] t= 112.2s | pag=153 | files=  55 | data=  0 | cola=  19 | prio=50 | https://www.redenlace.com.bo/soporte/tutoriales/tutoriales-enlazate-online-eon/p=1/
[FULL_13_ATC] t= 113.0s | pag=154 | files=  55 | data=  0 | cola=  18 | prio=50 | https://www.redenlace.com.bo/soporte/tutoriales/tutoriales-enlazate-online-eon/como-pagar-facil-mediante-un-sms-de-cobro-en-eon-enlazate-online-de-red-enlace
[FULL_13_ATC] t= 113.8s | pag=155 | files=  55 | data=  0 | cola=  17 | prio=50 | https://www.redenlace.com.bo/soporte/tutoriales/tutoriales-multicobro-en-los-newpos/800103366
[FULL_13_ATC] t= 115.0s | pag=155 | files=  55 | data=  0 | cola=  16 | prio=50 | https://www.redenlace.com.bo/soporte/tutoriales/tutoriales-multicobro-en-los-newpos/+59171567077
[FULL_13_ATC] t= 115.9s | pag=155 | files=  55 | data=  0 | cola=  15 | prio=50 | https://www.redenlace.com.bo/soporte/tutoriales/tutoriales-portal-de-comercios/parte-6-como-revisar-tus-abonos-desde-la-app-portal-de-comercios-de-red-enlace
[FULL_13_ATC] t= 117.2s | pag=156 | files=  55 | data=  0 | cola=  14 | prio=50 | https://www.redenlace.com.bo/soporte/tutoriales/tutoriales-portal-de-comercios/como-revisar-y-administrar-tus-facturas-desde-la-app-portal-de-comercios-de-red-enlace
[FULL_13_ATC] t= 117.9s | pag=157 | files=  55 | data=  0 | cola=  13 | prio=50 | https://www.redenlace.com.bo/soporte/tutoriales/tutoriales-portal-de-comercios/p=1/
[FULL_13_ATC] t= 118.9s | pag=158 | files=  55 | data=  0 | cola=  12 | prio=50 | https://www.redenlace.com.bo/simple99/tutorials/edit/www.facebook.com/RedEnlace.ATC
[FULL_13_ATC] t= 119.3s | pag=158 | files=  55 | data=  0 | cola=  11 | prio=50 | https://www.redenlace.com.bo/simple99/tutorials/edit/www.redenlace.com.bo
[FULL_13_ATC] t= 120.3s | pag=159 | files=  55 | data=  0 | cola=  10 | prio=50 | https://www.redenlace.com.bo/soporte/tutoriales/tutoriales-pos/propinas
[FULL_13_ATC] t= 120.8s | pag=160 | files=  55 | data=  0 | cola=   9 | prio=50 | https://www.redenlace.com.bo/soporte/tutoriales/tutoriales-pos/p=1/
[FULL_13_ATC] t= 121.3s | pag=161 | files=  55 | data=  0 | cola=   8 | prio=70 | https://www.redenlace.com.bo/productos-y-servicios/contacto-pos
[FULL_13_ATC] t= 121.8s | pag=162 | files=  55 | data=  0 | cola=   7 | prio=70 | https://www.redenlace.com.bo/secciones-de-interes/blog/declaracion-de-privacidad-y-confidencialidad-de-la-informacion-de-contactopos
[FULL_13_ATC] t= 122.3s | pag=163 | files=  55 | data=  0 | cola=   6 | prio=70 | https://www.redenlace.com.bo/soporte/tutoriales/tutoriales-newpos-la-nueva-terminal-de-cobro-con-tarjeta-de-red-enlace/compra-con-contactless-en-el-newpos
[FULL_13_ATC] t= 122.9s | pag=164 | files=  55 | data=  0 | cola=   5 | prio=70 | https://www.redenlace.com.bo/soporte/tutoriales/tutoriales-pos/compra-sin-contacto
[FULL_13_ATC] t= 123.5s | pag=165 | files=  55 | data=  0 | cola=   4 | prio=70 | https://www.redenlace.com.bo/sobre-red-enlace/quienes-somos
[FULL_13_ATC] t= 124.1s | pag=166 | files=  55 | data=  0 | cola=   9 | prio=70 | https://www.redenlace.com.bo/secciones-de-interes/historias-de-exito
[FULL_13_ATC] t= 124.5s | pag=167 | files=  55 | data=  0 | cola=  12 | prio=50 | https://www.redenlace.com.bo/secciones-de-interes/m.me/RedEnlace.ATC
[FULL_13_ATC] t= 125.0s | pag=167 | files=  55 | data=  0 | cola=  11 | prio=70 | https://www.redenlace.com.bo/soporte/preguntas-frecuentes/preguntas-sobre-nuestras-oficinas-y-contacto
[FULL_13_ATC] t= 125.9s | pag=168 | files=  55 | data=  0 | cola=  10 | prio=70 | https://www.redenlace.com.bo/soporte/preguntas-frecuentes/preguntas-sobre-contacto-pos
[FULL_13_ATC] t= 126.6s | pag=169 | files=  55 | data=  0 | cola=   9 | prio=70 | https://www.redenlace.com.bo/soporte/tutoriales/tutoriales-conversion-dinamica-de-moneda-dcc/cobro-dcc-con-tarjeta-contactless-o-sin-contacto-red-enlace
[FULL_13_ATC] t= 127.5s | pag=170 | files=  55 | data=  0 | cola=   8 | prio=70 | https://www.redenlace.com.bo/sobre-red-enlace/quienes-somos/historia
[FULL_13_ATC] t= 127.9s | pag=171 | files=  55 | data=  0 | cola=   7 | prio=70 | https://www.redenlace.com.bo/sobre-red-enlace/quienes-somos/mision-vision-proposito-y-valores
[FULL_13_ATC] t= 128.4s | pag=172 | files=  55 | data=  0 | cola=   6 | prio=70 | https://www.redenlace.com.bo/sobre-red-enlace/quienes-somos/politica-de-la-calidad
[FULL_13_ATC] t= 129.2s | pag=173 | files=  55 | data=  0 | cola=   5 | prio=70 | https://www.redenlace.com.bo/sobre-red-enlace/quienes-somos/codigo-de-etica
[FULL_13_ATC] t= 129.9s | pag=174 | files=  56 | data=  0 | cola=   4 | prio=70 | https://www.redenlace.com.bo/sobre-red-enlace/quienes-somos/codigo-de-conducta
[FULL_13_ATC] t= 130.7s | pag=175 | files=  57 | data=  0 | cola=   3 | prio=70 | https://www.redenlace.com.bo/sobre-red-enlace/quienes-somos/familia-ateciana
[FULL_13_ATC] t= 131.8s | pag=176 | files=  57 | data=  0 | cola=   2 | prio=70 | https://www.redenlace.com.bo/secciones-de-interes/historias-de-exito/historias-de-exito-la-paz
[FULL_13_ATC] t= 132.5s | pag=177 | files=  57 | data=  0 | cola=   2 | prio=70 | https://www.redenlace.com.bo/secciones-de-interes/historias-de-exito/historias-de-exito-santa-cruz
[FULL_13_ATC] t= 133.2s | pag=178 | files=  57 | data=  0 | cola=   2 | prio=50 | https://www.redenlace.com.bo/simple99/contents/edit/m.me/RedEnlace.ATC
[FULL_13_ATC] t= 133.8s | pag=178 | files=  57 | data=  0 | cola=   1 | prio=70 | https://www.redenlace.com.bo/secciones-de-interes/historias-de-exito/historias-de-exito-cochabamba
[FULL_13_ATC] t= 134.7s | pag=179 | files=  57 | data=  0 | cola=   0 | prio=70 | https://www.redenlace.com.bo/secciones-de-interes/historias-de-exito/m.me/RedEnlace.ATC

================================================================================
RESULTADO
================================================================================
Fuente:              full_13_atc
Páginas visitadas:   179
Archivos encontrados:   57
Datasets web:         0
Errores:              2
Motivo de parada:     frontier_exhausted
Duración:             135.54 s

Formatos:
  - PDF    : 57

JSON: C:\Ultimo Semestre 7\trabajo\DATAX\team crawler\crawler_asfi\Crawler_BCB\crawler_v2\output\full_13_atc.json

Trazabilidad:
  Ejecución: 34
  Estado:    PROCESSED
  Base:      C:\Ultimo Semestre 7\trabajo\DATAX\team crawler\crawler_asfi\Crawler_BCB\crawler_v2\trace\crawler_trace.sqlite
