================================================================================
CRAWLER V2
================================================================================
Fuente: Bolsa Boliviana de Valores
URL configurada: https://www.bbv.com.bo/
Timeout HTTP: 15 s
Pausa HTTP:   aleatoria 0.30s - 0.90s


Resolución de fuente:
  Original: https://www.bbv.com.bo/
  Utilizada: https://www.bbv.com.bo/
  Fallback: no
  Intentos: 1
    - usable         | HTTP=200 | https://www.bbv.com.bo/

URL de trabajo: https://www.bbv.com.bo/
Seeds: 11
Máx páginas: 10000
Máx archivos: 100000
Máx profundidad: 20

[BBV] t=   0.0s | pag=  0 | files=   0 | data=  0 | cola=  10 | prio= 0 | https://www.bbv.com.bo/
[BBV] DATASETS=1 | data_chart | https://www.bbv.com.bo/
[BBV] t=   8.6s | pag=  1 | files=   1 | data=  1 | cola=  50 | prio= 0 | https://www.bbv.com.bo/estadisticas/
[BBV] t=  10.5s | pag=  2 | files=   1 | data=  1 | cola=  52 | prio= 0 | https://www.bbv.com.bo/mercados/
[BBV] t=  12.7s | pag=  3 | files=   1 | data=  1 | cola=  51 | prio= 0 | https://www.bbv.com.bo/estado-del-mercado/
[BBV] t=  14.5s | pag=  4 | files=   1 | data=  1 | cola=  50 | prio= 0 | https://www.bbv.com.bo/mercados/montos-negociados/instrumentos-negociados/
[BBV] t=  17.8s | pag=  5 | files=   1 | data=  1 | cola=  53 | prio= 0 | https://www.bbv.com.bo/mercados/tasas-de-rendimiento/
[BBV] t=  20.6s | pag=  6 | files=   1 | data=  1 | cola=  53 | prio= 0 | https://www.bbv.com.bo/mercados/fondos-de-inversion/
[BBV] t=  23.2s | pag=  7 | files=   1 | data=  1 | cola=  52 | prio= 0 | https://www.bbv.com.bo/mercados/calificaciones-de-riesgo/reportes-de-calificacion/
[BBV] t=  26.4s | pag=  8 | files=   1 | data=  1 | cola=  53 | prio= 0 | https://www.bbv.com.bo/acerca-de-la-bolsa/informacion-financiera/
[BBV] t=  29.4s | pag=  9 | files=  49 | data=  1 | cola=  53 | prio= 0 | https://www.bbv.com.bo/acerca-de-la-bolsa/informacion-financiera-2024/
[BBV] t=  31.5s | pag= 10 | files=  73 | data=  1 | cola=  52 | prio= 0 | https://www.bbv.com.bo/Publicacionv3/View_Publicacion/Resumen_diario_Fecha.aspx
[BBV] t=  32.4s | pag= 11 | files=  74 | data=  1 | cola=  53 | prio= 1 | https://www.bbv.com.bo/estadisticas/estadisticas-economicas/
[BBV] DATASETS=2 | statistical_html_table | https://www.bbv.com.bo/estadisticas/estadisticas-economicas/
[BBV] t=  34.5s | pag= 12 | files=  74 | data=  2 | cola=  52 | prio= 1 | https://www.bbv.com.bo/estadisticas/estadisticas-bursatiles/transacciones-en-bolsa/
[BBV] DATASETS=3 | interactive_data_page | https://www.bbv.com.bo/estadisticas/estadisticas-bursatiles/transacciones-en-bolsa/
[BBV] t=  38.5s | pag= 13 | files=  75 | data=  3 | cola=  55 | prio= 1 | https://www.bbv.com.bo/estadisticas/otras-estadisticas/
[BBV] t=  40.4s | pag= 14 | files=  80 | data=  3 | cola=  54 | prio= 1 | https://www.bbv.com.bo/mercados/montos-negociados/
[BBV] t=  42.5s | pag= 15 | files=  80 | data=  3 | cola=  53 | prio= 1 | https://www.bbv.com.bo/mercados/montos-negociados/renta-variable/
[BBV] DATASETS=4 | data_html_table | https://www.bbv.com.bo/mercados/montos-negociados/renta-variable/
[BBV] t=  44.9s | pag= 16 | files=  85 | data=  4 | cola=  54 | prio= 1 | https://www.bbv.com.bo/mercados/montos-negociados/renta-fija/
[BBV] DATASETS=5 | data_chart | https://www.bbv.com.bo/mercados/montos-negociados/renta-fija/
[BBV] t=  47.6s | pag= 17 | files=  85 | data=  5 | cola=  53 | prio= 1 | https://www.bbv.com.bo/mercados/montos-negociados/resumen-bursatil/
[BBV] DATASETS=6 | data_chart | https://www.bbv.com.bo/mercados/montos-negociados/resumen-bursatil/
[BBV] t=  50.5s | pag= 18 | files=  85 | data=  6 | cola=  52 | prio= 1 | https://www.bbv.com.bo/mercados/calificaciones-de-riesgo/
[BBV] t=  52.5s | pag= 19 | files=  85 | data=  6 | cola=  51 | prio= 1 | https://www.bbv.com.bo/mercados/calificaciones-de-riesgo/informes-de-calificacion/
[BBV] DATASETS=7 | data_html_table | https://www.bbv.com.bo/mercados/calificaciones-de-riesgo/informes-de-calificacion/
[BBV] t=  57.8s | pag= 20 | files=  85 | data=  7 | cola=  50 | prio= 1 | https://www.bbv.com.bo/estadisticas/estadisticas-bursatiles/
[BBV] t=  59.6s | pag= 21 | files=  85 | data=  7 | cola=  49 | prio= 1 | https://www.bbv.com.bo/estadisticas/estadisticas-bursatiles/valores-inscritos-en-bolsa/
[BBV] t=  62.4s | pag= 22 | files=  85 | data=  7 | cola=  48 | prio= 1 | https://www.bbv.com.bo/estadisticas/estadisticas-bursatiles/valores-vigentes-en-bolsa/
[BBV] DATASETS=8 | interactive_data_page | https://www.bbv.com.bo/estadisticas/estadisticas-bursatiles/valores-vigentes-en-bolsa/
[BBV] t=  65.3s | pag= 23 | files=  85 | data=  8 | cola=  47 | prio= 1 | https://www.bbv.com.bo/estadisticas/estadisticas-bursatiles/dpfs-pignorados/
[BBV] DATASETS=9 | statistical_html_table | https://www.bbv.com.bo/estadisticas/estadisticas-bursatiles/dpfs-pignorados/
[BBV] t=  67.6s | pag= 24 | files=  85 | data=  9 | cola=  46 | prio= 1 | https://www.bbv.com.bo/cuota-fondos-de-inversion-cerrado
[BBV] t=  68.5s | pag= 25 | files=  85 | data=  9 | cola=  55 | prio=10 | https://www.bbv.com.bo/bbv-sostenible/
[BBV] DATASETS=10 | data_html_table | https://www.bbv.com.bo/bbv-sostenible/
[BBV] t=  71.0s | pag= 26 | files= 108 | data= 10 | cola=  54 | prio=10 | https://www.bbv.com.bo/participantes-del-mercado/
[BBV] t=  73.2s | pag= 27 | files= 118 | data= 11 | cola= 274 | prio=10 | https://www.bbv.com.bo/acerca-de-la-bolsa/memorias-anuales/
[BBV] t=  75.6s | pag= 28 | files= 140 | data= 11 | cola= 273 | prio=10 | https://www.bbv.com.bo/participantes-del-mercado
[BBV] t=  79.5s | pag= 28 | files= 140 | data= 11 | cola= 272 | prio=50 | https://www.bbv.com.bo/bbv-insight/
[BBV] t=  81.9s | pag= 29 | files= 140 | data= 11 | cola= 271 | prio=50 | https://www.bbv.com.bo/materiales/
[BBV] t=  84.7s | pag= 30 | files= 140 | data= 11 | cola= 272 | prio=50 | https://www.bbv.com.bo/aula-bursatil/
[BBV] t=  87.0s | pag= 31 | files= 140 | data= 11 | cola= 284 | prio=10 | https://www.bbv.com.bo/curso-establecimiento-de-un-plan-de-auditoria-interna-basado-en-riesgos-para-entidades-financieras/
[BBV] t=  89.2s | pag= 32 | files= 140 | data= 11 | cola= 290 | prio=10 | https://www.bbv.com.bo/aula-bursatil/programa-innovadores-de-mercado-2026/
[BBV] t=  91.3s | pag= 33 | files= 144 | data= 11 | cola= 289 | prio=10 | https://www.bbv.com.bo/aula-bursatil/innovadores-de-mercado2/
[BBV] t=  93.4s | pag= 33 | files= 144 | data= 11 | cola= 288 | prio=10 | https://www.bbv.com.bo/aulabursatil-noticia/los-bonos-de-genero-como-instrumento-de-financiamiento-sostenible-en-el-mercado-de-valores-boliviano/
[BBV] t=  95.9s | pag= 34 | files= 144 | data= 11 | cola= 288 | prio=10 | https://www.bbv.com.bo/charlas-y-actividades-del-mercado-bursatil-conoce-las-actividades-conferencias-y-espacios-de-formacion-orientados-a-fortalecer-el-conocimiento-sobre-el-mercado-de-valores-las-inversiones-y-el-sistem/
[BBV] t=  98.2s | pag= 35 | files= 144 | data= 11 | cola= 287 | prio=10 | https://www.bbv.com.bo/aula-bursatil/publicaciones/
[BBV] t= 100.9s | pag= 36 | files= 144 | data= 11 | cola= 289 | prio=10 | https://www.bbv.com.bo/aulabursatil-noticia/la-bolsa-boliviana-de-valores-cosecha-nuevos-innovadores-de-mercado/
[BBV] t= 103.1s | pag= 37 | files= 144 | data= 11 | cola= 288 | prio=50 | https://www.bbv.com.bo/normativa/
[BBV] t= 105.0s | pag= 38 | files= 245 | data= 11 | cola= 287 | prio=50 | https://www.bbv.com.bo/buscar/
[BBV] t= 107.1s | pag= 39 | files= 245 | data= 11 | cola= 309 | prio= 1 | https://www.bbv.com.bo/estadisticas/estadisticas-bursatiles-2/
[BBV] t= 109.3s | pag= 40 | files= 245 | data= 11 | cola= 308 | prio=10 | https://www.bbv.com.bo/informes-asg/
[BBV] t= 111.7s | pag= 41 | files= 246 | data= 11 | cola= 307 | prio=50 | https://www.bbv.com.bo/servicios-y-productos/
[BBV] t= 114.9s | pag= 42 | files= 246 | data= 11 | cola= 308 | prio=50 | https://www.bbv.com.bo/comunicados/
[BBV] t= 117.0s | pag= 43 | files= 246 | data= 11 | cola= 307 | prio=50 | https://www.bbv.com.bo/servicios-y-productos/inversion/oportunidades-de-inversion/
[BBV] t= 119.4s | pag= 44 | files= 247 | data= 11 | cola= 311 | prio=50 | https://www.bbv.com.bo/servicios-y-productos/financiamiento/
[BBV] t= 122.0s | pag= 45 | files= 247 | data= 11 | cola= 314 | prio=50 | https://www.bbv.com.bo/servicios-y-productos/inversion/
[BBV] t= 124.3s | pag= 46 | files= 263 | data= 11 | cola= 313 | prio=50 | https://www.bbv.com.bo/servicios-y-productos/informacion-2/
[BBV] t= 127.1s | pag= 47 | files= 346 | data= 11 | cola= 327 | prio=10 | https://www.bbv.com.bo/servicios-y-productos/informacion/terminal-de-seguimiento-al-mercado-electronico/
[BBV] t= 129.1s | pag= 48 | files= 347 | data= 11 | cola= 327 | prio=10 | https://www.bbv.com.bo/servicios-y-productos/informacion/boletin-diario-de-operaciones/
[BBV] t= 131.2s | pag= 49 | files= 348 | data= 11 | cola= 326 | prio=10 | https://www.bbv.com.bo/servicios-y-productos/informacion/boletin-estadistico-mensual/
[BBV] t= 133.4s | pag= 50 | files= 350 | data= 11 | cola= 325 | prio=10 | https://www.bbv.com.bo/servicios-y-productos/informacion/transmision-de-hechos-del-mercado-local/
[BBV] t= 135.6s | pag= 51 | files= 350 | data= 12 | cola= 324 | prio=10 | https://www.bbv.com.bo/servicios-y-productos/informacion/solicitud-de-informacion-estadistica-especifica/
[BBV] t= 137.8s | pag= 52 | files= 351 | data= 12 | cola= 323 | prio=10 | https://www.bbv.com.bo/servicios-y-productos/informacion/mercado-primario-en-renta-fija/
[BBV] t= 139.9s | pag= 53 | files= 352 | data= 13 | cola= 322 | prio=50 | https://www.bbv.com.bo/aula-bursatil/libro-tecnico/
[BBV] t= 142.3s | pag= 54 | files= 353 | data= 13 | cola= 321 | prio=50 | https://www.bbv.com.bo/materiales/codigos/
[BBV] t= 144.5s | pag= 55 | files= 354 | data= 13 | cola= 320 | prio=50 | http://www.bbv.com.bo/
[BBV] t= 145.2s | pag= 55 | files= 354 | data= 13 | cola= 319 | prio=50 | https://www.bbv.com.bo/subasta-de-acciones-no-inscritas-en-bolsa/
[BBV] t= 148.4s | pag= 56 | files= 354 | data= 13 | cola= 318 | prio=50 | https://www.bbv.com.bo/enlaces
[BBV] t= 150.8s | pag= 56 | files= 354 | data= 13 | cola= 317 | prio=50 | https://www.bbv.com.bo/inversionistas-institucionales-2
[BBV] t= 153.1s | pag= 56 | files= 354 | data= 13 | cola= 316 | prio=50 | https://www.bbv.com.bo/ConozcaBBV
[BBV] t= 155.6s | pag= 56 | files= 354 | data= 13 | cola= 315 | prio=50 | https://www.bbv.com.bo/cib
[BBV] t= 158.1s | pag= 56 | files= 354 | data= 13 | cola= 314 | prio=50 | https://www.bbv.com.bo/comoparticipar
[BBV] t= 160.3s | pag= 56 | files= 354 | data= 13 | cola= 313 | prio=50 | https://www.bbv.com.bo/pymes
[BBV] t= 162.7s | pag= 56 | files= 354 | data= 13 | cola= 312 | prio=50 | https://www.bbv.com.bo/terminosdeuso
[BBV] t= 165.2s | pag= 56 | files= 354 | data= 13 | cola= 311 | prio=50 | https://www.bbv.com.bo/materiales/glosario/
[BBV] t= 167.8s | pag= 57 | files= 354 | data= 13 | cola= 310 | prio=50 | https://www.bbv.com.bo/aula-bursatil/visita-la-bolsa/
[BBV] t= 170.3s | pag= 58 | files= 355 | data= 13 | cola= 309 | prio=50 | https://www.bbv.com.bo/diplomadoupb/
[BBV] t= 172.1s | pag= 59 | files= 355 | data= 13 | cola= 308 | prio=50 | https://www.bbv.com.bo/analisis-de-instrumentos-bursatiles-e-inversiones-en-safis/
[BBV] t= 174.4s | pag= 60 | files= 355 | data= 13 | cola= 307 | prio=50 | https://www.bbv.com.bo/programa-integral-en-finanzas-de-los-fundamentos-a-las-estrategias/
[BBV] t= 176.2s | pag= 61 | files= 355 | data= 13 | cola= 306 | prio=50 | https://www.bbv.com.bo/programa-especializado-en-gestion-de-inversiones/
[BBV] t= 178.3s | pag= 62 | files= 355 | data= 13 | cola= 305 | prio=50 | https://www.bbv.com.bo/aula-bursatil/cursos-y-programas/
[BBV] t= 180.5s | pag= 63 | files= 355 | data= 13 | cola= 304 | prio=50 | https://www.bbv.com.bo/aula-bursatil/webinars/
[BBV] t= 182.8s | pag= 64 | files= 355 | data= 13 | cola= 303 | prio=50 | https://www.bbv.com.bo/la-plataforma-que-impulsa-tu-aprendizaje/
[BBV] t= 184.6s | pag= 65 | files= 355 | data= 13 | cola= 302 | prio=50 | https://www.bbv.com.bo/webinars-que-impulsan-tu-crecimiento-profesional/
[BBV] t= 187.6s | pag= 66 | files= 355 | data= 13 | cola= 301 | prio=50 | https://www.bbv.com.bo/masterclass-programa-de-educacion-bursatil-2026/
[BBV] t= 189.5s | pag= 67 | files= 355 | data= 13 | cola= 300 | prio=50 | https://www.bbv.com.bo/impulsa-tu-carrera-con-cursos-online-de-alta-calidad/
[BBV] t= 191.5s | pag= 68 | files= 355 | data= 13 | cola= 299 | prio=50 | https://www.bbv.com.bo/conoce-los-momentos-mas-destacados-de-nuestra-comunidad-universitaria-a-traves-de-imagenes-que-reflejan-actividades-academicas-culturales-deportivas-e-institucionales-promoviendo-la-formacion-integ/
[BBV] t= 193.3s | pag= 69 | files= 355 | data= 13 | cola= 298 | prio=50 | https://www.bbv.com.bo/visita-nuestras-redes-sociales/
[BBV] t= 195.3s | pag= 70 | files= 355 | data= 13 | cola= 297 | prio=50 | https://www.bbv.com.bo/accionesbbv/
[BBV] t= 197.8s | pag= 71 | files= 360 | data= 13 | cola= 296 | prio=50 | https://www.bbv.com.bo/analisis-macroeconomico/
[BBV] t= 199.6s | pag= 72 | files= 361 | data= 13 | cola= 295 | prio=50 | https://www.bbv.com.bo/dashboard-bbv/
[BBV] t= 202.0s | pag= 73 | files= 361 | data= 13 | cola= 294 | prio=50 | https://www.bbv.com.bo/jornadas-bursatiles-2022/
[BBV] t= 204.5s | pag= 74 | files= 365 | data= 13 | cola= 293 | prio=50 | https://www.bbv.com.bo/reconocimiento-al-cumplimiento-normativo/
[BBV] t= 206.6s | pag= 75 | files= 367 | data= 13 | cola= 292 | prio=50 | https://www.bbv.com.bo/resumen-diario/
[BBV] t= 209.4s | pag= 76 | files= 368 | data= 13 | cola= 297 | prio=50 | https://www.bbv.com.bo/resumen-diario/hechos-relevantes/
[BBV] t= 211.7s | pag= 77 | files= 368 | data= 13 | cola= 302 | prio=50 | https://www.bbv.com.bo/servicios-y-productos/educacion/
[BBV] t= 213.9s | pag= 78 | files= 368 | data= 13 | cola= 301 | prio=50 | https://www.bbv.com.bo/acciones-inscritas-en-bolsa/
[BBV] t= 215.9s | pag= 79 | files= 368 | data= 13 | cola= 300 | prio=50 | https://www.bbv.com.bo/acciones-inscritas-en-el-rmv-2/
[BBV] t= 217.8s | pag= 80 | files= 368 | data= 13 | cola= 299 | prio=50 | http://www.bbv.com.bo/servicios-y-productos/financiamiento/
[BBV] t= 218.2s | pag= 80 | files= 368 | data= 13 | cola= 298 | prio=50 | http://www.bbv.com.bo/servicios-y-productos/inversion/
[BBV] t= 218.9s | pag= 80 | files= 368 | data= 13 | cola= 297 | prio=50 | https://www.bbv.com.bo/servicios-y-productos/inversion/instrumentos-de-inversion/
[BBV] t= 222.0s | pag= 81 | files= 368 | data= 13 | cola= 303 | prio= 1 | https://www.bbv.com.bo/servicios-y-productos/inversion/instrumentos-de-inversion/cuotas-de-participacion-de-fondos-de-inversion-cerrados/
[BBV] t= 224.1s | pag= 82 | files= 368 | data= 13 | cola= 302 | prio=50 | https://www.bbv.com.bo/servicios-y-productos/inversion/procedimiento-de-inversion/
[BBV] t= 226.2s | pag= 83 | files= 368 | data= 13 | cola= 301 | prio=50 | https://www.bbv.com.bo/servicios-y-productos/inversion/beneficios/
[BBV] t= 228.4s | pag= 84 | files= 368 | data= 13 | cola= 300 | prio=50 | https://www.bbv.com.bo/servicios-y-productos/inversion/impuestos/
[BBV] t= 231.0s | pag= 85 | files= 368 | data= 13 | cola= 299 | prio=50 | https://www.bbv.com.bo/servicios-y-productos/financiamiento/instrumentos-de-financiamiento/
[BBV] t= 233.7s | pag= 86 | files= 368 | data= 13 | cola= 305 | prio= 1 | https://www.bbv.com.bo/servicios-y-productos/financiamiento/instrumentos-de-financiamiento/fondos-de-inversion-cerrados/
[BBV] t= 235.6s | pag= 87 | files= 373 | data= 14 | cola= 304 | prio=50 | https://www.bbv.com.bo/servicios-y-productos/financiamiento/procedimiento-de-inscripcion/
[BBV] t= 238.2s | pag= 88 | files= 382 | data= 14 | cola= 303 | prio=50 | https://www.bbv.com.bo/servicios-y-productos/financiamiento/formularios-de-presentacion-de-tramites/
[BBV] t= 240.4s | pag= 89 | files= 394 | data= 14 | cola= 302 | prio=50 | https://www.bbv.com.bo/servicios-y-productos/financiamiento/desarrollo-empresarial/
[BBV] t= 242.6s | pag= 90 | files= 395 | data= 14 | cola= 301 | prio=50 | https://www.bbv.com.bo/servicios-y-productos/informacion/bbv-al-dia/
[BBV] t= 244.9s | pag= 91 | files= 396 | data= 14 | cola= 300 | prio=50 | https://www.bbv.com.bo/servicios-y-productos/informacion/estados-financieros/
[BBV] t= 247.2s | pag= 92 | files= 399 | data= 14 | cola= 299 | prio=50 | https://www.bbv.com.bo/servicios-y-productos/informacion/hechos-relevantes/
[BBV] t= 249.6s | pag= 93 | files= 399 | data= 14 | cola= 298 | prio=50 | https://www.bbv.com.bo/servicios-y-productos/informacion/valor-de-cuota/
[BBV] t= 252.1s | pag= 94 | files= 399 | data= 14 | cola= 297 | prio=50 | https://www.bbv.com.bo/servicios-y-productos/informacion/bolsa-en-el-mes/
[BBV] t= 254.6s | pag= 95 | files= 399 | data= 14 | cola= 296 | prio=50 | https://www.bbv.com.bo/servicios-y-productos/informacion/inversionistas-institucionales/
[BBV] t= 256.6s | pag= 96 | files= 399 | data= 14 | cola= 295 | prio=50 | https://www.bbv.com.bo/servicios-y-productos/informacion/monitoreo-de-prensa/
[BBV] t= 258.8s | pag= 97 | files= 399 | data= 14 | cola= 294 | prio=50 | https://www.bbv.com.bo/servicios-y-productos/informacion/estados-financieros-2/
[BBV] t= 260.8s | pag= 98 | files= 399 | data= 14 | cola= 293 | prio=50 | https://www.bbv.com.bo/?page_id=511
[BBV] t= 268.2s | pag= 98 | files= 399 | data= 14 | cola= 292 | prio=50 | https://www.bbv.com.bo/resumen-diario/?hecho=666142
[BBV] t= 275.6s | pag= 99 | files= 399 | data= 14 | cola= 292 | prio=50 | https://www.bbv.com.bo/resumen-diario/?hecho=666140
[BBV] t= 280.0s | pag=100 | files= 399 | data= 14 | cola= 291 | prio=50 | https://www.bbv.com.bo/resumen-diario/?hecho=666131
[BBV] t= 285.7s | pag=101 | files= 399 | data= 14 | cola= 290 | prio=50 | https://www.bbv.com.bo/resumen-diario/?hecho=666135
[BBV] t= 289.8s | pag=102 | files= 399 | data= 14 | cola= 289 | prio=50 | https://www.bbv.com.bo/resumen-diario/?hecho=666129
[BBV] t= 294.0s | pag=103 | files= 399 | data= 14 | cola= 288 | prio=50 | https://www.bbv.com.bo/resumen-diario/?hecho=666128
[BBV] t= 299.6s | pag=104 | files= 399 | data= 14 | cola= 287 | prio=50 | https://www.bbv.com.bo/resumen-diario/hechos-relevantes/?hecho=666142
[BBV] t= 303.9s | pag=105 | files= 399 | data= 14 | cola= 287 | prio=50 | https://www.bbv.com.bo/resumen-diario/hechos-relevantes/?hecho=666140
[BBV] t= 308.0s | pag=106 | files= 399 | data= 14 | cola= 286 | prio=50 | https://www.bbv.com.bo/resumen-diario/hechos-relevantes/?hecho=666131
[BBV] t= 314.0s | pag=107 | files= 399 | data= 14 | cola= 285 | prio=50 | https://www.bbv.com.bo/resumen-diario/hechos-relevantes/?hecho=666135
[BBV] t= 318.7s | pag=108 | files= 399 | data= 14 | cola= 284 | prio=50 | https://www.bbv.com.bo/resumen-diario/hechos-relevantes/?hecho=666129
[BBV] t= 324.4s | pag=109 | files= 399 | data= 14 | cola= 283 | prio=50 | https://www.bbv.com.bo/resumen-diario/hechos-relevantes/?hecho=666128
[BBV] t= 329.0s | pag=110 | files= 399 | data= 14 | cola= 282 | prio=50 | https://www.bbv.com.bo/servicios-y-productos/inversion/instrumentos-de-inversion/bonos-corporativos/
[BBV] t= 331.1s | pag=111 | files= 399 | data= 14 | cola= 281 | prio=50 | https://www.bbv.com.bo/servicios-y-productos/inversion/instrumentos-de-inversion/pagares-bursatiles/
[BBV] t= 333.1s | pag=112 | files= 399 | data= 14 | cola= 280 | prio=50 | https://www.bbv.com.bo/servicios-y-productos/inversion/instrumentos-de-inversion/valores-de-titularizacion/
[BBV] t= 335.1s | pag=113 | files= 399 | data= 14 | cola= 279 | prio=50 | https://www.bbv.com.bo/servicios-y-productos/inversion/instrumentos-de-inversion/pagares-en-mesa-de-negociacion-pyme/
[BBV] t= 337.2s | pag=114 | files= 399 | data= 14 | cola= 278 | prio=50 | https://www.bbv.com.bo/servicios-y-productos/inversion/instrumentos-de-inversion/bonos-participativos/
[BBV] t= 339.3s | pag=115 | files= 399 | data= 14 | cola= 277 | prio=50 | https://www.bbv.com.bo/servicios-y-productos/inversion/instrumentos-de-inversion/acciones/
[BBV] t= 341.6s | pag=116 | files= 399 | data= 14 | cola= 276 | prio=50 | https://www.bbv.com.bo/servicios-y-productos/financiamiento/instrumentos-de-financiamiento/bonos-corporativos/
[BBV] t= 344.1s | pag=117 | files= 400 | data= 15 | cola= 275 | prio=50 | https://www.bbv.com.bo/servicios-y-productos/financiamiento/instrumentos-de-financiamiento/pagares-bursatiles/
[BBV] t= 346.8s | pag=118 | files= 401 | data= 16 | cola= 274 | prio=50 | https://www.bbv.com.bo/servicios-y-productos/financiamiento/instrumentos-de-financiamiento/acciones/
[BBV] t= 349.3s | pag=119 | files= 402 | data= 17 | cola= 273 | prio=50 | https://www.bbv.com.bo/servicios-y-productos/financiamiento/instrumentos-de-financiamiento/instrumentos-para-pymes/
[BBV] t= 351.9s | pag=120 | files= 410 | data= 17 | cola= 272 | prio=50 | https://www.bbv.com.bo/servicios-y-productos/financiamiento/instrumentos-de-financiamiento/bonos-participativos/
[BBV] t= 354.4s | pag=121 | files= 411 | data= 18 | cola= 271 | prio=50 | https://www.bbv.com.bo/servicios-y-productos/financiamiento/instrumentos-de-financiamiento/valores-de-titularizacion/
[BBV] t= 356.5s | pag=122 | files= 412 | data= 19 | cola= 270 | prio=50 | https://www.bbv.com.bo/resumen-diario/?pfecha=22-08-2026
[BBV] t= 361.3s | pag=123 | files= 412 | data= 19 | cola= 269 | prio=50 | https://www.bbv.com.bo/resumen-diario/hechos-relevantes/?pfecha=22-08-2026
[BBV] t= 367.8s | pag=124 | files= 412 | data= 19 | cola= 268 | prio=70 | https://www.bbv.com.bo/hechos-relevantes-y-noticias/
[BBV] t= 370.0s | pag=125 | files= 412 | data= 19 | cola= 267 | prio=70 | https://www.bbv.com.bo/hechos-relevantes-y-noticias/hechos-relevantes/?hecho=666142
[BBV] t= 374.1s | pag=126 | files= 412 | data= 19 | cola= 266 | prio=70 | https://www.bbv.com.bo/hechos-relevantes-y-noticias/hechos-relevantes/?hecho=666140
[BBV] t= 379.0s | pag=127 | files= 412 | data= 19 | cola= 265 | prio=70 | https://www.bbv.com.bo/hechos-relevantes-y-noticias/hechos-relevantes/?hecho=666131
[BBV] t= 383.1s | pag=128 | files= 412 | data= 19 | cola= 264 | prio=70 | https://www.bbv.com.bo/hechos-relevantes-y-noticias/hechos-relevantes/?hecho=666135
[BBV] t= 388.3s | pag=129 | files= 412 | data= 19 | cola= 263 | prio=70 | https://www.bbv.com.bo/hechos-relevantes-y-noticias/hechos-relevantes/?hecho=666129
[BBV] t= 393.3s | pag=130 | files= 412 | data= 19 | cola= 262 | prio=70 | https://www.bbv.com.bo/rss
[BBV] t= 395.2s | pag=130 | files= 412 | data= 19 | cola= 261 | prio=70 | https://www.bbv.com.bo/prospectos-de-emision
[BBV] t= 397.9s | pag=130 | files= 412 | data= 19 | cola= 260 | prio=70 | https://www.bbv.com.bo/Contacto
[BBV] t= 401.6s | pag=131 | files= 412 | data= 19 | cola= 259 | prio=70 | https://www.bbv.com.bo/aulabursatil-noticia/la-union-hace-la-fuerza-fondos-indexados/
[BBV] t= 403.9s | pag=132 | files= 412 | data= 19 | cola= 258 | prio=70 | https://www.bbv.com.bo/aulabursatil-noticia/simulacion-para-un-futuro-con-mayor-conocimiento-y-crecimiento/
[BBV] t= 405.8s | pag=133 | files= 412 | data= 19 | cola= 257 | prio=70 | https://www.bbv.com.bo/aulabursatil-noticia/aula-bursatil-de-la-bbv/
[BBV] t= 407.9s | pag=134 | files= 412 | data= 19 | cola= 256 | prio=70 | https://www.bbv.com.bo/aulabursatil-noticia/visita-la-bbv/
[BBV] t= 410.1s | pag=135 | files= 412 | data= 19 | cola= 255 | prio=70 | https://www.bbv.com.bo/hechos-relevantes-y-noticias/hechos-relevantes/
[BBV] t= 412.9s | pag=136 | files= 412 | data= 19 | cola= 254 | prio=70 | https://www.bbv.com.bo/servicios-y-productos/inversion/comisiones/
[BBV] t= 415.2s | pag=137 | files= 412 | data= 19 | cola= 253 | prio=70 | https://www.bbv.com.bo/servicios-y-productos/informacion/transmision-de-informacion-de-valores-emitidos-en-el-extranjero/
[BBV] t= 417.7s | pag=138 | files= 412 | data= 19 | cola= 252 | prio=80 | https://www.bbv.com.bo/acerca-de-la-bolsa/historia/
[BBV] t= 419.7s | pag=139 | files= 412 | data= 19 | cola= 251 | prio=80 | https://www.bbv.com.bo/acerca-de-la-bolsa/cartilla-informativa-bbv/
[BBV] t= 421.8s | pag=140 | files= 412 | data= 19 | cola= 250 | prio=80 | https://www.bbv.com.bo/acerca-de-la-bolsa/mision-y-vision/
[BBV] t= 423.8s | pag=141 | files= 412 | data= 19 | cola= 249 | prio=80 | https://www.bbv.com.bo/acerca-de-la-bolsa/valores-y-estrategias/
[BBV] t= 426.0s | pag=142 | files= 412 | data= 19 | cola= 248 | prio=80 | https://www.bbv.com.bo/acerca-de-la-bolsa/relaciones-interinstitucionales/
[BBV] t= 428.0s | pag=143 | files= 412 | data= 19 | cola= 247 | prio=80 | https://www.bbv.com.bo/acerca-de-la-bolsa/gobierno-corporativo/
[BBV] t= 430.0s | pag=144 | files= 412 | data= 19 | cola= 250 | prio=80 | https://www.bbv.com.bo/acerca-de-la-bolsa/hechos-relevantes-y-noticias/hechos-relevantes/
[BBV] t= 432.9s | pag=145 | files= 412 | data= 19 | cola= 254 | prio=80 | https://www.bbv.com.bo/acerca-de-la-bolsa/hechos-relevantes-y-noticias/noticias/
[BBV] t= 437.1s | pag=146 | files= 412 | data= 19 | cola= 258 | prio=80 | https://www.bbv.com.bo/acerca-de-la-bolsa/hechos-relevantes-y-noticias/sala-de-prensa/
[BBV] t= 439.4s | pag=147 | files= 412 | data= 19 | cola= 260 | prio=50 | https://www.bbv.com.bo/sala-de-prensa/kit-de-prensa/
[BBV] t= 443.3s | pag=148 | files= 413 | data= 19 | cola= 261 | prio=50 | https://www.bbv.com.bo/sala-de-prensa/notas-de-prensa-y-entrevistas/
[BBV] t= 446.8s | pag=149 | files= 413 | data= 19 | cola= 260 | prio=70 | https://www.bbv.com.bo/sala-de-prensa/galeria-multimedia/
[BBV] t= 450.4s | pag=150 | files= 413 | data= 19 | cola= 259 | prio=80 | https://www.bbv.com.bo/acerca-de-la-bolsa/jornadas-bursatiles-2/
[BBV] t= 452.5s | pag=151 | files= 413 | data= 19 | cola= 258 | prio=80 | https://www.bbv.com.bo/acerca-de-la-bolsa/ring-the-bell/
[BBV] t= 454.5s | pag=152 | files= 413 | data= 19 | cola= 257 | prio=80 | https://www.bbv.com.bo/acerca-de-la-bolsa/trabaja-con-nosotros/bolsa-de-trabajo/
[BBV] t= 456.8s | pag=153 | files= 414 | data= 19 | cola= 256 | prio=80 | https://www.bbv.com.bo/acerca-de-la-bolsa/trabaja-con-nosotros/licitaciones-vigentes/
[BBV] t= 459.0s | pag=154 | files= 414 | data= 19 | cola= 254 | prio=80 | https://www.bbv.com.bo/hechos-relevantes-y-noticias/noticias/?noticia=666141
[BBV] t= 463.2s | pag=155 | files= 414 | data= 19 | cola= 253 | prio=80 | https://www.bbv.com.bo/hechos-relevantes-y-noticias/noticias/?noticia=666144
[BBV] t= 467.8s | pag=156 | files= 414 | data= 19 | cola= 252 | prio=80 | https://www.bbv.com.bo/hechos-relevantes-y-noticias/noticias/?noticia=666138
[BBV] t= 474.5s | pag=157 | files= 414 | data= 19 | cola= 251 | prio=80 | https://www.bbv.com.bo/hechos-relevantes-y-noticias/noticias/?noticia=666139
[BBV] t= 479.8s | pag=158 | files= 414 | data= 19 | cola= 250 | prio=80 | https://www.bbv.com.bo/hechos-relevantes-y-noticias/noticias/?noticia=666137
[BBV] t= 487.1s | pag=159 | files= 414 | data= 19 | cola= 249 | prio=80 | https://www.bbv.com.bo/acerca-de-la-bolsa/
[BBV] t= 492.4s | pag=159 | files= 414 | data= 19 | cola= 248 | prio=80 | https://www.bbv.com.bo/Publicacionv3/View_Publicacion/Noticias_Fecha.aspx?pFecha=
[BBV] t= 493.5s | pag=160 | files= 414 | data= 19 | cola= 248 | prio= 1 | https://www.bbv.com.bo/Publicacionv3/View_Publicacion/Resumen_diario_Fecha.aspx?pFecha=
[BBV] t= 494.5s | pag=161 | files= 414 | data= 19 | cola= 247 | prio=80 | https://www.bbv.com.bo/acerca-de-la-bolsa/hechos-relevantes-y-noticias/sala-de-prensa/contacto/
[BBV] t= 496.8s | pag=162 | files= 414 | data= 19 | cola= 246 | prio=80 | https://www.bbv.com.bo/acerca-de-la-bolsa/masterclass-sostenibilidad/
[BBV] t= 498.8s | pag=163 | files= 414 | data= 19 | cola= 245 | prio=80 | https://www.bbv.com.bo/acerca-de-la-bolsa/presentaciones-jornadas-bursatiles-la-paz/
[BBV] t= 501.0s | pag=164 | files= 419 | data= 19 | cola= 244 | prio=80 | https://www.bbv.com.bo/acerca-de-la-bolsa/presentaciones-jornadas-bursatiles-santa-cruz/
[BBV] t= 503.6s | pag=165 | files= 419 | data= 19 | cola= 243 | prio=80 | https://www.bbv.com.bo/acerca-de-la-bolsa/jornadas-bursatiles-3/
[BBV] t= 505.6s | pag=166 | files= 424 | data= 19 | cola= 242 | prio=80 | https://www.bbv.com.bo/acerca-de-la-bolsa/presentaciones-speakers-jornadas-bursatiles-2026/
[BBV] t= 508.1s | pag=167 | files= 430 | data= 19 | cola= 241 | prio=80 | https://www.bbv.com.bo/acerca-de-la-bolsa/hechos-relevantes-y-noticias/
[BBV] t= 511.0s | pag=168 | files= 430 | data= 19 | cola= 245 | prio=80 | https://www.bbv.com.bo/acerca-de-la-bolsa/trabaja-con-nosotros/
[BBV] t= 513.4s | pag=169 | files= 430 | data= 19 | cola= 244 | prio=80 | https://www.bbv.com.bo/hechos-relevantes-y-noticias/noticias/
[BBV] t= 516.1s | pag=170 | files= 430 | data= 19 | cola= 243 | prio=80 | https://www.bbv.com.bo/resumen-diario/noticias/
[BBV] t= 518.8s | pag=171 | files= 430 | data= 19 | cola= 251 | prio=80 | https://www.bbv.com.bo/acerca-de-la-bolsa/gobierno-corporativo/directorio/
[BBV] t= 521.8s | pag=172 | files= 430 | data= 19 | cola= 250 | prio=80 | https://www.bbv.com.bo/acerca-de-la-bolsa/gobierno-corporativo/organigrama/
[BBV] t= 524.0s | pag=173 | files= 430 | data= 19 | cola= 249 | prio=80 | https://www.bbv.com.bo/acerca-de-la-bolsa/gobierno-corporativo/accionistas/
[BBV] t= 526.4s | pag=174 | files= 432 | data= 19 | cola= 248 | prio=80 | https://www.bbv.com.bo/acerca-de-la-bolsa/gobierno-corporativo/estatutos/
[BBV] t= 528.8s | pag=175 | files= 434 | data= 19 | cola= 247 | prio=80 | https://www.bbv.com.bo/acerca-de-la-bolsa/hechos-relevantes-y-noticias/hechos-relevantes/?hecho=666102
[BBV] t= 533.3s | pag=176 | files= 434 | data= 19 | cola= 246 | prio=80 | https://www.bbv.com.bo/acerca-de-la-bolsa/hechos-relevantes-y-noticias/hechos-relevantes/?hecho=666100
[BBV] t= 538.5s | pag=177 | files= 434 | data= 19 | cola= 245 | prio=80 | https://www.bbv.com.bo/acerca-de-la-bolsa/hechos-relevantes-y-noticias/hechos-relevantes/?hecho=666078
[BBV] t= 542.7s | pag=178 | files= 434 | data= 19 | cola= 244 | prio=80 | https://www.bbv.com.bo/acerca-de-la-bolsa/hechos-relevantes-y-noticias/hechos-relevantes/?hecho=666027
[BBV] t= 546.8s | pag=179 | files= 434 | data= 19 | cola= 243 | prio=80 | https://www.bbv.com.bo/acerca-de-la-bolsa/hechos-relevantes-y-noticias/hechos-relevantes/?hecho=666000
[BBV] t= 551.7s | pag=180 | files= 434 | data= 19 | cola= 242 | prio=80 | https://www.bbv.com.bo/acerca-de-la-bolsa/hechos-relevantes-y-noticias/noticias/?noticia=665129
[BBV] t= 559.2s | pag=181 | files= 434 | data= 19 | cola= 241 | prio=80 | https://www.bbv.com.bo/acerca-de-la-bolsa/hechos-relevantes-y-noticias/noticias/?noticia=665106
[BBV] t= 563.5s | pag=182 | files= 434 | data= 19 | cola= 240 | prio=80 | https://www.bbv.com.bo/acerca-de-la-bolsa/hechos-relevantes-y-noticias/noticias/?noticia=665105
[BBV] t= 567.9s | pag=183 | files= 434 | data= 19 | cola= 239 | prio=80 | https://www.bbv.com.bo/acerca-de-la-bolsa/hechos-relevantes-y-noticias/noticias/?noticia=665104
[BBV] t= 573.5s | pag=184 | files= 434 | data= 19 | cola= 238 | prio=80 | https://www.bbv.com.bo/acerca-de-la-bolsa/hechos-relevantes-y-noticias/noticias/?noticia=665103
[BBV] t= 578.4s | pag=185 | files= 434 | data= 19 | cola= 235 | prio=80 | https://www.bbv.com.bo/acerca-de-la-bolsa/hechos-relevantes-y-noticias/?hecho=666102
[BBV] t= 582.6s | pag=186 | files= 434 | data= 19 | cola= 234 | prio=80 | https://www.bbv.com.bo/acerca-de-la-bolsa/hechos-relevantes-y-noticias/?hecho=666100
[BBV] t= 587.6s | pag=187 | files= 434 | data= 19 | cola= 233 | prio=80 | https://www.bbv.com.bo/acerca-de-la-bolsa/hechos-relevantes-y-noticias/?hecho=666078
[BBV] t= 592.9s | pag=188 | files= 434 | data= 19 | cola= 232 | prio=80 | https://www.bbv.com.bo/acerca-de-la-bolsa/hechos-relevantes-y-noticias/?hecho=666027
[BBV] t= 597.1s | pag=189 | files= 434 | data= 19 | cola= 231 | prio=80 | https://www.bbv.com.bo/acerca-de-la-bolsa/hechos-relevantes-y-noticias/?hecho=666000
[BBV] t= 602.7s | pag=190 | files= 434 | data= 19 | cola= 230 | prio=80 | https://www.bbv.com.bo/resumen-diario/noticias/?noticia=666141
[BBV] t= 606.6s | pag=191 | files= 434 | data= 19 | cola= 230 | prio=80 | https://www.bbv.com.bo/resumen-diario/noticias/?noticia=666144
[BBV] t= 613.5s | pag=192 | files= 434 | data= 19 | cola= 229 | prio=80 | https://www.bbv.com.bo/resumen-diario/noticias/?noticia=666138
[BBV] t= 618.6s | pag=193 | files= 434 | data= 19 | cola= 228 | prio=80 | https://www.bbv.com.bo/resumen-diario/noticias/?noticia=666139
[BBV] t= 622.7s | pag=194 | files= 434 | data= 19 | cola= 227 | prio=80 | https://www.bbv.com.bo/resumen-diario/noticias/?noticia=666137
[BBV] t= 627.5s | pag=195 | files= 434 | data= 19 | cola= 226 | prio=80 | https://www.bbv.com.bo/resumen-diario/noticias/?noticia=666136
[BBV] t= 631.5s | pag=196 | files= 434 | data= 19 | cola= 225 | prio=80 | https://www.bbv.com.bo/resumen-diario/noticias/?noticia=666130
[BBV] t= 636.3s | pag=197 | files= 434 | data= 19 | cola= 224 | prio=80 | https://www.bbv.com.bo/resumen-diario/noticias/?noticia=666133
[BBV] t= 640.9s | pag=198 | files= 434 | data= 19 | cola= 223 | prio=80 | https://www.bbv.com.bo/resumen-diario/noticias/?noticia=666127
[BBV] t= 649.2s | pag=199 | files= 434 | data= 19 | cola= 222 | prio=80 | https://www.bbv.com.bo/resumen-diario/noticias/?pfecha=22-08-2026
[BBV] t= 653.4s | pag=200 | files= 434 | data= 19 | cola= 221 | prio=90 | https://www.bbv.com.bo/participantes-del-mercado/participante/?participante=BIA-emi
[BBV] t= 658.7s | pag=201 | files= 435 | data= 19 | cola= 220 | prio=90 | https://www.bbv.com.bo/participantes-del-mercado/participante/?participante=SOF-emi
[BBV] t= 664.1s | pag=202 | files= 491 | data= 19 | cola= 219 | prio=90 | https://www.bbv.com.bo/participantes-del-mercado/participante/?participante=GRB-emi
[BBV] t= 668.9s | pag=203 | files= 543 | data= 19 | cola= 218 | prio=90 | https://www.bbv.com.bo/participantes-del-mercado/participante/?participante=POL-emi
[BBV] t= 674.0s | pag=204 | files= 599 | data= 19 | cola= 217 | prio=90 | https://www.bbv.com.bo/participantes-del-mercado/participante/?participante=NUT-emi
[BBV] t= 679.3s | pag=205 | files= 655 | data= 19 | cola= 216 | prio=90 | https://www.bbv.com.bo/participantes-del-mercado/participante/?participante=BIS-emi
[BBV] t= 685.1s | pag=206 | files= 696 | data= 19 | cola= 215 | prio=90 | https://www.bbv.com.bo/participantes-del-mercado/participante/?participante=BTB-emi
[BBV] t= 690.0s | pag=207 | files= 737 | data= 19 | cola= 214 | prio=90 | https://www.bbv.com.bo/participantes-del-mercado/participante/?participante=NFB-emi
[BBV] t= 694.8s | pag=208 | files= 776 | data= 19 | cola= 213 | prio=90 | https://www.bbv.com.bo/participantes-del-mercado/participante/?participante=BEC-emi
[BBV] t= 700.0s | pag=209 | files= 816 | data= 19 | cola= 212 | prio=90 | https://www.bbv.com.bo/participantes-del-mercado/participante/?participante=FFO-emi
[BBV] t= 704.2s | pag=210 | files= 857 | data= 19 | cola= 211 | prio=90 | https://www.bbv.com.bo/participantes-del-mercado/participante/?participante=BGA-emi
[BBV] t= 710.1s | pag=211 | files= 898 | data= 19 | cola= 210 | prio=90 | https://www.bbv.com.bo/participantes-del-mercado/participante/?participante=BME-emi
[BBV] t= 715.1s | pag=212 | files= 939 | data= 19 | cola= 209 | prio=90 | https://www.bbv.com.bo/participantes-del-mercado/participante/?participante=BNB-emi
[BBV] t= 720.7s | pag=213 | files= 980 | data= 19 | cola= 208 | prio=90 | https://www.bbv.com.bo/participantes-del-mercado/participante/?participante=FIE-emi
[BBV] t= 725.8s | pag=214 | files=1019 | data= 19 | cola= 207 | prio=90 | https://www.bbv.com.bo/participantes-del-mercado/participante/?participante=FPR-emi
[BBV] t= 731.0s | pag=215 | files=1060 | data= 19 | cola= 206 | prio=90 | https://www.bbv.com.bo/participantes-del-mercado/participante/?participante=FCO-emi
[BBV] t= 736.5s | pag=216 | files=1099 | data= 19 | cola= 205 | prio=90 | https://www.bbv.com.bo/participantes-del-mercado/participante/?participante=FEF-emi
[BBV] t= 741.5s | pag=217 | files=1138 | data= 19 | cola= 204 | prio=90 | https://www.bbv.com.bo/participantes-del-mercado/participante/?participante=BSO-emi
[BBV] t= 746.8s | pag=218 | files=1179 | data= 19 | cola= 203 | prio=90 | https://www.bbv.com.bo/participantes-del-mercado/participante/?participante=BUN-emi
[BBV] t= 754.6s | pag=219 | files=1220 | data= 19 | cola= 202 | prio=90 | https://www.bbv.com.bo/participantes-del-mercado/participante/?participante=CMI-emi
[BBV] t= 760.3s | pag=220 | files=1276 | data= 19 | cola= 201 | prio=90 | https://www.bbv.com.bo/participantes-del-mercado/participante/?participante=NXS-emi
[BBV] t= 764.9s | pag=221 | files=1327 | data= 19 | cola= 200 | prio=90 | https://www.bbv.com.bo/participantes-del-mercado/participante/?participante=DTC-emi
[BBV] t= 770.2s | pag=222 | files=1348 | data= 19 | cola= 199 | prio=90 | https://www.bbv.com.bo/participantes-del-mercado/participante/?participante=DMT-emi
[BBV] t= 774.8s | pag=223 | files=1404 | data= 19 | cola= 198 | prio=90 | https://www.bbv.com.bo/participantes-del-mercado/participante/?participante=FCZ-emi
[BBV] t= 779.5s | pag=224 | files=1419 | data= 19 | cola= 197 | prio=90 | https://www.bbv.com.bo/participantes-del-mercado/participante/?participante=FBF-emi
[BBV] t= 785.3s | pag=225 | files=1455 | data= 19 | cola= 196 | prio=90 | https://www.bbv.com.bo/participantes-del-mercado/participante/?participante=IEL-emi
[BBV] t= 790.9s | pag=226 | files=1506 | data= 19 | cola= 195 | prio=90 | https://www.bbv.com.bo/participantes-del-mercado/participante/?participante=JSF-emi
[BBV] t= 795.6s | pag=227 | files=1556 | data= 19 | cola= 194 | prio=90 | https://www.bbv.com.bo/participantes-del-mercado/participante/?participante=MDS-emi
[BBV] t= 801.5s | pag=228 | files=1585 | data= 19 | cola= 193 | prio=90 | https://www.bbv.com.bo/participantes-del-mercado/participante/?participante=NIB-emi
[BBV] t= 806.5s | pag=229 | files=1636 | data= 19 | cola= 192 | prio=90 | https://www.bbv.com.bo/participantes-del-mercado/participante/?participante=TAE-emi
[BBV] t= 811.4s | pag=230 | files=1692 | data= 19 | cola= 191 | prio=90 | https://www.bbv.com.bo/participantes-del-mercado/participante/?participante=ICT-emi
[BBV] t= 816.9s | pag=231 | files=1748 | data= 19 | cola= 190 | prio=90 | https://www.bbv.com.bo/participantes-del-mercado/participante/?participante=CJN-emi
[BBV] t= 822.3s | pag=232 | files=1789 | data= 19 | cola= 189 | prio=90 | https://www.bbv.com.bo/participantes-del-mercado/participante/?participante=BPC-emi
[BBV] t= 827.7s | pag=233 | files=1845 | data= 19 | cola= 188 | prio=90 | https://www.bbv.com.bo/participantes-del-mercado/participante/?participante=EEO-emi
[BBV] t= 832.4s | pag=234 | files=1901 | data= 19 | cola= 187 | prio=90 | https://www.bbv.com.bo/participantes-del-mercado/participante/?participante=ELP-emi
[BBV] t= 838.1s | pag=235 | files=1957 | data= 19 | cola= 186 | prio=90 | https://www.bbv.com.bo/participantes-del-mercado/participante/?participante=ELF-emi
[BBV] t= 843.2s | pag=236 | files=2013 | data= 19 | cola= 185 | prio=90 | https://www.bbv.com.bo/participantes-del-mercado/participante/?participante=COR-emi
[BBV] t= 848.3s | pag=237 | files=2069 | data= 19 | cola= 184 | prio=90 | https://www.bbv.com.bo/participantes-del-mercado/participante/?participante=GUA-emi
[BBV] t= 853.9s | pag=238 | files=2125 | data= 19 | cola= 183 | prio=90 | https://www.bbv.com.bo/participantes-del-mercado/participante/?participante=TDE-emi
[BBV] t= 859.9s | pag=239 | files=2181 | data= 19 | cola= 182 | prio=90 | https://www.bbv.com.bo/participantes-del-mercado/participante/?participante=VAH-emi
[BBV] t= 865.0s | pag=240 | files=2237 | data= 19 | cola= 181 | prio=90 | https://www.bbv.com.bo/participantes-del-mercado/participante/?participante=GYE-emi
[BBV] t= 871.1s | pag=241 | files=2293 | data= 19 | cola= 180 | prio=90 | https://www.bbv.com.bo/participantes-del-mercado/participante/?participante=FAE-emi
[BBV] t= 877.1s | pag=242 | files=2294 | data= 19 | cola= 180 | prio=90 | https://www.bbv.com.bo/participantes-del-mercado/participante/?participante=GRO-emi
[BBV] t= 882.4s | pag=243 | files=2295 | data= 19 | cola= 180 | prio=90 | https://www.bbv.com.bo/participantes-del-mercado/participante/?participante=KFI-emi
[BBV] t= 889.4s | pag=244 | files=2296 | data= 19 | cola= 180 | prio=90 | https://www.bbv.com.bo/participantes-del-mercado/participante/?participante=CRF-emi
[BBV] t= 894.5s | pag=245 | files=2297 | data= 19 | cola= 180 | prio=90 | https://www.bbv.com.bo/participantes-del-mercado/participante/?participante=CGF-emi
[BBV] t= 901.0s | pag=246 | files=2298 | data= 19 | cola= 179 | prio=90 | https://www.bbv.com.bo/participantes-del-mercado/participante/?participante=CPF-emi
[BBV] t= 906.3s | pag=247 | files=2299 | data= 19 | cola= 178 | prio=90 | https://www.bbv.com.bo/participantes-del-mercado/participante/?participante=DIV-emi
[BBV] t= 911.8s | pag=248 | files=2300 | data= 19 | cola= 178 | prio=90 | https://www.bbv.com.bo/participantes-del-mercado/participante/?participante=FFC-emi
[BBV] t= 916.6s | pag=249 | files=2301 | data= 19 | cola= 177 | prio=90 | https://www.bbv.com.bo/participantes-del-mercado/participante/?participante=GCT-emi
[BBV] t= 922.6s | pag=250 | files=2302 | data= 19 | cola= 177 | prio=90 | https://www.bbv.com.bo/participantes-del-mercado/participante/?participante=GNP-emi
[BBV] t= 927.5s | pag=251 | files=2303 | data= 19 | cola= 176 | prio=90 | https://www.bbv.com.bo/participantes-del-mercado/participante/?participante=GFC-emi
[BBV] t= 932.6s | pag=252 | files=2304 | data= 19 | cola= 175 | prio=90 | https://www.bbv.com.bo/participantes-del-mercado/participante/?participante=INC-emi
[BBV] t= 938.4s | pag=253 | files=2305 | data= 19 | cola= 174 | prio=90 | https://www.bbv.com.bo/participantes-del-mercado/participante/?participante=ITF-emi
[BBV] t= 944.0s | pag=254 | files=2306 | data= 19 | cola= 173 | prio=90 | https://www.bbv.com.bo/participantes-del-mercado/participante/?participante=IVC-emi
[BBV] t= 950.5s | pag=255 | files=2307 | data= 19 | cola= 172 | prio=90 | https://www.bbv.com.bo/participantes-del-mercado/participante/?participante=IIF-emi
[BBV] t= 957.4s | pag=256 | files=2308 | data= 19 | cola= 171 | prio=90 | https://www.bbv.com.bo/participantes-del-mercado/participante/?participante=KFC-emi
[BBV] t= 963.1s | pag=257 | files=2309 | data= 19 | cola= 170 | prio=90 | https://www.bbv.com.bo/participantes-del-mercado/participante/?participante=MFI-emi
[BBV] t= 968.5s | pag=258 | files=2310 | data= 19 | cola= 169 | prio=90 | https://www.bbv.com.bo/participantes-del-mercado/participante/?participante=MPM-emi
[BBV] t= 974.0s | pag=259 | files=2311 | data= 19 | cola= 168 | prio=90 | https://www.bbv.com.bo/participantes-del-mercado/participante/?participante=EXP-emi
[BBV] t= 979.0s | pag=260 | files=2312 | data= 19 | cola= 168 | prio=90 | https://www.bbv.com.bo/participantes-del-mercado/participante/?participante=MSP-emi
[BBV] t= 985.8s | pag=261 | files=2313 | data= 19 | cola= 167 | prio=90 | https://www.bbv.com.bo/participantes-del-mercado/participante/?participante=MSE-emi
[BBV] t= 990.7s | pag=262 | files=2314 | data= 19 | cola= 166 | prio=90 | https://www.bbv.com.bo/participantes-del-mercado/participante/?participante=OAC-emi
[BBV] t= 996.7s | pag=263 | files=2315 | data= 19 | cola= 165 | prio=90 | https://www.bbv.com.bo/participantes-del-mercado/participante/?participante=FFY-emi
[BBV] t=1004.6s | pag=264 | files=2316 | data= 19 | cola= 164 | prio=90 | https://www.bbv.com.bo/participantes-del-mercado/participante/?participante=RAG-emi
[BBV] t=1010.1s | pag=265 | files=2317 | data= 19 | cola= 164 | prio=90 | https://www.bbv.com.bo/participantes-del-mercado/participante/?participante=RAE-emi
[BBV] t=1015.1s | pag=266 | files=2318 | data= 19 | cola= 163 | prio=90 | https://www.bbv.com.bo/participantes-del-mercado/participante/?participante=REP-emi
[BBV] t=1023.8s | pag=267 | files=2319 | data= 19 | cola= 162 | prio=90 | https://www.bbv.com.bo/participantes-del-mercado/participante/?participante=SEM-emi
[BBV] t=1031.3s | pag=268 | files=2320 | data= 19 | cola= 162 | prio=90 | https://www.bbv.com.bo/participantes-del-mercado/participante/?participante=SFI-emi
[BBV] t=1036.2s | pag=269 | files=2321 | data= 19 | cola= 161 | prio=90 | https://www.bbv.com.bo/participantes-del-mercado/participante/?participante=SMC-emi
[BBV] t=1041.4s | pag=270 | files=2322 | data= 19 | cola= 160 | prio=90 | https://www.bbv.com.bo/participantes-del-mercado/participante/?participante=SPF-emi
[BBV] t=1048.2s | pag=271 | files=2323 | data= 19 | cola= 159 | prio=90 | https://www.bbv.com.bo/participantes-del-mercado/participante/?participante=TFC-emi
[BBV] t=1053.2s | pag=272 | files=2324 | data= 19 | cola= 158 | prio=90 | https://www.bbv.com.bo/participantes-del-mercado/participante/?participante=DIN-emi
[BBV] t=1060.1s | pag=273 | files=2379 | data= 19 | cola= 157 | prio=90 | https://www.bbv.com.bo/participantes-del-mercado/participante/?participante=FAN-emi
[BBV] t=1066.6s | pag=274 | files=2435 | data= 19 | cola= 156 | prio=90 | https://www.bbv.com.bo/participantes-del-mercado/participante/?participante=TSM-emi
[BBV] t=1075.2s | pag=275 | files=2491 | data= 19 | cola= 155 | prio=90 | https://www.bbv.com.bo/participantes-del-mercado/participante/?participante=FIN-emi
[BBV] t=1082.2s | pag=276 | files=2547 | data= 19 | cola= 154 | prio=90 | https://www.bbv.com.bo/participantes-del-mercado/participante/?participante=IOL-emi
[BBV] t=1088.4s | pag=277 | files=2603 | data= 19 | cola= 153 | prio=90 | https://www.bbv.com.bo/participantes-del-mercado/participante/?participante=AGU-emi
[BBV] t=1097.4s | pag=278 | files=2659 | data= 19 | cola= 152 | prio=90 | https://www.bbv.com.bo/participantes-del-mercado/participante/?participante=ITA-emi
[BBV] t=1108.0s | pag=279 | files=2715 | data= 19 | cola= 151 | prio=90 | https://www.bbv.com.bo/participantes-del-mercado/participante/?participante=PTF-emi
[BBV] t=1115.6s | pag=280 | files=2766 | data= 19 | cola= 150 | prio=90 | https://www.bbv.com.bo/participantes-del-mercado/participante/?participante=SBC-emi
[BBV] t=1123.1s | pag=281 | files=2822 | data= 19 | cola= 149 | prio=90 | https://www.bbv.com.bo/participantes-del-mercado/participante/?participante=PLR-emi
[BBV] t=1130.4s | pag=282 | files=2877 | data= 19 | cola= 148 | prio=90 | https://www.bbv.com.bo/participantes-del-mercado/participante/?participante=EMT-emi
[BBV] t=1139.8s | pag=283 | files=2914 | data= 19 | cola= 147 | prio=90 | https://www.bbv.com.bo/participantes-del-mercado/participante/?participante=MSL-emi
[BBV] t=1151.9s | pag=284 | files=2937 | data= 19 | cola= 146 | prio=90 | https://www.bbv.com.bo/participantes-del-mercado/participante/?participante=MSC-emi
[BBV] t=1157.1s | pag=285 | files=2942 | data= 19 | cola= 145 | prio=90 | https://www.bbv.com.bo/participantes-del-mercado/participante/?participante=GFB-emi
[BBV] t=1162.4s | pag=286 | files=2962 | data= 19 | cola= 144 | prio=90 | https://www.bbv.com.bo/participantes-del-mercado/participante/?participante=PCD-emi
[BBV] t=1167.8s | pag=287 | files=2996 | data= 19 | cola= 143 | prio=90 | https://www.bbv.com.bo/participantes-del-mercado/participante/?participante=CRP-emi
[BBV] t=1173.1s | pag=288 | files=3032 | data= 19 | cola= 142 | prio=90 | https://www.bbv.com.bo/participantes-del-mercado/participante/?participante=PCE-emi
[BBV] t=1179.7s | pag=289 | files=3046 | data= 19 | cola= 141 | prio=90 | https://www.bbv.com.bo/participantes-del-mercado/participante/?participante=PCP-emi
[BBV] t=1185.5s | pag=290 | files=3054 | data= 19 | cola= 140 | prio=90 | https://www.bbv.com.bo/participantes-del-mercado/participante/?participante=PMP-emi
[BBV] t=1191.2s | pag=291 | files=3080 | data= 19 | cola= 139 | prio=90 | https://www.bbv.com.bo/participantes-del-mercado/participante/?participante=PRC-emi
[BBV] t=1198.3s | pag=292 | files=3088 | data= 19 | cola= 138 | prio=90 | https://www.bbv.com.bo/participantes-del-mercado/participante/?participante=PGB-emi
[BBV] t=1204.9s | pag=293 | files=3122 | data= 19 | cola= 137 | prio=90 | https://www.bbv.com.bo/participantes-del-mercado/participante/?participante=PMO-emi
[BBV] t=1210.3s | pag=294 | files=3154 | data= 19 | cola= 136 | prio=90 | https://www.bbv.com.bo/participantes-del-mercado/participante/?participante=PNL-emi
[BBV] t=1216.4s | pag=295 | files=3162 | data= 19 | cola= 135 | prio=90 | https://www.bbv.com.bo/participantes-del-mercado/participante/?participante=PLO-emi
[BBV] t=1222.0s | pag=296 | files=3170 | data= 19 | cola= 134 | prio=90 | https://www.bbv.com.bo/participantes-del-mercado/participante/?participante=PPA-emi
[BBV] t=1227.5s | pag=297 | files=3178 | data= 19 | cola= 133 | prio=90 | https://www.bbv.com.bo/participantes-del-mercado/participante/?participante=PTL-emi
[BBV] t=1233.1s | pag=298 | files=3214 | data= 19 | cola= 132 | prio=90 | https://www.bbv.com.bo/participantes-del-mercado/participante/?participante=PPM-emi
[BBV] t=1239.9s | pag=299 | files=3228 | data= 19 | cola= 131 | prio=90 | https://www.bbv.com.bo/participantes-del-mercado/participante/?participante=PAT-emi
[BBV] t=1245.4s | pag=300 | files=3256 | data= 19 | cola= 130 | prio=90 | https://www.bbv.com.bo/participantes-del-mercado/participante/?participante=EPE-emi
[BBV] t=1253.4s | pag=301 | files=3312 | data= 19 | cola= 129 | prio=90 | https://www.bbv.com.bo/participantes-del-mercado/participante/?participante=EPA-emi
[BBV] t=1259.7s | pag=302 | files=3368 | data= 19 | cola= 128 | prio=90 | https://www.bbv.com.bo/participantes-del-mercado/participante/?participante=PCH-emi
[BBV] t=1265.9s | pag=303 | files=3424 | data= 19 | cola= 127 | prio=90 | https://www.bbv.com.bo/participantes-del-mercado/participante/?participante=TRD-emi
[BBV] t=1271.3s | pag=304 | files=3480 | data= 19 | cola= 126 | prio=90 | https://www.bbv.com.bo/participantes-del-mercado/participante/?participante=ALG-emi
[BBV] t=1277.0s | pag=305 | files=3521 | data= 19 | cola= 125 | prio=90 | https://www.bbv.com.bo/participantes-del-mercado/participante/?participante=ALI-emi
[BBV] t=1282.0s | pag=306 | files=3562 | data= 19 | cola= 124 | prio=90 | https://www.bbv.com.bo/participantes-del-mercado/participante/?participante=BSG-emi
[BBV] t=1287.8s | pag=307 | files=3603 | data= 19 | cola= 123 | prio=90 | https://www.bbv.com.bo/participantes-del-mercado/participante/?participante=CRU-emi
[BBV] t=1293.6s | pag=308 | files=3642 | data= 19 | cola= 122 | prio=90 | https://www.bbv.com.bo/participantes-del-mercado/participante/?participante=CPE-emi
[BBV] t=1300.2s | pag=309 | files=3683 | data= 19 | cola= 121 | prio=90 | https://www.bbv.com.bo/participantes-del-mercado/participante/?participante=CGU-emi
[BBV] t=1306.1s | pag=310 | files=3724 | data= 19 | cola= 120 | prio=90 | https://www.bbv.com.bo/participantes-del-mercado/participante/?participante=LVI-emi
[BBV] t=1311.6s | pag=311 | files=3765 | data= 19 | cola= 119 | prio=90 | https://www.bbv.com.bo/participantes-del-mercado/participante/?participante=LSP-emi
[BBV] t=1320.2s | pag=312 | files=3806 | data= 19 | cola= 118 | prio=90 | https://www.bbv.com.bo/participantes-del-mercado/participante/?participante=NSP-emi
[BBV] t=1326.8s | pag=313 | files=3847 | data= 19 | cola= 117 | prio=90 | https://www.bbv.com.bo/participantes-del-mercado/participante/?participante=SIS-emi
[BBV] t=1332.4s | pag=314 | files=3888 | data= 19 | cola= 116 | prio=90 | https://www.bbv.com.bo/participantes-del-mercado/participante/?participante=CTM-emi
[BBV] t=1338.0s | pag=315 | files=3944 | data= 19 | cola= 115 | prio=90 | https://www.bbv.com.bo/participantes-del-mercado/participante/?participante=VID-emi
[BBV] t=1344.6s | pag=316 | files=4000 | data= 19 | cola= 114 | prio=90 | https://www.bbv.com.bo/participantes-del-mercado/participante/?participante=GNI-emi
[BBV] t=1353.1s | pag=317 | files=4056 | data= 19 | cola= 113 | prio=90 | https://www.bbv.com.bo/participantes-del-mercado/participante/?participante=PIN-emi
[BBV] t=1361.8s | pag=318 | files=4112 | data= 19 | cola= 112 | prio=90 | https://www.bbv.com.bo/participantes-del-mercado/participante/?participante=PAR-emi
[BBV] t=1368.5s | pag=319 | files=4167 | data= 19 | cola= 111 | prio=90 | https://www.bbv.com.bo/participantes-del-mercado/participante/?participante=HLT-emi
[BBV] t=1373.7s | pag=320 | files=4222 | data= 19 | cola= 110 | prio=90 | https://www.bbv.com.bo/participantes-del-mercado/participante/?participante=TCB-emi
[BBV] t=1381.6s | pag=321 | files=4278 | data= 19 | cola= 109 | prio=90 | https://www.bbv.com.bo/participantes-del-mercado/participante/?participante=TYS-emi
[BBV] t=1389.5s | pag=322 | files=4331 | data= 19 | cola= 108 | prio=90 | https://www.bbv.com.bo/participantes-del-mercado/participante/?participante=RAI-emi
[BBV] t=1395.2s | pag=323 | files=4372 | data= 19 | cola= 107 | prio=90 | https://www.bbv.com.bo/participantes-del-mercado/participante/?participante=BIL-emi
[BBV] t=1400.9s | pag=324 | files=4413 | data= 19 | cola= 106 | prio=90 | https://www.bbv.com.bo/participantes-del-mercado/participante/?participante=BNL-emi
[BBV] t=1406.2s | pag=325 | files=4454 | data= 19 | cola= 105 | prio=90 | https://www.bbv.com.bo/participantes-del-mercado/participante/?participante=CRE-emi
[BBV] t=1411.8s | pag=326 | files=4495 | data= 19 | cola= 104 | prio=90 | https://www.bbv.com.bo/participantes-del-mercado/participante/?participante=IDI-emi
[BBV] t=1417.3s | pag=327 | files=4536 | data= 19 | cola= 103 | prio=90 | https://www.bbv.com.bo/participantes-del-mercado/participante/?participante=IPM-emi
[BBV] t=1423.1s | pag=328 | files=4573 | data= 19 | cola= 102 | prio=90 | https://www.bbv.com.bo/participantes-del-mercado/participante/?participante=IID-emi
[BBV] t=1429.6s | pag=329 | files=4591 | data= 19 | cola= 101 | prio=90 | https://www.bbv.com.bo/participantes-del-mercado/participante/?participante=BIT-emi
[BBV] t=1435.2s | pag=330 | files=4630 | data= 19 | cola= 100 | prio=90 | https://www.bbv.com.bo/participantes-del-mercado/participante/?participante=SBI-emi
[BBV] t=1442.4s | pag=331 | files=4631 | data= 19 | cola=  99 | prio=90 | https://www.bbv.com.bo/participantes-del-mercado/participante/?participante=SNA-emi
[BBV] t=1448.3s | pag=332 | files=4632 | data= 19 | cola=  98 | prio=90 | https://www.bbv.com.bo/participantes-del-mercado/participante/?participante=SCF-emi
[BBV] t=1454.2s | pag=333 | files=4633 | data= 19 | cola=  97 | prio=90 | https://www.bbv.com.bo/participantes-del-mercado/participante/?participante=FCA-emi
[BBV] t=1461.4s | pag=334 | files=4689 | data= 19 | cola=  96 | prio=90 | https://www.bbv.com.bo/participantes-del-mercado/participante/?participante=EFO-emi
[BBV] t=1470.4s | pag=335 | files=4742 | data= 19 | cola=  95 | prio=90 | https://www.bbv.com.bo/participantes-del-mercado/participante/?participante=BIA-par
[BBV] t=1475.8s | pag=336 | files=4742 | data= 19 | cola=  94 | prio=90 | https://www.bbv.com.bo/participantes-del-mercado/participante/?participante=NVA-par
[BBV] t=1481.1s | pag=337 | files=4743 | data= 19 | cola=  93 | prio=90 | https://www.bbv.com.bo/participantes-del-mercado/participante/?participante=CAI-par
[BBV] t=1486.9s | pag=338 | files=4744 | data= 19 | cola=  92 | prio=90 | https://www.bbv.com.bo/participantes-del-mercado/participante/?participante=CBA-par
[BBV] t=1492.3s | pag=339 | files=4745 | data= 19 | cola=  91 | prio=90 | https://www.bbv.com.bo/participantes-del-mercado/participante/?participante=GVA-par
[BBV] t=1499.0s | pag=340 | files=4746 | data= 19 | cola=  90 | prio=90 | https://www.bbv.com.bo/participantes-del-mercado/participante/?participante=MIB-par
[BBV] t=1505.0s | pag=341 | files=4747 | data= 19 | cola=  89 | prio=90 | https://www.bbv.com.bo/participantes-del-mercado/participante/?participante=MAB-par
[BBV] t=1510.3s | pag=342 | files=4748 | data= 19 | cola=  88 | prio=90 | https://www.bbv.com.bo/participantes-del-mercado/participante/?participante=PAN-par
[BBV] t=1516.3s | pag=343 | files=4749 | data= 19 | cola=  87 | prio=90 | https://www.bbv.com.bo/participantes-del-mercado/participante/?participante=SUD-par
[BBV] t=1522.1s | pag=344 | files=4750 | data= 19 | cola=  86 | prio=90 | https://www.bbv.com.bo/participantes-del-mercado/participante/?participante=VUN-par
[BBV] t=1528.0s | pag=345 | files=4751 | data= 19 | cola=  85 | prio=90 | https://www.bbv.com.bo/participantes-del-mercado/participante/?participante=AES-par
[BBV] t=1534.5s | pag=346 | files=4751 | data= 19 | cola=  84 | prio=90 | https://www.bbv.com.bo/participantes-del-mercado/participante/?participante=PCR-par
[BBV] t=1542.1s | pag=347 | files=4751 | data= 19 | cola=  83 | prio=90 | https://www.bbv.com.bo/participantes-del-mercado/participante/?participante=MFR-par
[BBV] t=1548.4s | pag=348 | files=4751 | data= 19 | cola=  82 | prio=90 | https://www.bbv.com.bo/participantes-del-mercado/participante/?participante=ECR-par
[BBV] t=1554.2s | pag=349 | files=4751 | data= 19 | cola=  81 | prio=90 | https://www.bbv.com.bo/participantes-del-mercado/participante/?participante=EDV-par
[BBV] t=1559.8s | pag=350 | files=4751 | data= 19 | cola=  80 | prio=90 | https://www.bbv.com.bo/participantes-del-mercado/participante/?participante=BEN-par
[BBV] t=1565.3s | pag=351 | files=4752 | data= 19 | cola=  79 | prio=90 | https://www.bbv.com.bo/participantes-del-mercado/participante/?participante=AME-par
[BBV] t=1571.0s | pag=352 | files=4753 | data= 19 | cola=  78 | prio=90 | https://www.bbv.com.bo/participantes-del-mercado/participante/?participante=AUF-par
[BBV] t=1577.2s | pag=353 | files=4754 | data= 19 | cola=  77 | prio=90 | https://www.bbv.com.bo/participantes-del-mercado/participante/?participante=AEG-par
[BBV] t=1584.0s | pag=354 | files=4755 | data= 19 | cola=  76 | prio=90 | https://www.bbv.com.bo/participantes-del-mercado/participante/?participante=AVZ-par
[BBV] t=1591.1s | pag=355 | files=4756 | data= 19 | cola=  75 | prio=90 | https://www.bbv.com.bo/participantes-del-mercado/participante/?participante=BSK-par
[BBV] t=1597.8s | pag=356 | files=4757 | data= 19 | cola=  74 | prio=90 | https://www.bbv.com.bo/participantes-del-mercado/participante/?participante=CRB-par
[BBV] t=1603.4s | pag=357 | files=4758 | data= 19 | cola=  73 | prio=90 | https://www.bbv.com.bo/participantes-del-mercado/participante/?participante=CMR-par
[BBV] t=1610.1s | pag=358 | files=4759 | data= 19 | cola=  72 | prio=90 | https://www.bbv.com.bo/participantes-del-mercado/participante/?participante=CBO-par
[BBV] t=1617.5s | pag=359 | files=4760 | data= 19 | cola=  71 | prio=90 | https://www.bbv.com.bo/participantes-del-mercado/participante/?participante=FDO-par
[BBV] t=1625.7s | pag=360 | files=4761 | data= 19 | cola=  70 | prio=90 | https://www.bbv.com.bo/participantes-del-mercado/participante/?participante=CFB-par
[BBV] t=1630.8s | pag=361 | files=4762 | data= 19 | cola=  69 | prio=90 | https://www.bbv.com.bo/participantes-del-mercado/participante/?participante=CCP-par
[BBV] t=1637.1s | pag=362 | files=4763 | data= 19 | cola=  68 | prio=90 | https://www.bbv.com.bo/participantes-del-mercado/participante/?participante=CFO-par
[BBV] t=1643.0s | pag=363 | files=4764 | data= 19 | cola=  67 | prio=90 | https://www.bbv.com.bo/participantes-del-mercado/participante/?participante=CRR-par
[BBV] t=1650.3s | pag=364 | files=4765 | data= 19 | cola=  66 | prio=90 | https://www.bbv.com.bo/participantes-del-mercado/participante/?participante=DMC-par
[BBV] t=1657.0s | pag=365 | files=4766 | data= 19 | cola=  65 | prio=90 | https://www.bbv.com.bo/participantes-del-mercado/participante/?participante=EFE-par
[BBV] t=1665.2s | pag=366 | files=4767 | data= 19 | cola=  64 | prio=90 | https://www.bbv.com.bo/participantes-del-mercado/participante/?participante=ELI-par
[BBV] t=1670.8s | pag=367 | files=4768 | data= 19 | cola=  63 | prio=90 | https://www.bbv.com.bo/participantes-del-mercado/participante/?participante=EAF-par
[BBV] t=1676.6s | pag=368 | files=4769 | data= 19 | cola=  62 | prio=90 | https://www.bbv.com.bo/participantes-del-mercado/participante/?participante=EMP-par
[BBV] t=1683.8s | pag=369 | files=4770 | data= 19 | cola=  61 | prio=90 | https://www.bbv.com.bo/participantes-del-mercado/participante/?participante=DUN-par
[BBV] t=1689.9s | pag=370 | files=4771 | data= 19 | cola=  60 | prio=90 | https://www.bbv.com.bo/participantes-del-mercado/participante/?participante=UNI-par
[BBV] t=1696.6s | pag=371 | files=4772 | data= 19 | cola=  59 | prio=90 | https://www.bbv.com.bo/participantes-del-mercado/participante/?participante=FOI-par
[BBV] t=1704.5s | pag=372 | files=4773 | data= 19 | cola=  58 | prio=90 | https://www.bbv.com.bo/participantes-del-mercado/participante/?participante=DFA-par
[BBV] t=1710.3s | pag=373 | files=4774 | data= 19 | cola=  57 | prio=90 | https://www.bbv.com.bo/participantes-del-mercado/participante/?participante=FII-par
[BBV] t=1715.6s | pag=374 | files=4775 | data= 19 | cola=  56 | prio=90 | https://www.bbv.com.bo/participantes-del-mercado/participante/?participante=FOL-par
[BBV] t=1724.8s | pag=375 | files=4776 | data= 19 | cola=  55 | prio=90 | https://www.bbv.com.bo/participantes-del-mercado/participante/?participante=FMU-par
[BBV] t=1730.9s | pag=376 | files=4777 | data= 19 | cola=  54 | prio=90 | https://www.bbv.com.bo/participantes-del-mercado/participante/?participante=PFA-par
[BBV] t=1736.5s | pag=377 | files=4778 | data= 19 | cola=  53 | prio=90 | https://www.bbv.com.bo/participantes-del-mercado/participante/?participante=FOP-par
[BBV] t=1742.2s | pag=378 | files=4779 | data= 19 | cola=  52 | prio=90 | https://www.bbv.com.bo/participantes-del-mercado/participante/?participante=FPB-par
[BBV] t=1748.4s | pag=379 | files=4780 | data= 19 | cola=  51 | prio=90 | https://www.bbv.com.bo/participantes-del-mercado/participante/?participante=PRD-par
[BBV] t=1755.6s | pag=380 | files=4781 | data= 19 | cola=  50 | prio=90 | https://www.bbv.com.bo/participantes-del-mercado/participante/?participante=FRM-par
[BBV] t=1760.8s | pag=381 | files=4782 | data= 19 | cola=  49 | prio=90 | https://www.bbv.com.bo/participantes-del-mercado/participante/?participante=FFU-par
[BBV] t=1769.5s | pag=382 | files=4783 | data= 19 | cola=  48 | prio=90 | https://www.bbv.com.bo/participantes-del-mercado/participante/?participante=FFA-par
[BBV] t=1775.7s | pag=383 | files=4784 | data= 19 | cola=  47 | prio=90 | https://www.bbv.com.bo/participantes-del-mercado/participante/?participante=GIC-par
[BBV] t=1781.3s | pag=384 | files=4785 | data= 19 | cola=  46 | prio=90 | https://www.bbv.com.bo/participantes-del-mercado/participante/?participante=GRF-par
[BBV] t=1788.3s | pag=385 | files=4786 | data= 19 | cola=  45 | prio=90 | https://www.bbv.com.bo/participantes-del-mercado/participante/?participante=GUF-par
[BBV] t=1794.6s | pag=386 | files=4787 | data= 19 | cola=  44 | prio=90 | https://www.bbv.com.bo/participantes-del-mercado/participante/?participante=HOR-par
[BBV] t=1800.1s | pag=387 | files=4788 | data= 19 | cola=  43 | prio=90 | https://www.bbv.com.bo/participantes-del-mercado/participante/?participante=MFM-par
[BBV] t=1806.6s | pag=388 | files=4789 | data= 19 | cola=  42 | prio=90 | https://www.bbv.com.bo/participantes-del-mercado/participante/?participante=NMP-par
[BBV] t=1815.2s | pag=389 | files=4790 | data= 19 | cola=  41 | prio=90 | https://www.bbv.com.bo/participantes-del-mercado/participante/?participante=OPU-par
[BBV] t=1822.5s | pag=390 | files=4791 | data= 19 | cola=  40 | prio=90 | https://www.bbv.com.bo/participantes-del-mercado/participante/?participante=OFI-par
[BBV] t=1829.0s | pag=391 | files=4792 | data= 19 | cola=  39 | prio=90 | https://www.bbv.com.bo/participantes-del-mercado/participante/?participante=PLT-par
[BBV] t=1838.5s | pag=392 | files=4793 | data= 19 | cola=  38 | prio=90 | https://www.bbv.com.bo/participantes-del-mercado/participante/?participante=PBC-par
[BBV] t=1844.4s | pag=393 | files=4794 | data= 19 | cola=  37 | prio=90 | https://www.bbv.com.bo/participantes-del-mercado/participante/?participante=BSP-par
[BBV] t=1850.5s | pag=394 | files=4795 | data= 19 | cola=  36 | prio=90 | https://www.bbv.com.bo/participantes-del-mercado/participante/?participante=PFM-par
[BBV] t=1855.4s | pag=395 | files=4796 | data= 19 | cola=  35 | prio=90 | https://www.bbv.com.bo/participantes-del-mercado/participante/?participante=POS-par
[BBV] t=1861.3s | pag=396 | files=4797 | data= 19 | cola=  34 | prio=90 | https://www.bbv.com.bo/participantes-del-mercado/participante/?participante=PFI-par
[BBV] t=1869.3s | pag=397 | files=4798 | data= 19 | cola=  33 | prio=90 | https://www.bbv.com.bo/participantes-del-mercado/participante/?participante=SFM-par
[BBV] t=1874.3s | pag=398 | files=4799 | data= 19 | cola=  32 | prio=90 | https://www.bbv.com.bo/participantes-del-mercado/participante/?participante=TUI-par
[BBV] t=1881.2s | pag=399 | files=4800 | data= 19 | cola=  31 | prio=90 | https://www.bbv.com.bo/participantes-del-mercado/participante/?participante=UPA-par
[BBV] t=1886.3s | pag=400 | files=4801 | data= 19 | cola=  30 | prio=90 | https://www.bbv.com.bo/participantes-del-mercado/participante/?participante=UFM-par
[BBV] t=1892.2s | pag=401 | files=4802 | data= 19 | cola=  29 | prio=90 | https://www.bbv.com.bo/participantes-del-mercado/participante/?participante=VUA-par
[BBV] t=1897.5s | pag=402 | files=4803 | data= 19 | cola=  28 | prio=90 | https://www.bbv.com.bo/participantes-del-mercado/participante/?participante=XTU-par
[BBV] t=1904.4s | pag=403 | files=4804 | data= 19 | cola=  27 | prio=90 | https://www.bbv.com.bo/participantes-del-mercado/participante/?participante=AFI-par
[BBV] t=1910.7s | pag=404 | files=4805 | data= 19 | cola=  26 | prio=90 | https://www.bbv.com.bo/participantes-del-mercado/participante/?participante=SAL-par
[BBV] t=1916.3s | pag=405 | files=4806 | data= 19 | cola=  25 | prio=90 | https://www.bbv.com.bo/participantes-del-mercado/participante/?participante=SBI-par
[BBV] t=1922.5s | pag=406 | files=4806 | data= 19 | cola=  24 | prio=90 | https://www.bbv.com.bo/participantes-del-mercado/participante/?participante=SNA-par
[BBV] t=1927.6s | pag=407 | files=4806 | data= 19 | cola=  23 | prio=90 | https://www.bbv.com.bo/participantes-del-mercado/participante/?participante=SCM-par
[BBV] t=1933.5s | pag=408 | files=4807 | data= 19 | cola=  22 | prio=90 | https://www.bbv.com.bo/participantes-del-mercado/participante/?participante=CAP-par
[BBV] t=1938.3s | pag=409 | files=4808 | data= 19 | cola=  21 | prio=90 | https://www.bbv.com.bo/participantes-del-mercado/participante/?participante=SCF-par
[BBV] t=1944.5s | pag=410 | files=4808 | data= 19 | cola=  20 | prio=90 | https://www.bbv.com.bo/participantes-del-mercado/participante/?participante=SFE-par
[BBV] t=1950.0s | pag=411 | files=4809 | data= 19 | cola=  19 | prio=90 | https://www.bbv.com.bo/participantes-del-mercado/participante/?participante=SFO-par
[BBV] t=1956.3s | pag=412 | files=4810 | data= 19 | cola=  18 | prio=90 | https://www.bbv.com.bo/participantes-del-mercado/participante/?participante=GAI-par
[BBV] t=1964.7s | pag=413 | files=4811 | data= 19 | cola=  17 | prio=90 | https://www.bbv.com.bo/participantes-del-mercado/participante/?participante=SMV-par
[BBV] t=1971.8s | pag=414 | files=4812 | data= 19 | cola=  16 | prio=90 | https://www.bbv.com.bo/participantes-del-mercado/participante/?participante=SML-par
[BBV] t=1977.2s | pag=415 | files=4813 | data= 19 | cola=  15 | prio=90 | https://www.bbv.com.bo/participantes-del-mercado/participante/?participante=SPA-par
[BBV] t=1984.3s | pag=416 | files=4814 | data= 19 | cola=  14 | prio=90 | https://www.bbv.com.bo/participantes-del-mercado/participante/?participante=SME-par
[BBV] t=1989.9s | pag=417 | files=4815 | data= 19 | cola=  13 | prio=90 | https://www.bbv.com.bo/participantes-del-mercado/participante/?participante=SUN-par
[BBV] t=1994.9s | pag=418 | files=4816 | data= 19 | cola=  12 | prio=90 | https://www.bbv.com.bo/participantes-del-mercado/participante/?participante=NAT-par
[BBV] t=1999.8s | pag=419 | files=4817 | data= 19 | cola=  11 | prio=90 | https://www.bbv.com.bo/participantes-del-mercado/participante/?participante=IST-par
[BBV] t=2007.3s | pag=420 | files=4818 | data= 19 | cola=  10 | prio=90 | https://www.bbv.com.bo/participantes-del-mercado/participante/?participante=BIT-par
[BBV] t=2011.9s | pag=421 | files=4818 | data= 19 | cola=   9 | prio=90 | https://www.bbv.com.bo/participantes-del-mercado/participante/
[BBV] t=2015.8s | pag=421 | files=4818 | data= 19 | cola=   8 | prio=90 | https://www.bbv.com.bo/participantes-del-mercado/participante/?participante=SFO-emi
[BBV] t=2021.5s | pag=422 | files=4818 | data= 19 | cola=   7 | prio=90 | https://www.bbv.com.bo/participantes-del-mercado/participante/?participante=SFE-emi
[BBV] t=2030.0s | pag=423 | files=4818 | data= 19 | cola=   6 | prio=90 | https://www.bbv.com.bo/participantes-del-mercado/participante/?participante=SMV-emi
[BBV] t=2035.6s | pag=424 | files=4818 | data= 19 | cola=   5 | prio=90 | https://www.bbv.com.bo/participantes-del-mercado/participante/?participante=SAL-emi
[BBV] t=2041.3s | pag=425 | files=4818 | data= 19 | cola=   4 | prio=90 | https://www.bbv.com.bo/participantes-del-mercado/participante/?participante=SPA-emi
[BBV] t=2046.5s | pag=426 | files=4818 | data= 19 | cola=   3 | prio=90 | https://www.bbv.com.bo/participantes-del-mercado/participante/?participante=GAI-emi
[BBV] t=2051.7s | pag=427 | files=4818 | data= 19 | cola=   2 | prio=90 | https://www.bbv.com.bo/participantes-del-mercado/participante/?participante=SME-emi
[BBV] t=2059.8s | pag=428 | files=4818 | data= 19 | cola=   1 | prio=90 | https://www.bbv.com.bo/participantes-del-mercado/participante/?participante=SUN-emi
[BBV] t=2065.6s | pag=429 | files=4818 | data= 19 | cola=   0 | prio=90 | https://www.bbv.com.bo/participantes-del-mercado/participante/?participante=SCM-emi

================================================================================
RESULTADO
================================================================================
Fuente:              bbv
Páginas visitadas:   430
Archivos encontrados: 4818
Datasets web:         19
Errores:              14
Motivo de parada:     frontier_exhausted
Duración:             2070.48 s

Formatos:
  - DOC    : 4
  - DOCX   : 9
  - PDF    : 4781
  - XLS    : 3
  - XLSX   : 21

JSON: C:\Ultimo Semestre 7\trabajo\DATAX\team crawler\crawler_asfi\Crawler_BCB\crawler_v2\output\bbv.json

Trazabilidad:
  Ejecución: 36
  Estado:    PROCESSED
  Base:      C:\Ultimo Semestre 7\trabajo\DATAX\team crawler\crawler_asfi\Crawler_BCB\crawler_v2\trace\crawler_trace.sqlite
