================================================================================
CRAWLER V2
================================================================================
Fuente: Dirección General de Aeronáutica Civil
URL configurada: https://www.dgac.gob.bo
Timeout HTTP: 15 s
Pausa HTTP:   aleatoria 0.30s - 0.90s


Resolución de fuente:
  Original: https://www.dgac.gob.bo
  Utilizada: https://www.dgac.gob.bo/
  Fallback: sí
  Intentos: 1
    - usable         | HTTP=200 | https://www.dgac.gob.bo/

URL de trabajo: https://www.dgac.gob.bo/
Seeds: 1
Máx páginas: 10000
Máx archivos: 100000
Máx profundidad: 20

[FULL_24_DGAC] t=   0.0s | pag=  0 | files=   0 | data=  0 | cola=   0 | prio= 0 | https://www.dgac.gob.bo/
[FULL_24_DGAC] t=   1.6s | pag=  1 | files=  14 | data=  0 | cola=  76 | prio=10 | https://www.dgac.gob.bo/resena-historica/
[FULL_24_DGAC] t=   3.7s | pag=  2 | files=  14 | data=  0 | cola=  75 | prio=10 | https://www.dgac.gob.bo/boletines-y-circulares/
[FULL_24_DGAC] t=   5.9s | pag=  3 | files=  14 | data=  0 | cola=  79 | prio=10 | https://www.dgac.gob.bo/catalogo-de-datos-aeronauticos/
[FULL_24_DGAC] DATASETS=1 | data_html_table | https://www.dgac.gob.bo/catalogo-de-datos-aeronauticos/
[FULL_24_DGAC] t=   8.0s | pag=  4 | files=  24 | data=  1 | cola=  78 | prio=10 | https://www.dgac.gob.bo/reportes-de-dificultades-en-servicio/
[FULL_24_DGAC] t=   9.8s | pag=  5 | files=  36 | data=  1 | cola=  77 | prio=10 | https://www.dgac.gob.bo/formulario-de-notificacion-de-accidentesincidentes/
[FULL_24_DGAC] t=  12.3s | pag=  6 | files=  43 | data=  1 | cola=  84 | prio=10 | https://www.dgac.gob.bo/sistema-de-reportes-de-ocurrrencias-bolivia-srob/
[FULL_24_DGAC] t=  14.4s | pag=  7 | files=  43 | data=  1 | cola=  86 | prio=10 | https://sistemasweb.dgac.gob.bo/SISTEMA_SIGEDOC/Datos_Boletin_Reglamentario.aspx
[FULL_24_DGAC] DATASETS=2 | data_html_table | https://sistemasweb.dgac.gob.bo/SISTEMA_SIGEDOC/Datos_Boletin_Reglamentario.aspx
[FULL_24_DGAC] t=  16.4s | pag=  8 | files=  58 | data=  2 | cola=  85 | prio=10 | https://sistemasweb.dgac.gob.bo/SISTEMA_SIGEDOC/Datos_Circular_Instructiva.aspx
[FULL_24_DGAC] DATASETS=3 | data_html_table | https://sistemasweb.dgac.gob.bo/SISTEMA_SIGEDOC/Datos_Circular_Instructiva.aspx
[FULL_24_DGAC] t=  17.3s | pag=  9 | files=  69 | data=  3 | cola=  84 | prio=10 | https://sistemasweb.dgac.gob.bo/SISTEMA_SIGEDOC/Datos_Circular_Informativa.aspx
[FULL_24_DGAC] DATASETS=4 | data_html_table | https://sistemasweb.dgac.gob.bo/SISTEMA_SIGEDOC/Datos_Circular_Informativa.aspx
[FULL_24_DGAC] t=  18.2s | pag= 10 | files=  86 | data=  4 | cola=  83 | prio=10 | https://sistemasweb.dgac.gob.bo/SISTEMA_SIGEDOC/Datos_Exencion.aspx
[FULL_24_DGAC] DATASETS=5 | data_html_table | https://sistemasweb.dgac.gob.bo/SISTEMA_SIGEDOC/Datos_Exencion.aspx
[FULL_24_DGAC] t=  18.9s | pag= 11 | files=  87 | data=  5 | cola=  82 | prio=10 | https://www.dgac.gob.bo/registro-de-accidentes-incidentes-graves-incidentes-reportados-en-aviacion-civil-gestion-2026/
[FULL_24_DGAC] t=  21.4s | pag= 12 | files=  88 | data=  5 | cola=  81 | prio=10 | https://www.dgac.gob.bo/registro-de-accidentes-incidentes-graves-incidentes-reportados-en-aviacion-civil-gestion-2025/
[FULL_24_DGAC] t=  23.3s | pag= 13 | files=  89 | data=  5 | cola=  80 | prio=10 | https://www.dgac.gob.bo/registro-de-accidentes-incidentes-graves-incidentes-reportados-en-aviacion-civil-gestion-2022/
[FULL_24_DGAC] t=  25.6s | pag= 14 | files=  93 | data=  5 | cola=  79 | prio=10 | https://www.dgac.gob.bo/registro-de-accidentes-incidentes-graves-incidentes-reportados-en-aviacion-civil-gestion-2021-2/
[FULL_24_DGAC] t=  27.8s | pag= 15 | files=  97 | data=  5 | cola=  78 | prio=10 | https://www.dgac.gob.bo/registro-de-accidentes-incidentes-graves-incidentes-reportados-en-aviacion-civil-gestion-2020/
[FULL_24_DGAC] t=  30.1s | pag= 16 | files=  99 | data=  5 | cola=  77 | prio=10 | https://www.dgac.gob.bo/registro-de-accidentes-incidentes-graves-incidentes-reportados-en-aviacion-civil-gestion-2019/
[FULL_24_DGAC] t=  32.1s | pag= 17 | files= 107 | data=  5 | cola=  76 | prio=10 | https://www.dgac.gob.bo/registro-de-accidentes-incidentes-graves-incidentes-reportados-en-aviacion-civil-gestion-2018/
[FULL_24_DGAC] t=  34.4s | pag= 18 | files= 118 | data=  5 | cola=  75 | prio=10 | https://www.dgac.gob.bo/reporte-de-sucesos-aig-2017/
[FULL_24_DGAC] t=  36.3s | pag= 19 | files= 127 | data=  5 | cola=  74 | prio=50 | https://www.dgac.gob.bo/mensaje-del-senor-director-ejecutivo/
[FULL_24_DGAC] t=  38.7s | pag= 20 | files= 127 | data=  5 | cola=  73 | prio=50 | https://www.dgac.gob.bo/objetivos-institucionales/
[FULL_24_DGAC] t=  41.1s | pag= 21 | files= 128 | data=  5 | cola=  72 | prio=50 | https://www.dgac.gob.bo/valores-y-principios/
[FULL_24_DGAC] t=  43.0s | pag= 22 | files= 128 | data=  5 | cola=  71 | prio=50 | https://www.dgac.gob.bo/organigrama-institucional/
[FULL_24_DGAC] t=  45.3s | pag= 23 | files= 129 | data=  5 | cola=  70 | prio=50 | https://www.dgac.gob.bo/rendicion-publica-de-cuentas/
[FULL_24_DGAC] t=  47.2s | pag= 24 | files= 164 | data=  5 | cola=  69 | prio=50 | https://www.dgac.gob.bo/denuncia-hechos-de-corrupcion/
[FULL_24_DGAC] t=  48.9s | pag= 25 | files= 165 | data=  5 | cola=  68 | prio=50 | https://www.dgac.gob.bo/formulario-de-solicitud-de-informacion-2/
[FULL_24_DGAC] t=  51.2s | pag= 26 | files= 165 | data=  5 | cola=  67 | prio=50 | https://www.dgac.gob.bo/constitucion-politica-del-estado/
[FULL_24_DGAC] t=  53.0s | pag= 27 | files= 166 | data=  5 | cola=  66 | prio=50 | https://www.dgac.gob.bo/convenio-de-chicago/
[FULL_24_DGAC] t=  55.0s | pag= 28 | files= 167 | data=  5 | cola=  65 | prio=50 | https://www.dgac.gob.bo/ley-2902/
[FULL_24_DGAC] t=  57.0s | pag= 29 | files= 168 | data=  5 | cola=  64 | prio=50 | https://www.dgac.gob.bo/ley-no-3238-ley-de-27-de-octubre-de-2005/
[FULL_24_DGAC] t=  58.9s | pag= 30 | files= 169 | data=  5 | cola=  63 | prio=50 | https://www.dgac.gob.bo/ds-28478/
[FULL_24_DGAC] t=  60.7s | pag= 31 | files= 170 | data=  5 | cola=  62 | prio=50 | https://www.dgac.gob.bo/ley-n-2027-estatuto-del-funcionario-publico/
[FULL_24_DGAC] t=  62.5s | pag= 32 | files= 171 | data=  5 | cola=  61 | prio=50 | https://www.dgac.gob.bo/ley-de-27-de-octubre-de-2005/
[FULL_24_DGAC] t=  64.3s | pag= 33 | files= 172 | data=  5 | cola=  60 | prio=50 | https://www.dgac.gob.bo/ley-1178/
[FULL_24_DGAC] t=  66.1s | pag= 34 | files= 173 | data=  5 | cola=  59 | prio=50 | https://www.dgac.gob.bo/constitucion-politica-del-estado-2/
[FULL_24_DGAC] t=  68.2s | pag= 35 | files= 174 | data=  5 | cola=  58 | prio=50 | https://www.dgac.gob.bo/normativa-administrativa-interna/
[FULL_24_DGAC] t=  69.3s | pag= 36 | files= 195 | data=  5 | cola=  57 | prio=50 | https://www.dgac.gob.bo/reglamentacion-aeronautica-boliviana-rab/
[FULL_24_DGAC] t=  70.5s | pag= 37 | files= 282 | data=  5 | cola=  56 | prio=50 | https://www.dgac.gob.bo/propuesta-de-nueva-rab/
[FULL_24_DGAC] t=  73.5s | pag= 38 | files= 282 | data=  5 | cola=  55 | prio=50 | https://www.dgac.gob.bo/propuesta-de-enmienda-a-los-manuales-tecnicos-operativos/
[FULL_24_DGAC] t=  75.9s | pag= 39 | files= 305 | data=  5 | cola=  54 | prio=50 | https://www.dgac.gob.bo/propuesta-de-manuales/
[FULL_24_DGAC] t=  76.2s | pag= 40 | files= 305 | data=  5 | cola=  53 | prio=50 | https://www.dgac.gob.bo/aerodromos_privados_autorizados/
[FULL_24_DGAC] t=  79.8s | pag= 41 | files= 815 | data=  5 | cola=  52 | prio=50 | https://www.dgac.gob.bo/circulares-de-asesoramiento/
[FULL_24_DGAC] t=  81.5s | pag= 42 | files= 883 | data=  5 | cola=  51 | prio=50 | https://www.dgac.gob.bo/propuesta-de-enmienda-a-los-anexos-de-la-oaci/
[FULL_24_DGAC] t=  83.7s | pag= 43 | files= 902 | data=  5 | cola=  50 | prio=50 | https://www.dgac.gob.bo/vigilancia-de-la-seguridad-operacional/
[FULL_24_DGAC] t=  85.8s | pag= 44 | files= 902 | data=  5 | cola=  49 | prio=50 | https://www.dgac.gob.bo/manuales-operativos/
[FULL_24_DGAC] t=  87.9s | pag= 45 | files= 914 | data=  5 | cola=  48 | prio=50 | https://www.dgac.gob.bo/formularios-certificacionfiscalizacion/
[FULL_24_DGAC] t=  89.9s | pag= 46 | files= 923 | data=  5 | cola=  48 | prio=50 | https://www.dgac.gob.bo/informacion-obligatoria-estado-de-diseno/
[FULL_24_DGAC] t=  92.2s | pag= 47 | files= 923 | data=  5 | cola=  47 | prio=50 | https://www.dgac.gob.bo/documentos-dna/
[FULL_24_DGAC] t=  94.5s | pag= 48 | files= 942 | data=  5 | cola=  46 | prio=50 | https://www.dgac.gob.bo/formularios-ans-aga/
[FULL_24_DGAC] t=  96.6s | pag= 49 | files= 944 | data=  5 | cola=  45 | prio=50 | https://www.dgac.gob.bo/aerodromos/
[FULL_24_DGAC] t=  98.9s | pag= 50 | files= 953 | data=  5 | cola=  48 | prio=50 | https://www.dgac.gob.bo/servicios/
[FULL_24_DGAC] t= 101.3s | pag= 51 | files=1198 | data=  5 | cola=  47 | prio=50 | https://www.dgac.gob.bo/manual-de-investigacion-de-accidentes-e-incidentes-politicas-y-procedimientos/
[FULL_24_DGAC] t= 102.9s | pag= 52 | files=1200 | data=  5 | cola=  46 | prio=50 | https://aig.dgac.gob.bo/
[FULL_24_DGAC] t= 104.7s | pag= 53 | files=1200 | data=  5 | cola=  45 | prio=50 | https://www.dgac.gob.bo/seguridad-de-la-aviacion-civil/
[FULL_24_DGAC] t= 107.2s | pag= 54 | files=1211 | data=  5 | cola=  44 | prio=50 | https://www.dgac.gob.bo/facilitacion/
[FULL_24_DGAC] t= 109.1s | pag= 55 | files=1221 | data=  5 | cola=  43 | prio=50 | https://www.dgac.gob.bo/autorizaciones-de-vuelos/
[FULL_24_DGAC] t= 111.5s | pag= 56 | files=1238 | data=  5 | cola=  44 | prio=10 | https://www.dgac.gob.bo/informes-mensuales-de-trafico-aereo-2026/
[FULL_24_DGAC] t= 114.0s | pag= 57 | files=1244 | data=  5 | cola=  43 | prio=10 | https://www.dgac.gob.bo/informes-mensuales-de-trafico-aereo-en-bolivia-2025/
[FULL_24_DGAC] t= 116.2s | pag= 58 | files=1246 | data=  5 | cola=  42 | prio=50 | https://www.dgac.gob.bo/ds-27113-reglamento-a-la-ley-no-2341-de-procedimiento-administrativo/
[FULL_24_DGAC] t= 118.5s | pag= 59 | files=1246 | data=  5 | cola=  41 | prio=50 | https://www.dgac.gob.bo/registro-aeronautico-administrativo-2
[FULL_24_DGAC] t= 122.0s | pag= 60 | files=1246 | data=  5 | cola=  40 | prio=50 | https://www.dgac.gob.bo/registro-aeronautico-administrativo/
[FULL_24_DGAC] t= 125.0s | pag= 61 | files=1246 | data=  5 | cola=  39 | prio=50 | https://www.dgac.gob.bo/certificados-revocados/
[FULL_24_DGAC] t= 126.6s | pag= 62 | files=1247 | data=  5 | cola=  38 | prio=50 | https://www.dgac.gob.bo/registro-y-habilitacion-de-aerodromos-de-uso-comunitario-2/
[FULL_24_DGAC] t= 128.8s | pag= 63 | files=1252 | data=  5 | cola=  37 | prio=50 | https://www.dgac.gob.bo/rvsm/
[FULL_24_DGAC] t= 130.6s | pag= 64 | files=1253 | data=  5 | cola=  36 | prio=50 | https://www.dgac.gob.bo/pbn/
[FULL_24_DGAC] t= 132.4s | pag= 65 | files=1254 | data=  5 | cola=  35 | prio=50 | https://www.dgac.gob.bo/sistema-de-gestion-de-la-seguridad-operacional-sspsms
[FULL_24_DGAC] t= 136.2s | pag= 66 | files=1254 | data=  5 | cola=  35 | prio=50 | https://www.dgac.gob.bo/servicios
[FULL_24_DGAC] t= 138.3s | pag= 66 | files=1254 | data=  5 | cola=  34 | prio=50 | https://www.dgac.gob.bo/licencias-del-personal
[FULL_24_DGAC] t= 142.4s | pag= 67 | files=1256 | data=  5 | cola=  39 | prio=50 | https://www.dgac.gob.bo/investigacion-de-accidentes-e-incidentes
[FULL_24_DGAC] t= 145.6s | pag= 68 | files=1256 | data=  5 | cola=  39 | prio=50 | https://www.dgac.gob.bo/aerodromos
[FULL_24_DGAC] t= 147.8s | pag= 68 | files=1256 | data=  5 | cola=  38 | prio=50 | https://www.dgac.gob.bo/gestion-de-la-calidad/
[FULL_24_DGAC] t= 150.7s | pag= 69 | files=1261 | data=  5 | cola=  37 | prio=50 | https://www.dgac.gob.bo/formulario-de-solicitud-de-informacion
[FULL_24_DGAC] t= 154.6s | pag= 70 | files=1338 | data=  5 | cola=  51 | prio=10 | https://www.dgac.gob.bo/informe-de-auditoria-interna-gestion-2026/
[FULL_24_DGAC] t= 156.5s | pag= 71 | files=1347 | data=  5 | cola=  50 | prio=10 | https://www.dgac.gob.bo/informe-de-auditoria-interna-gestion-2025/
[FULL_24_DGAC] t= 158.9s | pag= 72 | files=1359 | data=  5 | cola=  49 | prio=10 | https://www.dgac.gob.bo/informe-de-auditoria-interna-gestion-2024/
[FULL_24_DGAC] t= 161.4s | pag= 73 | files=1369 | data=  5 | cola=  48 | prio=10 | https://www.dgac.gob.bo/informe-de-auditoria-interna-gestion-2023/
[FULL_24_DGAC] t= 163.7s | pag= 74 | files=1382 | data=  5 | cola=  47 | prio=10 | https://www.dgac.gob.bo/informe-de-auditoria-interna-gestion-2022/
[FULL_24_DGAC] t= 165.8s | pag= 75 | files=1389 | data=  5 | cola=  46 | prio=10 | https://www.dgac.gob.bo/informes-de-auditoria-interna-gestion-2021/
[FULL_24_DGAC] t= 168.0s | pag= 76 | files=1408 | data=  5 | cola=  45 | prio=10 | https://www.dgac.gob.bo/informes-de-auditoria-interna-gestion-2020/
[FULL_24_DGAC] t= 169.7s | pag= 77 | files=1433 | data=  5 | cola=  44 | prio=10 | https://www.dgac.gob.bo/informes-de-auditoria-interna-gestion-2019/
[FULL_24_DGAC] t= 171.6s | pag= 78 | files=1454 | data=  5 | cola=  43 | prio=10 | https://www.dgac.gob.bo/informes-de-auditoria-interna-gestion-2018/
[FULL_24_DGAC] t= 173.5s | pag= 79 | files=1481 | data=  5 | cola=  42 | prio=10 | https://www.dgac.gob.bo/informes-de-auditoria-interna-gestion-2017/
[FULL_24_DGAC] t= 175.5s | pag= 80 | files=1502 | data=  5 | cola=  41 | prio=50 | https://www.dgac.gob.bo/dgac-y-caf-conversan-sobre-oportunidades-de-cooperacion-por-la-aviacion-civil-de-bolivia/
[FULL_24_DGAC] t= 177.9s | pag= 81 | files=1502 | data=  5 | cola=  41 | prio=50 | https://www.dgac.gob.bo/dgac-inaugura-el-curso-taller-de-control-de-calidad-y-fiscalizacion-avsec/
[FULL_24_DGAC] t= 180.2s | pag= 82 | files=1502 | data=  5 | cola=  40 | prio=50 | https://www.dgac.gob.bo/concluye-exitosamente-la-visita-de-javier-puente-en-el-marco-del-proyecto-fenix/
[FULL_24_DGAC] t= 182.7s | pag= 83 | files=1502 | data=  5 | cola=  38 | prio=50 | https://www.dgac.gob.bo/4685-2/
[FULL_24_DGAC] t= 185.4s | pag= 84 | files=1553 | data=  5 | cola=  37 | prio=50 | https://www.dgac.gob.bo/formulario-de-salud-para-localizar-a-pasajeros-ii/
[FULL_24_DGAC] t= 187.1s | pag= 85 | files=1555 | data=  5 | cola=  36 | prio=50 | https://sistemasweb.dgac.gob.bo/SISTEMA_RECAUDACIONES/PEL_MEDICO/SolicitudOrdenPago.aspx
[FULL_24_DGAC] t= 189.3s | pag= 86 | files=1555 | data=  5 | cola=  35 | prio=50 | https://www.dgac.gob.bo/drones/
[FULL_24_DGAC] t= 191.5s | pag= 87 | files=1557 | data=  5 | cola=  34 | prio=50 | https://www.dgac.gob.bo/correspondencia-externa/
[FULL_24_DGAC] t= 193.4s | pag= 88 | files=1557 | data=  5 | cola=  33 | prio=50 | https://www.dgac.gob.bo/enlaces-de-interes/
[FULL_24_DGAC] t= 195.5s | pag= 89 | files=1557 | data=  5 | cola=  32 | prio=50 | https://excsbol.dgac.gob.bo/owa
[FULL_24_DGAC] t= 196.4s | pag= 90 | files=1557 | data=  5 | cola=  31 | prio=50 | https://www.dgac.gob.bo/mapa-del-sitio/
[FULL_24_DGAC] t= 198.9s | pag= 91 | files=1557 | data=  5 | cola= 392 | prio=10 | https://www.dgac.gob.bo/anuario-estadistico-dta/
[FULL_24_DGAC] t= 200.5s | pag= 92 | files=1557 | data=  5 | cola= 391 | prio=10 | https://www.dgac.gob.bo/boletin-reglamentario/
[FULL_24_DGAC] t= 202.4s | pag= 93 | files=1557 | data=  5 | cola= 390 | prio=10 | https://www.dgac.gob.bo/informacion-financiera/
[FULL_24_DGAC] t= 204.6s | pag= 94 | files=1557 | data=  5 | cola= 389 | prio=10 | https://www.dgac.gob.bo/registro-de-accidentes-incidentes-graves-incidentes-reportados-en-aviacion-civil-gestion-2021/
[FULL_24_DGAC] t= 207.1s | pag= 95 | files=1557 | data=  5 | cola= 388 | prio=10 | https://www.dgac.gob.bo/reporte-de-dificultades-en-servicio/
[FULL_24_DGAC] t= 209.2s | pag= 96 | files=1557 | data=  5 | cola= 387 | prio=10 | https://www.dgac.gob.bo/incidentes-2021/
[FULL_24_DGAC] t= 211.0s | pag= 97 | files=1558 | data=  5 | cola= 386 | prio=10 | https://www.dgac.gob.bo/estadistica/
[FULL_24_DGAC] t= 213.2s | pag= 98 | files=1558 | data=  5 | cola= 385 | prio=10 | https://www.dgac.gob.bo/la-dgac-presenta-documentos-historicos-y-rinde-homenaje-al-ing-constantino-klaric/
[FULL_24_DGAC] t= 215.3s | pag= 99 | files=1558 | data=  5 | cola= 384 | prio=10 | https://www.dgac.gob.bo/la-dgac-informa-el-logro-historico-de-9232-de-la-icvm-en-la-rendicion-publica-de-cuentas-final-gestion-2021/
[FULL_24_DGAC] t= 217.3s | pag=100 | files=1558 | data=  5 | cola= 383 | prio=10 | https://www.dgac.gob.bo/historico-bolivia-alcanza-el-9232-preliminar-en-la-implementacion-efectiva-en-materia-de-seguridad-operacional/
[FULL_24_DGAC] t= 219.4s | pag=101 | files=1558 | data=  5 | cola= 382 | prio=10 | https://www.dgac.gob.bo/informe-complementario-vuelo-331-operado-por-peruvian-airline-con-la-aeronave-boeing-737-50/
[FULL_24_DGAC] t= 221.3s | pag=102 | files=1559 | data=  5 | cola= 381 | prio=10 | https://www.dgac.gob.bo/alumnos-de-la-especialidad-de-tripulantes-de-cabina-de-pasajeros-del-inac-se-graduaron-dentro-de-los-estandares-de-excelencia/
[FULL_24_DGAC] t= 223.4s | pag=103 | files=1560 | data=  5 | cola= 380 | prio=10 | https://www.dgac.gob.bo/registro-de-datos-en-el-seguimiento-enlace/
[FULL_24_DGAC] t= 225.6s | pag=104 | files=1560 | data=  5 | cola= 379 | prio=10 | https://www.dgac.gob.bo/video-tutorial-registro-de-datos/
[FULL_24_DGAC] t= 227.5s | pag=105 | files=1560 | data=  5 | cola= 378 | prio=50 | https://sistemasweb.dgac.gob.bo/SISTEMA_SIGEDOC/Busqueda_General.aspx
[FULL_24_DGAC] t= 228.1s | pag=106 | files=1560 | data=  5 | cola= 377 | prio=50 | https://vor.dgac.gob.bo/
[FULL_24_DGAC] t= 229.5s | pag=107 | files=1560 | data=  5 | cola= 376 | prio=50 | https://mor.dgac.gob.bo/
[FULL_24_DGAC] t= 231.7s | pag=108 | files=1560 | data=  5 | cola= 375 | prio=50 | https://ibis.dgac.gob.bo/
[FULL_24_DGAC] t= 233.4s | pag=109 | files=1560 | data=  5 | cola= 374 | prio=50 | https://www.dgac.gob.bo/examen-oral/
[FULL_24_DGAC] t= 235.8s | pag=110 | files=1566 | data=  5 | cola= 373 | prio=50 | http://sistemasweb.dgac.gob.bo/SISTEMA_SIPCAO/SOLICITUD/Registro_Solicitud_Externo.aspx
[FULL_24_DGAC] t= 236.3s | pag=110 | files=1566 | data=  5 | cola= 372 | prio=50 | https://sistemasweb.dgac.gob.bo/SISTEMA_SIPCAO/SOLICITUD/Registro_Solicitud_Externo.aspx
[FULL_24_DGAC] t= 237.0s | pag=111 | files=1566 | data=  5 | cola= 371 | prio=50 | https://www.dgac.gob.bo/superficies-limitadoras-de-obstaculos-aerodromos/
[FULL_24_DGAC] t= 239.4s | pag=112 | files=1566 | data=  5 | cola= 387 | prio=50 | https://www.dgac.gob.bo/formulario-de-autoevaluacion-para-operadores-de-aerodromo/
[FULL_24_DGAC] t= 241.4s | pag=113 | files=1583 | data=  5 | cola= 386 | prio=50 | https://www.dgac.gob.bo/administracion-de-la-seguridad-operacional/
[FULL_24_DGAC] t= 243.2s | pag=114 | files=1585 | data=  5 | cola= 385 | prio=50 | https://sistemasweb.dgac.gob.bo/SISTEMA_SIGEPEL
[FULL_24_DGAC] t= 244.7s | pag=115 | files=1585 | data=  5 | cola= 386 | prio=50 | https://www.dgac.gob.bo/formularios-pel/
[FULL_24_DGAC] t= 246.6s | pag=116 | files=1594 | data=  5 | cola= 385 | prio=50 | https://www.dgac.gob.bo/formulario-de-solicitud-y-requisitos/
[FULL_24_DGAC] t= 248.8s | pag=117 | files=1600 | data=  5 | cola= 384 | prio=50 | https://sistemasweb.dgac.gob.bo/WEB_SIRAPA/Busqueda_PEL.aspx
[FULL_24_DGAC] t= 250.2s | pag=118 | files=1601 | data=  5 | cola= 383 | prio=50 | https://sistemasweb.dgac.gob.bo/WEB_SIRAPA/Listado_PEL.aspx
[FULL_24_DGAC] t= 250.6s | pag=119 | files=1601 | data=  5 | cola= 382 | prio=50 | https://www.dgac.gob.bo/lista-de-centros-de-instruccion-y-entrenamiento/
[FULL_24_DGAC] t= 251.6s | pag=120 | files=1603 | data=  5 | cola= 381 | prio=50 | https://aig.dgac.gob.bo/aig
[FULL_24_DGAC] t= 253.4s | pag=121 | files=1603 | data=  5 | cola= 380 | prio=50 | https://www.dgac.gob.bo/escala-salaria-aprobada-2/
[FULL_24_DGAC] t= 255.3s | pag=122 | files=1603 | data=  5 | cola= 379 | prio=50 | https://www.dgac.gob.bo/fuente-de-financiamiento/
[FULL_24_DGAC] t= 257.2s | pag=123 | files=1614 | data=  5 | cola= 378 | prio=50 | https://www.dgac.gob.bo/programa-anual-de-contrataciones-pac/
[FULL_24_DGAC] t= 259.4s | pag=124 | files=1632 | data=  5 | cola= 377 | prio=50 | https://www.dgac.gob.bo/convocatoria-procesos-de-contratacion/
[FULL_24_DGAC] t= 261.7s | pag=125 | files=1637 | data=  5 | cola= 376 | prio=50 | https://www.dgac.gob.bo/convocatorias-de-adquisicion-de-bienes-y-servicios/
[FULL_24_DGAC] t= 264.0s | pag=126 | files=1664 | data=  5 | cola= 375 | prio=50 | https://www.dgac.gob.bo/author/dgacbolivia/
[FULL_24_DGAC] t= 266.0s | pag=127 | files=1664 | data=  5 | cola= 381 | prio=50 | https://www.dgac.gob.bo/contrataciones/
[FULL_24_DGAC] t= 268.1s | pag=128 | files=1664 | data=  5 | cola= 380 | prio=50 | https://www.dgac.gob.bo/notificacion-obligatoria-de-sucesos-de-seguridad-operacional/
[FULL_24_DGAC] t= 270.0s | pag=129 | files=1665 | data=  5 | cola= 379 | prio=50 | https://www.dgac.gob.bo/diferencia-con-los-anexos-oaci/
[FULL_24_DGAC] t= 272.0s | pag=130 | files=1666 | data=  5 | cola= 378 | prio=50 | https://www.dgac.gob.bo/direccion-de-nuestras-oficinas-en-bolivia/
[FULL_24_DGAC] t= 274.2s | pag=131 | files=1667 | data=  5 | cola= 377 | prio=50 | https://www.dgac.gob.bo/documentos/
[FULL_24_DGAC] t= 276.1s | pag=132 | files=1667 | data=  5 | cola= 376 | prio=50 | https://www.dgac.gob.bo/escala-salaria-aprobada/
[FULL_24_DGAC] t= 278.1s | pag=133 | files=1668 | data=  5 | cola= 375 | prio=50 | https://www.dgac.gob.bo/flujo-de-procesos/
[FULL_24_DGAC] t= 280.4s | pag=134 | files=1668 | data=  5 | cola= 374 | prio=50 | https://www.dgac.gob.bo/formulario-de-salud/
[FULL_24_DGAC] t= 282.5s | pag=135 | files=1671 | data=  5 | cola= 373 | prio=50 | https://www.dgac.gob.bo/guia-de-entrenamiento-para-investigadores-de-accidentes-de-aviacion/
[FULL_24_DGAC] t= 284.7s | pag=136 | files=1671 | data=  5 | cola= 372 | prio=50 | https://www.dgac.gob.bo/guia_ran/
[FULL_24_DGAC] t= 286.8s | pag=137 | files=1672 | data=  5 | cola= 371 | prio=50 | https://www.dgac.gob.bo/informacion-de-gestion/
[FULL_24_DGAC] t= 289.0s | pag=138 | files=1672 | data=  5 | cola= 370 | prio=50 | https://www.dgac.gob.bo/iso-9000/
[FULL_24_DGAC] t= 290.7s | pag=139 | files=1672 | data=  5 | cola= 369 | prio=50 | https://www.dgac.gob.bo/ley-no-1415-para-completar-las-modificaciones-a-la-ley-no-2902/
[FULL_24_DGAC] t= 292.9s | pag=140 | files=1672 | data=  5 | cola= 368 | prio=50 | https://www.dgac.gob.bo/listas-de-verifiacion/
[FULL_24_DGAC] t= 294.9s | pag=141 | files=1672 | data=  5 | cola= 367 | prio=50 | https://www.dgac.gob.bo/manual-de-procesos-y-procedimientos/
[FULL_24_DGAC] t= 297.1s | pag=142 | files=1672 | data=  5 | cola= 366 | prio=50 | https://www.dgac.gob.bo/nomina-del-personal-dependiente-de-la-dgac/
[FULL_24_DGAC] t= 298.9s | pag=143 | files=1673 | data=  5 | cola= 365 | prio=50 | https://www.dgac.gob.bo/notificacion-obligatoria-de-sucesos-de-seguridad-operacional-2/
[FULL_24_DGAC] t= 301.1s | pag=144 | files=1673 | data=  5 | cola= 364 | prio=50 | https://www.dgac.gob.bo/pagina-ejemplo/
[FULL_24_DGAC] t= 303.4s | pag=145 | files=1673 | data=  5 | cola= 363 | prio=50 | https://www.dgac.gob.bo/pagina-protegida-con-contrasena/
[FULL_24_DGAC] t= 305.3s | pag=146 | files=1673 | data=  5 | cola= 362 | prio=50 | https://www.dgac.gob.bo/planificacion/
[FULL_24_DGAC] t= 307.6s | pag=147 | files=1673 | data=  5 | cola= 361 | prio=50 | https://www.dgac.gob.bo/politica-de-instruccion/
[FULL_24_DGAC] t= 309.6s | pag=148 | files=1674 | data=  5 | cola= 360 | prio=50 | https://www.dgac.gob.bo/politicas-institucionales-2/
[FULL_24_DGAC] t= 311.5s | pag=149 | files=1674 | data=  5 | cola= 359 | prio=50 | https://www.dgac.gob.bo/presentaciones-sexto-seminario-anual-de-seguridad-en-aeronavegabilidad/
[FULL_24_DGAC] t= 313.7s | pag=150 | files=1687 | data=  5 | cola= 358 | prio=50 | https://www.dgac.gob.bo/procedimiento-para-la-elaboracion-de-nuevos-reglamentos-o-enmiendas-a-la-rab/
[FULL_24_DGAC] t= 315.7s | pag=151 | files=1688 | data=  5 | cola= 357 | prio=50 | https://www.dgac.gob.bo/procedimiento-para-la-otorgacion-de-excepciones-a-la-rab/
[FULL_24_DGAC] t= 317.5s | pag=152 | files=1689 | data=  5 | cola= 356 | prio=50 | https://www.dgac.gob.bo/procedimiento-para-la-otorgacion-de-excepciones-a-la-rab/listado-de-excepciones/
[FULL_24_DGAC] t= 319.5s | pag=153 | files=1689 | data=  5 | cola= 355 | prio=50 | https://www.dgac.gob.bo/procedimiento-para-la-otorgacion-de-excepciones-a-la-rab/politica-y-procedimiento/
[FULL_24_DGAC] t= 321.6s | pag=154 | files=1689 | data=  5 | cola= 354 | prio=50 | https://www.dgac.gob.bo/procedimientos-de-gestion-y-servicios/
[FULL_24_DGAC] t= 324.2s | pag=155 | files=1689 | data=  5 | cola= 353 | prio=50 | https://www.dgac.gob.bo/propuesta-de-enmienda-a-la-rab/
[FULL_24_DGAC] t= 325.8s | pag=156 | files=1689 | data=  5 | cola= 352 | prio=50 | https://www.dgac.gob.bo/prorroga/
[FULL_24_DGAC] t= 327.8s | pag=157 | files=1689 | data=  5 | cola= 351 | prio=50 | https://www.dgac.gob.bo/prorrogas-a-los-periodos-de-validez-de-licencias-certificados-medicos-y-habilitaciones/
[FULL_24_DGAC] t= 329.7s | pag=158 | files=1694 | data=  5 | cola= 350 | prio=50 | https://www.dgac.gob.bo/protocolo-autorizaciones-de-vuelos-no-regulares/
[FULL_24_DGAC] t= 331.8s | pag=159 | files=1696 | data=  5 | cola= 349 | prio=50 | https://www.dgac.gob.bo/registro-publico-de-aeronaves/
[FULL_24_DGAC] t= 333.7s | pag=160 | files=1696 | data=  5 | cola= 348 | prio=50 | https://www.dgac.gob.bo/registro-y-habilitacion-de-aerodromos-de-uso-comunitario/
[FULL_24_DGAC] t= 336.0s | pag=161 | files=1696 | data=  5 | cola= 347 | prio=50 | https://www.dgac.gob.bo/reglamento-de-faltas-y-sanciones/
[FULL_24_DGAC] t= 338.3s | pag=162 | files=1697 | data=  5 | cola= 346 | prio=50 | https://www.dgac.gob.bo/relaciones-internacionales/
[FULL_24_DGAC] t= 340.6s | pag=163 | files=1697 | data=  5 | cola= 345 | prio=50 | https://www.dgac.gob.bo/rendicion-de-cuentas-publicas/
[FULL_24_DGAC] t= 342.8s | pag=164 | files=1697 | data=  5 | cola= 344 | prio=50 | https://www.dgac.gob.bo/delegacion-de-autoridad/
[FULL_24_DGAC] t= 344.7s | pag=165 | files=1698 | data=  5 | cola= 343 | prio=50 | https://www.dgac.gob.bo/rm-197/
[FULL_24_DGAC] t= 346.9s | pag=166 | files=1699 | data=  5 | cola= 342 | prio=50 | https://www.dgac.gob.bo/resoluciones-administrativas-avsec/
[FULL_24_DGAC] t= 348.8s | pag=167 | files=1703 | data=  5 | cola= 341 | prio=50 | https://www.dgac.gob.bo/drones-2/
[FULL_24_DGAC] t= 350.7s | pag=168 | files=1704 | data=  5 | cola= 340 | prio=50 | https://www.dgac.gob.bo/seguimiento-de-tramites/
[FULL_24_DGAC] t= 353.2s | pag=169 | files=1704 | data=  5 | cola= 339 | prio=50 | https://www.dgac.gob.bo/sgc-sistemas/
[FULL_24_DGAC] t= 355.3s | pag=170 | files=1704 | data=  5 | cola= 338 | prio=50 | https://www.dgac.gob.bo/sin-poliza/
[FULL_24_DGAC] t= 357.4s | pag=171 | files=1704 | data=  5 | cola= 337 | prio=50 | https://www.dgac.gob.bo/sistema-de-gestion-de-la-seguridad-operacional-ssp-sms/
[FULL_24_DGAC] t= 359.6s | pag=172 | files=1704 | data=  5 | cola= 336 | prio=50 | https://www.dgac.gob.bo/sistemas-dgac/
[FULL_24_DGAC] t= 361.9s | pag=173 | files=1704 | data=  5 | cola= 335 | prio=50 | https://www.dgac.gob.bo/ssp-link/
[FULL_24_DGAC] t= 362.5s | pag=174 | files=1704 | data=  5 | cola= 334 | prio=50 | https://www.dgac.gob.bo/ssp-multimedia/
[FULL_24_DGAC] t= 365.4s | pag=175 | files=1704 | data=  5 | cola= 333 | prio=50 | https://www.dgac.gob.bo/ssp-notificaciones/
[FULL_24_DGAC] t= 367.7s | pag=176 | files=1706 | data=  5 | cola= 332 | prio=50 | https://www.dgac.gob.bo/ssp-reglamentos/
[FULL_24_DGAC] t= 369.6s | pag=177 | files=1707 | data=  5 | cola= 331 | prio=50 | https://www.dgac.gob.bo/ssp-sms/
[FULL_24_DGAC] t= 371.6s | pag=178 | files=1707 | data=  5 | cola= 330 | prio=50 | https://www.dgac.gob.bo/ssp_circulares_asesoramiento/
[FULL_24_DGAC] t= 373.4s | pag=179 | files=1709 | data=  5 | cola= 329 | prio=50 | https://www.dgac.gob.bo/ssp_herramientas/
[FULL_24_DGAC] t= 375.7s | pag=180 | files=1710 | data=  5 | cola= 328 | prio=50 | https://www.dgac.gob.bo/dgac-fortalece-la-cooperacion-internacional-para-el-desarrollo-de-la-aviacion/
[FULL_24_DGAC] t= 377.6s | pag=181 | files=1710 | data=  5 | cola= 327 | prio=50 | https://www.dgac.gob.bo/bolivia-se-adhiere-al-memorando-alas-para-impulsar-el-cielo-unico-sudamericano/
[FULL_24_DGAC] t= 379.9s | pag=182 | files=1710 | data=  5 | cola= 326 | prio=50 | https://www.dgac.gob.bo/bolivia-y-brasil-actualizan-su-memorandum-de-entendimiento/
[FULL_24_DGAC] t= 382.0s | pag=183 | files=1710 | data=  5 | cola= 325 | prio=50 | https://www.dgac.gob.bo/bolivia-y-uruguay-impulsan-la-integracion-aerea-regional/
[FULL_24_DGAC] t= 384.0s | pag=184 | files=1710 | data=  5 | cola= 324 | prio=50 | https://www.dgac.gob.bo/bolivia-fortalece-su-politica-de-cielos-abiertos-con-argentina/
[FULL_24_DGAC] t= 386.4s | pag=185 | files=1710 | data=  5 | cola= 323 | prio=50 | https://www.dgac.gob.bo/bolivia-y-republica-dominicana-fortalecen-la-cooperacion-aeronautica/
[FULL_24_DGAC] t= 388.3s | pag=186 | files=1710 | data=  5 | cola= 322 | prio=50 | https://www.dgac.gob.bo/oaci-acompana-el-fortalecimiento-del-ssp-en-bolivia/
[FULL_24_DGAC] t= 390.5s | pag=187 | files=1710 | data=  5 | cola= 321 | prio=50 | https://www.dgac.gob.bo/dgac-participa-como-panelista-en-el-xlv-congreso-nacional-de-abavyt-2026/
[FULL_24_DGAC] t= 392.5s | pag=188 | files=1710 | data=  5 | cola= 320 | prio=50 | https://www.dgac.gob.bo/simulacro-de-accidente-aereo-fortalece-la-seguridad-operacional-en-el-aeropuerto-el-trompillo/
[FULL_24_DGAC] t= 394.6s | pag=189 | files=1710 | data=  5 | cola= 319 | prio=50 | https://www.dgac.gob.bo/bolivia-participa-en-el-taller-regional-de-navegacion-aerea-de-la-oaci/
[FULL_24_DGAC] t= 396.9s | pag=190 | files=1710 | data=  5 | cola= 318 | prio=50 | https://www.dgac.gob.bo/estado-e-industria-consolidan-acciones-para-fortalecer-la-seguridad-operacional-en-bolivia/
[FULL_24_DGAC] t= 398.9s | pag=191 | files=1710 | data=  5 | cola= 317 | prio=50 | https://www.dgac.gob.bo/bolivia-fortalece-su-conectividad-aerea-de-carga-con-la-incorporacion-de-una-nueva-aerolinea-internacional/
[FULL_24_DGAC] t= 400.9s | pag=192 | files=1710 | data=  5 | cola= 316 | prio=50 | https://www.dgac.gob.bo/conmemoramos-los-50-anos-del-instituto-nacional-de-aviacion-civil-inac/
[FULL_24_DGAC] t= 403.1s | pag=193 | files=1710 | data=  5 | cola= 315 | prio=50 | https://www.dgac.gob.bo/dgac-y-att-coordinan-acciones-para-agilizar-tramites-en-beneficio-del-sector-aeronautico/
[FULL_24_DGAC] t= 405.1s | pag=194 | files=1710 | data=  5 | cola= 314 | prio=50 | https://www.dgac.gob.bo/bolivia-fortalece-la-facilitacion-del-transporte-aereo/
[FULL_24_DGAC] t= 407.1s | pag=195 | files=1710 | data=  5 | cola= 313 | prio=50 | https://www.dgac.gob.bo/bolivia-presente-en-el-iv-foro-andino-de-transporte-aereo-cielos-andinos/
[FULL_24_DGAC] t= 409.2s | pag=196 | files=1710 | data=  5 | cola= 312 | prio=50 | https://www.dgac.gob.bo/tampa-cargo-ya-opera-en-bolivia/
[FULL_24_DGAC] t= 411.5s | pag=197 | files=1710 | data=  5 | cola= 311 | prio=50 | https://www.dgac.gob.bo/capacitacion-especializada-fortalece-la-gestion-de-la-seguridad-operacional-en-la-dgac/
[FULL_24_DGAC] t= 413.3s | pag=198 | files=1710 | data=  5 | cola= 310 | prio=50 | https://www.dgac.gob.bo/bolivia-y-panama-dan-un-paso-clave-hacia-el-one-stop-security-oss/
[FULL_24_DGAC] t= 415.3s | pag=199 | files=1710 | data=  5 | cola= 309 | prio=50 | https://www.dgac.gob.bo/programa-tranca-cero-segip-dgac-y-naabol-impulsan-servicios-mas-agiles-con-la-cedula-digital/
[FULL_24_DGAC] t= 417.3s | pag=200 | files=1710 | data=  5 | cola= 308 | prio=50 | https://www.dgac.gob.bo/dgac-participa-en-encuentro-regional-sobre-uas-rpas/
[FULL_24_DGAC] t= 419.4s | pag=201 | files=1710 | data=  5 | cola= 307 | prio=50 | https://www.dgac.gob.bo/dgac-realiza-la-reunion-ordinaria-del-comite-de-seguridad-operacional/
[FULL_24_DGAC] t= 421.4s | pag=202 | files=1710 | data=  5 | cola= 306 | prio=50 | https://www.dgac.gob.bo/bolivia-y-peru-avanzan-hacia-cielos-abiertos/
[FULL_24_DGAC] t= 423.3s | pag=203 | files=1710 | data=  5 | cola= 305 | prio=50 | https://www.dgac.gob.bo/dgac-realiza-la-primera-reunion-del-comite-de-calidad-y-define-lineamientos-estrategicos-para-la-gestion-2026/
[FULL_24_DGAC] t= 425.2s | pag=204 | files=1710 | data=  5 | cola= 304 | prio=50 | https://www.dgac.gob.bo/visita-tecnica-internacional-de-la-tsa-de-eeuu-en-viru-viru-fortalece-estandares-de-seguridad-de-la-aviacion-civil-en-bolivia/
[FULL_24_DGAC] t= 427.3s | pag=205 | files=1710 | data=  5 | cola= 303 | prio=50 | https://www.dgac.gob.bo/dgac-refuerza-su-compromiso-con-la-seguridad-operacional-en-reunion-del-srvsop/
[FULL_24_DGAC] t= 429.5s | pag=206 | files=1710 | data=  5 | cola= 302 | prio=50 | https://www.dgac.gob.bo/hito-bilateral-bolivia-y-el-salvador-concretan-su-primer-acuerdo-aeronautico/
[FULL_24_DGAC] t= 431.5s | pag=207 | files=1710 | data=  5 | cola= 301 | prio=50 | https://www.dgac.gob.bo/instituciones-del-estado-coordinan-acciones-para-optimizar-controles-aeroportuarios/
[FULL_24_DGAC] t= 433.3s | pag=208 | files=1710 | data=  5 | cola= 300 | prio=50 | https://www.dgac.gob.bo/bolivia-fortalece-su-proyeccion-internacional-en-el-wings-of-change-de-iata/
[FULL_24_DGAC] t= 435.1s | pag=209 | files=1710 | data=  5 | cola= 299 | prio=50 | https://www.dgac.gob.bo/bolivia-presente-en-la-clac-consolidando-avances-en-cielos-abiertos/
[FULL_24_DGAC] t= 437.1s | pag=210 | files=1710 | data=  5 | cola= 298 | prio=50 | https://www.dgac.gob.bo/nuevos-acuerdos-posicionan-a-bolivia-hacia-una-aviacion-mas-abierta-y-competitiva/
[FULL_24_DGAC] t= 439.3s | pag=211 | files=1710 | data=  5 | cola= 297 | prio=50 | https://www.dgac.gob.bo/bolivia-y-panama-consolidan-nuevos-acuerdos-para-impulsar-la-aviacion-internacional/
[FULL_24_DGAC] t= 441.4s | pag=212 | files=1710 | data=  5 | cola= 296 | prio=50 | https://www.dgac.gob.bo/bolivia-y-paraguay-avanzan-hacia-una-mayor-apertura-aerea/
[FULL_24_DGAC] t= 443.5s | pag=213 | files=1710 | data=  5 | cola= 295 | prio=50 | https://www.dgac.gob.bo/bolivia-fortalece-la-conectividad-aerea-con-chile/
[FULL_24_DGAC] t= 445.6s | pag=214 | files=1710 | data=  5 | cola= 294 | prio=50 | https://www.dgac.gob.bo/bolivia-y-brasil-consolidan-una-nueva-etapa-de-apertura-y-conectividad-aerea/
[FULL_24_DGAC] t= 447.6s | pag=215 | files=1710 | data=  5 | cola= 293 | prio=50 | https://www.dgac.gob.bo/bolivia-promueve-agenda-en-la-oaci-con-emfasis-en-modernizacion-segiridad-y-desarollo-aeronautico-del-gcso-marca-prioridades-en-seguridad-operacional-2/
[FULL_24_DGAC] t= 449.7s | pag=216 | files=1710 | data=  5 | cola= 292 | prio=50 | https://www.dgac.gob.bo/primera-reunion-del-gcso-marca-prioridades-en-seguridad-operacional/
[FULL_24_DGAC] t= 451.5s | pag=217 | files=1710 | data=  5 | cola= 291 | prio=50 | https://www.dgac.gob.bo/la-dgac-impulsa-la-mejora-continua-en-la-direccion-de-navegacion-aerea/
[FULL_24_DGAC] t= 453.5s | pag=218 | files=1710 | data=  5 | cola= 290 | prio=50 | https://www.dgac.gob.bo/oruro-y-tarija-operaran-como-puertas-internacionales-durante-el-carnaval/
[FULL_24_DGAC] t= 455.4s | pag=219 | files=1710 | data=  5 | cola= 289 | prio=50 | https://www.dgac.gob.bo/bolivia-y-el-salvador-avanzan-en-el-fortalecimiento-de-la-conectividad-aerea/
[FULL_24_DGAC] t= 457.5s | pag=220 | files=1710 | data=  5 | cola= 288 | prio=50 | https://www.dgac.gob.bo/la-dgac-lidera-la-primera-reunion-del-cear-para-fortalecer-la-seguridad-de-la-aviacion-civil/
[FULL_24_DGAC] t= 459.4s | pag=221 | files=1710 | data=  5 | cola= 287 | prio=50 | https://www.dgac.gob.bo/san-ignacio-de-velasco-marca-un-hito-en-la-aviacion-nacional-con-operaciones-especiales-en-su-aeropuerto/
[FULL_24_DGAC] t= 461.7s | pag=222 | files=1710 | data=  5 | cola= 286 | prio=50 | https://www.dgac.gob.bo/fortalecemos-la-integracion-aerea-entre-bolivia-y-paraguay/
[FULL_24_DGAC] t= 463.5s | pag=223 | files=1710 | data=  5 | cola= 285 | prio=50 | https://www.dgac.gob.bo/dgac-realiza-la-primera-reunion-ordinaria-del-comite-interinstitucional-de-coordinacion-de-seguridad-de-la-aviacion-cicseg/
[FULL_24_DGAC] t= 465.4s | pag=224 | files=1710 | data=  5 | cola= 284 | prio=50 | https://www.dgac.gob.bo/cooperacion-bilateral-entre-estados-unidos-y-bolivia-para-fortalecer-la-seguridad-de-la-aviacion-civil/
[FULL_24_DGAC] t= 467.3s | pag=225 | files=1710 | data=  5 | cola= 283 | prio=50 | https://www.dgac.gob.bo/avanzamos-en-el-fortalecimiento-de-la-seguridad-de-la-aviacion-civil/
[FULL_24_DGAC] t= 469.4s | pag=226 | files=1710 | data=  5 | cola= 282 | prio=50 | https://www.dgac.gob.bo/la-dgac-participa-en-el-fortalecimiento-de-la-infraestructura-aeroportuaria-en-tarija/
[FULL_24_DGAC] t= 471.6s | pag=227 | files=1710 | data=  5 | cola= 281 | prio=50 | https://www.dgac.gob.bo/11223-2/
[FULL_24_DGAC] t= 473.8s | pag=228 | files=1710 | data=  5 | cola= 280 | prio=50 | https://www.dgac.gob.bo/aesa-valida-el-programa-acc3-de-seguridad-de-la-carga-aerea/
[FULL_24_DGAC] t= 476.0s | pag=229 | files=1710 | data=  5 | cola= 279 | prio=50 | https://www.dgac.gob.bo/la-dgac-y-uab-firman-convenio-interinstitucional/
[FULL_24_DGAC] t= 478.2s | pag=230 | files=1710 | data=  5 | cola= 278 | prio=50 | https://www.dgac.gob.bo/inicia-la-auditoria-usap-cma-de-la-oaci-a-bolivia-que-revisara-el-grado-de-cumplimiento-en-materia-de-seguridad-de-la-aviacion-civil-2/
[FULL_24_DGAC] t= 480.0s | pag=231 | files=1710 | data=  5 | cola= 277 | prio=50 | https://www.dgac.gob.bo/inicia-la-auditoria-usap-cma-de-la-oaci-a-bolivia-que-revisara-el-grado-de-cumplimiento-en-materia-de-seguridad-de-la-aviacion-civil/
[FULL_24_DGAC] t= 481.9s | pag=232 | files=1710 | data=  5 | cola= 276 | prio=50 | https://www.dgac.gob.bo/bolivia-avanza-en-combustibles-sostenibles-para-la-aviacion-con-la-firma-del-act-saf-con-la-oaci/
[FULL_24_DGAC] t= 484.0s | pag=233 | files=1710 | data=  5 | cola= 275 | prio=50 | https://www.dgac.gob.bo/la-dgac-realiza-la-audiencia-de-rendicion-publica-de-cuentas-final-gestion-2024/
[FULL_24_DGAC] t= 486.1s | pag=234 | files=1710 | data=  5 | cola= 274 | prio=50 | https://www.dgac.gob.bo/reunion-del-comite-de-evaluacion-de-amenazas-y-gestion-de-riesgos-de-seguridad-de-la-aviacion-civil/
[FULL_24_DGAC] t= 488.3s | pag=235 | files=1710 | data=  5 | cola= 273 | prio=50 | https://www.dgac.gob.bo/se-realiza-con-exito-la-reunion-ordinaria-concifal-2024/
[FULL_24_DGAC] t= 490.1s | pag=236 | files=1710 | data=  5 | cola= 272 | prio=50 | https://www.dgac.gob.bo/la-dgac-renueva-la-certificacion-ibnorca-al-sistema-de-gestion-de-calidad-iso-90012015/
[FULL_24_DGAC] t= 491.9s | pag=237 | files=1710 | data=  5 | cola= 271 | prio=50 | https://www.dgac.gob.bo/se-aprueba-la-actualizacion-del-manual-de-procedimientos-para-el-control-de-aeropuertos/
[FULL_24_DGAC] t= 494.1s | pag=238 | files=1710 | data=  5 | cola= 270 | prio=50 | https://www.dgac.gob.bo/dgac-y-la-umsa-firman-convenio-interinstitucional/
[FULL_24_DGAC] t= 495.7s | pag=239 | files=1710 | data=  5 | cola= 269 | prio=50 | https://www.dgac.gob.bo/dgac-y-papelbol-firman-convenio-para-promover-el-reciclaje-de-papel/
[FULL_24_DGAC] t= 498.0s | pag=240 | files=1710 | data=  5 | cola= 268 | prio=50 | https://www.dgac.gob.bo/firma-de-convenio-interinstitucional-dgac-umss/
[FULL_24_DGAC] t= 500.1s | pag=241 | files=1710 | data=  5 | cola= 267 | prio=50 | https://www.dgac.gob.bo/la-tsa-de-eeuu-valida-medidas-de-seguridad-del-aeropuerto-internacional-viru-viru/
[FULL_24_DGAC] t= 502.3s | pag=242 | files=1710 | data=  5 | cola= 266 | prio=50 | https://www.dgac.gob.bo/firma-de-convenio-interinstitucional-dgac-itsc/
[FULL_24_DGAC] t= 504.5s | pag=243 | files=1710 | data=  5 | cola= 265 | prio=50 | https://www.dgac.gob.bo/la-dgac-realiza-la-audiencia-de-rendicion-publica-de-cuentas-inicial-gestion-2024/
[FULL_24_DGAC] t= 506.5s | pag=244 | files=1710 | data=  5 | cola= 264 | prio=50 | https://www.dgac.gob.bo/airbus-apuesta-por-bolivia-en-la-homologacion-de-altura-de-la-aeronave-a350-900/
[FULL_24_DGAC] t= 508.7s | pag=245 | files=1710 | data=  5 | cola= 263 | prio=50 | https://www.dgac.gob.bo/la-autoridad-aeronautica-civil-investiga-incidente-en-la-pista-del-aeropuerto-de-el-alto/
[FULL_24_DGAC] t= 511.0s | pag=246 | files=1710 | data=  5 | cola= 262 | prio=50 | https://www.dgac.gob.bo/se-realizo-la-conferencia-sobre-ciberseguridad-en-la-aviacion-civil/
[FULL_24_DGAC] t= 512.8s | pag=247 | files=1710 | data=  5 | cola= 261 | prio=50 | https://www.dgac.gob.bo/la-dgac-realiza-la-audiencia-de-rendicion-publica-de-cuentas-final-gestion-2023/
[FULL_24_DGAC] t= 514.9s | pag=248 | files=1710 | data=  5 | cola= 260 | prio=50 | https://www.dgac.gob.bo/inicia-taller-de-riesgos-avsec/
[FULL_24_DGAC] t= 516.8s | pag=249 | files=1710 | data=  5 | cola= 259 | prio=50 | https://www.dgac.gob.bo/taller-de-metodologia-y-procedimientos-operativos-para-el-control-prevencion-e-investigacion-de-trafico-ilegal-de-fauna-silvestre-en-aeropuertos/
[FULL_24_DGAC] t= 518.6s | pag=250 | files=1710 | data=  5 | cola= 258 | prio=50 | https://www.dgac.gob.bo/la-dgac-mantiene-la-certificacion-ibnorca-nb-iso-90012015-al-sistema-de-gestion-de-la-calidad/
[FULL_24_DGAC] t= 520.6s | pag=251 | files=1710 | data=  5 | cola= 257 | prio=50 | https://www.dgac.gob.bo/el-convenio-de-cooperacion-interinstitucional-se-amplia-hasta-el-2025/
[FULL_24_DGAC] t= 522.8s | pag=252 | files=1710 | data=  5 | cola= 256 | prio=50 | https://www.dgac.gob.bo/la-tsa-de-eeuu-valida-los-procedimientos-de-seguridad-de-la-aviacion-civil-del-aeropuerto-viru-viru/
[FULL_24_DGAC] t= 525.1s | pag=253 | files=1710 | data=  5 | cola= 255 | prio=50 | https://www.dgac.gob.bo/la-dgac-da-cinco-dias-a-amaszonas-para-resolver-situacion-sobre-su-arrendamiento-de-aeronaves/
[FULL_24_DGAC] t= 527.0s | pag=254 | files=1710 | data=  5 | cola= 254 | prio=50 | https://www.dgac.gob.bo/la-dgac-afirma-que-se-cumplieron-con-los-protocolos-en-la-operacion-de-un-vuelo-no-regular-denunciado-por-bancada-opositora/
[FULL_24_DGAC] t= 528.9s | pag=255 | files=1710 | data=  5 | cola= 253 | prio=50 | https://www.dgac.gob.bo/la-dgac-realizo-el-quinto-webinar-en-el-marco-de-la-promocion-del-ssp-en-bolivia/
[FULL_24_DGAC] t= 531.2s | pag=256 | files=1710 | data=  5 | cola= 252 | prio=50 | https://www.dgac.gob.bo/la-dgac-realizo-el-webinar-gestion-del-peligro-por-fauna-en-aerodromos-de-bolivia/
[FULL_24_DGAC] t= 533.1s | pag=257 | files=1710 | data=  5 | cola= 251 | prio=50 | https://www.dgac.gob.bo/la-dgac-realizo-el-webinar-impacto-de-la-tecnologia-5g-en-radioaltimetros-aeronauticos/
[FULL_24_DGAC] t= 535.3s | pag=258 | files=1710 | data=  5 | cola= 250 | prio=50 | https://www.dgac.gob.bo/inicia-el-curso-taller-sobre-gestion-de-crisis-de-avsec-con-instructores-de-la-oaci/
[FULL_24_DGAC] t= 537.6s | pag=259 | files=1710 | data=  5 | cola= 249 | prio=50 | https://www.dgac.gob.bo/inicia-la-campana-de-forestacion-aeropuertos-verdes-soy-un-arbol/
[FULL_24_DGAC] t= 539.6s | pag=260 | files=1710 | data=  5 | cola= 248 | prio=50 | https://www.dgac.gob.bo/la-dgac-realiza-el-segundo-webinar-impacto-del-cambio-climatico-en-el-desarrollo-sostenible-de-la-aviacion/
[FULL_24_DGAC] t= 542.0s | pag=261 | files=1710 | data=  5 | cola= 247 | prio=50 | https://www.dgac.gob.bo/la-dgac-y-la-utb-firman-un-convenio-interinstitucional-para-que-egresados-realicen-pasantias/
[FULL_24_DGAC] t= 543.7s | pag=262 | files=1710 | data=  5 | cola= 246 | prio=50 | https://www.dgac.gob.bo/la-dgac-realizo-la-audiencia-de-rendicion-publica-de-cuentas-inicial-gestion-2023/
[FULL_24_DGAC] t= 545.5s | pag=263 | files=1710 | data=  5 | cola= 245 | prio=50 | https://www.dgac.gob.bo/la-dgac-realizo-la-audiencia-de-rendicion-publica-de-cuentas-final-gestion-2022/
[FULL_24_DGAC] t= 547.8s | pag=264 | files=1710 | data=  5 | cola= 244 | prio=50 | https://www.dgac.gob.bo/registro-de-aerodromos-privados-en-santa-cruz/
[FULL_24_DGAC] t= 549.8s | pag=265 | files=1710 | data=  5 | cola= 243 | prio=50 | https://www.dgac.gob.bo/inicia-la-asistencia-multinacional-realizada-por-inspectores-de-la-oaci-a-los-servicios-de-navegacion-aerea/
[FULL_24_DGAC] t= 552.0s | pag=266 | files=1710 | data=  5 | cola= 242 | prio=50 | https://www.dgac.gob.bo/la-dgac-encaro-la-auditoria-al-sistema-de-gestion-de-la-calidad-bajo-la-norma-iso-90012015/
[FULL_24_DGAC] t= 554.5s | pag=267 | files=1710 | data=  5 | cola= 241 | prio=50 | https://www.dgac.gob.bo/especialistas-de-la-oaci-realizan-asistencia-tecnica-para-detectar-oportunidades-de-mejora/
[FULL_24_DGAC] t= 556.6s | pag=268 | files=1710 | data=  5 | cola= 240 | prio=50 | https://www.dgac.gob.bo/el-estado-plurinacional-de-bolivia-es-miembro-del-consejo-de-la-organizacion-de-aviacion-civil-internacional/
[FULL_24_DGAC] t= 558.6s | pag=269 | files=1710 | data=  5 | cola= 239 | prio=50 | https://www.dgac.gob.bo/bolivia-presente-en-la-41-asamblea-de-la-oaci/
[FULL_24_DGAC] t= 560.9s | pag=270 | files=1710 | data=  5 | cola= 238 | prio=50 | https://www.dgac.gob.bo/la-dgac-informa-el-crecimiento-de-41-en-el-transporte-aereo-comercial-en-bolivia-en-el-periodo-enero-a-julio/
[FULL_24_DGAC] t= 562.9s | pag=271 | files=1710 | data=  5 | cola= 237 | prio=50 | https://www.dgac.gob.bo/simulacro-en-el-aeropuerto-de-el-alto-por-la-alerta-epidemiologica-de-la-viruela-simica/
[FULL_24_DGAC] t= 565.2s | pag=272 | files=1710 | data=  5 | cola= 236 | prio=50 | https://www.dgac.gob.bo/la-dgac-entrega-el-certificado-de-explotador-de-servicios-aereos-a-esabol/
[FULL_24_DGAC] t= 567.5s | pag=273 | files=1710 | data=  5 | cola= 235 | prio=50 | https://www.dgac.gob.bo/presentacion-de-propuesta-para-la-implementacion-del-sistema-de-informacion-anticipada-de-pasajeros/
[FULL_24_DGAC] t= 569.8s | pag=274 | files=1710 | data=  5 | cola= 234 | prio=50 | https://www.dgac.gob.bo/se-realiza-la-reunion-de-coordinacion-con-la-federacion-de-ganaderos-del-beni/
[FULL_24_DGAC] t= 571.9s | pag=275 | files=1710 | data=  5 | cola= 233 | prio=50 | https://www.dgac.gob.bo/primera-reunion-de-coordinacion-auditoria-usap-cma/
[FULL_24_DGAC] t= 573.8s | pag=276 | files=1710 | data=  5 | cola= 232 | prio=50 | https://www.dgac.gob.bo/la-dgac-realizo-la-inspeccion-en-vuelo-de-la-radioayuda-dvor-dme-del-aeropuerto-de-potosi/
[FULL_24_DGAC] t= 575.8s | pag=277 | files=1710 | data=  5 | cola= 231 | prio=50 | https://www.dgac.gob.bo/el-personal-de-la-dgac-esta-unido-y-fortalecido/
[FULL_24_DGAC] t= 577.7s | pag=278 | files=1710 | data=  5 | cola= 230 | prio=50 | https://www.dgac.gob.bo/la-dgac-propone-la-creacion-del-comite-de-medio-ambiente-en-el-marco-del-seminario-internacional-combustibles-alternativos-para-la-aviacion/
[FULL_24_DGAC] t= 580.0s | pag=279 | files=1710 | data=  5 | cola= 229 | prio=50 | https://www.dgac.gob.bo/se-realizo-con-exito-el-seminario-airbus-330-dictado-por-el-cmdte-ramiro-estrugo-cuentas/
[FULL_24_DGAC] t= 582.0s | pag=280 | files=1710 | data=  5 | cola= 228 | prio=50 | https://www.dgac.gob.bo/bolivia-flexibiliza-medidas-de-bioseguridad-para-el-ingreso-de-viajeros-provenientes-del-exterior/
[FULL_24_DGAC] t= 584.0s | pag=281 | files=1710 | data=  5 | cola= 227 | prio=50 | https://www.dgac.gob.bo/la-dgac-realizo-la-rendicion-publica-de-cuentas-inicial-2022-en-tarija/
[FULL_24_DGAC] t= 586.0s | pag=282 | files=1710 | data=  5 | cola= 226 | prio=50 | https://www.dgac.gob.bo/inspeccion-en-vuelo-en-viru-viru/
[FULL_24_DGAC] t= 588.3s | pag=283 | files=1710 | data=  5 | cola= 225 | prio=50 | https://www.dgac.gob.bo/argentina-y-bolivia-firman-un-memorandum-de-entendimiento-para-mejorar-la-conectividad-aerea-entre-ambos-paises/
[FULL_24_DGAC] t= 590.1s | pag=284 | files=1710 | data=  5 | cola= 224 | prio=50 | https://www.dgac.gob.bo/bolivia-presente-en-la-xxiv-asamblea-ordinaria-de-la-clac/
[FULL_24_DGAC] t= 592.5s | pag=285 | files=1710 | data=  5 | cola= 223 | prio=50 | https://www.dgac.gob.bo/la-mujer-en-la-aviacion-civil-webinar-de-la-dgac-organizado-por-el-dia-internacional-de-la-mujer/
[FULL_24_DGAC] t= 594.3s | pag=286 | files=1710 | data=  5 | cola= 222 | prio=50 | https://www.dgac.gob.bo/la-primera-reunion-del-concifal-2022-se-realizo-con-exito/
[FULL_24_DGAC] t= 596.4s | pag=287 | files=1710 | data=  5 | cola= 221 | prio=50 | https://www.dgac.gob.bo/audiencia-rendicion-publica-de-cuentas-final-gestion-2021/
[FULL_24_DGAC] t= 598.4s | pag=288 | files=1710 | data=  5 | cola= 220 | prio=50 | https://www.dgac.gob.bo/la-dgac-regalo-sonrisas-y-juguetes-a-23-ninos-y-ninas-del-hogar-jose-soria/
[FULL_24_DGAC] t= 600.6s | pag=289 | files=1710 | data=  5 | cola= 219 | prio=50 | https://www.dgac.gob.bo/bolivia-esta-preparada-para-encarar-la-icvm-de-la-oaci/
[FULL_24_DGAC] t= 602.6s | pag=290 | files=1710 | data=  5 | cola= 218 | prio=50 | https://www.dgac.gob.bo/5985-2/
[FULL_24_DGAC] t= 605.0s | pag=291 | files=1710 | data=  5 | cola= 217 | prio=50 | https://www.dgac.gob.bo/inicia-auditoria-de-ibnorca-para-la-certificacion-al-sistema-de-gestion-de-calidad-de-la-dgac/
[FULL_24_DGAC] t= 606.6s | pag=292 | files=1710 | data=  5 | cola= 216 | prio=50 | https://www.dgac.gob.bo/lideres-de-equipos-de-la-dgac-presentan-avances-para-encarar-la-icvm-2021/
[FULL_24_DGAC] t= 608.9s | pag=293 | files=1710 | data=  5 | cola= 215 | prio=50 | https://www.dgac.gob.bo/la-dgac-se-reune-con-los-centros-de-instruccion-a-nivel-nacional/
[FULL_24_DGAC] t= 611.0s | pag=294 | files=1710 | data=  5 | cola= 214 | prio=50 | https://www.dgac.gob.bo/la-dgac-informa-una-reactivacion-significativa-en-vuelos-nacionales-e-internacionales-en-la-gestion-2021/
[FULL_24_DGAC] t= 612.7s | pag=295 | files=1710 | data=  5 | cola= 213 | prio=50 | https://www.dgac.gob.bo/bolivia-mantiene-su-categoria-internacional-1-en-aviacion-civil/
[FULL_24_DGAC] t= 614.5s | pag=296 | files=1710 | data=  5 | cola= 212 | prio=50 | https://www.dgac.gob.bo/en-pro-de-la-seguridad-operacional-la-dgac-realiza-verificaciones-en-vuelo-a-las-radioayudas-del-aeropuerto-de-viru-viru/
[FULL_24_DGAC] t= 616.8s | pag=297 | files=1710 | data=  5 | cola= 211 | prio=50 | https://www.dgac.gob.bo/culmina-el-paquete-de-capacitaciones-de-la-oaci-sobre-seguridad-operacional-en-tiempos-de-covid-19/
[FULL_24_DGAC] t= 619.2s | pag=298 | files=1710 | data=  5 | cola= 210 | prio=50 | https://www.dgac.gob.bo/la-dgac-reafirma-su-compromiso-en-el-cuidado-del-medio-ambiente-con-su-plan-corsia/
[FULL_24_DGAC] t= 621.4s | pag=299 | files=1710 | data=  5 | cola= 209 | prio=50 | https://www.dgac.gob.bo/precautelando-la-seguridad-operacional-la-dgac-resuelve-suspender-operaciones-en-el-aeropuerto-de-san-ignacio-de-velasco-por-avasallamiento-de-tierras/
[FULL_24_DGAC] t= 623.4s | pag=300 | files=1710 | data=  5 | cola= 208 | prio=50 | https://www.dgac.gob.bo/se-levanta-la-restriccion-de-operaciones-aereas-afectadas-por-el-edificio-de-la-zona-12-de-octubre-de-el-alto/
[FULL_24_DGAC] t= 625.5s | pag=301 | files=1710 | data=  5 | cola= 207 | prio=50 | https://www.dgac.gob.bo/justicia-declara-probada-la-demanda-de-la-dgac-y-determina-la-demolicion-parcial-del-edificio-que-se-constituye-como-obstaculo-para-las-operaciones-aereas-en-el-alto/
[FULL_24_DGAC] t= 627.5s | pag=302 | files=1710 | data=  5 | cola= 206 | prio=50 | https://www.dgac.gob.bo/dictan-detencion-domiciliaria-a-la-propietaria-del-edificio-que-se-constituye-como-obstaculo-para-las-operaciones-aereas-en-el-alto/
[FULL_24_DGAC] t= 629.3s | pag=303 | files=1710 | data=  5 | cola= 205 | prio=50 | https://www.dgac.gob.bo/se-realiza-la-primera-reunion-ordinaria-del-consejo-nacional-de-seguridad-de-la-aviacion-civil-conaseg/
[FULL_24_DGAC] t= 631.6s | pag=304 | files=1710 | data=  5 | cola= 204 | prio=50 | https://www.dgac.gob.bo/la-dgac-encarara-en-noviembre-de-este-ano-la-auditoria-icvm/
[FULL_24_DGAC] t= 633.2s | pag=305 | files=1710 | data=  5 | cola= 203 | prio=50 | https://www.dgac.gob.bo/aeropuerto-de-cobija-ya-cuenta-con-nuevos-equipos-de-navegacion-aerea-para-operaciones-de-aeronaves-comerciales/
[FULL_24_DGAC] t= 635.4s | pag=306 | files=1710 | data=  5 | cola= 202 | prio=50 | https://www.dgac.gob.bo/tras-una-inspeccion-la-dgac-establece-que-la-pista-del-aeropuerto-de-tarija-se-encuentra-operable/
[FULL_24_DGAC] t= 637.3s | pag=307 | files=1710 | data=  5 | cola= 201 | prio=50 | https://www.dgac.gob.bo/la-propietaria-inicia-con-la-demolicion-del-edificio-que-se-constituye-en-obstaculo-para-las-operaciones-aereas-en-el-alto/
[FULL_24_DGAC] t= 639.3s | pag=308 | files=1710 | data=  5 | cola= 200 | prio=50 | https://www.dgac.gob.bo/la-dgac-realizo-la-rendicion-publica-de-cuentas-final-gestion-2020/
[FULL_24_DGAC] t= 641.4s | pag=309 | files=1710 | data=  5 | cola= 199 | prio=50 | https://www.dgac.gob.bo/imputan-a-la-propietaria-del-edificio-que-se-constituye-como-un-obstaculo-para-las-operaciones-aereas-en-el-aeropuerto-de-el-alto/
[FULL_24_DGAC] t= 643.4s | pag=310 | files=1710 | data=  5 | cola= 198 | prio=50 | https://www.dgac.gob.bo/el-aeropuerto-cap-nicolas-rojas-de-potosi-esta-libre-de-obstaculos-y-habilitado-para-operaciones-comerciales/
[FULL_24_DGAC] t= 645.7s | pag=311 | files=1710 | data=  5 | cola= 197 | prio=50 | https://www.dgac.gob.bo/la-dgac-bolivia-saluda-al-nuevo-secretario-general-de-la-oaci-el-dr-juan-carlos-salazar-gomez/
[FULL_24_DGAC] t= 648.0s | pag=312 | files=1710 | data=  5 | cola= 196 | prio=50 | https://www.dgac.gob.bo/bolivia-sera-el-primer-estado-de-la-region-en-beneficiarse-de-un-paquete-de-capacitaciones-de-la-oaci-sobre-seguridad-operacional-en-tiempos-de-covid-19/
[FULL_24_DGAC] t= 650.1s | pag=313 | files=1710 | data=  5 | cola= 195 | prio=50 | https://www.dgac.gob.bo/la-dgac-en-un-trabajo-interinstitucional-establece-equipos-de-trabajo-ante-el-desafio-del-transporte-de-vacunas-por-el-covid-19/
[FULL_24_DGAC] t= 652.0s | pag=314 | files=1710 | data=  5 | cola= 194 | prio=50 | https://www.dgac.gob.bo/dgac-organiza-con-exito-un-foro-virtual-para-fortalecer-estrategia-de-trabajo-para-la-gestion-2021-frente-al-covid-19/
[FULL_24_DGAC] t= 654.0s | pag=315 | files=1710 | data=  5 | cola= 193 | prio=50 | https://www.dgac.gob.bo/el-gral-fza-ae-celier-aparicio-arispe-rosas-asume-el-cargo-como-director-ejecutivo-de-la-dgac/
[FULL_24_DGAC] t= 656.2s | pag=316 | files=1710 | data=  5 | cola= 192 | prio=50 | https://www.dgac.gob.bo/dgac-coadyuvara-con-alcaldia-de-el-alto-en-verificar-aspectos-tecnicos-y-legales-para-demoler-edificio-fuera-de-norma/
[FULL_24_DGAC] t= 658.2s | pag=317 | files=1710 | data=  5 | cola= 191 | prio=50 | https://www.dgac.gob.bo/aprueban-fondo-rotativo-para-el-pago-de-salarios-de-dgac-y-aasana/
[FULL_24_DGAC] t= 660.0s | pag=318 | files=1710 | data=  5 | cola= 190 | prio=50 | https://www.dgac.gob.bo/dgac-forma-parte-del-plantel-docente-en-la-escuela-de-inspectoria-migratoria-de-la-digemig/
[FULL_24_DGAC] t= 661.8s | pag=319 | files=1710 | data=  5 | cola= 189 | prio=50 | https://www.dgac.gob.bo/expertos-en-aeronavegabilidad-participaron-en-el-ultimo-webinar/
[FULL_24_DGAC] t= 663.8s | pag=320 | files=1710 | data=  5 | cola= 188 | prio=50 | https://www.dgac.gob.bo/se-realizo-el-septimo-webinar-relacionado-al-impacto-economico-del-covid-19-en-la-industria-de-la-aviacion-boliviana/
[FULL_24_DGAC] t= 665.7s | pag=321 | files=1710 | data=  5 | cola= 187 | prio=50 | https://www.dgac.gob.bo/comunicado-recepcion-de-correspondencia-en-oficina-central-la-paz/
[FULL_24_DGAC] t= 667.6s | pag=322 | files=1710 | data=  5 | cola= 186 | prio=50 | https://www.dgac.gob.bo/medicos-aeronauticos-de-peru-y-bolivia-participaron-en-el-sexto-webinar/
[FULL_24_DGAC] t= 670.0s | pag=323 | files=1710 | data=  5 | cola= 185 | prio=50 | https://www.dgac.gob.bo/se-realizo-el-quinto-webinar-denominado-gestion-de-riesgos-en-tripulaciones-relacionada-con-la-fatiga/
[FULL_24_DGAC] t= 672.2s | pag=324 | files=1710 | data=  5 | cola= 184 | prio=50 | https://www.dgac.gob.bo/el-webinar-seguridad-de-la-aviacion-civil-en-tiempos-del-covid-19-se-realizo-con-la-participacion-de-290-personas/
[FULL_24_DGAC] t= 673.9s | pag=325 | files=1710 | data=  5 | cola= 183 | prio=50 | https://www.dgac.gob.bo/expositores-de-la-oaci-colombia-peru-y-bolivia-participaron-en-el-tercer-webinar/
[FULL_24_DGAC] t= 676.3s | pag=326 | files=1710 | data=  5 | cola= 182 | prio=50 | https://www.dgac.gob.bo/se-realizo-el-segundo-webinar-denominado-el-ssp-y-creacion-de-capacidades-para-la-seguridad-operacional/
[FULL_24_DGAC] t= 678.2s | pag=327 | files=1710 | data=  5 | cola= 181 | prio=50 | https://www.dgac.gob.bo/la-dgac-dio-inicio-a-la-temporada-de-webinars/
[FULL_24_DGAC] t= 680.5s | pag=328 | files=1710 | data=  5 | cola= 180 | prio=50 | https://www.dgac.gob.bo/la-dgac-organiza-una-temporada-de-webinars-para-difundir-el-impacto-del-covid-19-en-la-aviacion-civil-y-las-medidas-tomadas-por-el-estado-boliviano-para-la-recuperacion-del-transporte-aereo/
[FULL_24_DGAC] t= 682.8s | pag=329 | files=1710 | data=  5 | cola= 179 | prio=50 | https://www.dgac.gob.bo/la-dgac-aporta-con-material-informativo-en-aeropuertos-para-la-socializacion-al-pasajero-sobre-el-retorno-a-las-operaciones-aereas-comerciales/
[FULL_24_DGAC] t= 684.5s | pag=330 | files=1710 | data=  5 | cola= 178 | prio=50 | https://www.dgac.gob.bo/se-realiza-la-primera-reunion-extraordinaria-de-la-concifal-2020/
[FULL_24_DGAC] t= 686.8s | pag=331 | files=1710 | data=  5 | cola= 177 | prio=50 | https://www.dgac.gob.bo/la-dgac-realizo-la-audiencia-de-rendicion-de-cuentas-inicial-gestion-2020/
[FULL_24_DGAC] t= 689.2s | pag=332 | files=1710 | data=  5 | cola= 176 | prio=50 | https://www.dgac.gob.bo/comunicado-anulacion-de-autorizacion-de-vuelo/
[FULL_24_DGAC] t= 691.5s | pag=333 | files=1710 | data=  5 | cola= 175 | prio=50 | https://www.dgac.gob.bo/comunicado-aclaracion-de-nota-de-prensa/
[FULL_24_DGAC] t= 693.7s | pag=334 | files=1710 | data=  5 | cola= 174 | prio=50 | https://www.dgac.gob.bo/comunicado-reanudacion-de-plazos-procesales/
[FULL_24_DGAC] t= 696.0s | pag=335 | files=1710 | data=  5 | cola= 173 | prio=50 | https://www.dgac.gob.bo/comunicado-inspeccion-a-los-aeropuertos-para-verificar-medidas-de-bioseguridad-para-el-reinicio-de-operaciones-aereas-comerciales/
[FULL_24_DGAC] t= 698.2s | pag=336 | files=1710 | data=  5 | cola= 172 | prio=50 | https://www.dgac.gob.bo/comunicadoreinicio-de-operaciones-aereas-comerciales/
[FULL_24_DGAC] t= 700.2s | pag=337 | files=1710 | data=  5 | cola= 171 | prio=50 | https://www.dgac.gob.bo/comunicado-suspension-de-vuelos-solidarios/
[FULL_24_DGAC] t= 702.2s | pag=338 | files=1710 | data=  5 | cola= 170 | prio=50 | https://www.dgac.gob.bo/comunicado-suspension-temporal-de-las-operaciones-aereas-de-las-aeronaves-beechcraft-b300/
[FULL_24_DGAC] t= 704.3s | pag=339 | files=1710 | data=  5 | cola= 169 | prio=50 | https://www.dgac.gob.bo/autorizacion-de-vuelos-nacionales-solidarios/
[FULL_24_DGAC] t= 706.1s | pag=340 | files=1710 | data=  5 | cola= 168 | prio=50 | https://www.dgac.gob.bo/prorroga-a-los-periodos-establecidos-de-validez-de-licencias-certificados-medicos-y-habilitaciones/
[FULL_24_DGAC] t= 707.9s | pag=341 | files=1710 | data=  5 | cola= 167 | prio=50 | https://www.dgac.gob.bo/comunicadoautorizacion-de-vuelo-humanitario-para-evacuacion-de-ciudadana-americana-varada-en-el-municipio-de-ixiamas/
[FULL_24_DGAC] t= 709.9s | pag=342 | files=1710 | data=  5 | cola= 166 | prio=50 | https://www.dgac.gob.bo/comunicado-autorizacion-de-vuelo-de-transporte-de-carga-y-vuelo-de-evacuacion/
[FULL_24_DGAC] t= 712.2s | pag=343 | files=1710 | data=  5 | cola= 165 | prio=50 | https://www.dgac.gob.bo/comunicado-autorizacion-de-vuelo-de-evacuacion-e-ingreso-de-ciudadanos-bolivianos/
[FULL_24_DGAC] t= 714.3s | pag=344 | files=1710 | data=  5 | cola= 164 | prio=50 | https://www.dgac.gob.bo/ministro-arias-posesiona-a-german-rosas-cossio-como-nuevo-director-ejecutivo-de-la-dgac/
[FULL_24_DGAC] t= 716.4s | pag=345 | files=1710 | data=  5 | cola= 163 | prio=50 | https://www.dgac.gob.bo/comunicado-autorizacion-de-vuelos-de-evacuacion-y-ayuda-humanitaria/
[FULL_24_DGAC] t= 718.3s | pag=346 | files=1710 | data=  5 | cola= 162 | prio=50 | https://www.dgac.gob.bo/comunicado-autorizacion-vuelo-de-evacuacion-latam-airlines-ecuador-s-a/
[FULL_24_DGAC] t= 720.6s | pag=347 | files=1710 | data=  5 | cola= 161 | prio=50 | https://www.dgac.gob.bo/comunicado-autorizacion-de-vuelo-de-evacuacion-orbest-airlines/
[FULL_24_DGAC] t= 723.0s | pag=348 | files=1710 | data=  5 | cola= 160 | prio=50 | https://www.dgac.gob.bo/comunicado-autorizacion-de-vuelo-de-evacuacion-evelop-airlines-s-l/
[FULL_24_DGAC] t= 725.1s | pag=349 | files=1710 | data=  5 | cola= 159 | prio=50 | https://www.dgac.gob.bo/comunicado-autorizacion-de-vuelo-de-la-aeronave-cirrus-sr-22-matricula-cp-2837/
[FULL_24_DGAC] t= 727.4s | pag=350 | files=1710 | data=  5 | cola= 158 | prio=50 | https://www.dgac.gob.bo/comunicadoprorroga-a-los-periodos-establecidos-de-validez-de-licencias-certificados-medicos-y-habilitaciones/
[FULL_24_DGAC] t= 729.7s | pag=351 | files=1710 | data=  5 | cola= 157 | prio=50 | https://www.dgac.gob.bo/comunicado-autorizacion-de-vuelo-de-evacuacion-wamos-air-s-a/
[FULL_24_DGAC] t= 731.7s | pag=352 | files=1710 | data=  5 | cola= 156 | prio=50 | https://www.dgac.gob.bo/comunicado-autorizacion-de-vuelos-de-evacuacion/
[FULL_24_DGAC] t= 734.0s | pag=353 | files=1710 | data=  5 | cola= 155 | prio=50 | https://www.dgac.gob.bo/comunicado-suspencion-de-plazos-procesales/
[FULL_24_DGAC] t= 736.2s | pag=354 | files=1710 | data=  5 | cola= 154 | prio=50 | https://www.dgac.gob.bo/audiencia-final-de-rendicion-publica-de-cuentas-2019/
[FULL_24_DGAC] t= 738.0s | pag=355 | files=1710 | data=  5 | cola= 153 | prio=50 | https://www.dgac.gob.bo/ministro-de-obras-publicas-inaugura-el-primer-foro-aeronautico-nacional-construyendo-caminos-aereos/
[FULL_24_DGAC] t= 740.3s | pag=356 | files=1710 | data=  5 | cola= 152 | prio=50 | https://www.dgac.gob.bo/foro-aeronautico-definira-la-ruta-de-la-aviacion-civil-en-seis-mesas-de-trabajo/
[FULL_24_DGAC] t= 742.2s | pag=357 | files=1710 | data=  5 | cola= 151 | prio=50 | https://www.dgac.gob.bo/inicia-el-programa-universal-de-auditoria-usoap-de-la-oaci-al-estado-plurinacional-de-bolivia/
[FULL_24_DGAC] t= 744.3s | pag=358 | files=1710 | data=  5 | cola= 150 | prio=50 | https://www.dgac.gob.bo/bolivia-rinde-homenaje-a-la-oaci-por-sus-75-anos-conectando-al-mundo/
[FULL_24_DGAC] t= 746.1s | pag=359 | files=1710 | data=  5 | cola= 149 | prio=50 | https://www.dgac.gob.bo/se-transporto-mas-de-2-8-millones-de-pasajeros-en-el-transporte-aereo-comercial-en-el-primer-semestre-de-2019-hubo-incremento-del-568-respecto-al-mismo-periodo-de-la-anterior-gestion/
[FULL_24_DGAC] t= 748.0s | pag=360 | files=1710 | data=  5 | cola= 148 | prio=50 | https://www.dgac.gob.bo/la-competitividad-y-el-crecimiento-de-pasajeros-y-carga-en-la-ruta-bolivia-eeuu-continua-en-crecimiento/
[FULL_24_DGAC] t= 750.2s | pag=361 | files=1710 | data=  5 | cola= 147 | prio=50 | https://www.dgac.gob.bo/la-dgac-fiscaliza-el-plan-de-contingencia-sobre-cenizas-volcanicas-a-aasana-desde-el-19-de-julio/
[FULL_24_DGAC] t= 752.2s | pag=362 | files=1710 | data=  5 | cola= 146 | prio=50 | https://www.dgac.gob.bo/inspectores-de-aeronavegabilidad-de-la-dgac-recibiran-capacitacion-bajo-estandares-internacionales-de-la-oaci/
[FULL_24_DGAC] t= 754.4s | pag=363 | files=1710 | data=  5 | cola= 145 | prio=50 | https://www.dgac.gob.bo/3292-2/
[FULL_24_DGAC] t= 756.5s | pag=364 | files=1710 | data=  5 | cola= 144 | prio=50 | https://www.dgac.gob.bo/la-dgac-y-aerocivil-colombia-firman-convenio-de-apoyo-tecnico/
[FULL_24_DGAC] t= 758.5s | pag=365 | files=1710 | data=  5 | cola= 143 | prio=50 | https://www.dgac.gob.bo/director-de-la-dgac-se-reune-en-la-oficina-sam-de-lima-con-miras-a-la-auditoria-de-la-oaci/
[FULL_24_DGAC] t= 760.6s | pag=366 | files=1710 | data=  5 | cola= 142 | prio=50 | https://www.dgac.gob.bo/la-direccion-general-de-aeronautica-civil-comunica-a-la-poblacion/
[FULL_24_DGAC] t= 762.8s | pag=367 | files=1710 | data=  5 | cola= 141 | prio=50 | https://www.dgac.gob.bo/la-dgac-desmiente-categoricamente-que-exista-algun-proceso-penal-por-corrupcion-en-la-institucion/
[FULL_24_DGAC] t= 765.2s | pag=368 | files=1710 | data=  5 | cola= 140 | prio=50 | https://www.dgac.gob.bo/inac-el-brazo-academico-de-la-dgac-cumple-43-anos/
[FULL_24_DGAC] t= 767.4s | pag=369 | files=1710 | data=  5 | cola= 139 | prio=50 | https://www.dgac.gob.bo/ayuda-humanitaria-la-dgac-presta-colaboracion-inmediata-en-dos-emergencias-medicas-con-vuelos-en-la-aeronave-institucional/
[FULL_24_DGAC] t= 769.5s | pag=370 | files=1710 | data=  5 | cola= 138 | prio=50 | https://www.dgac.gob.bo/jefe-del-cenipa-llega-a-bolivia-para-apoyo-a-la-dgac-en-la-preparacion-de-la-auditoria-de-la-oaci/
[FULL_24_DGAC] t= 771.3s | pag=371 | files=1710 | data=  5 | cola= 137 | prio=50 | https://www.dgac.gob.bo/dgac-informa-que-el-estado-boliviano-esta-en-proceso-de-la-implementacion-de-un-sistema-integrado-de-radarizacion/
[FULL_24_DGAC] t= 773.4s | pag=372 | files=1710 | data=  5 | cola= 136 | prio=50 | https://www.dgac.gob.bo/comunicado-incidente-de-proximidad-de-aeronaves/
[FULL_24_DGAC] t= 775.6s | pag=373 | files=1710 | data=  5 | cola= 135 | prio=50 | https://www.dgac.gob.bo/comunicado-aeronave-ec-lvl/
[FULL_24_DGAC] t= 777.8s | pag=374 | files=1710 | data=  5 | cola= 134 | prio=50 | https://www.dgac.gob.bo/la-dgac-informa-sobre-el-vuelo-331-operado-por-peruvian-airline-con-la-aeronave-boeing-737-50-matricula-ob-2041p-procedente-de-lima-y-cuzco/
[FULL_24_DGAC] t= 779.9s | pag=375 | files=1711 | data=  5 | cola= 133 | prio=50 | https://www.dgac.gob.bo/comunicado-a-la-opinion-publica-aeronave-cp-1216/
[FULL_24_DGAC] t= 781.6s | pag=376 | files=1712 | data=  5 | cola= 132 | prio=50 | https://www.dgac.gob.bo/la-dgac-participa-en-la-expo-teleinfo-normando-el-uso-de-drones-en-territorio-boliviano-2-2-2/
[FULL_24_DGAC] t= 783.8s | pag=377 | files=1713 | data=  5 | cola= 131 | prio=50 | https://www.dgac.gob.bo/la-dgac-participa-en-la-expo-teleinfo-normando-el-uso-de-drones-en-territorio-boliviano-2-2/
[FULL_24_DGAC] t= 785.6s | pag=378 | files=1714 | data=  5 | cola= 130 | prio=50 | https://www.dgac.gob.bo/la-dgac-participa-en-la-expo-teleinfo-normando-el-uso-de-drones-en-territorio-boliviano-2/
[FULL_24_DGAC] t= 787.5s | pag=379 | files=1715 | data=  5 | cola= 129 | prio=50 | https://www.dgac.gob.bo/la-dgac-participa-en-la-expo-teleinfo-normando-el-uso-de-drones-en-territorio-boliviano/
[FULL_24_DGAC] t= 789.6s | pag=380 | files=1716 | data=  5 | cola= 128 | prio=50 | https://www.dgac.gob.bo/dgac-inicia-la-preparacion-para-la-auditoria-usoap-cma-a-la-aviacion-civil-de-bolivia/
[FULL_24_DGAC] t= 791.6s | pag=381 | files=1717 | data=  5 | cola= 127 | prio=50 | https://www.dgac.gob.bo/dgac-culmina-con-exito-el-taller-internacional-con-expertos-de-la-oaci-para-la-elaboracion-del-plan-nacional-de-navegacion-aerea/
[FULL_24_DGAC] t= 793.8s | pag=382 | files=1718 | data=  5 | cola= 126 | prio=50 | https://www.dgac.gob.bo/la-direccion-general-de-aeronautica-civil-recibe-la-visita-de-oficiales-de-la-oaci/
[FULL_24_DGAC] t= 796.2s | pag=383 | files=1719 | data=  5 | cola= 125 | prio=50 | https://www.dgac.gob.bo/la-direccion-general-de-aeronautica-civil-dgac-aclara-sobre-aeronave-cessna-cp-2571/
[FULL_24_DGAC] t= 798.2s | pag=384 | files=1720 | data=  5 | cola= 124 | prio=50 | https://www.dgac.gob.bo/dgac-informa-sobre-la-aeronave-cessna-207a-matricula-cp-2571/
[FULL_24_DGAC] t= 800.1s | pag=385 | files=1721 | data=  5 | cola= 123 | prio=50 | https://www.dgac.gob.bo/dgac-informa-sobre-aeronave-cp-1855/
[FULL_24_DGAC] t= 802.2s | pag=386 | files=1722 | data=  5 | cola= 122 | prio=50 | https://www.dgac.gob.bo/dgac-informa-sobre-autorizacion-de-ingreso-de-aeronave-n-557-jk/
[FULL_24_DGAC] t= 804.0s | pag=387 | files=1723 | data=  5 | cola= 121 | prio=50 | https://www.dgac.gob.bo/la-dgac-distinguio-a-piloto-por-maniobra-pericial/
[FULL_24_DGAC] t= 806.0s | pag=388 | files=1724 | data=  5 | cola= 120 | prio=50 | https://www.dgac.gob.bo/dgac-congrega-a-toda-la-comunidad-aeronautica-civil-de-bolivia-en-primer-encuentro-nacional-de-aviacion/
[FULL_24_DGAC] t= 808.1s | pag=389 | files=1725 | data=  5 | cola= 119 | prio=50 | https://www.dgac.gob.bo/la-maxima-autoridad-aeronautica-culmino-con-exito-el-sexto-seminario-anual-de-seguridad-en-aeronavegabilidad/
[FULL_24_DGAC] t= 810.2s | pag=390 | files=1726 | data=  5 | cola= 118 | prio=50 | https://www.dgac.gob.bo/la-dgac-adquirio-dos-camaras-ptz-destinadas-a-la-vigilancia-de-las-operaciones-aereas-en-el-aeropuerto-alcantari/
[FULL_24_DGAC] t= 812.3s | pag=391 | files=1727 | data=  5 | cola= 117 | prio=50 | https://www.dgac.gob.bo/direccion-ejecutiva-de-la-dgac-denuncia-a-funcionario-de-la-regional-santa-cruz-por-presunto-hecho-de-corrupcion/
[FULL_24_DGAC] t= 814.4s | pag=392 | files=1728 | data=  5 | cola= 116 | prio=50 | https://www.dgac.gob.bo/dgac-implementara-sistema-informatico-aqd-unico-en-la-region-para-reducir-incidentes-de-la-aviacion/
[FULL_24_DGAC] t= 816.6s | pag=393 | files=1729 | data=  5 | cola= 115 | prio=50 | https://www.dgac.gob.bo/dgac-considera-inadmisible-la-toma-de-decisiones-del-operador-y-la-tripulacion-de-lamia/
[FULL_24_DGAC] t= 818.7s | pag=394 | files=1730 | data=  5 | cola= 114 | prio=50 | https://www.dgac.gob.bo/leer-mas/
[FULL_24_DGAC] t= 820.7s | pag=395 | files=1731 | data=  5 | cola= 113 | prio=50 | https://www.dgac.gob.bo/dgac-suspende-a-tripulacion-de-amaszonas-e-inicia-investigacion-por-percance-aereo-en-riberalta/
[FULL_24_DGAC] t= 822.6s | pag=396 | files=1732 | data=  5 | cola= 112 | prio=50 | https://www.dgac.gob.bo/dgac-incremento-en-185-su-programa-de-seguridad-operacional/
[FULL_24_DGAC] t= 824.5s | pag=397 | files=1733 | data=  5 | cola= 111 | prio=50 | https://www.dgac.gob.bo/manual-de-usuario-operadores/
[FULL_24_DGAC] t= 826.7s | pag=398 | files=1734 | data=  5 | cola= 110 | prio=50 | https://www.dgac.gob.bo/video-tutorial-registro-de-plan-de-vuelo/
[FULL_24_DGAC] t= 828.7s | pag=399 | files=1734 | data=  5 | cola= 109 | prio=50 | https://www.dgac.gob.bo/manual-de-usuario-personal-de-aro-ais/
[FULL_24_DGAC] t= 830.6s | pag=400 | files=1735 | data=  5 | cola= 108 | prio=50 | https://www.dgac.gob.bo/video-tutorial-personal-de-aro-ais-ver-video/
[FULL_24_DGAC] t= 832.5s | pag=401 | files=1735 | data=  5 | cola= 107 | prio=50 | https://www.dgac.gob.bo/aplicacion-movil-de-registro-de-vuelo/
[FULL_24_DGAC] t= 834.8s | pag=402 | files=1735 | data=  5 | cola= 106 | prio=50 | https://www.dgac.gob.bo/manual-registro-de-vuelo-ver-manual/
[FULL_24_DGAC] t= 837.3s | pag=403 | files=1736 | data=  5 | cola= 105 | prio=50 | https://www.dgac.gob.bo/dgac-revela-inconsistencias-tecnicas-de-parte-de-lab-a-causa-de-patrimonios-inexistentes/
[FULL_24_DGAC] t= 839.5s | pag=404 | files=1737 | data=  5 | cola= 104 | prio=50 | https://www.dgac.gob.bo/la-dgac-rinde-homenaje-a-la-valerosa-ciudad-de-el-alto-comprometiendo-su-trabajo-velando-por-la-seguridad-operacional/
[FULL_24_DGAC] t= 841.3s | pag=405 | files=1738 | data=  5 | cola= 103 | prio=50 | https://www.dgac.gob.bo/la-direccion-general-de-aeronautica-civil-coadyuvo-en-la-realizacion-del-rally-dakar-2018/
[FULL_24_DGAC] t= 843.6s | pag=406 | files=1739 | data=  5 | cola= 102 | prio=50 | https://www.dgac.gob.bo/el-ministro-de-obras-publicas-servicios-y-viviendas-posesiono-al-nuevo-director-ejecutivo-de-la-dgac/
[FULL_24_DGAC] t= 845.6s | pag=407 | files=1740 | data=  5 | cola= 101 | prio=50 | https://www.dgac.gob.bo/convocatoria-nuevos-cursos-gestion-2018/
[FULL_24_DGAC] t= 847.5s | pag=408 | files=1740 | data=  5 | cola= 100 | prio=50 | https://www.dgac.gob.bo/comunicado/
[FULL_24_DGAC] t= 848.5s | pag=409 | files=1740 | data=  5 | cola=  99 | prio=50 | https://www.dgac.gob.bo/nota-de-prensa/
[FULL_24_DGAC] t= 851.3s | pag=410 | files=1740 | data=  5 | cola=  98 | prio=50 | https://www.dgac.gob.bo/el-trafico-aereo-internacional-crecio-un-6-de-enero-septiembre-de-la-gestion-2017/
[FULL_24_DGAC] t= 853.3s | pag=411 | files=1740 | data=  5 | cola=  98 | prio=50 | https://www.dgac.gob.bo/el-trafico-aereo-nacional-crecio-en-un-10-de-enero-septiembre-de-la-gestion-2017/
[FULL_24_DGAC] t= 855.3s | pag=412 | files=1740 | data=  5 | cola=  97 | prio=50 | https://www.dgac.gob.bo/la-dgac-extrema-recursos-para-investigar-los-sucesos-de-seguridad-operacional-ocurridos-recientemente/
[FULL_24_DGAC] t= 857.3s | pag=413 | files=1740 | data=  5 | cola=  96 | prio=50 | https://www.dgac.gob.bo/visita-de-representantes-de-la-oaci-y-la-clac-al-estado-plurinacional-de-bolivia/
[FULL_24_DGAC] t= 859.3s | pag=414 | files=1740 | data=  5 | cola=  95 | prio=50 | https://www.dgac.gob.bo/la-direccion-general-de-aeronautica-civil-realiza-foro-aeronautico-en-la-ciudad-de-cochabamba/
[FULL_24_DGAC] t= 861.1s | pag=415 | files=1740 | data=  5 | cola=  94 | prio=50 | https://www.dgac.gob.bo/la-dgac-realizo-el-taller-sobre-el-programa-estatal-de-seguridad-operacional-ssp/
[FULL_24_DGAC] t= 863.4s | pag=416 | files=1740 | data=  5 | cola=  93 | prio=50 | https://www.dgac.gob.bo/periodistas-cochabambinos-se-interiorizaron-en-el-trabajo-de-la-dgac-y-el-inac/
[FULL_24_DGAC] t= 865.4s | pag=417 | files=1740 | data=  5 | cola=  92 | prio=50 | https://www.dgac.gob.bo/estudiantes-de-unidad-educativa-se-capacitaron-en-aeronautica-en-el-inac/
[FULL_24_DGAC] t= 867.4s | pag=418 | files=1740 | data=  5 | cola=  91 | prio=50 | https://www.dgac.gob.bo/el-estado-boliviano-participa-de-la-decima-reunion-multilateral-aim-de-la-region-sam/
[FULL_24_DGAC] t= 869.5s | pag=419 | files=1740 | data=  5 | cola=  90 | prio=50 | https://www.dgac.gob.bo/la-direccion-general-de-aeronautica-civil-recibio-dos-reconocimientos-de-la-organizacion-de-aviacion-civil-internacional-oaci-al-estado-plurinacional-de-bolivia/
[FULL_24_DGAC] t= 871.3s | pag=420 | files=1740 | data=  5 | cola=  89 | prio=50 | https://www.dgac.gob.bo/bolivia-fue-reconocida-con-el-certificado-del-presidente-del-consejo-por-el-progreso-alcanzado-en-2016-en-el-campo-de-la-vigilancia-de-la-seguridad-operacional/
[FULL_24_DGAC] t= 873.3s | pag=421 | files=1740 | data=  5 | cola=  88 | prio=50 | https://www.dgac.gob.bo/el-estado-plurinacional-de-bolivia-premiado-por-la-presidencia-del-consejo-de-la-organizacion-de-aviacion-civil-internacional/
[FULL_24_DGAC] t= 875.1s | pag=422 | files=1740 | data=  5 | cola=  87 | prio=50 | https://www.dgac.gob.bo/dgac-participo-en-el-taller-para-la-aceptacion-y-vigilancia-del-sms-en-el-proveedor-ats/
[FULL_24_DGAC] t= 876.9s | pag=423 | files=1740 | data=  5 | cola=  86 | prio=50 | https://www.dgac.gob.bo/tercera-reunion-ordinaria-del-consejo-de-coordinacion-interinstitucional-para-la-facilitacion-del-transporte-aereo-internacional-concifal/
[FULL_24_DGAC] t= 878.6s | pag=424 | files=1740 | data=  5 | cola=  85 | prio=50 | https://www.dgac.gob.bo/la-unidad-avsec-realiza-reunion-ordinaria-del-consejo-nacional-de-seguridad-de-la-aviacion-civil-conaseg/
[FULL_24_DGAC] t= 880.5s | pag=425 | files=1740 | data=  5 | cola=  84 | prio=50 | https://www.dgac.gob.bo/la-direccion-general-de-aeronautica-civil-investiga-el-accidente-aeronautico-ocurrido-en-la-ciudad-de-cochabamba/
[FULL_24_DGAC] t= 882.5s | pag=426 | files=1740 | data=  5 | cola=  83 | prio=50 | https://www.dgac.gob.bo/la-autoridad-aeronautica-efectuo-la-primera-reunion-del-comite-de-evaluacion-de-amenazas-y-gestion-de-riesgos/
[FULL_24_DGAC] t= 884.4s | pag=427 | files=1740 | data=  5 | cola=  82 | prio=50 | https://www.dgac.gob.bo/la-dgac-realiza-exitosamente-su-audiencia-inicial-de-rendicion-publica-de-cuentas/
[FULL_24_DGAC] t= 886.3s | pag=428 | files=1740 | data=  5 | cola=  81 | prio=50 | https://www.dgac.gob.bo/certificacion-trainair-plus-para-la-aeronautica-del-estado-plurinacional-de-bolivia/
[FULL_24_DGAC] t= 888.1s | pag=429 | files=1740 | data=  5 | cola=  80 | prio=50 | https://www.dgac.gob.bo/primera-promocion-de-alumnos-del-curso-de-pilotos-privados-del-instituto-nacional-de-aviacion-civil/
[FULL_24_DGAC] t= 890.0s | pag=430 | files=1740 | data=  5 | cola=  79 | prio=50 | https://www.dgac.gob.bo/asistencia-tecnica-de-la-oaci-en-pasaportes-electronicos-y-pkd/
[FULL_24_DGAC] t= 892.1s | pag=431 | files=1740 | data=  5 | cola=  78 | prio=50 | https://www.dgac.gob.bo/cooperacion-horizontal-del-estado-plurinacional-de-bolivia-a-la-republica-de-guatemala-en-materia-de-facilitacion-del-transporte-aereo/
[FULL_24_DGAC] t= 893.9s | pag=432 | files=1740 | data=  5 | cola=  77 | prio=50 | https://www.dgac.gob.bo/la-direccion-general-de-aeronautica-civil-capacito-en-materia-de-seguridad-de-la-aviacion-civil-a-efectivos-de-la-fuerza-aerea-boliviana/
[FULL_24_DGAC] t= 896.1s | pag=433 | files=1740 | data=  5 | cola=  76 | prio=50 | https://www.dgac.gob.bo/el-trafico-aereo-nacional-crecio-en-un-14-en-el-mes-de-enero-de-la-gestion-2017/
[FULL_24_DGAC] t= 898.4s | pag=434 | files=1740 | data=  5 | cola=  75 | prio=50 | https://www.dgac.gob.bo/primer-curso-de-inspectores-nacionales-sobre-seguridad-de-la-aviacion-de-la-organizacion-de-aviacion-civil-internacional-oaci-realizado-en-el-estado-plurinacional-de-bolivia/
[FULL_24_DGAC] t= 900.4s | pag=435 | files=1740 | data=  5 | cola=  74 | prio=50 | https://www.dgac.gob.bo/la-direccion-general-de-aeronautica-civil-en-coordinacion-con-la-organizacion-de-aviacion-civil-internacional-realizo-con-exito-el-taller-del-programa-de-seguridad-de-aeropuerto/
[FULL_24_DGAC] t= 902.5s | pag=436 | files=1740 | data=  5 | cola=  73 | prio=50 | https://www.dgac.gob.bo/primera-reunion-ordinaria-del-consejo-de-coordinacion-interinstitucional-para-la-facilitacion-del-transporte-aereo-internacional-concifal/
[FULL_24_DGAC] t= 904.4s | pag=437 | files=1740 | data=  5 | cola=  72 | prio=50 | https://www.dgac.gob.bo/la-dgac-en-coordinacion-con-la-oaci-desarrollo-el-taller-sobre-el-programa-nacional-de-control-de-calidad-de-seguridad-de-la-aviacion-civil/
[FULL_24_DGAC] t= 906.3s | pag=438 | files=1740 | data=  5 | cola=  71 | prio=50 | https://www.dgac.gob.bo/i-reunion-ordinaria-del-comite-aeroportuario-de-seguridad-de-la-aviacion-civil-del-aeropuerto-la-joya-andina-de-la-ciudad-de-uyuni/
[FULL_24_DGAC] t= 908.6s | pag=439 | files=1740 | data=  5 | cola=  70 | prio=50 | https://www.dgac.gob.bo/la-direccion-general-de-aeronautica-civil-y-la-vigilancia-de-la-seguridad-operacional/
[FULL_24_DGAC] t= 910.5s | pag=440 | files=1740 | data=  5 | cola=  69 | prio=50 | https://www.dgac.gob.bo/la-autoridad-aeronautica-civil-efectuo-curso-de-certificacion-de-explotadores-aereos-121/
[FULL_24_DGAC] t= 912.7s | pag=441 | files=1740 | data=  5 | cola=  68 | prio=50 | https://www.dgac.gob.bo/la-unidad-de-seguridad-de-la-aviacion-civil-avsec-realizo-curso-de-concientizacion-a-personal-de-la-aduana-nacional-de-bolivia/
[FULL_24_DGAC] t= 915.0s | pag=442 | files=1740 | data=  5 | cola=  67 | prio=50 | https://www.dgac.gob.bo/la-direccion-de-transporte-aereo-realizo-verificacion-de-la-ampliacion-y-remodelacion-del-aeropuerto-internacional-el-alto/
[FULL_24_DGAC] t= 917.1s | pag=443 | files=1740 | data=  5 | cola=  66 | prio=50 | https://www.dgac.gob.bo/la-unidad-de-seguridad-de-la-aviacion-civil-avsec-realizo-curso-de-concientizacion-dirigido-a-personal-de-la-aduana-nacional-de-bolivia/
[FULL_24_DGAC] t= 918.8s | pag=444 | files=1740 | data=  5 | cola=  65 | prio=50 | https://www.dgac.gob.bo/la-autoridad-aeronautica-civil-efectuo-el-seminario-taller-de-procedimientos-para-ensayos-en-vuelo/
[FULL_24_DGAC] t= 920.9s | pag=445 | files=1740 | data=  5 | cola=  64 | prio=50 | https://www.dgac.gob.bo/el-trafico-aereo-nacional-crecio-en-un-14-hasta-noviembre-de-la-gestion-2016/
[FULL_24_DGAC] t= 922.9s | pag=446 | files=1740 | data=  5 | cola=  63 | prio=50 | https://www.dgac.gob.bo/la-autoridad-aeronautica-desarrollo-el-curso-sobre-diseno-operacion-y-certificacion-para-operadores-de-aerodromos/
[FULL_24_DGAC] t= 924.8s | pag=447 | files=1740 | data=  5 | cola=  62 | prio=50 | https://www.dgac.gob.bo/la-autoridad-aeronautica-civil-del-estado-plurinacional-de-bolivia-estuvo-presente-en-el-rally-dakar-2017/
[FULL_24_DGAC] t= 927.2s | pag=448 | files=1740 | data=  5 | cola=  61 | prio=50 | https://www.dgac.gob.bo/category/sin-categoria/
[FULL_24_DGAC] t= 929.6s | pag=449 | files=1740 | data=  5 | cola=  60 | prio=50 | https://www.dgac.gob.bo/aerodromos_privados_autorizado/
[FULL_24_DGAC] t= 932.5s | pag=450 | files=1740 | data=  5 | cola=  59 | prio=50 | https://www.dgac.gob.bo/requisitos-para-registro-y-habilitacion-de-aerodromos/
[FULL_24_DGAC] t= 934.1s | pag=451 | files=1742 | data=  5 | cola=  58 | prio=50 | https://www.dgac.gob.bo/?p=12776&post_type=popup
[FULL_24_DGAC] t= 935.4s | pag=451 | files=1742 | data=  5 | cola=  57 | prio=50 | https://www.dgac.gob.bo/?p=12104&post_type=popup
[FULL_24_DGAC] t= 937.8s | pag=451 | files=1742 | data=  5 | cola=  56 | prio=50 | https://www.dgac.gob.bo/?p=11767&post_type=popup
[FULL_24_DGAC] t= 939.9s | pag=451 | files=1742 | data=  5 | cola=  55 | prio=50 | https://www.dgac.gob.bo/?p=11685&post_type=popup
[FULL_24_DGAC] t= 942.3s | pag=451 | files=1742 | data=  5 | cola=  54 | prio=50 | https://www.dgac.gob.bo/?p=10439&post_type=popup
[FULL_24_DGAC] t= 944.4s | pag=451 | files=1742 | data=  5 | cola=  53 | prio=50 | https://www.dgac.gob.bo/?p=10433&post_type=popup
[FULL_24_DGAC] t= 946.9s | pag=451 | files=1742 | data=  5 | cola=  52 | prio=50 | https://www.dgac.gob.bo/?p=6538&post_type=popup
[FULL_24_DGAC] t= 948.9s | pag=451 | files=1742 | data=  5 | cola=  51 | prio=50 | https://www.dgac.gob.bo/?p=6535&post_type=popup
[FULL_24_DGAC] t= 950.8s | pag=451 | files=1742 | data=  5 | cola=  50 | prio=50 | https://www.dgac.gob.bo/wp-content/uploads/2021/11/Limitacion-de-alturas-Alcantari.kmz
[FULL_24_DGAC] t= 952.1s | pag=451 | files=1742 | data=  5 | cola=  49 | prio=50 | https://www.dgac.gob.bo/wp-content/uploads/2021/11/Limitacion-de-alturas-Camiri.kmz
[FULL_24_DGAC] t= 953.5s | pag=451 | files=1742 | data=  5 | cola=  48 | prio=50 | https://www.dgac.gob.bo/wp-content/uploads/2021/11/Limitacion-de-alturas-Chimore.kmz
[FULL_24_DGAC] t= 954.9s | pag=451 | files=1742 | data=  5 | cola=  47 | prio=50 | https://www.dgac.gob.bo/wp-content/uploads/2021/11/Limitacion-de-alturas-Cobija.kmz
[FULL_24_DGAC] t= 956.3s | pag=451 | files=1742 | data=  5 | cola=  46 | prio=50 | https://www.dgac.gob.bo/wp-content/uploads/2021/11/Limitacion-de-alturas-Cochabamba.kmz
[FULL_24_DGAC] t= 958.2s | pag=451 | files=1742 | data=  5 | cola=  45 | prio=50 | https://www.dgac.gob.bo/wp-content/uploads/2021/11/Limitacion-de-alturas-Concepcion.kmz
[FULL_24_DGAC] t= 959.9s | pag=451 | files=1742 | data=  5 | cola=  44 | prio=50 | https://www.dgac.gob.bo/wp-content/uploads/2021/11/Limitacion-de-alturas-El-Alto.kmz
[FULL_24_DGAC] t= 961.2s | pag=451 | files=1742 | data=  5 | cola=  43 | prio=50 | https://www.dgac.gob.bo/wp-content/uploads/2021/11/Limitacion-de-alturas-Guayaramerin.kmz
[FULL_24_DGAC] t= 962.5s | pag=451 | files=1742 | data=  5 | cola=  42 | prio=50 | https://www.dgac.gob.bo/wp-content/uploads/2021/11/Limitacion-de-alturas-Oruro.kmz
[FULL_24_DGAC] t= 963.9s | pag=451 | files=1742 | data=  5 | cola=  41 | prio=50 | https://www.dgac.gob.bo/wp-content/uploads/2021/11/Limitacion-de-alturas-Riberalta.kmz
[FULL_24_DGAC] t= 965.0s | pag=451 | files=1742 | data=  5 | cola=  40 | prio=50 | https://www.dgac.gob.bo/wp-content/uploads/2021/11/Limitacion-de-alturas-Rurrenabaque.kmz
[FULL_24_DGAC] t= 966.4s | pag=451 | files=1742 | data=  5 | cola=  39 | prio=50 | https://www.dgac.gob.bo/wp-content/uploads/2021/11/Limitacion-de-alturas-San-Borja.kmz
[FULL_24_DGAC] t= 967.5s | pag=451 | files=1742 | data=  5 | cola=  38 | prio=50 | https://www.dgac.gob.bo/wp-content/uploads/2021/11/Limitacion-de-alturas-Tarija.kmz
[FULL_24_DGAC] t= 968.8s | pag=451 | files=1742 | data=  5 | cola=  37 | prio=50 | https://www.dgac.gob.bo/wp-content/uploads/2021/11/Limitacion-de-alturas-Trinidad.kmz
[FULL_24_DGAC] t= 969.9s | pag=451 | files=1742 | data=  5 | cola=  36 | prio=50 | https://www.dgac.gob.bo/wp-content/uploads/2021/11/Limitacion-de-alturas-Vallegrande.kmz
[FULL_24_DGAC] t= 971.3s | pag=451 | files=1742 | data=  5 | cola=  35 | prio=50 | https://www.dgac.gob.bo/wp-content/uploads/2021/11/Limitacion-de-alturas-Viru-Viru.kmz
[FULL_24_DGAC] t= 972.9s | pag=451 | files=1742 | data=  5 | cola=  34 | prio=50 | https://www.dgac.gob.bo/wp-content/uploads/2021/11/Limitacion-de-alturas-Yacuiba.kmz
[FULL_24_DGAC] t= 974.2s | pag=451 | files=1742 | data=  5 | cola=  33 | prio=50 | https://sistemasweb.dgac.gob.bo/SISTEMA_SIGEPEL/ADMINISTRACION/Registro_Usuarios.aspx
[FULL_24_DGAC] t= 976.3s | pag=452 | files=1742 | data=  5 | cola=  32 | prio=50 | https://sistemasweb.dgac.gob.bo/SISTEMA_SIGEPEL/ADMINISTRACION/Cambio_Password.aspx
[FULL_24_DGAC] t= 977.3s | pag=453 | files=1742 | data=  5 | cola=  31 | prio=50 | https://www.dgac.gob.bo/author/dgacbolivia/page/2/
[FULL_24_DGAC] t= 980.2s | pag=454 | files=1742 | data=  5 | cola=  30 | prio=50 | https://www.dgac.gob.bo/author/dgacbolivia/page/3/
[FULL_24_DGAC] t= 982.5s | pag=455 | files=1742 | data=  5 | cola=  29 | prio=50 | https://www.dgac.gob.bo/author/dgacbolivia/page/4/
[FULL_24_DGAC] t= 984.3s | pag=456 | files=1742 | data=  5 | cola=  28 | prio=50 | https://www.dgac.gob.bo/author/dgacbolivia/page/5/
[FULL_24_DGAC] t= 986.2s | pag=457 | files=1742 | data=  5 | cola=  28 | prio=50 | https://www.dgac.gob.bo/author/dgacbolivia/page/6/
[FULL_24_DGAC] t= 988.4s | pag=458 | files=1742 | data=  5 | cola=  28 | prio=50 | https://www.dgac.gob.bo/author/dgacbolivia/page/7/
[FULL_24_DGAC] t= 990.3s | pag=459 | files=1742 | data=  5 | cola=  28 | prio=50 | https://www.dgac.gob.bo/author/dgacbolivia/page/25/
[FULL_24_DGAC] t= 992.2s | pag=460 | files=1742 | data=  5 | cola=  33 | prio=50 | https://www.dgac.gob.bo/wp-content/uploads/2017/12/51.bmp
[FULL_24_DGAC] t= 993.0s | pag=460 | files=1742 | data=  5 | cola=  32 | prio=50 | https://www.dgac.gob.bo/author/dgacbolivia/page/8/
[FULL_24_DGAC] t= 995.7s | pag=461 | files=1742 | data=  5 | cola=  32 | prio=50 | https://www.dgac.gob.bo/author/dgacbolivia/page/9/
[FULL_24_DGAC] t= 998.0s | pag=462 | files=1742 | data=  5 | cola=  32 | prio=50 | https://www.dgac.gob.bo/author/dgacbolivia/page/10/
[FULL_24_DGAC] t=1000.3s | pag=463 | files=1742 | data=  5 | cola=  32 | prio=50 | https://www.dgac.gob.bo/author/dgacbolivia/page/24/
[FULL_24_DGAC] t=1002.4s | pag=464 | files=1742 | data=  5 | cola=  31 | prio=50 | https://www.dgac.gob.bo/author/dgacbolivia/page/19/
[FULL_24_DGAC] t=1004.2s | pag=465 | files=1742 | data=  5 | cola=  33 | prio=50 | https://www.dgac.gob.bo/author/dgacbolivia/page/20/
[FULL_24_DGAC] t=1006.0s | pag=466 | files=1742 | data=  5 | cola=  32 | prio=50 | https://www.dgac.gob.bo/author/dgacbolivia/page/21/
[FULL_24_DGAC] t=1008.0s | pag=467 | files=1742 | data=  5 | cola=  31 | prio=50 | https://www.dgac.gob.bo/author/dgacbolivia/page/22/
[FULL_24_DGAC] t=1010.4s | pag=468 | files=1742 | data=  5 | cola=  30 | prio=50 | https://www.dgac.gob.bo/author/dgacbolivia/page/23/
[FULL_24_DGAC] t=1012.4s | pag=469 | files=1742 | data=  5 | cola=  29 | prio=50 | https://www.dgac.gob.bo/author/dgacbolivia/page/11/
[FULL_24_DGAC] t=1014.2s | pag=470 | files=1742 | data=  5 | cola=  29 | prio=50 | https://www.dgac.gob.bo/author/dgacbolivia/page/12/
[FULL_24_DGAC] t=1016.6s | pag=471 | files=1742 | data=  5 | cola=  29 | prio=50 | https://www.dgac.gob.bo/author/dgacbolivia/page/13/
[FULL_24_DGAC] t=1018.6s | pag=472 | files=1742 | data=  5 | cola=  28 | prio=50 | https://www.dgac.gob.bo/author/dgacbolivia/page/18/
[FULL_24_DGAC] t=1020.8s | pag=473 | files=1742 | data=  5 | cola=  27 | prio=50 | https://www.dgac.gob.bo/author/dgacbolivia/page/16/
[FULL_24_DGAC] t=1022.8s | pag=474 | files=1742 | data=  5 | cola=  26 | prio=50 | https://www.dgac.gob.bo/author/dgacbolivia/page/17/
[FULL_24_DGAC] t=1024.9s | pag=475 | files=1742 | data=  5 | cola=  25 | prio=50 | https://www.dgac.gob.bo/author/dgacbolivia/page/14/
[FULL_24_DGAC] t=1026.9s | pag=476 | files=1742 | data=  5 | cola=  24 | prio=50 | https://www.dgac.gob.bo/author/dgacbolivia/page/15/
[FULL_24_DGAC] t=1028.9s | pag=477 | files=1742 | data=  5 | cola=  23 | prio=70 | https://www.dgac.gob.bo/mision-y-vision-institucional/
[FULL_24_DGAC] t=1031.2s | pag=478 | files=1742 | data=  5 | cola=  22 | prio=70 | https://www.dgac.gob.bo/nomina-de-autoridades-de-la-dgac/
[FULL_24_DGAC] t=1033.3s | pag=479 | files=1743 | data=  5 | cola=  21 | prio=70 | https://www.dgac.gob.bo/contacto/
[FULL_24_DGAC] t=1035.3s | pag=480 | files=1744 | data=  5 | cola=  20 | prio=70 | https://www.dgac.gob.bo/transparencia-y-lucha-contra-la-corrupcion/
[FULL_24_DGAC] t=1037.5s | pag=481 | files=1744 | data=  5 | cola=  19 | prio=70 | https://www.dgac.gob.bo/normativa-de-transparencia/
[FULL_24_DGAC] t=1039.5s | pag=482 | files=1748 | data=  5 | cola=  18 | prio=70 | https://www.dgac.gob.bo/ley-n-974-ley-de-unidades-de-transparencia-y-lucha-contra-la-corrupcion/
[FULL_24_DGAC] t=1041.3s | pag=483 | files=1748 | data=  5 | cola=  17 | prio=70 | https://www.dgac.gob.bo/recepcion-y-seguimiento-de-notificaciones-relacionados-a-seguridad-operacional-de-autoridades-aeronauticas-extranjeras/
[FULL_24_DGAC] t=1043.5s | pag=484 | files=1749 | data=  5 | cola=  16 | prio=70 | https://www.dgac.gob.bo/category/noticias/
[FULL_24_DGAC] t=1045.6s | pag=485 | files=1749 | data=  5 | cola=  22 | prio=70 | https://www.dgac.gob.bo/galeria/
[FULL_24_DGAC] t=1047.2s | pag=486 | files=1749 | data=  5 | cola=  21 | prio=70 | https://www.dgac.gob.bo/galeria-imagenes/
[FULL_24_DGAC] t=1049.2s | pag=487 | files=1749 | data=  5 | cola=  21 | prio=70 | https://www.dgac.gob.bo/transparencia/
[FULL_24_DGAC] t=1051.2s | pag=488 | files=1749 | data=  5 | cola=  20 | prio=70 | https://www.dgac.gob.bo/transparencia-2/
[FULL_24_DGAC] t=1053.5s | pag=489 | files=1749 | data=  5 | cola=  19 | prio=70 | https://www.dgac.gob.bo/dgac-reafirma-su-compromiso-con-la-transparencia-y-los-cielos-abiertos-en-la-gestion-2026/
[FULL_24_DGAC] t=1055.3s | pag=490 | files=1749 | data=  5 | cola=  18 | prio=70 | https://www.dgac.gob.bo/bolivia-logra-las-notas-mas-altas-de-la-oaci-en-su-historia-de-la-aviacion-civil/
[FULL_24_DGAC] t=1057.1s | pag=491 | files=1749 | data=  5 | cola=  17 | prio=70 | https://www.dgac.gob.bo/la-dgac-informa-que-boa-cumplio-con-los-protocolos-de-seguridad-operacional-en-los-eventos-suscitados-en-santa-cruz-y-la-paz/
[FULL_24_DGAC] t=1058.9s | pag=492 | files=1749 | data=  5 | cola=  16 | prio=70 | https://www.dgac.gob.bo/comunicado-protocolo-n1-para-la-emision-de-autorizaciones-para-vuelos-no-regulares-naciones-e-internacionales-de-pasajeros-y-carga-en-el-marco-de-la-emergencia-sanitaria-por-la-pandemia-del-co/
[FULL_24_DGAC] t=1060.8s | pag=493 | files=1749 | data=  5 | cola=  15 | prio=70 | https://www.dgac.gob.bo/comunicado-protocolo-para-la-emision-de-autorizaciones-para-vuelos-no-regulares-por-la-pandemia-del-coronavirus-covid-19/
[FULL_24_DGAC] t=1062.9s | pag=494 | files=1750 | data=  5 | cola=  14 | prio=70 | https://www.dgac.gob.bo/dgac-y-aasana-suscriben-acta-para-entrega-provisional-de-predio-en-aeropuerto-de-trinidad/
[FULL_24_DGAC] t=1064.8s | pag=495 | files=1750 | data=  5 | cola=  13 | prio=70 | https://www.dgac.gob.bo/autoridades-dgac-oaci-clac-se-reunieron-con-el-presidente-y-autoridades-del-estado-plurinacional-de-bolivia/
[FULL_24_DGAC] t=1066.9s | pag=496 | files=1750 | data=  5 | cola=  12 | prio=70 | https://www.dgac.gob.bo/la-comision-latinoamericana-de-aviacion-civil-resalta-los-esfuerzos-del-estado-boliviano/
[FULL_24_DGAC] t=1068.8s | pag=497 | files=1750 | data=  5 | cola=  11 | prio=70 | https://www.dgac.gob.bo/dgac-habilita-link-de-transparencia-via-internet/
[FULL_24_DGAC] t=1071.1s | pag=498 | files=1750 | data=  5 | cola=  10 | prio=70 | https://www.dgac.gob.bo/?p=6928&post_type=popup
[FULL_24_DGAC] t=1072.7s | pag=498 | files=1750 | data=  5 | cola=   9 | prio=70 | https://www.dgac.gob.bo/?p=6539&post_type=popup
[FULL_24_DGAC] t=1074.9s | pag=498 | files=1750 | data=  5 | cola=   8 | prio=70 | https://www.dgac.gob.bo/bwg_gallery/videos-pandemia/
[FULL_24_DGAC] t=1077.9s | pag=499 | files=1750 | data=  5 | cola=   7 | prio=70 | https://www.dgac.gob.bo/category/noticias/page/2/
[FULL_24_DGAC] t=1080.1s | pag=500 | files=1750 | data=  5 | cola=   6 | prio=70 | https://www.dgac.gob.bo/category/noticias/page/3/
[FULL_24_DGAC] t=1082.3s | pag=501 | files=1750 | data=  5 | cola=   5 | prio=70 | https://www.dgac.gob.bo/category/noticias/page/4/
[FULL_24_DGAC] t=1084.4s | pag=502 | files=1750 | data=  5 | cola=   4 | prio=70 | https://www.dgac.gob.bo/category/noticias/page/5/
[FULL_24_DGAC] t=1086.3s | pag=503 | files=1750 | data=  5 | cola=   4 | prio=70 | https://www.dgac.gob.bo/category/noticias/page/6/
[FULL_24_DGAC] t=1088.1s | pag=504 | files=1750 | data=  5 | cola=   4 | prio=70 | https://www.dgac.gob.bo/category/noticias/page/7/
[FULL_24_DGAC] t=1090.2s | pag=505 | files=1750 | data=  5 | cola=   4 | prio=70 | https://www.dgac.gob.bo/category/noticias/page/24/
[FULL_24_DGAC] t=1092.0s | pag=506 | files=1750 | data=  5 | cola=   9 | prio=70 | https://www.dgac.gob.bo/galeria-imagenes/manual_bioseguridad_dgac/
[FULL_24_DGAC] t=1094.2s | pag=507 | files=1750 | data=  5 | cola=   8 | prio=70 | https://www.dgac.gob.bo/category/noticias/page/8/
[FULL_24_DGAC] t=1096.2s | pag=508 | files=1750 | data=  5 | cola=   8 | prio=70 | https://www.dgac.gob.bo/category/noticias/page/9/
[FULL_24_DGAC] t=1098.4s | pag=509 | files=1750 | data=  5 | cola=   8 | prio=70 | https://www.dgac.gob.bo/category/noticias/page/10/
[FULL_24_DGAC] t=1100.7s | pag=510 | files=1750 | data=  5 | cola=   8 | prio=70 | https://www.dgac.gob.bo/category/noticias/page/23/
[FULL_24_DGAC] t=1102.8s | pag=511 | files=1750 | data=  5 | cola=   7 | prio=70 | https://www.dgac.gob.bo/category/noticias/page/18/
[FULL_24_DGAC] t=1105.0s | pag=512 | files=1750 | data=  5 | cola=   9 | prio=70 | https://www.dgac.gob.bo/category/noticias/page/19/
[FULL_24_DGAC] t=1107.1s | pag=513 | files=1750 | data=  5 | cola=   8 | prio=70 | https://www.dgac.gob.bo/category/noticias/page/20/
[FULL_24_DGAC] t=1109.5s | pag=514 | files=1750 | data=  5 | cola=   7 | prio=70 | https://www.dgac.gob.bo/category/noticias/page/21/
[FULL_24_DGAC] t=1111.7s | pag=515 | files=1750 | data=  5 | cola=   6 | prio=70 | https://www.dgac.gob.bo/category/noticias/page/22/
[FULL_24_DGAC] t=1113.6s | pag=516 | files=1750 | data=  5 | cola=   5 | prio=70 | https://www.dgac.gob.bo/category/noticias/page/11/
[FULL_24_DGAC] t=1115.7s | pag=517 | files=1750 | data=  5 | cola=   5 | prio=70 | https://www.dgac.gob.bo/category/noticias/page/12/
[FULL_24_DGAC] t=1117.9s | pag=518 | files=1750 | data=  5 | cola=   4 | prio=70 | https://www.dgac.gob.bo/category/noticias/page/13/
[FULL_24_DGAC] t=1120.0s | pag=519 | files=1750 | data=  5 | cola=   3 | prio=70 | https://www.dgac.gob.bo/category/noticias/page/17/
[FULL_24_DGAC] t=1122.0s | pag=520 | files=1750 | data=  5 | cola=   2 | prio=70 | https://www.dgac.gob.bo/category/noticias/page/15/
[FULL_24_DGAC] t=1124.4s | pag=521 | files=1750 | data=  5 | cola=   1 | prio=70 | https://www.dgac.gob.bo/category/noticias/page/16/
[FULL_24_DGAC] t=1126.5s | pag=522 | files=1750 | data=  5 | cola=   0 | prio=70 | https://www.dgac.gob.bo/category/noticias/page/14/

================================================================================
RESULTADO
================================================================================
Fuente:              full_24_dgac
Páginas visitadas:   523
Archivos encontrados: 1750
Datasets web:         5
Errores:              11
Motivo de parada:     frontier_exhausted
Duración:             1128.40 s

Formatos:
  - DOC    : 6
  - DOCX   : 38
  - PDF    : 1685
  - RAR    : 1
  - XLSX   : 20

JSON: C:\Ultimo Semestre 7\trabajo\DATAX\team crawler\crawler_asfi\Crawler_BCB\crawler_v2\output\full_24_dgac.json

Trazabilidad:
  Ejecución: 84
  Estado:    PROCESSED
  Base:      C:\Ultimo Semestre 7\trabajo\DATAX\team crawler\crawler_asfi\Crawler_BCB\crawler_v2\trace\crawler_trace.sqlite
