================================================================================
CRAWLER V2
================================================================================
Fuente: Fundación para el Desarrollo Tecnológico Agropecuario de los Valles
URL configurada: https://www.icco.org
Timeout HTTP: 15 s
Pausa HTTP:   aleatoria 0.30s - 0.90s


Resolución de fuente:
  Original: https://www.icco.org
  Utilizada: https://www.icco.org/
  Fallback: sí
  Intentos: 1
    - usable         | HTTP=200 | https://www.icco.org/

URL de trabajo: https://www.icco.org/
Seeds: 1
Máx páginas: 10000
Máx archivos: 100000
Máx profundidad: 20

[FULL_26_FDTA_VALLES] t=   0.0s | pag=  0 | files=   0 | data=  0 | cola=   0 | prio= 0 | https://www.icco.org/
[FULL_26_FDTA_VALLES] t=   2.6s | pag=  1 | files=   1 | data=  0 | cola=  65 | prio=10 | https://www.icco.org/statistics/
[FULL_26_FDTA_VALLES] DATASETS=1 | data_html_table | https://www.icco.org/statistics/
[FULL_26_FDTA_VALLES] t=   3.4s | pag=  2 | files=   3 | data=  1 | cola=  66 | prio=10 | https://www.icco.org/world-cocoa-conference-2024-report-now-available/
[FULL_26_FDTA_VALLES] t=   5.0s | pag=  3 | files=   4 | data=  1 | cola=  69 | prio=10 | https://www.icco.org/icco-documentation/quarterly-bulletin-of-cocoa-statistics/
[FULL_26_FDTA_VALLES] t=   6.4s | pag=  4 | files=   6 | data=  1 | cola=  77 | prio=10 | https://www.icco.org/icco-documentation/annual-reports/
[FULL_26_FDTA_VALLES] t=   7.8s | pag=  4 | files=   6 | data=  1 | cola=  76 | prio=10 | https://icco.org/statistics/
[FULL_26_FDTA_VALLES] t=  11.5s | pag=  4 | files=   6 | data=  1 | cola=  75 | prio=10 | https://www.icco.org/may-2026-quarterly-bulletin-of-cocoa-statistics/
[FULL_26_FDTA_VALLES] DATASETS=2 | data_html_table | https://www.icco.org/may-2026-quarterly-bulletin-of-cocoa-statistics/
[FULL_26_FDTA_VALLES] t=  14.2s | pag=  5 | files=   6 | data=  2 | cola=  76 | prio=10 | https://www.icco.org/february-2026-quarterly-bulletin-of-cocoa-statistics/
[FULL_26_FDTA_VALLES] DATASETS=3 | data_html_table | https://www.icco.org/february-2026-quarterly-bulletin-of-cocoa-statistics/
[FULL_26_FDTA_VALLES] t=  15.3s | pag=  6 | files=   6 | data=  3 | cola=  76 | prio=10 | https://www.icco.org/cocoa-market-report-for-november-2025/
[FULL_26_FDTA_VALLES] t=  16.6s | pag=  7 | files=   6 | data=  3 | cola=  76 | prio=10 | https://www.icco.org/november-2025-quarterly-bulletin-of-cocoa-statistics/
[FULL_26_FDTA_VALLES] DATASETS=4 | data_html_table | https://www.icco.org/november-2025-quarterly-bulletin-of-cocoa-statistics/
[FULL_26_FDTA_VALLES] t=  18.0s | pag=  8 | files=   6 | data=  4 | cola=  76 | prio=10 | https://www.icco.org/cocoa-market-report-for-october-2025/
[FULL_26_FDTA_VALLES] t=  19.3s | pag=  9 | files=   6 | data=  4 | cola=  76 | prio=10 | https://www.icco.org/statistics/?s=
[FULL_26_FDTA_VALLES] DATASETS=5 | data_html_table | https://www.icco.org/statistics/?s=
[FULL_26_FDTA_VALLES] t=  21.0s | pag= 10 | files=   6 | data=  5 | cola=  75 | prio=10 | https://icco.org/icco-documentation/quarterly-bulletin-of-cocoa-statistics/
[FULL_26_FDTA_VALLES] t=  22.4s | pag= 10 | files=   6 | data=  5 | cola=  74 | prio=10 | https://www.icco.org/world-cocoa-conference-2024-report-now-available/?s=
[FULL_26_FDTA_VALLES] t=  24.9s | pag= 11 | files=   6 | data=  5 | cola=  73 | prio=10 | https://www.icco.org/cocoa-market-report-for-september-2025/
[FULL_26_FDTA_VALLES] t=  26.9s | pag= 12 | files=   6 | data=  5 | cola=  73 | prio=10 | https://www.icco.org/cocoa-market-report-for-august-2025/
[FULL_26_FDTA_VALLES] t=  28.4s | pag= 13 | files=   6 | data=  5 | cola=  73 | prio=10 | https://www.icco.org/icco-documentation/quarterly-bulletin-of-cocoa-statistics/?s=
[FULL_26_FDTA_VALLES] t=  30.3s | pag= 14 | files=   6 | data=  5 | cola=  72 | prio=10 | https://www.icco.org/icco-documentation/annual-reports-test/
[FULL_26_FDTA_VALLES] t=  32.1s | pag= 15 | files=   8 | data=  5 | cola=  72 | prio=10 | https://www.icco.org/icco-documentation/icco-publications/
[FULL_26_FDTA_VALLES] DATASETS=6 | exportable_data_page | https://www.icco.org/icco-documentation/icco-publications/
[FULL_26_FDTA_VALLES] t=  33.8s | pag= 16 | files=  16 | data=  6 | cola=  72 | prio=10 | https://www.icco.org/may-2026-quarterly-bulletin-of-cocoa-statistics/?s=
[FULL_26_FDTA_VALLES] t=  35.3s | pag= 17 | files=  16 | data=  6 | cola=  71 | prio=10 | https://www.icco.org/february-2026-quarterly-bulletin-of-cocoa-statistics/?s=
[FULL_26_FDTA_VALLES] t=  36.9s | pag= 18 | files=  16 | data=  6 | cola=  70 | prio=10 | https://www.icco.org/cocoa-market-report-for-november-2025/?s=
[FULL_26_FDTA_VALLES] t=  38.5s | pag= 19 | files=  16 | data=  6 | cola=  69 | prio=10 | https://www.icco.org/november-2025-quarterly-bulletin-of-cocoa-statistics/?s=
[FULL_26_FDTA_VALLES] t=  40.0s | pag= 20 | files=  16 | data=  6 | cola=  68 | prio=10 | https://www.icco.org/cocoa-market-report-for-october-2025/?s=
[FULL_26_FDTA_VALLES] t=  41.8s | pag= 21 | files=  16 | data=  6 | cola=  67 | prio=10 | https://www.icco.org/cocoa-market-report-for-september-2025/?s=
[FULL_26_FDTA_VALLES] t=  43.6s | pag= 22 | files=  16 | data=  6 | cola=  66 | prio=10 | https://www.icco.org/cocoa-market-report-for-august-2025/?s=
[FULL_26_FDTA_VALLES] t=  45.5s | pag= 23 | files=  16 | data=  6 | cola=  65 | prio=10 | https://www.icco.org/icco-documentation/annual-reports-test/?s=
[FULL_26_FDTA_VALLES] t=  47.1s | pag= 24 | files=  16 | data=  6 | cola=  64 | prio=10 | https://www.icco.org/icco-documentation/icco-publications/?s=
[FULL_26_FDTA_VALLES] DATASETS=7 | exportable_data_page | https://www.icco.org/icco-documentation/icco-publications/?s=
[FULL_26_FDTA_VALLES] t=  48.8s | pag= 25 | files=  16 | data=  7 | cola=  63 | prio=50 | https://www.icco.org/consultative-board/
[FULL_26_FDTA_VALLES] t=  51.6s | pag= 26 | files=  16 | data=  7 | cola=  64 | prio=50 | https://www.icco.org/member-area/
[FULL_26_FDTA_VALLES] t=  54.1s | pag= 27 | files=  16 | data=  7 | cola=  63 | prio=50 | https://www.icco.org/my-account/
[FULL_26_FDTA_VALLES] t=  55.6s | pag= 28 | files=  16 | data=  7 | cola=  64 | prio=50 | https://www.icco.org/cart/
[FULL_26_FDTA_VALLES] t=  57.9s | pag= 29 | files=  16 | data=  7 | cola=  64 | prio=50 | https://www.icco.org/who-we-are/
[FULL_26_FDTA_VALLES] t=  59.0s | pag= 30 | files=  16 | data=  7 | cola=  65 | prio=50 | https://www.icco.org/who-we-are/governance/
[FULL_26_FDTA_VALLES] t=  60.1s | pag= 31 | files=  17 | data=  7 | cola=  66 | prio=50 | https://icco.org/who-we-are/governance/
[FULL_26_FDTA_VALLES] t=  61.9s | pag= 31 | files=  17 | data=  7 | cola=  65 | prio=50 | https://www.icco.org/who-we-are/agreements/
[FULL_26_FDTA_VALLES] t=  64.9s | pag= 32 | files=  20 | data=  7 | cola=  79 | prio=10 | https://icco.org/about-us/international-cocoa-agreements/doc_download/251-arabic-international-cocoa-agreement-2010.html
[FULL_26_FDTA_VALLES] t=  66.8s | pag= 32 | files=  20 | data=  7 | cola=  78 | prio=10 | https://icco.org/about-us/international-cocoa-agreements/doc_download/250-chinese-international-cocoa-agreement-2010.html
[FULL_26_FDTA_VALLES] t=  70.1s | pag= 32 | files=  20 | data=  7 | cola=  77 | prio=10 | https://icco.org/about-us/international-cocoa-agreements/doc_download/6-english-2010-international-cocoa-agreement.html
[FULL_26_FDTA_VALLES] t=  73.2s | pag= 32 | files=  20 | data=  7 | cola=  76 | prio=10 | https://icco.org/about-us/international-cocoa-agreements/doc_download/7-french-2010-international-cocoa-agreement.html
[FULL_26_FDTA_VALLES] t=  76.1s | pag= 32 | files=  20 | data=  7 | cola=  75 | prio=10 | https://icco.org/about-us/international-cocoa-agreements/doc_download/8-russian-2010-international-cocoa-agreement.html
[FULL_26_FDTA_VALLES] t=  78.8s | pag= 32 | files=  20 | data=  7 | cola=  74 | prio=10 | https://icco.org/about-us/international-cocoa-agreements/doc_download/9-spanish-2010-international-cocoa-agreement.html
[FULL_26_FDTA_VALLES] t=  81.9s | pag= 32 | files=  20 | data=  7 | cola=  73 | prio=10 | https://icco.org/about-us/international-cocoa-agreements/doc_download/2-english-2001-international-cocoa-agreement.html
[FULL_26_FDTA_VALLES] t=  84.5s | pag= 32 | files=  20 | data=  7 | cola=  72 | prio=10 | https://icco.org/about-us/international-cocoa-agreements/doc_download/3-french-2001-international-cocoa-agreement.html
[FULL_26_FDTA_VALLES] t=  87.3s | pag= 32 | files=  20 | data=  7 | cola=  71 | prio=10 | https://icco.org/about-us/international-cocoa-agreements/doc_download/4-russian-2001-international-cocoa-agreement.html
[FULL_26_FDTA_VALLES] t=  90.0s | pag= 32 | files=  20 | data=  7 | cola=  70 | prio=10 | https://icco.org/about-us/international-cocoa-agreements/doc_download/5-spanish-2001-international-cocoa-agreement.html
[FULL_26_FDTA_VALLES] t=  93.0s | pag= 32 | files=  20 | data=  7 | cola=  69 | prio=10 | https://icco.org/about-us/international-cocoa-agreements/doc_download/10-english-1993-international-cocoa-agreement.html
[FULL_26_FDTA_VALLES] t=  96.0s | pag= 32 | files=  20 | data=  7 | cola=  68 | prio=10 | https://icco.org/about-us/international-cocoa-agreements/doc_download/11-french-1993-international-cocoa-agreement.html
[FULL_26_FDTA_VALLES] t=  98.8s | pag= 32 | files=  20 | data=  7 | cola=  67 | prio=10 | https://icco.org/about-us/international-cocoa-agreements/doc_download/12-russian-1993-international-cocoa-agreement.html
[FULL_26_FDTA_VALLES] t= 101.4s | pag= 32 | files=  20 | data=  7 | cola=  66 | prio=10 | https://icco.org/about-us/international-cocoa-agreements/doc_download/13-spanish-1993-international-cocoa-agreement.html
[FULL_26_FDTA_VALLES] t= 104.2s | pag= 32 | files=  20 | data=  7 | cola=  65 | prio=50 | https://icco.org/about-us/agreements/
[FULL_26_FDTA_VALLES] t= 107.2s | pag= 32 | files=  20 | data=  7 | cola=  64 | prio=50 | https://www.icco.org/who-we-are/membership/
[FULL_26_FDTA_VALLES] t= 109.7s | pag= 33 | files=  20 | data=  7 | cola=  64 | prio=50 | https://icco.org/about-us/membership/
[FULL_26_FDTA_VALLES] t= 111.6s | pag= 33 | files=  20 | data=  7 | cola=  63 | prio=50 | https://www.icco.org/economy/
[FULL_26_FDTA_VALLES] t= 114.4s | pag= 34 | files=  20 | data=  7 | cola=  67 | prio=10 | https://www.icco.org/shop/quarterly-bulletin-of-cocoa-statistics-english/
[FULL_26_FDTA_VALLES] t= 116.2s | pag= 35 | files=  20 | data=  7 | cola=  72 | prio=10 | https://icco.org/february-2020-quarterly-bulletin-of-cocoa-statistics/
[FULL_26_FDTA_VALLES] DATASETS=8 | data_html_table | https://www.icco.org/february-2020-quarterly-bulletin-of-cocoa-statistics/
[FULL_26_FDTA_VALLES] t= 118.2s | pag= 36 | files=  20 | data=  8 | cola=  72 | prio=10 | https://www.icco.org/shop/quarterly-bulletin-of-cocoa-statistics-english/?s=
[FULL_26_FDTA_VALLES] t= 119.5s | pag= 37 | files=  20 | data=  8 | cola=  71 | prio=10 | https://www.icco.org/shop/quarterly-bulletin-of-cocoa-statistics-russian/
[FULL_26_FDTA_VALLES] t= 120.8s | pag= 38 | files=  20 | data=  8 | cola=  71 | prio=10 | https://www.icco.org/shop/25-26-icco-publications-annual-subscription/
[FULL_26_FDTA_VALLES] t= 122.4s | pag= 39 | files=  20 | data=  8 | cola=  71 | prio=10 | https://www.icco.org/shop/boletin-estadisticas-cacao/
[FULL_26_FDTA_VALLES] t= 124.1s | pag= 40 | files=  20 | data=  8 | cola=  71 | prio=10 | https://www.icco.org/shop/bulletin-statistiques-cacao/
[FULL_26_FDTA_VALLES] t= 125.8s | pag= 41 | files=  20 | data=  8 | cola=  71 | prio=10 | https://www.icco.org/february-2020-quarterly-bulletin-of-cocoa-statistics/?s=
[FULL_26_FDTA_VALLES] t= 127.7s | pag= 42 | files=  20 | data=  8 | cola=  70 | prio=10 | https://www.icco.org/shop/quarterly-bulletin-of-cocoa-statistics-russian/?s=
[FULL_26_FDTA_VALLES] t= 129.6s | pag= 43 | files=  20 | data=  8 | cola=  69 | prio=10 | https://www.icco.org/shop/25-26-icco-publications-annual-subscription/?s=
[FULL_26_FDTA_VALLES] t= 130.9s | pag= 44 | files=  20 | data=  8 | cola=  68 | prio=10 | https://www.icco.org/shop/boletin-estadisticas-cacao/?s=
[FULL_26_FDTA_VALLES] t= 132.7s | pag= 45 | files=  20 | data=  8 | cola=  67 | prio=10 | https://www.icco.org/shop/bulletin-statistiques-cacao/?s=
[FULL_26_FDTA_VALLES] t= 134.2s | pag= 46 | files=  20 | data=  8 | cola=  66 | prio=50 | https://www.icco.org/projects/
[FULL_26_FDTA_VALLES] t= 135.8s | pag= 47 | files=  20 | data=  8 | cola=  90 | prio=10 | https://www.icco.org/cocoa-of-excellence-promoting-diverse-high-quality-cocoa-origins/
[FULL_26_FDTA_VALLES] t= 137.3s | pag= 48 | files=  21 | data=  8 | cola=  91 | prio=10 | https://www.icco.org/caribbean-cocoa-renaissance-improving-cocoa-quality-and-market-access-with-cocoa-of-excellence-coex/
[FULL_26_FDTA_VALLES] DATASETS=9 | data_html_table | https://www.icco.org/caribbean-cocoa-renaissance-improving-cocoa-quality-and-market-access-with-cocoa-of-excellence-coex/
[FULL_26_FDTA_VALLES] t= 138.7s | pag= 49 | files=  21 | data=  9 | cola=  91 | prio=10 | https://www.icco.org/cocoa-of-excellence-promoting-diverse-high-quality-cocoa-origins/?s=
[FULL_26_FDTA_VALLES] t= 140.3s | pag= 50 | files=  21 | data=  9 | cola=  90 | prio=10 | https://www.icco.org/caribbean-cocoa-renaissance-improving-cocoa-quality-and-market-access-with-cocoa-of-excellence-coex/?s=
[FULL_26_FDTA_VALLES] t= 142.0s | pag= 51 | files=  21 | data=  9 | cola=  89 | prio=50 | https://www.icco.org/growing-cocoa/
[FULL_26_FDTA_VALLES] t= 143.9s | pag= 52 | files=  21 | data=  9 | cola=  90 | prio=50 | https://www.icco.org/harvesting-post-harvest-new/
[FULL_26_FDTA_VALLES] t= 146.1s | pag= 53 | files=  21 | data=  9 | cola=  90 | prio=50 | https://www.icco.org/processing-cocoa/
[FULL_26_FDTA_VALLES] t= 147.9s | pag= 54 | files=  21 | data=  9 | cola=  90 | prio=50 | https://www.icco.org/trading-shipping/
[FULL_26_FDTA_VALLES] t= 150.2s | pag= 55 | files=  21 | data=  9 | cola=  90 | prio=50 | https://www.icco.org/health/
[FULL_26_FDTA_VALLES] t= 152.0s | pag= 56 | files=  21 | data=  9 | cola=  90 | prio=50 | https://www.icco.org/chocolate-industry/
[FULL_26_FDTA_VALLES] t= 154.4s | pag= 57 | files=  21 | data=  9 | cola=  90 | prio=50 | https://www.icco.org/fine-or-flavor-cocoa/
[FULL_26_FDTA_VALLES] t= 155.5s | pag= 58 | files=  35 | data=  9 | cola=  93 | prio=50 | https://www.icco.org/pests-diseases/
[FULL_26_FDTA_VALLES] t= 156.7s | pag= 59 | files=  35 | data=  9 | cola=  93 | prio=50 | https://www.icco.org/cocoa-sustainability-initiatives-landscape/
[FULL_26_FDTA_VALLES] t= 158.3s | pag= 60 | files=  35 | data=  9 | cola=  93 | prio=50 | https://www.icco.org/faq/
[FULL_26_FDTA_VALLES] t= 160.0s | pag= 61 | files=  35 | data=  9 | cola=  94 | prio=50 | https://www.icco.org/icco-documentation/
[FULL_26_FDTA_VALLES] t= 160.4s | pag= 62 | files=  45 | data=  9 | cola= 102 | prio=50 | https://www.icco.org/icco-documentation/world-cocoa-conference-2018-berlin/
[FULL_26_FDTA_VALLES] t= 162.7s | pag= 63 | files=  86 | data=  9 | cola= 102 | prio=50 | https://www.icco.org/icco-documentation/world-cocoa-conference-2016-bavaro/
[FULL_26_FDTA_VALLES] t= 164.8s | pag= 64 | files= 139 | data=  9 | cola= 102 | prio=50 | https://www.icco.org/icco-documentation/world-cocoa-conference-amsterdam-2014/
[FULL_26_FDTA_VALLES] t= 167.4s | pag= 65 | files= 202 | data=  9 | cola= 102 | prio=50 | https://www.icco.org/icco-documentation/world-cocoa-conference-2012-abidjan/
[FULL_26_FDTA_VALLES] t= 169.6s | pag= 66 | files= 290 | data=  9 | cola= 102 | prio=50 | https://icco.org/icco-documentation/international-cocoa-symposium-2017/
[FULL_26_FDTA_VALLES] t= 172.5s | pag= 67 | files= 369 | data=  9 | cola= 103 | prio=50 | https://www.icco.org/icco-documentation/pesticide-use-in-cocoa-practial-manual-fourth-edition/
[FULL_26_FDTA_VALLES] t= 173.9s | pag= 68 | files= 371 | data=  9 | cola= 104 | prio=10 | https://www.icco.org/guide-pesticide-eng-v10/
[FULL_26_FDTA_VALLES] t= 175.8s | pag= 68 | files= 371 | data=  9 | cola= 103 | prio=50 | https://www.icco.org/icco-documentation/world-cocoa-directory-2019-20/
[FULL_26_FDTA_VALLES] t= 178.8s | pag= 69 | files= 372 | data=  9 | cola= 104 | prio=50 | https://www.icco.org/icco-documentation/cocoa-market-review/
[FULL_26_FDTA_VALLES] t= 180.2s | pag= 70 | files= 373 | data=  9 | cola= 104 | prio=50 | https://www.icco.org/icco-documentation/proceedings-of-the-international-symposium-on-cocoa-research-2022/
[FULL_26_FDTA_VALLES] t= 181.4s | pag= 71 | files= 374 | data=  9 | cola= 104 | prio=50 | https://www.icco.org/icco-documentation/icco-agreements-and-their-history/
[FULL_26_FDTA_VALLES] t= 182.7s | pag= 72 | files= 397 | data=  9 | cola= 107 | prio=50 | https://www.icco.org/icco-documentation/projects/
[FULL_26_FDTA_VALLES] t= 183.5s | pag= 72 | files= 397 | data=  9 | cola= 106 | prio=50 | https://www.icco.org/shop/
[FULL_26_FDTA_VALLES] t= 186.2s | pag= 73 | files= 397 | data=  9 | cola= 112 | prio=10 | https://www.icco.org/shop/customized-data-services-15-years-of-data/
[FULL_26_FDTA_VALLES] t= 187.7s | pag= 74 | files= 397 | data=  9 | cola= 114 | prio=10 | https://www.icco.org/shop/historical-cocoa-prices-data-access-pre-2024/
[FULL_26_FDTA_VALLES] t= 189.9s | pag= 75 | files= 397 | data=  9 | cola= 115 | prio=10 | https://www.icco.org/shop/icco-monthly-report-annual-subscription/
[FULL_26_FDTA_VALLES] t= 191.3s | pag= 76 | files= 397 | data=  9 | cola= 116 | prio=10 | https://www.icco.org/shop/customized-data-services-15-years-of-data/?s=
[FULL_26_FDTA_VALLES] t= 192.8s | pag= 77 | files= 397 | data=  9 | cola= 115 | prio=10 | https://www.icco.org/shop/customized-data-services-15-years-of-data/?add-to-cart=28838
[FULL_26_FDTA_VALLES] t= 195.1s | pag= 77 | files= 397 | data=  9 | cola= 114 | prio=10 | https://www.icco.org/shop/historical-cocoa-prices-data-access-pre-2024/?s=
[FULL_26_FDTA_VALLES] t= 197.8s | pag= 78 | files= 397 | data=  9 | cola= 113 | prio=10 | https://www.icco.org/shop/historical-cocoa-prices-data-access-pre-2024/?add-to-cart=28841
[FULL_26_FDTA_VALLES] t= 199.8s | pag= 78 | files= 397 | data=  9 | cola= 112 | prio=10 | https://www.icco.org/shop/icco-monthly-report-annual-subscription/?s=
[FULL_26_FDTA_VALLES] t= 202.5s | pag= 79 | files= 397 | data=  9 | cola= 111 | prio=10 | https://www.icco.org/categorie-produit/monthly-reports/
[FULL_26_FDTA_VALLES] t= 204.1s | pag= 80 | files= 397 | data=  9 | cola= 112 | prio=10 | https://www.icco.org/categorie-produit/monthly-reports/?s=
[FULL_26_FDTA_VALLES] t= 206.0s | pag= 81 | files= 397 | data=  9 | cola= 112 | prio=10 | https://www.icco.org/categorie-produit/monthly-reports/?add-to-cart=28732
[FULL_26_FDTA_VALLES] t= 208.1s | pag= 81 | files= 397 | data=  9 | cola= 111 | prio=10 | https://www.icco.org/categorie-produit/monthly-reports/?add-to-cart=28732&s=
[FULL_26_FDTA_VALLES] t= 210.5s | pag= 82 | files= 397 | data=  9 | cola= 110 | prio=50 | https://www.icco.org/?s=
[FULL_26_FDTA_VALLES] t= 212.5s | pag= 83 | files= 397 | data=  9 | cola= 109 | prio=50 | https://www.icco.org/united-nations-cocoa-conference-2026-geneva-switzerland/
[FULL_26_FDTA_VALLES] t= 213.9s | pag= 84 | files= 397 | data=  9 | cola= 110 | prio=50 | https://www.icco.org/world-cocoa-bean-stocks-for-the-2024-25-season/
[FULL_26_FDTA_VALLES] t= 215.4s | pag= 85 | files= 397 | data=  9 | cola= 110 | prio=50 | https://www.icco.org/relaunch-of-the-call-for-bids-to-host-the-6th-world-cocoa-conference-wcc-2027/
[FULL_26_FDTA_VALLES] t= 216.8s | pag= 86 | files= 397 | data=  9 | cola= 111 | prio=50 | https://icco.org/about-us/who-we-are/
[FULL_26_FDTA_VALLES] t= 220.4s | pag= 86 | files= 397 | data=  9 | cola= 110 | prio=50 | https://icco.org/icco-documentation/icco-agreements-and-their-history/
[FULL_26_FDTA_VALLES] t= 223.6s | pag= 86 | files= 397 | data=  9 | cola= 109 | prio=50 | https://www.icco.org/international-cocoa-research-symposium-draws-500-attendees-to-lima-peru/
[FULL_26_FDTA_VALLES] t= 226.3s | pag= 87 | files= 397 | data=  9 | cola= 145 | prio=10 | https://icco.org/about-us/international-cocoa-agreements/doc_download/3088-mireille-ndoungue.html
[FULL_26_FDTA_VALLES] t= 228.2s | pag= 87 | files= 397 | data=  9 | cola= 144 | prio=10 | https://icco.org/about-us/international-cocoa-agreements/doc_download/3091-henry-kwame-dzahini-obiatey.html
[FULL_26_FDTA_VALLES] t= 231.2s | pag= 87 | files= 397 | data=  9 | cola= 143 | prio=10 | https://icco.org/about-us/international-cocoa-agreements/doc_download/3092-wilbert-phillips-mora.html
[FULL_26_FDTA_VALLES] t= 233.9s | pag= 87 | files= 397 | data=  9 | cola= 142 | prio=10 | https://icco.org/about-us/international-cocoa-agreements/doc_download/3093-rolando-ri-os-ruiz.html
[FULL_26_FDTA_VALLES] t= 236.9s | pag= 87 | files= 397 | data=  9 | cola= 141 | prio=10 | https://icco.org/about-us/international-cocoa-agreements/doc_download/3094-yeirme-jaimes-suarez.html
[FULL_26_FDTA_VALLES] t= 240.5s | pag= 87 | files= 397 | data=  9 | cola= 140 | prio=10 | https://icco.org/about-us/international-cocoa-agreements/doc_download/3095-mariela-leandro-munoz.html
[FULL_26_FDTA_VALLES] t= 243.7s | pag= 87 | files= 397 | data=  9 | cola= 139 | prio=10 | https://icco.org/about-us/international-cocoa-agreements/doc_download/3096-oscar-cabezas-huayllas.html
[FULL_26_FDTA_VALLES] t= 246.8s | pag= 87 | files= 397 | data=  9 | cola= 138 | prio=10 | https://icco.org/about-us/international-cocoa-agreements/doc_download/3097-pierre-w-n-guessan.html
[FULL_26_FDTA_VALLES] t= 250.1s | pag= 87 | files= 397 | data=  9 | cola= 137 | prio=10 | https://icco.org/about-us/international-cocoa-agreements/doc_download/3098-richard-adu-acheampong.html
[FULL_26_FDTA_VALLES] t= 253.2s | pag= 87 | files= 397 | data=  9 | cola= 136 | prio=10 | https://icco.org/about-us/international-cocoa-agreements/doc_download/3099-darin-sukha.html
[FULL_26_FDTA_VALLES] t= 256.1s | pag= 87 | files= 397 | data=  9 | cola= 135 | prio=10 | https://icco.org/about-us/international-cocoa-agreements/doc_download/3100-julia-baumgartner-and-david-contreras.html
[FULL_26_FDTA_VALLES] t= 258.9s | pag= 87 | files= 397 | data=  9 | cola= 134 | prio=10 | https://icco.org/about-us/international-cocoa-agreements/doc_download/3101-carla-martin.html
[FULL_26_FDTA_VALLES] t= 262.0s | pag= 87 | files= 397 | data=  9 | cola= 133 | prio=10 | https://icco.org/about-us/international-cocoa-agreements/doc_download/3102-christina-rohsius.html
[FULL_26_FDTA_VALLES] t= 265.2s | pag= 87 | files= 397 | data=  9 | cola= 132 | prio=10 | https://icco.org/about-us/international-cocoa-agreements/doc_download/3103-zoe-deuscher.html
[FULL_26_FDTA_VALLES] t= 268.3s | pag= 87 | files= 397 | data=  9 | cola= 131 | prio=10 | https://icco.org/about-us/international-cocoa-agreements/doc_download/3104-ines-drouault.html
[FULL_26_FDTA_VALLES] t= 271.6s | pag= 87 | files= 397 | data=  9 | cola= 130 | prio=10 | https://icco.org/about-us/international-cocoa-agreements/doc_download/3105-elsa-hegman.html
[FULL_26_FDTA_VALLES] t= 274.6s | pag= 87 | files= 397 | data=  9 | cola= 129 | prio=10 | https://icco.org/about-us/international-cocoa-agreements/doc_download/3106-noemie-fayeulle.html
[FULL_26_FDTA_VALLES] t= 277.9s | pag= 87 | files= 397 | data=  9 | cola= 128 | prio=10 | https://icco.org/about-us/international-cocoa-agreements/doc_download/3107-renaud-boulanger.html
[FULL_26_FDTA_VALLES] t= 280.8s | pag= 87 | files= 397 | data=  9 | cola= 127 | prio=10 | https://icco.org/about-us/international-cocoa-agreements/doc_download/3108-joel-allainguillaume.html
[FULL_26_FDTA_VALLES] t= 283.8s | pag= 87 | files= 397 | data=  9 | cola= 126 | prio=10 | https://icco.org/about-us/international-cocoa-agreements/doc_download/3109-juzhong-tan.html
[FULL_26_FDTA_VALLES] t= 286.7s | pag= 87 | files= 397 | data=  9 | cola= 125 | prio=10 | https://icco.org/about-us/international-cocoa-agreements/doc_download/3110-naailah-ali.html
[FULL_26_FDTA_VALLES] t= 289.4s | pag= 87 | files= 397 | data=  9 | cola= 124 | prio=10 | https://icco.org/about-us/international-cocoa-agreements/doc_download/3111-wiebke-niether.html
[FULL_26_FDTA_VALLES] t= 292.6s | pag= 87 | files= 397 | data=  9 | cola= 123 | prio=10 | https://icco.org/about-us/international-cocoa-agreements/doc_download/3112-wiebke-niether.html
[FULL_26_FDTA_VALLES] t= 295.8s | pag= 87 | files= 397 | data=  9 | cola= 122 | prio=10 | https://icco.org/about-us/international-cocoa-agreements/doc_download/3113-andrew-daymond.html
[FULL_26_FDTA_VALLES] t= 298.5s | pag= 87 | files= 397 | data=  9 | cola= 121 | prio=10 | https://icco.org/about-us/international-cocoa-agreements/doc_download/3114-siela-maximova.html
[FULL_26_FDTA_VALLES] t= 301.8s | pag= 87 | files= 397 | data=  9 | cola= 120 | prio=10 | https://icco.org/about-us/international-cocoa-agreements/doc_download/3123-henry-cordoba-novoa.html
[FULL_26_FDTA_VALLES] t= 305.1s | pag= 87 | files= 397 | data=  9 | cola= 119 | prio=10 | https://icco.org/about-us/international-cocoa-agreements/doc_download/3115-monika-schneider.html
[FULL_26_FDTA_VALLES] t= 308.4s | pag= 87 | files= 397 | data=  9 | cola= 118 | prio=10 | https://icco.org/about-us/international-cocoa-agreements/doc_download/3116-enrique-arevalo-gardini.html
[FULL_26_FDTA_VALLES] t= 311.5s | pag= 87 | files= 397 | data=  9 | cola= 117 | prio=10 | https://icco.org/about-us/international-cocoa-agreements/doc_download/3117-olivier-deheuvels.html
[FULL_26_FDTA_VALLES] t= 315.3s | pag= 87 | files= 397 | data=  9 | cola= 116 | prio=10 | https://icco.org/about-us/international-cocoa-agreements/doc_download/3118-gideon-ramtahal.html
[FULL_26_FDTA_VALLES] t= 318.7s | pag= 87 | files= 397 | data=  9 | cola= 115 | prio=10 | https://icco.org/about-us/international-cocoa-agreements/doc_download/3328-schneider-cadmium-availability-and-uptake-in-4-cocoa-production-systems-in-bolivia.html
[FULL_26_FDTA_VALLES] t= 321.6s | pag= 87 | files= 397 | data=  9 | cola= 114 | prio=10 | https://icco.org/about-us/international-cocoa-agreements/doc_download/3119-caleb-lewis.html
[FULL_26_FDTA_VALLES] t= 324.7s | pag= 87 | files= 397 | data=  9 | cola= 113 | prio=10 | https://icco.org/about-us/international-cocoa-agreements/doc_download/3120-jayne-crozier.html
[FULL_26_FDTA_VALLES] t= 327.7s | pag= 87 | files= 397 | data=  9 | cola= 112 | prio=10 | https://icco.org/about-us/international-cocoa-agreements/doc_download/3121-reinhard-matissek.html
[FULL_26_FDTA_VALLES] t= 330.7s | pag= 87 | files= 397 | data=  9 | cola= 111 | prio=10 | https://icco.org/about-us/international-cocoa-agreements/doc_download/3122-jeimmy-caceres-zambrano.html
[FULL_26_FDTA_VALLES] t= 333.8s | pag= 87 | files= 397 | data=  9 | cola= 110 | prio=50 | https://www.icco.org/category/workshop-seminars/
[FULL_26_FDTA_VALLES] t= 336.7s | pag= 88 | files= 397 | data=  9 | cola= 110 | prio=50 | https://www.icco.org/indonesia-hosts-cocoa-futures-market-and-econometrics-seminar-in-bali/
[FULL_26_FDTA_VALLES] t= 338.4s | pag= 89 | files= 397 | data=  9 | cola= 110 | prio=50 | https://www.icco.org/attendees-praise-accra-project-preparation-seminar/
[FULL_26_FDTA_VALLES] t= 339.8s | pag= 90 | files= 397 | data=  9 | cola= 110 | prio=50 | https://www.icco.org//feed/
[FULL_26_FDTA_VALLES] t= 342.5s | pag= 90 | files= 397 | data=  9 | cola= 109 | prio=50 | https://icco.org/cookies-policy
[FULL_26_FDTA_VALLES] t= 346.2s | pag= 91 | files= 397 | data=  9 | cola= 109 | prio=50 | https://icco.org/privacy-policy/
[FULL_26_FDTA_VALLES] t= 347.9s | pag= 92 | files= 398 | data=  9 | cola= 109 | prio=50 | https://www.icco.org/world-cocoa-conference-2024-brussels-declaration/
[FULL_26_FDTA_VALLES] t= 349.9s | pag= 93 | files= 398 | data=  9 | cola= 109 | prio=50 | https://icco.org/categorie-produit/qbcs/
[FULL_26_FDTA_VALLES] t= 351.6s | pag= 94 | files= 398 | data=  9 | cola= 109 | prio=50 | https://www.icco.org/icco-documentation/cocoa-market-outlook-conference-2016/
[FULL_26_FDTA_VALLES] t= 353.5s | pag= 95 | files= 410 | data=  9 | cola= 109 | prio=50 | https://www.icco.org/icco-documentation/cocoa-market-outlook-conference-september-2015/
[FULL_26_FDTA_VALLES] t= 355.3s | pag= 96 | files= 425 | data=  9 | cola= 108 | prio=50 | https://www.icco.org/icco-documentation/international-cocoa-symposium-2017/international-cocoa-symposium-2017-proceedings/
[FULL_26_FDTA_VALLES] t= 357.2s | pag= 97 | files= 577 | data=  9 | cola= 108 | prio=50 | https://www.icco.org/icco-documentation/international-cocoa-council-and-subsidiary-bodies/
[FULL_26_FDTA_VALLES] t= 358.5s | pag= 97 | files= 577 | data=  9 | cola= 107 | prio=50 | https://www.icco.org//shop
[FULL_26_FDTA_VALLES] t= 361.4s | pag= 97 | files= 577 | data=  9 | cola= 106 | prio=50 | https://www.icco.org/register/
[FULL_26_FDTA_VALLES] t= 364.5s | pag= 98 | files= 577 | data=  9 | cola= 107 | prio=50 | https://www.icco.org/password-reset/
[FULL_26_FDTA_VALLES] t= 366.1s | pag= 99 | files= 577 | data=  9 | cola= 107 | prio=50 | https://www.icco.org/my-account/?s=
[FULL_26_FDTA_VALLES] t= 367.2s | pag=100 | files= 577 | data=  9 | cola= 106 | prio=50 | https://www.icco.org/my-account/lost-password/
[FULL_26_FDTA_VALLES] t= 368.8s | pag=101 | files= 577 | data=  9 | cola= 106 | prio=50 | https://www.icco.org/cart/?s=
[FULL_26_FDTA_VALLES] DATASETS=10 | data_html_table | https://www.icco.org/cart/?s=
[FULL_26_FDTA_VALLES] t= 370.7s | pag=102 | files= 577 | data= 10 | cola= 109 | prio=50 | https://www.icco.org/who-we-are/?s=
[FULL_26_FDTA_VALLES] t= 372.1s | pag=103 | files= 577 | data= 10 | cola= 108 | prio=50 | https://icco.org/icco-documentation/world-cocoa-conference-2012-abidjan/
[FULL_26_FDTA_VALLES] t= 374.6s | pag=103 | files= 577 | data= 10 | cola= 107 | prio=50 | https://www.icco.org/who-we-are/governance/?s=
[FULL_26_FDTA_VALLES] t= 377.2s | pag=104 | files= 577 | data= 10 | cola= 106 | prio=50 | https://www.icco.org/who-we-are/agreements/?s=
[FULL_26_FDTA_VALLES] t= 378.9s | pag=105 | files= 577 | data= 10 | cola= 105 | prio=50 | https://www.icco.org/who-we-are/membership/?s=
[FULL_26_FDTA_VALLES] t= 380.9s | pag=106 | files= 577 | data= 10 | cola= 104 | prio=50 | https://www.icco.org/economy/?s=
[FULL_26_FDTA_VALLES] t= 382.6s | pag=107 | files= 577 | data= 10 | cola= 103 | prio=50 | https://icco.org/icco-response-to-the-eu-initiative-on-stepping-up-action-against-deforestation-and-forest-degradation-2/
[FULL_26_FDTA_VALLES] t= 384.6s | pag=108 | files= 577 | data= 10 | cola= 104 | prio=50 | https://icco.org/growing-cocoa/fine-or-flavor-cocoa/
[FULL_26_FDTA_VALLES] t= 387.2s | pag=108 | files= 577 | data= 10 | cola= 102 | prio=50 | https://www.icco.org/projects/?s=
[FULL_26_FDTA_VALLES] t= 390.0s | pag=109 | files= 577 | data= 10 | cola= 101 | prio=50 | https://www.icco.org/integrated-management-of-cocoa-pests-and-pathogens/
[FULL_26_FDTA_VALLES] t= 391.5s | pag=110 | files= 578 | data= 10 | cola= 101 | prio=50 | https://www.icco.org/capacity-building-on-price-risk-management-strategy-for-cocoa-smallholder-farmers-in-africa-2/
[FULL_26_FDTA_VALLES] t= 392.8s | pag=111 | files= 579 | data= 10 | cola= 101 | prio=50 | https://www.icco.org/cocoasafe-capacity-building-and-knowledge-sharing-in-sps-and-food-safety-in-cocoa-in-south-east-asia-3/
[FULL_26_FDTA_VALLES] t= 394.0s | pag=112 | files= 580 | data= 10 | cola= 101 | prio=50 | https://www.icco.org/sps-capacity-building-in-africa-to-mitigate-the-harmful-effects-of-pesticides-residues-in-cocoa-and-to-maintain-market-access-2/
[FULL_26_FDTA_VALLES] t= 395.4s | pag=113 | files= 581 | data= 11 | cola= 101 | prio=50 | https://www.icco.org/feasbility-study-on-opportunities-in-organic-cocoa-production-in-africa/
[FULL_26_FDTA_VALLES] t= 397.1s | pag=114 | files= 582 | data= 11 | cola= 101 | prio=50 | https://www.icco.org/cocoa-productivity-and-quality-improvement-a-participatory-approach/
[FULL_26_FDTA_VALLES] t= 398.5s | pag=115 | files= 583 | data= 11 | cola= 101 | prio=50 | https://www.icco.org/capacity-building-programme-on-pesticides-residues-and-other-harmful-substances-in-cocoa-in-africa/
[FULL_26_FDTA_VALLES] t= 399.9s | pag=116 | files= 584 | data= 11 | cola= 101 | prio=50 | https://www.icco.org/host-plant-resistance-for-sustainable-cocoa-pod-borer-management/
[FULL_26_FDTA_VALLES] t= 401.7s | pag=117 | files= 585 | data= 11 | cola= 101 | prio=50 | https://www.icco.org/supply-chain-management-for-total-quality-cocoa-pilot-phase/
[FULL_26_FDTA_VALLES] t= 403.5s | pag=118 | files= 586 | data= 11 | cola= 101 | prio=50 | https://www.icco.org/pilot-project-on-price-risk-management-for-cocoa-farmers/
[FULL_26_FDTA_VALLES] t= 404.9s | pag=119 | files= 587 | data= 11 | cola= 101 | prio=50 | https://www.icco.org/preventing-and-managing-the-global-spread-of-cocoa-pests-and-pathogens-lessons-from-the-witches-broom-disease-of-cocoa/
[FULL_26_FDTA_VALLES] t= 406.7s | pag=120 | files= 588 | data= 11 | cola= 101 | prio=50 | https://www.icco.org/study-of-the-chemical-physical-and-organoleptic-parameters-to-establish-the-difference-between-fine-and-bulk-cocoa/
[FULL_26_FDTA_VALLES] t= 408.0s | pag=121 | files= 589 | data= 11 | cola= 101 | prio=50 | https://www.icco.org/the-use-of-molecular-biology-techniques-in-a-search-for-varieties-resistant-to-witches-broom-disease-of-cocoa/
[FULL_26_FDTA_VALLES] t= 409.5s | pag=122 | files= 590 | data= 11 | cola= 101 | prio=50 | https://www.icco.org/improvement-of-cocoa-marketing-and-trade-in-liberalizing-cocoa-producing-countries/
[FULL_26_FDTA_VALLES] t= 411.0s | pag=123 | files= 591 | data= 12 | cola= 101 | prio=50 | https://www.icco.org/cocoa-germplasm-utilization-and-conservation-a-global-approach/
[FULL_26_FDTA_VALLES] t= 412.4s | pag=124 | files= 592 | data= 12 | cola= 101 | prio=50 | https://www.icco.org/project-on-pilot-plants-for-the-processing-of-cocoa-by-products-in-ghana/
[FULL_26_FDTA_VALLES] t= 414.3s | pag=125 | files= 593 | data= 12 | cola= 101 | prio=50 | https://www.icco.org/feasibility-study-on-the-generic-promotion-of-cocoa-consumption-in-the-russian-federation/
[FULL_26_FDTA_VALLES] t= 416.0s | pag=126 | files= 594 | data= 12 | cola= 102 | prio=10 | https://www.icco.org/7-generic-promotion-of-cocoa-and-chocolate-russia-russian-version/
[FULL_26_FDTA_VALLES] t= 417.9s | pag=126 | files= 595 | data= 12 | cola= 101 | prio=50 | https://www.icco.org/analysis-of-the-value-chain-in-cocoa-producing-countries/
[FULL_26_FDTA_VALLES] t= 420.5s | pag=127 | files= 595 | data= 12 | cola= 101 | prio=50 | https://www.icco.org/cocoa-farm-model/
[FULL_26_FDTA_VALLES] t= 422.0s | pag=128 | files= 599 | data= 12 | cola= 101 | prio=50 | https://www.icco.org/feasibility-of-payments-for-environmental-services-in-cocoa-farming/
[FULL_26_FDTA_VALLES] t= 423.5s | pag=129 | files= 599 | data= 12 | cola= 101 | prio=50 | https://www.icco.org/transferring-technology-on-best-agricultural-practices-to-prevent-and-control-vascular-streak-dieback-vsd-and-phytophthora-pod-rot-ppr-diseases-of-cocoa/
[FULL_26_FDTA_VALLES] t= 425.2s | pag=130 | files= 599 | data= 12 | cola= 101 | prio=50 | https://www.icco.org/improving-capacity-building-and-knowledge-sharing-to-support-management-of-cadmium-levels-in-cocoa-in-latin-america-and-the-caribbean/
[FULL_26_FDTA_VALLES] t= 426.6s | pag=131 | files= 599 | data= 12 | cola= 101 | prio=50 | https://www.icco.org/category/projects/
[FULL_26_FDTA_VALLES] t= 428.1s | pag=132 | files= 599 | data= 13 | cola= 105 | prio=50 | https://www.icco.org/growing-cocoa/?s=
[FULL_26_FDTA_VALLES] t= 429.6s | pag=133 | files= 599 | data= 13 | cola= 104 | prio=50 | https://icco.org/faq/
[FULL_26_FDTA_VALLES] t= 432.5s | pag=133 | files= 599 | data= 13 | cola= 103 | prio=50 | https://www.icco.org/harvesting-post-harvest-new/?s=
[FULL_26_FDTA_VALLES] t= 436.0s | pag=134 | files= 599 | data= 13 | cola= 102 | prio=50 | https://www.icco.org/processing-cocoa/?s=
[FULL_26_FDTA_VALLES] t= 437.8s | pag=135 | files= 599 | data= 13 | cola= 101 | prio=50 | https://www.icco.org/trading-shipping/?s=
[FULL_26_FDTA_VALLES] t= 440.4s | pag=136 | files= 599 | data= 13 | cola= 100 | prio=50 | https://www.icco.org/health/?s=
