================================================================================
CRAWLER V2
================================================================================
Fuente: Federación de Ganaderos de Santa Cruz
URL configurada: https://www.fegasacruz.org.bo
Timeout HTTP: 15 s
Pausa HTTP:   aleatoria 0.30s - 0.90s


Resolución de fuente:
  Estado: no se encontró URL alternativa utilizable
  Intentos: 4
    - request_error  | HTTP=- | https://www.fegasacruz.org.bo/
    - request_error  | HTTP=- | https://fegasacruz.org.bo/
    - request_error  | HTTP=- | http://www.fegasacruz.org.bo/
    - request_error  | HTTP=- | http://fegasacruz.org.bo/

URL de trabajo: https://www.fegasacruz.org.bo
Seeds: 1
Máx páginas: 10000
Máx archivos: 100000
Máx profundidad: 20
Sitemaps: activo
Máx URLs sitemap: 10000

[FULL_27_FEGASACRUZ] SITEMAP | docs=0 | urls=0 | en_cola=0 | errores=0
[FULL_27_FEGASACRUZ] t=   2.4s | pag=  0 | files=   0 | data=  0 | cola=   0 | prio= 0 | https://www.fegasacruz.org.bo/

================================================================================
RESULTADO
================================================================================
Fuente:              full_27_fegasacruz
Páginas visitadas:   0
Archivos encontrados:    0
Datasets web:         0
Errores:              1
Motivo de parada:     frontier_exhausted
Duración:             3.24 s
Sitemaps procesados:  0
URLs por sitemap:     0
URLs sitemap en cola: 0

JSON: C:\Ultimo Semestre 7\trabajo\DATAX\team crawler\crawler_asfi\Crawler_BCB\crawler_v2\output\full_27_fegasacruz.json

Trazabilidad:
  Ejecución: 88
  Estado:    PROCESSED
  Base:      C:\Ultimo Semestre 7\trabajo\DATAX\team crawler\crawler_asfi\Crawler_BCB\crawler_v2\trace\crawler_trace.sqlite
