================================================================================
CRAWLER V2
================================================================================
Fuente: Fondo Monetario Internacional
URL configurada: https://www.imf.org
Timeout HTTP: 15 s
Pausa HTTP:   aleatoria 0.30s - 0.90s


Resolución de fuente:
  Estado: no se encontró URL alternativa utilizable
  Intentos: 4
    - forbidden      | HTTP=403 | https://www.imf.org/
    - forbidden      | HTTP=403 | https://imf.org/
    - forbidden      | HTTP=403 | http://www.imf.org/
    - forbidden      | HTTP=403 | http://imf.org/

URL de trabajo: https://www.imf.org
Seeds: 1
Máx páginas: 10000
Máx archivos: 100000
Máx profundidad: 20
Sitemaps: activo
Máx URLs sitemap: 10000

[FULL_30_FMI] SITEMAP | docs=0 | urls=0 | en_cola=0 | errores=0
[FULL_30_FMI] t=   8.1s | pag=  0 | files=   0 | data=  0 | cola=   0 | prio= 0 | https://www.imf.org/

================================================================================
RESULTADO
================================================================================
Fuente:              full_30_fmi
Páginas visitadas:   0
Archivos encontrados:    0
Datasets web:         0
Errores:              1
Motivo de parada:     frontier_exhausted
Duración:             9.91 s
Sitemaps procesados:  0
URLs por sitemap:     0
URLs sitemap en cola: 0

JSON: C:\Ultimo Semestre 7\trabajo\DATAX\team crawler\crawler_asfi\Crawler_BCB\crawler_v2\output\full_30_fmi.json

Trazabilidad:
  Ejecución: 91
  Estado:    PROCESSED
  Base:      C:\Ultimo Semestre 7\trabajo\DATAX\team crawler\crawler_asfi\Crawler_BCB\crawler_v2\trace\crawler_trace.sqlite
